  蠕ｩ蜈・ｯｾ雎｡縺ｮ繝励Ο繧ｸ繧ｧ繧ｯ繝医ｒ豎ｺ螳壹＠縺ｦ縺・∪縺・..
  c:\Users\macar\TinnosukeGameLib\Febucci.TextAnimatorForUnity.Runtime.csproj 繧貞ｾｩ蜈・＠縺ｾ縺励◆ (185 繝溘Μ遘・縲・
  C:\Users\macar\TinnosukeGameLib\Febucci.TextAnimatorForUnity.Input.Runtime.csproj 繧貞ｾｩ蜈・＠縺ｾ縺励◆ (185 繝溘Μ遘・縲・
  C:\Users\macar\TinnosukeGameLib\Febucci.TextAnimatorForUnity.UITk.Runtime.csproj 繧貞ｾｩ蜈・＠縺ｾ縺励◆ (185 繝溘Μ遘・縲・
  C:\Users\macar\TinnosukeGameLib\Assembly-CSharp-firstpass.csproj 繧貞ｾｩ蜈・＠縺ｾ縺励◆ (187 繝溘Μ遘・縲・
  c:\Users\macar\TinnosukeGameLib\Assembly-CSharp-Editor-firstpass.csproj 繧貞ｾｩ蜈・＠縺ｾ縺励◆ (187 繝溘Μ遘・縲・
  C:\Users\macar\TinnosukeGameLib\Assembly-CSharp.csproj 繧貞ｾｩ蜈・＠縺ｾ縺励◆ (187 繝溘Μ遘・縲・
  C:\Users\macar\TinnosukeGameLib\SingularityGroup.HotReload.Runtime.Public.csproj 繧貞ｾｩ蜈・＠縺ｾ縺励◆ (184 繝溘Μ遘・縲・
  C:\Users\macar\TinnosukeGameLib\Febucci.TextAnimatorForUnity.TMP.Runtime.csproj 繧貞ｾｩ蜈・＠縺ｾ縺励◆ (185 繝溘Μ遘・縲・
  C:\Users\macar\TinnosukeGameLib\Assembly-CSharp-Editor.csproj 繧貞ｾｩ蜈・＠縺ｾ縺励◆ (100 繝溘Μ遘・縲・
  14 蛟倶ｸｭ 5 蛟九・蠕ｩ蜈・ｯｾ雎｡縺ｮ繝励Ο繧ｸ繧ｧ繧ｯ繝医・譛譁ｰ縺ｧ縺吶・
  VHierarchy -> C:\Users\macar\TinnosukeGameLib\Temp\bin\Debug\VHierarchy.dll
  VFolders -> C:\Users\macar\TinnosukeGameLib\Temp\bin\Debug\VFolders.dll
  Febucci.Attributes.Runtime -> C:\Users\macar\TinnosukeGameLib\Temp\bin\Debug\Febucci.Attributes.Runtime.dll
  Sirenix.OdinInspector.Modules.UnityMathematics -> C:\Users\macar\TinnosukeGameLib\Temp\bin\Debug\Sirenix.OdinInspector.Modules.UnityMathematics.dll
  Febucci.TextAnimatorForUnity.Runtime -> C:\Users\macar\TinnosukeGameLib\Temp\bin\Debug\Febucci.TextAnimatorForUnity.Runtime.dll
  Febucci.TextAnimatorForUnity.TMP.Runtime -> C:\Users\macar\TinnosukeGameLib\Temp\bin\Debug\Febucci.TextAnimatorForUnity.TMP.Runtime.dll
  Febucci.TextAnimatorForUnity.Input.Runtime -> c:\Users\macar\TinnosukeGameLib\Temp\bin\Debug\Febucci.TextAnimatorForUnity.Input.Runtime.dll
  SingularityGroup.HotReload.Runtime.Public -> c:\Users\macar\TinnosukeGameLib\Temp\bin\Debug\SingularityGroup.HotReload.Runtime.Public.dll
C:\Users\macar\TinnosukeGameLib\Assets\vInspector\VInspectorEditor.cs(1390,23): warning CS0649: 繝輔ぅ繝ｼ繝ｫ繝・'VInspectorEditor.declaringTypeChangeMarker' 縺ｯ蜑ｲ繧雁ｽ薙※繧峨ｌ縺ｾ縺帙ｓ縲ょｸｸ縺ｫ譌｢螳壼､ null 繧剃ｽｿ逕ｨ縺励∪縺・[C:\Users\macar\TinnosukeGameLib\VInspector.csproj]
  VInspector -> c:\Users\macar\TinnosukeGameLib\Temp\bin\Debug\VInspector.dll
  Febucci.TextAnimatorForUnity.UITk.Runtime -> C:\Users\macar\TinnosukeGameLib\Temp\bin\Debug\Febucci.TextAnimatorForUnity.UITk.Runtime.dll
C:\Users\macar\TinnosukeGameLib\Assets\Plugins\Easy Save 3\Scripts\Types\Unity Types\ES3Type_Light.cs(33,39): warning CS0618: 'Light.cookieSize' 縺ｯ譌ｧ蠖｢蠑上〒縺・('Light.cookieSize has been deprecated. Use Light.cookieSize2D instead.') [C:\Users\macar\TinnosukeGameLib\Assembly-CSharp-firstpass.csproj]
C:\Users\macar\TinnosukeGameLib\Assets\Plugins\Easy Save 3\Scripts\Types\Unity Types\ES3Type_Light.cs(90,7): warning CS0618: 'Light.cookieSize' 縺ｯ譌ｧ蠖｢蠑上〒縺・('Light.cookieSize has been deprecated. Use Light.cookieSize2D instead.') [C:\Users\macar\TinnosukeGameLib\Assembly-CSharp-firstpass.csproj]
C:\Users\macar\TinnosukeGameLib\Assets\Plugins\Febucci\Text Animator for Unity\Samples\Quick Start\Scripts\Runtime\ExampleEvents.cs(27,51): warning CS0649: 繝輔ぅ繝ｼ繝ｫ繝・'ExampleEvents.dialoguesLines' 縺ｯ蜑ｲ繧雁ｽ薙※繧峨ｌ縺ｾ縺帙ｓ縲ょｸｸ縺ｫ譌｢螳壼､ null 繧剃ｽｿ逕ｨ縺励∪縺・[C:\Users\macar\TinnosukeGameLib\Assembly-CSharp-firstpass.csproj]
C:\Users\macar\TinnosukeGameLib\Assets\Plugins\Febucci\Text Animator for Unity\Samples\Quick Start\Scripts\Runtime\ExampleEvents.cs(28,35): warning CS0649: 繝輔ぅ繝ｼ繝ｫ繝・'ExampleEvents.faces' 縺ｯ蜑ｲ繧雁ｽ薙※繧峨ｌ縺ｾ縺帙ｓ縲ょｸｸ縺ｫ譌｢螳壼､ null 繧剃ｽｿ逕ｨ縺励∪縺・[C:\Users\macar\TinnosukeGameLib\Assembly-CSharp-firstpass.csproj]
C:\Users\macar\TinnosukeGameLib\Assets\Plugins\Febucci\Text Animator for Unity\Samples\Quick Start\Scripts\Runtime\ExampleEvents.cs(30,37): warning CS0649: 繝輔ぅ繝ｼ繝ｫ繝・'ExampleEvents.continueText' 縺ｯ蜑ｲ繧雁ｽ薙※繧峨ｌ縺ｾ縺帙ｓ縲ょｸｸ縺ｫ譌｢螳壼､ null 繧剃ｽｿ逕ｨ縺励∪縺・[C:\Users\macar\TinnosukeGameLib\Assembly-CSharp-firstpass.csproj]
C:\Users\macar\TinnosukeGameLib\Assets\Plugins\Febucci\Text Animator for Unity\Samples\Quick Start\Scripts\Runtime\ExampleEvents.cs(29,41): warning CS0649: 繝輔ぅ繝ｼ繝ｫ繝・'ExampleEvents.faceRenderer' 縺ｯ蜑ｲ繧雁ｽ薙※繧峨ｌ縺ｾ縺帙ｓ縲ょｸｸ縺ｫ譌｢螳壼､ null 繧剃ｽｿ逕ｨ縺励∪縺・[C:\Users\macar\TinnosukeGameLib\Assembly-CSharp-firstpass.csproj]
C:\Users\macar\TinnosukeGameLib\Assets\Plugins\Febucci\Text Animator for Unity\Samples\Quick Start\Scripts\Runtime\ExampleEvents.cs(31,38): warning CS0649: 繝輔ぅ繝ｼ繝ｫ繝・'ExampleEvents.crates' 縺ｯ蜑ｲ繧雁ｽ薙※繧峨ｌ縺ｾ縺帙ｓ縲ょｸｸ縺ｫ譌｢螳壼､ null 繧剃ｽｿ逕ｨ縺励∪縺・[C:\Users\macar\TinnosukeGameLib\Assembly-CSharp-firstpass.csproj]
C:\Users\macar\TinnosukeGameLib\Assets\Plugins\Febucci\Text Animator for Unity\Samples\Quick Start\Scripts\Runtime\ExampleEvents.cs(26,46): warning CS0649: 繝輔ぅ繝ｼ繝ｫ繝・'ExampleEvents.typewriter' 縺ｯ蜑ｲ繧雁ｽ薙※繧峨ｌ縺ｾ縺帙ｓ縲ょｸｸ縺ｫ譌｢螳壼､ null 繧剃ｽｿ逕ｨ縺励∪縺・[C:\Users\macar\TinnosukeGameLib\Assembly-CSharp-firstpass.csproj]
  Assembly-CSharp-firstpass -> c:\Users\macar\TinnosukeGameLib\Temp\bin\Debug\Assembly-CSharp-firstpass.dll
C:\Users\macar\TinnosukeGameLib\Assets\Plugins\Easy Save 3\Editor\ES3Postprocessor.cs(148,31): warning CS0618: 'EditorUtility.InstanceIDToObject(int)' 縺ｯ譌ｧ蠖｢蠑上〒縺・('InstanceIDToObject(int) is obsolete. Use EditorUtility.EntityIdToObject instead.') [C:\Users\macar\TinnosukeGameLib\Assembly-CSharp-Editor-firstpass.csproj]
  Assembly-CSharp-Editor-firstpass -> c:\Users\macar\TinnosukeGameLib\Temp\bin\Debug\Assembly-CSharp-Editor-firstpass.dll
C:\Users\macar\TinnosukeGameLib\Assets\GameLib\Script\Project\Scene\Background\Core\BackgroundTypes.cs(118,16): warning CS0618: 'BaseLifetimeScope' 縺ｯ譌ｧ蠖｢蠑上〒縺・('Legacy BaseLifetimeScope name is kept only for migration. Use RuntimeLifetimeScopeBase/RuntimeLifetimeScope for new scopes.') [C:\Users\macar\TinnosukeGameLib\Assembly-CSharp.csproj]
C:\Users\macar\TinnosukeGameLib\Assets\GameLib\Script\Project\Scene\Background\Core\BackgroundTypes.cs(118,16): warning CS0618: 'BaseLifetimeScope' 縺ｯ譌ｧ蠖｢蠑上〒縺・('Legacy BaseLifetimeScope name is kept only for migration. Use RuntimeLifetimeScopeBase/RuntimeLifetimeScope for new scopes.') [C:\Users\macar\TinnosukeGameLib\Assembly-CSharp.csproj]
C:\Users\macar\TinnosukeGameLib\Assets\GameLib\Script\Project\Scene\Background\Core\BackgroundTypes.cs(129,13): warning CS0618: 'BaseLifetimeScope' 縺ｯ譌ｧ蠖｢蠑上〒縺・('Legacy BaseLifetimeScope name is kept only for migration. Use RuntimeLifetimeScopeBase/RuntimeLifetimeScope for new scopes.') [C:\Users\macar\TinnosukeGameLib\Assembly-CSharp.csproj]
C:\Users\macar\TinnosukeGameLib\Assets\GameLib\Script\Project\Scene\Background\Core\BackgroundTypes.cs(129,13): warning CS0618: 'BaseLifetimeScope' 縺ｯ譌ｧ蠖｢蠑上〒縺・('Legacy BaseLifetimeScope name is kept only for migration. Use RuntimeLifetimeScopeBase/RuntimeLifetimeScope for new scopes.') [C:\Users\macar\TinnosukeGameLib\Assembly-CSharp.csproj]
C:\Users\macar\TinnosukeGameLib\Assets\GameLib\Script\Project\Scene\Background\Runtime\BackgroundSystemService.cs(662,17): warning CS0618: 'BaseLifetimeScope' 縺ｯ譌ｧ蠖｢蠑上〒縺・('Legacy BaseLifetimeScope name is kept only for migration. Use RuntimeLifetimeScopeBase/RuntimeLifetimeScope for new scopes.') [C:\Users\macar\TinnosukeGameLib\Assembly-CSharp.csproj]
C:\Users\macar\TinnosukeGameLib\Assets\GameLib\Script\Project\Scene\Background\Runtime\BackgroundSystemService.cs(662,17): warning CS0618: 'BaseLifetimeScope' 縺ｯ譌ｧ蠖｢蠑上〒縺・('Legacy BaseLifetimeScope name is kept only for migration. Use RuntimeLifetimeScopeBase/RuntimeLifetimeScope for new scopes.') [C:\Users\macar\TinnosukeGameLib\Assembly-CSharp.csproj]
C:\Users\macar\TinnosukeGameLib\Assets\GameLib\Script\Project\System\SceneFlow\LoadingManager\Service\LoadingScreenService.cs(42,9): warning CS0618: 'BaseLifetimeScope' 縺ｯ譌ｧ蠖｢蠑上〒縺・('Legacy BaseLifetimeScope name is kept only for migration. Use RuntimeLifetimeScopeBase/RuntimeLifetimeScope for new scopes.') [C:\Users\macar\TinnosukeGameLib\Assembly-CSharp.csproj]
C:\Users\macar\TinnosukeGameLib\Assets\GameLib\Script\Project\Scene\RoomMap\Runtime\RoomMapInstance.cs(24,29): warning CS0618: 'BaseLifetimeScope' 縺ｯ譌ｧ蠖｢蠑上〒縺・('Legacy BaseLifetimeScope name is kept only for migration. Use RuntimeLifetimeScopeBase/RuntimeLifetimeScope for new scopes.') [C:\Users\macar\TinnosukeGameLib\Assembly-CSharp.csproj]
C:\Users\macar\TinnosukeGameLib\Assets\GameLib\Script\Project\Scene\RoomMap\Runtime\RoomMapInstance.cs(24,29): warning CS0618: 'BaseLifetimeScope' 縺ｯ譌ｧ蠖｢蠑上〒縺・('Legacy BaseLifetimeScope name is kept only for migration. Use RuntimeLifetimeScopeBase/RuntimeLifetimeScope for new scopes.') [C:\Users\macar\TinnosukeGameLib\Assembly-CSharp.csproj]
C:\Users\macar\TinnosukeGameLib\Assets\GameLib\Script\Project\Scene\RoomMap\Runtime\RoomMapInstance.cs(39,17): warning CS0618: 'BaseLifetimeScope' 縺ｯ譌ｧ蠖｢蠑上〒縺・('Legacy BaseLifetimeScope name is kept only for migration. Use RuntimeLifetimeScopeBase/RuntimeLifetimeScope for new scopes.') [C:\Users\macar\TinnosukeGameLib\Assembly-CSharp.csproj]
C:\Users\macar\TinnosukeGameLib\Assets\GameLib\Script\Project\Scene\RoomMap\Runtime\RoomMapInstance.cs(39,17): warning CS0618: 'BaseLifetimeScope' 縺ｯ譌ｧ蠖｢蠑上〒縺・('Legacy BaseLifetimeScope name is kept only for migration. Use RuntimeLifetimeScopeBase/RuntimeLifetimeScope for new scopes.') [C:\Users\macar\TinnosukeGameLib\Assembly-CSharp.csproj]
C:\Users\macar\TinnosukeGameLib\Assets\GameLib\Script\Project\Scene\RoomMap\Runtime\RoomMapInstance.cs(81,29): warning CS0618: 'BaseLifetimeScope' 縺ｯ譌ｧ蠖｢蠑上〒縺・('Legacy BaseLifetimeScope name is kept only for migration. Use RuntimeLifetimeScopeBase/RuntimeLifetimeScope for new scopes.') [C:\Users\macar\TinnosukeGameLib\Assembly-CSharp.csproj]
C:\Users\macar\TinnosukeGameLib\Assets\GameLib\Script\Project\Scene\RoomMap\Runtime\RoomMapInstance.cs(81,29): warning CS0618: 'BaseLifetimeScope' 縺ｯ譌ｧ蠖｢蠑上〒縺・('Legacy BaseLifetimeScope name is kept only for migration. Use RuntimeLifetimeScopeBase/RuntimeLifetimeScope for new scopes.') [C:\Users\macar\TinnosukeGameLib\Assembly-CSharp.csproj]
C:\Users\macar\TinnosukeGameLib\Assets\GameLib\Script\Project\Scene\RoomMap\Runtime\RoomMapInstance.cs(93,17): warning CS0618: 'BaseLifetimeScope' 縺ｯ譌ｧ蠖｢蠑上〒縺・('Legacy BaseLifetimeScope name is kept only for migration. Use RuntimeLifetimeScopeBase/RuntimeLifetimeScope for new scopes.') [C:\Users\macar\TinnosukeGameLib\Assembly-CSharp.csproj]
C:\Users\macar\TinnosukeGameLib\Assets\GameLib\Script\Project\Scene\RoomMap\Runtime\RoomMapInstance.cs(93,17): warning CS0618: 'BaseLifetimeScope' 縺ｯ譌ｧ蠖｢蠑上〒縺・('Legacy BaseLifetimeScope name is kept only for migration. Use RuntimeLifetimeScopeBase/RuntimeLifetimeScope for new scopes.') [C:\Users\macar\TinnosukeGameLib\Assembly-CSharp.csproj]
C:\Users\macar\TinnosukeGameLib\Assets\GameLib\Script\Project\System\Map\Runtime\MapNodeVisualizer.cs(749,17): warning CS0618: 'BaseLifetimeScope' 縺ｯ譌ｧ蠖｢蠑上〒縺・('Legacy BaseLifetimeScope name is kept only for migration. Use RuntimeLifetimeScopeBase/RuntimeLifetimeScope for new scopes.') [C:\Users\macar\TinnosukeGameLib\Assembly-CSharp.csproj]
C:\Users\macar\TinnosukeGameLib\Assets\GameLib\Script\Project\System\Map\Runtime\MapNodeVisualizer.cs(749,17): warning CS0618: 'BaseLifetimeScope' 縺ｯ譌ｧ蠖｢蠑上〒縺・('Legacy BaseLifetimeScope name is kept only for migration. Use RuntimeLifetimeScopeBase/RuntimeLifetimeScope for new scopes.') [C:\Users\macar\TinnosukeGameLib\Assembly-CSharp.csproj]
C:\Users\macar\TinnosukeGameLib\Assets\GameLib\Script\Project\Scene\RoomMap\Runtime\RoomMapBuilder.cs(308,17): warning CS0618: 'BaseLifetimeScope' 縺ｯ譌ｧ蠖｢蠑上〒縺・('Legacy BaseLifetimeScope name is kept only for migration. Use RuntimeLifetimeScopeBase/RuntimeLifetimeScope for new scopes.') [C:\Users\macar\TinnosukeGameLib\Assembly-CSharp.csproj]
C:\Users\macar\TinnosukeGameLib\Assets\GameLib\Script\Project\Scene\RoomMap\Runtime\RoomMapBuilder.cs(308,17): warning CS0618: 'BaseLifetimeScope' 縺ｯ譌ｧ蠖｢蠑上〒縺・('Legacy BaseLifetimeScope name is kept only for migration. Use RuntimeLifetimeScopeBase/RuntimeLifetimeScope for new scopes.') [C:\Users\macar\TinnosukeGameLib\Assembly-CSharp.csproj]
C:\Users\macar\TinnosukeGameLib\Assets\GameLib\Script\Project\Scene\Channels\Scroll\ScrollChannelHubService.cs(662,17): warning CS0618: 'BaseLifetimeScope' 縺ｯ譌ｧ蠖｢蠑上〒縺・('Legacy BaseLifetimeScope name is kept only for migration. Use RuntimeLifetimeScopeBase/RuntimeLifetimeScope for new scopes.') [C:\Users\macar\TinnosukeGameLib\Assembly-CSharp.csproj]
C:\Users\macar\TinnosukeGameLib\Assets\GameLib\Script\Project\Scene\Channels\Scroll\ScrollChannelHubService.cs(662,17): warning CS0618: 'BaseLifetimeScope' 縺ｯ譌ｧ蠖｢蠑上〒縺・('Legacy BaseLifetimeScope name is kept only for migration. Use RuntimeLifetimeScopeBase/RuntimeLifetimeScope for new scopes.') [C:\Users\macar\TinnosukeGameLib\Assembly-CSharp.csproj]
C:\Users\macar\TinnosukeGameLib\Assets\GameLib\Script\Project\Scene\Channels\Scroll\ScrollChannelRuntimePlayer.cs(16,16): warning CS0618: 'BaseLifetimeScope' 縺ｯ譌ｧ蠖｢蠑上〒縺・('Legacy BaseLifetimeScope name is kept only for migration. Use RuntimeLifetimeScopeBase/RuntimeLifetimeScope for new scopes.') [C:\Users\macar\TinnosukeGameLib\Assembly-CSharp.csproj]
C:\Users\macar\TinnosukeGameLib\Assets\GameLib\Script\Project\Scene\Channels\Scroll\ScrollChannelRuntimePlayer.cs(16,16): warning CS0618: 'BaseLifetimeScope' 縺ｯ譌ｧ蠖｢蠑上〒縺・('Legacy BaseLifetimeScope name is kept only for migration. Use RuntimeLifetimeScopeBase/RuntimeLifetimeScope for new scopes.') [C:\Users\macar\TinnosukeGameLib\Assembly-CSharp.csproj]
C:\Users\macar\TinnosukeGameLib\Assets\GameLib\Script\Project\Scene\Channels\Scroll\ScrollChannelRuntimePlayer.cs(26,13): warning CS0618: 'BaseLifetimeScope' 縺ｯ譌ｧ蠖｢蠑上〒縺・('Legacy BaseLifetimeScope name is kept only for migration. Use RuntimeLifetimeScopeBase/RuntimeLifetimeScope for new scopes.') [C:\Users\macar\TinnosukeGameLib\Assembly-CSharp.csproj]
C:\Users\macar\TinnosukeGameLib\Assets\GameLib\Script\Project\Scene\Channels\Scroll\ScrollChannelRuntimePlayer.cs(26,13): warning CS0618: 'BaseLifetimeScope' 縺ｯ譌ｧ蠖｢蠑上〒縺・('Legacy BaseLifetimeScope name is kept only for migration. Use RuntimeLifetimeScopeBase/RuntimeLifetimeScope for new scopes.') [C:\Users\macar\TinnosukeGameLib\Assembly-CSharp.csproj]
C:\Users\macar\TinnosukeGameLib\Assets\GameLib\Script\Project\Scene\Chunk\Runtime\ChunkFactoryService.cs(188,17): warning CS0618: 'BaseLifetimeScope' 縺ｯ譌ｧ蠖｢蠑上〒縺・('Legacy BaseLifetimeScope name is kept only for migration. Use RuntimeLifetimeScopeBase/RuntimeLifetimeScope for new scopes.') [C:\Users\macar\TinnosukeGameLib\Assembly-CSharp.csproj]
C:\Users\macar\TinnosukeGameLib\Assets\GameLib\Script\Project\Scene\Chunk\Runtime\ChunkFactoryService.cs(188,17): warning CS0618: 'BaseLifetimeScope' 縺ｯ譌ｧ蠖｢蠑上〒縺・('Legacy BaseLifetimeScope name is kept only for migration. Use RuntimeLifetimeScopeBase/RuntimeLifetimeScope for new scopes.') [C:\Users\macar\TinnosukeGameLib\Assembly-CSharp.csproj]
C:\Users\macar\TinnosukeGameLib\Assets\GameLib\Script\Project\Scene\Chunk\Core\ChunkCoreTypes.cs(130,25): warning CS0618: 'BaseLifetimeScope' 縺ｯ譌ｧ蠖｢蠑上〒縺・('Legacy BaseLifetimeScope name is kept only for migration. Use RuntimeLifetimeScopeBase/RuntimeLifetimeScope for new scopes.') [C:\Users\macar\TinnosukeGameLib\Assembly-CSharp.csproj]
C:\Users\macar\TinnosukeGameLib\Assets\GameLib\Script\Project\Scene\Chunk\Core\ChunkCoreTypes.cs(130,25): warning CS0618: 'BaseLifetimeScope' 縺ｯ譌ｧ蠖｢蠑上〒縺・('Legacy BaseLifetimeScope name is kept only for migration. Use RuntimeLifetimeScopeBase/RuntimeLifetimeScope for new scopes.') [C:\Users\macar\TinnosukeGameLib\Assembly-CSharp.csproj]
C:\Users\macar\TinnosukeGameLib\Assets\GameLib\Script\Project\Scene\Chunk\Core\ChunkCoreTypes.cs(139,13): warning CS0618: 'BaseLifetimeScope' 縺ｯ譌ｧ蠖｢蠑上〒縺・('Legacy BaseLifetimeScope name is kept only for migration. Use RuntimeLifetimeScopeBase/RuntimeLifetimeScope for new scopes.') [C:\Users\macar\TinnosukeGameLib\Assembly-CSharp.csproj]
C:\Users\macar\TinnosukeGameLib\Assets\GameLib\Script\Project\Scene\Chunk\Core\ChunkCoreTypes.cs(139,13): warning CS0618: 'BaseLifetimeScope' 縺ｯ譌ｧ蠖｢蠑上〒縺・('Legacy BaseLifetimeScope name is kept only for migration. Use RuntimeLifetimeScopeBase/RuntimeLifetimeScope for new scopes.') [C:\Users\macar\TinnosukeGameLib\Assembly-CSharp.csproj]
C:\Users\macar\TinnosukeGameLib\Assets\GameLib\Script\Project\UI\TraitList\Services\UITraitListVisualizerService.cs(869,17): warning CS0618: 'BaseLifetimeScope' 縺ｯ譌ｧ蠖｢蠑上〒縺・('Legacy BaseLifetimeScope name is kept only for migration. Use RuntimeLifetimeScopeBase/RuntimeLifetimeScope for new scopes.') [C:\Users\macar\TinnosukeGameLib\Assembly-CSharp.csproj]
C:\Users\macar\TinnosukeGameLib\Assets\GameLib\Script\Project\UI\TraitList\Services\UITraitListVisualizerService.cs(869,17): warning CS0618: 'BaseLifetimeScope' 縺ｯ譌ｧ蠖｢蠑上〒縺・('Legacy BaseLifetimeScope name is kept only for migration. Use RuntimeLifetimeScopeBase/RuntimeLifetimeScope for new scopes.') [C:\Users\macar\TinnosukeGameLib\Assembly-CSharp.csproj]
C:\Users\macar\TinnosukeGameLib\Assets\GameLib\Script\Common\Trait\SO\TraitDefinitionSO.cs(486,17): warning CS8602: null 蜿ら・縺ｮ蜿ｯ閭ｽ諤ｧ縺後≠繧九ｂ縺ｮ縺ｮ騾・盾辣ｧ縺ｧ縺吶・[C:\Users\macar\TinnosukeGameLib\Assembly-CSharp.csproj]
C:\Users\macar\TinnosukeGameLib\Assets\GameLib\Script\Common\Variables\Dynamic\Sources\TraitDefinitionSources.cs(68,26): warning CS0618: 'BaseLifetimeScope' 縺ｯ譌ｧ蠖｢蠑上〒縺・('Legacy BaseLifetimeScope name is kept only for migration. Use RuntimeLifetimeScopeBase/RuntimeLifetimeScope for new scopes.') [C:\Users\macar\TinnosukeGameLib\Assembly-CSharp.csproj]
C:\Users\macar\TinnosukeGameLib\Assets\GameLib\Script\Project\Scene\Channels\Rotation\Core\VelocityDrivenRotationService.cs(538,50): warning CS0618: 'BaseLifetimeScope' 縺ｯ譌ｧ蠖｢蠑上〒縺・('Legacy BaseLifetimeScope name is kept only for migration. Use RuntimeLifetimeScopeBase/RuntimeLifetimeScope for new scopes.') [C:\Users\macar\TinnosukeGameLib\Assembly-CSharp.csproj]
C:\Users\macar\TinnosukeGameLib\Assets\GameLib\Script\Project\System\SceneFlow\LoadingManager\Service\LoadingScreenService.cs(74,36): warning CS0618: 'BaseLifetimeScope' 縺ｯ譌ｧ蠖｢蠑上〒縺・('Legacy BaseLifetimeScope name is kept only for migration. Use RuntimeLifetimeScopeBase/RuntimeLifetimeScope for new scopes.') [C:\Users\macar\TinnosukeGameLib\Assembly-CSharp.csproj]
C:\Users\macar\TinnosukeGameLib\Assets\GameLib\Script\Common\Variables\Dynamic\Core\DynamicSources.cs(1824,18): warning CS8602: null 蜿ら・縺ｮ蜿ｯ閭ｽ諤ｧ縺後≠繧九ｂ縺ｮ縺ｮ騾・盾辣ｧ縺ｧ縺吶・[C:\Users\macar\TinnosukeGameLib\Assembly-CSharp.csproj]
C:\Users\macar\TinnosukeGameLib\Assets\GameLib\Script\Common\Variables\Dynamic\Core\DynamicSources.cs(1406,18): warning CS8602: null 蜿ら・縺ｮ蜿ｯ閭ｽ諤ｧ縺後≠繧九ｂ縺ｮ縺ｮ騾・盾辣ｧ縺ｧ縺吶・[C:\Users\macar\TinnosukeGameLib\Assembly-CSharp.csproj]
C:\Users\macar\TinnosukeGameLib\Assets\GameLib\Script\Common\Variables\Dynamic\Core\DynamicSources.cs(1681,18): warning CS8602: null 蜿ら・縺ｮ蜿ｯ閭ｽ諤ｧ縺後≠繧九ｂ縺ｮ縺ｮ騾・盾辣ｧ縺ｧ縺吶・[C:\Users\macar\TinnosukeGameLib\Assembly-CSharp.csproj]
C:\Users\macar\TinnosukeGameLib\Assets\GameLib\Script\Common\Variables\Dynamic\Core\DynamicSources.cs(1973,18): warning CS8602: null 蜿ら・縺ｮ蜿ｯ閭ｽ諤ｧ縺後≠繧九ｂ縺ｮ縺ｮ騾・盾辣ｧ縺ｧ縺吶・[C:\Users\macar\TinnosukeGameLib\Assembly-CSharp.csproj]
C:\Users\macar\TinnosukeGameLib\Assets\GameLib\Script\Common\Variables\Dynamic\Sources\TransformAnimationChannelDirectionSources.cs(401,50): warning CS0618: 'BaseLifetimeScope' 縺ｯ譌ｧ蠖｢蠑上〒縺・('Legacy BaseLifetimeScope name is kept only for migration. Use RuntimeLifetimeScopeBase/RuntimeLifetimeScope for new scopes.') [C:\Users\macar\TinnosukeGameLib\Assembly-CSharp.csproj]
C:\Users\macar\TinnosukeGameLib\Assets\GameLib\Script\Common\Commands\Core\MonitorChannelRuntime.cs(480,48): warning CS0618: 'BaseLifetimeScope' 縺ｯ譌ｧ蠖｢蠑上〒縺・('Legacy BaseLifetimeScope name is kept only for migration. Use RuntimeLifetimeScopeBase/RuntimeLifetimeScope for new scopes.') [C:\Users\macar\TinnosukeGameLib\Assembly-CSharp.csproj]
C:\Users\macar\TinnosukeGameLib\Assets\GameLib\Script\Common\Commands\VNext\Executors\Trait\TraitLotteryExecutor.cs(144,26): warning CS0618: 'BaseLifetimeScope' 縺ｯ譌ｧ蠖｢蠑上〒縺・('Legacy BaseLifetimeScope name is kept only for migration. Use RuntimeLifetimeScopeBase/RuntimeLifetimeScope for new scopes.') [C:\Users\macar\TinnosukeGameLib\Assembly-CSharp.csproj]
C:\Users\macar\TinnosukeGameLib\Assets\GameLib\Script\Common\Commands\VNext\Executors\UI\UIControlExecutor.cs(272,26): warning CS0618: 'BaseLifetimeScope' 縺ｯ譌ｧ蠖｢蠑上〒縺・('Legacy BaseLifetimeScope name is kept only for migration. Use RuntimeLifetimeScopeBase/RuntimeLifetimeScope for new scopes.') [C:\Users\macar\TinnosukeGameLib\Assembly-CSharp.csproj]
C:\Users\macar\TinnosukeGameLib\Assets\GameLib\Script\Common\Commands\Core\MonitorChannelHub.cs(979,43): warning CS8604: 'bool IVarStore.TrySetManagedRef(int varId, object value)' 蜀・・繝代Λ繝｡繝ｼ繧ｿ繝ｼ 'value' 縺ｫ Null 蜿ら・蠑墓焚縺後≠繧句庄閭ｽ諤ｧ縺後≠繧翫∪縺吶・[C:\Users\macar\TinnosukeGameLib\Assembly-CSharp.csproj]
C:\Users\macar\TinnosukeGameLib\Assets\GameLib\Script\Common\Commands\VNext\Executors\Spawn\SpawnRuntimeTemplateExecutor.cs(202,26): warning CS0618: 'BaseLifetimeScope' 縺ｯ譌ｧ蠖｢蠑上〒縺・('Legacy BaseLifetimeScope name is kept only for migration. Use RuntimeLifetimeScopeBase/RuntimeLifetimeScope for new scopes.') [C:\Users\macar\TinnosukeGameLib\Assembly-CSharp.csproj]
C:\Users\macar\TinnosukeGameLib\Assets\GameLib\Script\Common\Commands\VNext\Executors\Channels\AreaChannelControlExecutor.cs(100,26): warning CS0618: 'BaseLifetimeScope' 縺ｯ譌ｧ蠖｢蠑上〒縺・('Legacy BaseLifetimeScope name is kept only for migration. Use RuntimeLifetimeScopeBase/RuntimeLifetimeScope for new scopes.') [C:\Users\macar\TinnosukeGameLib\Assembly-CSharp.csproj]
C:\Users\macar\TinnosukeGameLib\Assets\GameLib\Script\Project\UI\TraitListChannel\Commands\TraitListChannelExecutors.cs(110,26): warning CS0618: 'BaseLifetimeScope' 縺ｯ譌ｧ蠖｢蠑上〒縺・('Legacy BaseLifetimeScope name is kept only for migration. Use RuntimeLifetimeScopeBase/RuntimeLifetimeScope for new scopes.') [C:\Users\macar\TinnosukeGameLib\Assembly-CSharp.csproj]
C:\Users\macar\TinnosukeGameLib\Assets\GameLib\Script\Common\Commands\VNext\Executors\Core\LifecycleExecutors.cs(105,26): warning CS0618: 'BaseLifetimeScope' 縺ｯ譌ｧ蠖｢蠑上〒縺・('Legacy BaseLifetimeScope name is kept only for migration. Use RuntimeLifetimeScopeBase/RuntimeLifetimeScope for new scopes.') [C:\Users\macar\TinnosukeGameLib\Assembly-CSharp.csproj]
C:\Users\macar\TinnosukeGameLib\Assets\GameLib\Script\Common\Commands\VNext\Executors\Core\CommandChannelControlExecutor.cs(117,26): warning CS0618: 'BaseLifetimeScope' 縺ｯ譌ｧ蠖｢蠑上〒縺・('Legacy BaseLifetimeScope name is kept only for migration. Use RuntimeLifetimeScopeBase/RuntimeLifetimeScope for new scopes.') [C:\Users\macar\TinnosukeGameLib\Assembly-CSharp.csproj]
C:\Users\macar\TinnosukeGameLib\Assets\GameLib\Script\Common\Commands\VNext\Executors\UI\DialogExecutors.cs(237,26): warning CS0618: 'BaseLifetimeScope' 縺ｯ譌ｧ蠖｢蠑上〒縺・('Legacy BaseLifetimeScope name is kept only for migration. Use RuntimeLifetimeScopeBase/RuntimeLifetimeScope for new scopes.') [C:\Users\macar\TinnosukeGameLib\Assembly-CSharp.csproj]
C:\Users\macar\TinnosukeGameLib\Assets\GameLib\Script\Common\Commands\VNext\Executors\Trait\RuntimeTraitPresentationCommandMutationExecutor.cs(51,26): warning CS0618: 'BaseLifetimeScope' 縺ｯ譌ｧ蠖｢蠑上〒縺・('Legacy BaseLifetimeScope name is kept only for migration. Use RuntimeLifetimeScopeBase/RuntimeLifetimeScope for new scopes.') [C:\Users\macar\TinnosukeGameLib\Assembly-CSharp.csproj]
C:\Users\macar\TinnosukeGameLib\Assets\GameLib\Script\Common\Commands\VNext\Core\ActorSourceFastResolver.cs(361,43): warning CS0618: 'BaseLifetimeScope' 縺ｯ譌ｧ蠖｢蠑上〒縺・('Legacy BaseLifetimeScope name is kept only for migration. Use RuntimeLifetimeScopeBase/RuntimeLifetimeScope for new scopes.') [C:\Users\macar\TinnosukeGameLib\Assembly-CSharp.csproj]
C:\Users\macar\TinnosukeGameLib\Assets\GameLib\Script\Common\StateMachine\Commands\SetStateAnimationProfileExecutor.cs(28,17): warning CS8602: null 蜿ら・縺ｮ蜿ｯ閭ｽ諤ｧ縺後≠繧九ｂ縺ｮ縺ｮ騾・盾辣ｧ縺ｧ縺吶・[C:\Users\macar\TinnosukeGameLib\Assembly-CSharp.csproj]
C:\Users\macar\TinnosukeGameLib\Assets\GameLib\Script\Project\UI\TraitList\Commands\UITraitListExecutors.cs(378,26): warning CS0618: 'BaseLifetimeScope' 縺ｯ譌ｧ蠖｢蠑上〒縺・('Legacy BaseLifetimeScope name is kept only for migration. Use RuntimeLifetimeScopeBase/RuntimeLifetimeScope for new scopes.') [C:\Users\macar\TinnosukeGameLib\Assembly-CSharp.csproj]
C:\Users\macar\TinnosukeGameLib\Assets\GameLib\Script\Common\Commands\VNext\Core\ActorSourceFastResolver.cs(392,42): warning CS0618: 'BaseLifetimeScope' 縺ｯ譌ｧ蠖｢蠑上〒縺・('Legacy BaseLifetimeScope name is kept only for migration. Use RuntimeLifetimeScopeBase/RuntimeLifetimeScope for new scopes.') [C:\Users\macar\TinnosukeGameLib\Assembly-CSharp.csproj]
C:\Users\macar\TinnosukeGameLib\Assets\GameLib\Script\Project\Scene\CameraSystem\Commands\CameraShakeExecutor.cs(71,17): warning CS8602: null 蜿ら・縺ｮ蜿ｯ閭ｽ諤ｧ縺後≠繧九ｂ縺ｮ縺ｮ騾・盾辣ｧ縺ｧ縺吶・[C:\Users\macar\TinnosukeGameLib\Assembly-CSharp.csproj]
C:\Users\macar\TinnosukeGameLib\Assets\GameLib\Script\Common\Commands\VNext\Executors\Selectable\UserMoveRotateRuntimeControlExecutor.cs(46,26): warning CS0618: 'BaseLifetimeScope' 縺ｯ譌ｧ蠖｢蠑上〒縺・('Legacy BaseLifetimeScope name is kept only for migration. Use RuntimeLifetimeScopeBase/RuntimeLifetimeScope for new scopes.') [C:\Users\macar\TinnosukeGameLib\Assembly-CSharp.csproj]
C:\Users\macar\TinnosukeGameLib\Assets\GameLib\Script\Common\Commands\VNext\Core\ActorSourceFastResolver.cs(608,48): warning CS0618: 'BaseLifetimeScope' 縺ｯ譌ｧ蠖｢蠑上〒縺・('Legacy BaseLifetimeScope name is kept only for migration. Use RuntimeLifetimeScopeBase/RuntimeLifetimeScope for new scopes.') [C:\Users\macar\TinnosukeGameLib\Assembly-CSharp.csproj]
C:\Users\macar\TinnosukeGameLib\Assets\GameLib\Script\Common\Commands\VNext\Core\ActorScopeResolver.cs(175,48): warning CS0618: 'BaseLifetimeScope' 縺ｯ譌ｧ蠖｢蠑上〒縺・('Legacy BaseLifetimeScope name is kept only for migration. Use RuntimeLifetimeScopeBase/RuntimeLifetimeScope for new scopes.') [C:\Users\macar\TinnosukeGameLib\Assembly-CSharp.csproj]
C:\Users\macar\TinnosukeGameLib\Assets\GameLib\Script\Common\Commands\VNext\Executors\UI\ButtonChannelControlExecutors.cs(73,26): warning CS0618: 'BaseLifetimeScope' 縺ｯ譌ｧ蠖｢蠑上〒縺・('Legacy BaseLifetimeScope name is kept only for migration. Use RuntimeLifetimeScopeBase/RuntimeLifetimeScope for new scopes.') [C:\Users\macar\TinnosukeGameLib\Assembly-CSharp.csproj]
C:\Users\macar\TinnosukeGameLib\Assets\GameLib\Script\Common\Commands\VNext\Executors\Debug\CommandDebugExecutor.cs(166,26): warning CS0618: 'BaseLifetimeScope' 縺ｯ譌ｧ蠖｢蠑上〒縺・('Legacy BaseLifetimeScope name is kept only for migration. Use RuntimeLifetimeScopeBase/RuntimeLifetimeScope for new scopes.') [C:\Users\macar\TinnosukeGameLib\Assembly-CSharp.csproj]
C:\Users\macar\TinnosukeGameLib\Assets\GameLib\Script\Common\Commands\VNext\Executors\UI\SliderControlExecutor.cs(105,26): warning CS0618: 'BaseLifetimeScope' 縺ｯ譌ｧ蠖｢蠑上〒縺・('Legacy BaseLifetimeScope name is kept only for migration. Use RuntimeLifetimeScopeBase/RuntimeLifetimeScope for new scopes.') [C:\Users\macar\TinnosukeGameLib\Assembly-CSharp.csproj]
C:\Users\macar\TinnosukeGameLib\Assets\GameLib\Script\Common\Commands\VNext\Executors\Trait\PlaceTraitRuntimeExecutor.cs(156,26): warning CS0618: 'BaseLifetimeScope' 縺ｯ譌ｧ蠖｢蠑上〒縺・('Legacy BaseLifetimeScope name is kept only for migration. Use RuntimeLifetimeScopeBase/RuntimeLifetimeScope for new scopes.') [C:\Users\macar\TinnosukeGameLib\Assembly-CSharp.csproj]
C:\Users\macar\TinnosukeGameLib\Assets\GameLib\Script\Common\Commands\VNext\Executors\Movement\TransformManagerExecutors.cs(30,26): warning CS0618: 'BaseLifetimeScope' 縺ｯ譌ｧ蠖｢蠑上〒縺・('Legacy BaseLifetimeScope name is kept only for migration. Use RuntimeLifetimeScopeBase/RuntimeLifetimeScope for new scopes.') [C:\Users\macar\TinnosukeGameLib\Assembly-CSharp.csproj]
C:\Users\macar\TinnosukeGameLib\Assets\GameLib\Script\Common\Commands\VNext\Executors\Selectable\WorldPointerTargetControlExecutor.cs(38,26): warning CS0618: 'BaseLifetimeScope' 縺ｯ譌ｧ蠖｢蠑上〒縺・('Legacy BaseLifetimeScope name is kept only for migration. Use RuntimeLifetimeScopeBase/RuntimeLifetimeScope for new scopes.') [C:\Users\macar\TinnosukeGameLib\Assembly-CSharp.csproj]
C:\Users\macar\TinnosukeGameLib\Assets\GameLib\Script\Common\Commands\VNext\Executors\Core\CommandListChannelControlExecutors.cs(77,26): warning CS0618: 'BaseLifetimeScope' 縺ｯ譌ｧ蠖｢蠑上〒縺・('Legacy BaseLifetimeScope name is kept only for migration. Use RuntimeLifetimeScopeBase/RuntimeLifetimeScope for new scopes.') [C:\Users\macar\TinnosukeGameLib\Assembly-CSharp.csproj]
C:\Users\macar\TinnosukeGameLib\Assets\GameLib\Script\Project\System\Map\Commands\MapNodePlayerExecutors.cs(318,26): warning CS0618: 'BaseLifetimeScope' 縺ｯ譌ｧ蠖｢蠑上〒縺・('Legacy BaseLifetimeScope name is kept only for migration. Use RuntimeLifetimeScopeBase/RuntimeLifetimeScope for new scopes.') [C:\Users\macar\TinnosukeGameLib\Assembly-CSharp.csproj]
C:\Users\macar\TinnosukeGameLib\Assets\GameLib\Script\Common\Commands\VNext\Executors\UI\ConversationExecutors.cs(1100,26): warning CS0618: 'BaseLifetimeScope' 縺ｯ譌ｧ蠖｢蠑上〒縺・('Legacy BaseLifetimeScope name is kept only for migration. Use RuntimeLifetimeScopeBase/RuntimeLifetimeScope for new scopes.') [C:\Users\macar\TinnosukeGameLib\Assembly-CSharp.csproj]
C:\Users\macar\TinnosukeGameLib\Assets\GameLib\Script\Project\Scene\CameraSystem\Commands\CameraZoomExecutor.cs(56,17): warning CS8602: null 蜿ら・縺ｮ蜿ｯ閭ｽ諤ｧ縺後≠繧九ｂ縺ｮ縺ｮ騾・盾辣ｧ縺ｧ縺吶・[C:\Users\macar\TinnosukeGameLib\Assembly-CSharp.csproj]
C:\Users\macar\TinnosukeGameLib\Assets\GameLib\Script\Common\Commands\VNext\Executors\Core\WithTargetChannelExecutor.cs(200,26): warning CS0618: 'BaseLifetimeScope' 縺ｯ譌ｧ蠖｢蠑上〒縺・('Legacy BaseLifetimeScope name is kept only for migration. Use RuntimeLifetimeScopeBase/RuntimeLifetimeScope for new scopes.') [C:\Users\macar\TinnosukeGameLib\Assembly-CSharp.csproj]
C:\Users\macar\TinnosukeGameLib\Assets\GameLib\Script\Common\Commands\VNext\Executors\Core\WithActorDescendantRouterExecutor.cs(149,26): warning CS0618: 'BaseLifetimeScope' 縺ｯ譌ｧ蠖｢蠑上〒縺・('Legacy BaseLifetimeScope name is kept only for migration. Use RuntimeLifetimeScopeBase/RuntimeLifetimeScope for new scopes.') [C:\Users\macar\TinnosukeGameLib\Assembly-CSharp.csproj]
C:\Users\macar\TinnosukeGameLib\Assets\GameLib\Script\Common\Commands\VNext\Executors\Core\WithPlayerExecutor.cs(177,26): warning CS0618: 'BaseLifetimeScope' 縺ｯ譌ｧ蠖｢蠑上〒縺・('Legacy BaseLifetimeScope name is kept only for migration. Use RuntimeLifetimeScopeBase/RuntimeLifetimeScope for new scopes.') [C:\Users\macar\TinnosukeGameLib\Assembly-CSharp.csproj]
C:\Users\macar\TinnosukeGameLib\Assets\GameLib\Script\Common\Commands\VNext\Executors\Core\WithActorDescendantRouterExecutor.cs(271,53): warning CS0618: 'BaseLifetimeScope' 縺ｯ譌ｧ蠖｢蠑上〒縺・('Legacy BaseLifetimeScope name is kept only for migration. Use RuntimeLifetimeScopeBase/RuntimeLifetimeScope for new scopes.') [C:\Users\macar\TinnosukeGameLib\Assembly-CSharp.csproj]
C:\Users\macar\TinnosukeGameLib\Assets\GameLib\Script\Collision\Commands\SetCollisionEnabledExecutor.cs(29,21): warning CS8602: null 蜿ら・縺ｮ蜿ｯ閭ｽ諤ｧ縺後≠繧九ｂ縺ｮ縺ｮ騾・盾辣ｧ縺ｧ縺吶・[C:\Users\macar\TinnosukeGameLib\Assembly-CSharp.csproj]
C:\Users\macar\TinnosukeGameLib\Assets\GameLib\Script\Collision\Commands\SetCollisionEnabledExecutor.cs(38,21): warning CS8602: null 蜿ら・縺ｮ蜿ｯ閭ｽ諤ｧ縺後≠繧九ｂ縺ｮ縺ｮ騾・盾辣ｧ縺ｧ縺吶・[C:\Users\macar\TinnosukeGameLib\Assembly-CSharp.csproj]
C:\Users\macar\TinnosukeGameLib\Assets\GameLib\Script\Common\Commands\VNext\Executors\Spawn\SpawnRuntimeGridExecutor.cs(452,26): warning CS0618: 'BaseLifetimeScope' 縺ｯ譌ｧ蠖｢蠑上〒縺・('Legacy BaseLifetimeScope name is kept only for migration. Use RuntimeLifetimeScopeBase/RuntimeLifetimeScope for new scopes.') [C:\Users\macar\TinnosukeGameLib\Assembly-CSharp.csproj]
C:\Users\macar\TinnosukeGameLib\Assets\GameLib\Script\Common\Commands\VNext\Executors\Core\WithActorExecutor.cs(182,26): warning CS0618: 'BaseLifetimeScope' 縺ｯ譌ｧ蠖｢蠑上〒縺・('Legacy BaseLifetimeScope name is kept only for migration. Use RuntimeLifetimeScopeBase/RuntimeLifetimeScope for new scopes.') [C:\Users\macar\TinnosukeGameLib\Assembly-CSharp.csproj]
C:\Users\macar\TinnosukeGameLib\Assets\GameLib\Script\Project\Scene\CameraSystem\Commands\CameraPostProcessExecutor.cs(60,17): warning CS8602: null 蜿ら・縺ｮ蜿ｯ閭ｽ諤ｧ縺後≠繧九ｂ縺ｮ縺ｮ騾・盾辣ｧ縺ｧ縺吶・[C:\Users\macar\TinnosukeGameLib\Assembly-CSharp.csproj]
C:\Users\macar\TinnosukeGameLib\Assets\GameLib\Script\Common\Commands\VNext\Executors\Channels\Light2DChannelControlExecutors.cs(68,26): warning CS0618: 'BaseLifetimeScope' 縺ｯ譌ｧ蠖｢蠑上〒縺・('Legacy BaseLifetimeScope name is kept only for migration. Use RuntimeLifetimeScopeBase/RuntimeLifetimeScope for new scopes.') [C:\Users\macar\TinnosukeGameLib\Assembly-CSharp.csproj]
C:\Users\macar\TinnosukeGameLib\Assets\GameLib\Script\Common\Commands\VNext\Executors\Core\MonitorChannelRuleControlExecutor.cs(62,26): warning CS0618: 'BaseLifetimeScope' 縺ｯ譌ｧ蠖｢蠑上〒縺・('Legacy BaseLifetimeScope name is kept only for migration. Use RuntimeLifetimeScopeBase/RuntimeLifetimeScope for new scopes.') [C:\Users\macar\TinnosukeGameLib\Assembly-CSharp.csproj]
C:\Users\macar\TinnosukeGameLib\Assets\GameLib\Script\Project\Scene\Channels\GridObjectChannel\GridObjectChannelExecutors.cs(173,26): warning CS0618: 'BaseLifetimeScope' 縺ｯ譌ｧ蠖｢蠑上〒縺・('Legacy BaseLifetimeScope name is kept only for migration. Use RuntimeLifetimeScopeBase/RuntimeLifetimeScope for new scopes.') [C:\Users\macar\TinnosukeGameLib\Assembly-CSharp.csproj]
C:\Users\macar\TinnosukeGameLib\Assets\GameLib\Script\Common\Commands\VNext\Executors\Vars\WithTableElementsExecutor.cs(327,26): warning CS0618: 'BaseLifetimeScope' 縺ｯ譌ｧ蠖｢蠑上〒縺・('Legacy BaseLifetimeScope name is kept only for migration. Use RuntimeLifetimeScopeBase/RuntimeLifetimeScope for new scopes.') [C:\Users\macar\TinnosukeGameLib\Assembly-CSharp.csproj]
C:\Users\macar\TinnosukeGameLib\Assets\GameLib\Script\Common\Commands\VNext\Executors\Health\HealthExecutors.cs(251,26): warning CS0618: 'BaseLifetimeScope' 縺ｯ譌ｧ蠖｢蠑上〒縺・('Legacy BaseLifetimeScope name is kept only for migration. Use RuntimeLifetimeScopeBase/RuntimeLifetimeScope for new scopes.') [C:\Users\macar\TinnosukeGameLib\Assembly-CSharp.csproj]
C:\Users\macar\TinnosukeGameLib\Assets\GameLib\Script\Collision\Commands\WithHitColliderTargetsExecutor.cs(153,26): warning CS0618: 'BaseLifetimeScope' 縺ｯ譌ｧ蠖｢蠑上〒縺・('Legacy BaseLifetimeScope name is kept only for migration. Use RuntimeLifetimeScopeBase/RuntimeLifetimeScope for new scopes.') [C:\Users\macar\TinnosukeGameLib\Assembly-CSharp.csproj]
C:\Users\macar\TinnosukeGameLib\Assets\GameLib\Script\Project\Scene\RoomMap\Runtime\RoomMapBuilder.cs(348,38): warning CS0618: 'BaseLifetimeScope' 縺ｯ譌ｧ蠖｢蠑上〒縺・('Legacy BaseLifetimeScope name is kept only for migration. Use RuntimeLifetimeScopeBase/RuntimeLifetimeScope for new scopes.') [C:\Users\macar\TinnosukeGameLib\Assembly-CSharp.csproj]
C:\Users\macar\TinnosukeGameLib\Assets\GameLib\Script\Project\System\Map\Runtime\MapNodeSystemService.cs(281,30): warning CS0618: 'BaseLifetimeScope' 縺ｯ譌ｧ蠖｢蠑上〒縺・('Legacy BaseLifetimeScope name is kept only for migration. Use RuntimeLifetimeScopeBase/RuntimeLifetimeScope for new scopes.') [C:\Users\macar\TinnosukeGameLib\Assembly-CSharp.csproj]
C:\Users\macar\TinnosukeGameLib\Assets\GameLib\Script\Common\FirePattern\Core\FireDynamicContext.cs(67,58): warning CS0618: 'BaseLifetimeScope' 縺ｯ譌ｧ蠖｢蠑上〒縺・('Legacy BaseLifetimeScope name is kept only for migration. Use RuntimeLifetimeScopeBase/RuntimeLifetimeScope for new scopes.') [C:\Users\macar\TinnosukeGameLib\Assembly-CSharp.csproj]
C:\Users\macar\TinnosukeGameLib\Assets\GameLib\Script\Common\Health\MB\HealthMB.cs(151,50): warning CS0618: 'BaseLifetimeScope' 縺ｯ譌ｧ蠖｢蠑上〒縺・('Legacy BaseLifetimeScope name is kept only for migration. Use RuntimeLifetimeScopeBase/RuntimeLifetimeScope for new scopes.') [C:\Users\macar\TinnosukeGameLib\Assembly-CSharp.csproj]
C:\Users\macar\TinnosukeGameLib\Assets\GameLib\Script\Project\Scene\Spawner\BaseLTS\BaseLifetimeScopeSpawner.cs(78,29): warning CS0618: 'BaseLifetimeScope' 縺ｯ譌ｧ蠖｢蠑上〒縺・('Legacy BaseLifetimeScope name is kept only for migration. Use RuntimeLifetimeScopeBase/RuntimeLifetimeScope for new scopes.') [C:\Users\macar\TinnosukeGameLib\Assembly-CSharp.csproj]
C:\Users\macar\TinnosukeGameLib\Assets\GameLib\Script\Common\Health\MB\HealthMB.cs(279,50): warning CS0618: 'BaseLifetimeScope' 縺ｯ譌ｧ蠖｢蠑上〒縺・('Legacy BaseLifetimeScope name is kept only for migration. Use RuntimeLifetimeScopeBase/RuntimeLifetimeScope for new scopes.') [C:\Users\macar\TinnosukeGameLib\Assembly-CSharp.csproj]
C:\Users\macar\TinnosukeGameLib\Assets\GameLib\Script\Common\FirePattern\Core\SpawnContextToFireAdapter.cs(233,41): warning CS0618: 'BaseLifetimeScope' 縺ｯ譌ｧ蠖｢蠑上〒縺・('Legacy BaseLifetimeScope name is kept only for migration. Use RuntimeLifetimeScopeBase/RuntimeLifetimeScope for new scopes.') [C:\Users\macar\TinnosukeGameLib\Assembly-CSharp.csproj]
C:\Users\macar\TinnosukeGameLib\Assets\GameLib\Script\Project\Scene\Background\Runtime\BackgroundSystemService.cs(702,38): warning CS0618: 'BaseLifetimeScope' 縺ｯ譌ｧ蠖｢蠑上〒縺・('Legacy BaseLifetimeScope name is kept only for migration. Use RuntimeLifetimeScopeBase/RuntimeLifetimeScope for new scopes.') [C:\Users\macar\TinnosukeGameLib\Assembly-CSharp.csproj]
C:\Users\macar\TinnosukeGameLib\Assets\GameLib\Script\Project\System\Map\Runtime\MapNodeVisualizer.cs(789,38): warning CS0618: 'BaseLifetimeScope' 縺ｯ譌ｧ蠖｢蠑上〒縺・('Legacy BaseLifetimeScope name is kept only for migration. Use RuntimeLifetimeScopeBase/RuntimeLifetimeScope for new scopes.') [C:\Users\macar\TinnosukeGameLib\Assembly-CSharp.csproj]
C:\Users\macar\TinnosukeGameLib\Assets\GameLib\Script\Common\FirePattern\Core\FirePatternService.cs(230,37): warning CS0618: 'BaseLifetimeScope' 縺ｯ譌ｧ蠖｢蠑上〒縺・('Legacy BaseLifetimeScope name is kept only for migration. Use RuntimeLifetimeScopeBase/RuntimeLifetimeScope for new scopes.') [C:\Users\macar\TinnosukeGameLib\Assembly-CSharp.csproj]
C:\Users\macar\TinnosukeGameLib\Assets\GameLib\Script\Project\System\Map\Runtime\MapNodePlayerService.cs(719,26): warning CS0618: 'BaseLifetimeScope' 縺ｯ譌ｧ蠖｢蠑上〒縺・('Legacy BaseLifetimeScope name is kept only for migration. Use RuntimeLifetimeScopeBase/RuntimeLifetimeScope for new scopes.') [C:\Users\macar\TinnosukeGameLib\Assembly-CSharp.csproj]
C:\Users\macar\TinnosukeGameLib\Assets\GameLib\Script\Project\Flow\Hosts\FlowHostService.cs(405,53): warning CS0618: 'BaseLifetimeScope' 縺ｯ譌ｧ蠖｢蠑上〒縺・('Legacy BaseLifetimeScope name is kept only for migration. Use RuntimeLifetimeScopeBase/RuntimeLifetimeScope for new scopes.') [C:\Users\macar\TinnosukeGameLib\Assembly-CSharp.csproj]
C:\Users\macar\TinnosukeGameLib\Assets\GameLib\Script\Project\Flow\Hosts\FlowHostService.cs(418,26): warning CS0618: 'BaseLifetimeScope' 縺ｯ譌ｧ蠖｢蠑上〒縺・('Legacy BaseLifetimeScope name is kept only for migration. Use RuntimeLifetimeScopeBase/RuntimeLifetimeScope for new scopes.') [C:\Users\macar\TinnosukeGameLib\Assembly-CSharp.csproj]
C:\Users\macar\TinnosukeGameLib\Assets\GameLib\Script\Common\StatusEffect\Runtime\StatusEffectRuntime.cs(545,29): warning CS8602: null 蜿ら・縺ｮ蜿ｯ閭ｽ諤ｧ縺後≠繧九ｂ縺ｮ縺ｮ騾・盾辣ｧ縺ｧ縺吶・[C:\Users\macar\TinnosukeGameLib\Assembly-CSharp.csproj]
C:\Users\macar\TinnosukeGameLib\Assets\GameLib\Script\Project\Scene\Channels\GridObjectChannel\GridObjectChannelRuntimeUtility.cs(47,26): warning CS0618: 'BaseLifetimeScope' 縺ｯ譌ｧ蠖｢蠑上〒縺・('Legacy BaseLifetimeScope name is kept only for migration. Use RuntimeLifetimeScopeBase/RuntimeLifetimeScope for new scopes.') [C:\Users\macar\TinnosukeGameLib\Assembly-CSharp.csproj]
C:\Users\macar\TinnosukeGameLib\Assets\GameLib\Script\Project\Scene\Channels\GridObjectChannel\GridObjectChannelRuntimeUtility.cs(109,30): warning CS0618: 'BaseLifetimeScope' 縺ｯ譌ｧ蠖｢蠑上〒縺・('Legacy BaseLifetimeScope name is kept only for migration. Use RuntimeLifetimeScopeBase/RuntimeLifetimeScope for new scopes.') [C:\Users\macar\TinnosukeGameLib\Assembly-CSharp.csproj]
C:\Users\macar\TinnosukeGameLib\Assets\GameLib\Script\Project\Scene\Channels\Transform\TransformFollowService.cs(352,44): warning CS0618: 'BaseLifetimeScope' 縺ｯ譌ｧ蠖｢蠑上〒縺・('Legacy BaseLifetimeScope name is kept only for migration. Use RuntimeLifetimeScopeBase/RuntimeLifetimeScope for new scopes.') [C:\Users\macar\TinnosukeGameLib\Assembly-CSharp.csproj]
C:\Users\macar\TinnosukeGameLib\Assets\GameLib\Script\Project\Scene\Channels\GridObjectChannel\GridObjectChannelRuntimeUtility.cs(138,37): warning CS0618: 'BaseLifetimeScope' 縺ｯ譌ｧ蠖｢蠑上〒縺・('Legacy BaseLifetimeScope name is kept only for migration. Use RuntimeLifetimeScopeBase/RuntimeLifetimeScope for new scopes.') [C:\Users\macar\TinnosukeGameLib\Assembly-CSharp.csproj]
C:\Users\macar\TinnosukeGameLib\Assets\GameLib\Script\Project\Scene\Transform\ChannelHub\Core\TransformChannelHubService.cs(985,49): warning CS0618: 'BaseLifetimeScope' 縺ｯ譌ｧ蠖｢蠑上〒縺・('Legacy BaseLifetimeScope name is kept only for migration. Use RuntimeLifetimeScopeBase/RuntimeLifetimeScope for new scopes.') [C:\Users\macar\TinnosukeGameLib\Assembly-CSharp.csproj]
C:\Users\macar\TinnosukeGameLib\Assets\GameLib\Script\Project\Scene\Channels\AutoSpawn\AutoSpawnChannelHubService.cs(857,37): warning CS0618: 'BaseLifetimeScope' 縺ｯ譌ｧ蠖｢蠑上〒縺・('Legacy BaseLifetimeScope name is kept only for migration. Use RuntimeLifetimeScopeBase/RuntimeLifetimeScope for new scopes.') [C:\Users\macar\TinnosukeGameLib\Assembly-CSharp.csproj]
C:\Users\macar\TinnosukeGameLib\Assets\GameLib\Script\Project\Scene\Channels\AutoSpawn\AutoSpawnChannelHubService.cs(925,26): warning CS0618: 'BaseLifetimeScope' 縺ｯ譌ｧ蠖｢蠑上〒縺・('Legacy BaseLifetimeScope name is kept only for migration. Use RuntimeLifetimeScopeBase/RuntimeLifetimeScope for new scopes.') [C:\Users\macar\TinnosukeGameLib\Assembly-CSharp.csproj]
C:\Users\macar\TinnosukeGameLib\Assets\GameLib\Script\Project\Scene\Channels\Scroll\ScrollChannelHubService.cs(779,26): warning CS0618: 'BaseLifetimeScope' 縺ｯ譌ｧ蠖｢蠑上〒縺・('Legacy BaseLifetimeScope name is kept only for migration. Use RuntimeLifetimeScopeBase/RuntimeLifetimeScope for new scopes.') [C:\Users\macar\TinnosukeGameLib\Assembly-CSharp.csproj]
C:\Users\macar\TinnosukeGameLib\Assets\GameLib\Script\Project\Scene\Chunk\Runtime\ChunkFactoryService.cs(228,38): warning CS0618: 'BaseLifetimeScope' 縺ｯ譌ｧ蠖｢蠑上〒縺・('Legacy BaseLifetimeScope name is kept only for migration. Use RuntimeLifetimeScopeBase/RuntimeLifetimeScope for new scopes.') [C:\Users\macar\TinnosukeGameLib\Assembly-CSharp.csproj]
C:\Users\macar\TinnosukeGameLib\Assets\GameLib\Script\Project\UI\TraitListChannel\Core\TraitListChannelRuntimeHelpers.cs(42,26): warning CS0618: 'BaseLifetimeScope' 縺ｯ譌ｧ蠖｢蠑上〒縺・('Legacy BaseLifetimeScope name is kept only for migration. Use RuntimeLifetimeScopeBase/RuntimeLifetimeScope for new scopes.') [C:\Users\macar\TinnosukeGameLib\Assembly-CSharp.csproj]
C:\Users\macar\TinnosukeGameLib\Assets\GameLib\Script\Project\UI\TraitListChannel\Core\TraitListChannelRuntimeHelpers.cs(122,30): warning CS0618: 'BaseLifetimeScope' 縺ｯ譌ｧ蠖｢蠑上〒縺・('Legacy BaseLifetimeScope name is kept only for migration. Use RuntimeLifetimeScopeBase/RuntimeLifetimeScope for new scopes.') [C:\Users\macar\TinnosukeGameLib\Assembly-CSharp.csproj]
C:\Users\macar\TinnosukeGameLib\Assets\GameLib\Script\Project\UI\Core\Elements\ScrollRect\UIScrollRectService.cs(597,45): warning CS0618: 'BaseLifetimeScope' 縺ｯ譌ｧ蠖｢蠑上〒縺・('Legacy BaseLifetimeScope name is kept only for migration. Use RuntimeLifetimeScopeBase/RuntimeLifetimeScope for new scopes.') [C:\Users\macar\TinnosukeGameLib\Assembly-CSharp.csproj]
C:\Users\macar\TinnosukeGameLib\Assets\GameLib\Script\Project\UI\TraitListChannel\Core\TraitListChannelRuntimeHelpers.cs(154,37): warning CS0618: 'BaseLifetimeScope' 縺ｯ譌ｧ蠖｢蠑上〒縺・('Legacy BaseLifetimeScope name is kept only for migration. Use RuntimeLifetimeScopeBase/RuntimeLifetimeScope for new scopes.') [C:\Users\macar\TinnosukeGameLib\Assembly-CSharp.csproj]
C:\Users\macar\TinnosukeGameLib\Assets\GameLib\Script\Project\UI\Core\Toast\Service\ToastSystemService.cs(1009,26): warning CS0618: 'BaseLifetimeScope' 縺ｯ譌ｧ蠖｢蠑上〒縺・('Legacy BaseLifetimeScope name is kept only for migration. Use RuntimeLifetimeScopeBase/RuntimeLifetimeScope for new scopes.') [C:\Users\macar\TinnosukeGameLib\Assembly-CSharp.csproj]
C:\Users\macar\TinnosukeGameLib\Assets\GameLib\Script\Project\UI\Core\Tooltip\TooltipChannelHubService.cs(570,26): warning CS0618: 'BaseLifetimeScope' 縺ｯ譌ｧ蠖｢蠑上〒縺・('Legacy BaseLifetimeScope name is kept only for migration. Use RuntimeLifetimeScopeBase/RuntimeLifetimeScope for new scopes.') [C:\Users\macar\TinnosukeGameLib\Assembly-CSharp.csproj]
C:\Users\macar\TinnosukeGameLib\Assets\GameLib\Script\Project\UI\Core\Selection\UISelectionMB.cs(452,52): warning CS0618: 'BaseLifetimeScope' 縺ｯ譌ｧ蠖｢蠑上〒縺・('Legacy BaseLifetimeScope name is kept only for migration. Use RuntimeLifetimeScopeBase/RuntimeLifetimeScope for new scopes.') [C:\Users\macar\TinnosukeGameLib\Assembly-CSharp.csproj]
C:\Users\macar\TinnosukeGameLib\Assets\GameLib\Script\Project\UI\Core\Canvas\UICanvasServiceInterfaces.cs(745,44): warning CS0618: 'BaseLifetimeScope' 縺ｯ譌ｧ蠖｢蠑上〒縺・('Legacy BaseLifetimeScope name is kept only for migration. Use RuntimeLifetimeScopeBase/RuntimeLifetimeScope for new scopes.') [C:\Users\macar\TinnosukeGameLib\Assembly-CSharp.csproj]
C:\Users\macar\TinnosukeGameLib\Assets\GameLib\Script\Project\UI\TraitList\Services\UITraitListPlayerService.cs(336,26): warning CS0618: 'BaseLifetimeScope' 縺ｯ譌ｧ蠖｢蠑上〒縺・('Legacy BaseLifetimeScope name is kept only for migration. Use RuntimeLifetimeScopeBase/RuntimeLifetimeScope for new scopes.') [C:\Users\macar\TinnosukeGameLib\Assembly-CSharp.csproj]
C:\Users\macar\TinnosukeGameLib\Assets\GameLib\Script\Project\UI\TraitList\Services\UITraitListVisualizerService.cs(849,30): warning CS0618: 'BaseLifetimeScope' 縺ｯ譌ｧ蠖｢蠑上〒縺・('Legacy BaseLifetimeScope name is kept only for migration. Use RuntimeLifetimeScopeBase/RuntimeLifetimeScope for new scopes.') [C:\Users\macar\TinnosukeGameLib\Assembly-CSharp.csproj]
C:\Users\macar\TinnosukeGameLib\Assets\GameLib\Script\Project\UI\TraitList\Services\UITraitListVisualizerService.cs(909,38): warning CS0618: 'BaseLifetimeScope' 縺ｯ譌ｧ蠖｢蠑上〒縺・('Legacy BaseLifetimeScope name is kept only for migration. Use RuntimeLifetimeScopeBase/RuntimeLifetimeScope for new scopes.') [C:\Users\macar\TinnosukeGameLib\Assembly-CSharp.csproj]
C:\Users\macar\TinnosukeGameLib\Assets\GameLib\Script\Project\UI\Core\Elements\ScrollRect\UIScrollRectService.cs(1968,40): warning CS0618: 'BaseLifetimeScope' 縺ｯ譌ｧ蠖｢蠑上〒縺・('Legacy BaseLifetimeScope name is kept only for migration. Use RuntimeLifetimeScopeBase/RuntimeLifetimeScope for new scopes.') [C:\Users\macar\TinnosukeGameLib\Assembly-CSharp.csproj]
C:\Users\macar\TinnosukeGameLib\Assets\GameLib\Script\Common\Health\Modifiers\SO\CustomHealthModifierSO.cs(82,31): warning CS0649: 繝輔ぅ繝ｼ繝ｫ繝・'CustomHealthModifierSO._onHealCommands' 縺ｯ蜑ｲ繧雁ｽ薙※繧峨ｌ縺ｾ縺帙ｓ縲ょｸｸ縺ｫ譌｢螳壼､ null 繧剃ｽｿ逕ｨ縺励∪縺・[C:\Users\macar\TinnosukeGameLib\Assembly-CSharp.csproj]
C:\Users\macar\TinnosukeGameLib\Assets\GameLib\Script\Common\Variables\Dynamic\Core\DynamicSources.cs(1851,21): warning CS0649: 繝輔ぅ繝ｼ繝ｫ繝・'OtherGridBlackboardColumnCountSource.targetActor' 縺ｯ蜑ｲ繧雁ｽ薙※繧峨ｌ縺ｾ縺帙ｓ縲ょｸｸ縺ｫ譌｢螳壼､  繧剃ｽｿ逕ｨ縺励∪縺・[C:\Users\macar\TinnosukeGameLib\Assembly-CSharp.csproj]
C:\Users\macar\TinnosukeGameLib\Assets\GameLib\Script\Project\Scene\Channels\Transform\TransformChannelDef.cs(136,15): warning CS0649: 繝輔ぅ繝ｼ繝ｫ繝・'TransformChannelDef.playOnSpawnDelaySeconds' 縺ｯ蜑ｲ繧雁ｽ薙※繧峨ｌ縺ｾ縺帙ｓ縲ょｸｸ縺ｫ譌｢螳壼､ 0 繧剃ｽｿ逕ｨ縺励∪縺・[C:\Users\macar\TinnosukeGameLib\Assembly-CSharp.csproj]
C:\Users\macar\TinnosukeGameLib\Assets\GameLib\Script\Common\Variables\Dynamic\Core\DynamicSources.cs(2229,13): warning CS0649: 繝輔ぅ繝ｼ繝ｫ繝・'OtherTableCellExistsSource.tableVarId' 縺ｯ蜑ｲ繧雁ｽ薙※繧峨ｌ縺ｾ縺帙ｓ縲ょｸｸ縺ｫ譌｢螳壼､ 0 繧剃ｽｿ逕ｨ縺励∪縺・[C:\Users\macar\TinnosukeGameLib\Assembly-CSharp.csproj]
C:\Users\macar\TinnosukeGameLib\Assets\GameLib\Script\Project\UI\Core\Toast\MB\ToastSystemMB.cs(30,41): warning CS0649: 繝輔ぅ繝ｼ繝ｫ繝・'ToastSystemMB.clampArea' 縺ｯ蜑ｲ繧雁ｽ薙※繧峨ｌ縺ｾ縺帙ｓ縲ょｸｸ縺ｫ譌｢螳壼､ null 繧剃ｽｿ逕ｨ縺励∪縺・[C:\Users\macar\TinnosukeGameLib\Assembly-CSharp.csproj]
C:\Users\macar\TinnosukeGameLib\Assets\GameLib\Script\Common\EmitterSpawn\Lines\SpawnLinePreviewMB.cs(29,14): warning CS0649: 繝輔ぅ繝ｼ繝ｫ繝・'SpawnLinePreviewMB._drawAlways' 縺ｯ蜑ｲ繧雁ｽ薙※繧峨ｌ縺ｾ縺帙ｓ縲ょｸｸ縺ｫ譌｢螳壼､ false 繧剃ｽｿ逕ｨ縺励∪縺・[C:\Users\macar\TinnosukeGameLib\Assembly-CSharp.csproj]
C:\Users\macar\TinnosukeGameLib\Assets\GameLib\Script\Common\Variables\Dynamic\Core\DynamicSources.cs(975,17): warning CS0649: 繝輔ぅ繝ｼ繝ｫ繝・'LiteralToVariableSource.vector3Value' 縺ｯ蜑ｲ繧雁ｽ薙※繧峨ｌ縺ｾ縺帙ｓ縲ょｸｸ縺ｫ譌｢螳壼､  繧剃ｽｿ逕ｨ縺励∪縺・[C:\Users\macar\TinnosukeGameLib\Assembly-CSharp.csproj]
C:\Users\macar\TinnosukeGameLib\Assets\GameLib\Script\Project\Scene\Transform\ChannelHub\MB\TransformChannelHub.cs(86,14): warning CS0649: 繝輔ぅ繝ｼ繝ｫ繝・'TransformChannelHub._debugGlobalApplyLogs' 縺ｯ蜑ｲ繧雁ｽ薙※繧峨ｌ縺ｾ縺帙ｓ縲ょｸｸ縺ｫ譌｢螳壼､ false 繧剃ｽｿ逕ｨ縺励∪縺・[C:\Users\macar\TinnosukeGameLib\Assembly-CSharp.csproj]
C:\Users\macar\TinnosukeGameLib\Assets\GameLib\Script\Common\Variables\Profile\Core\CustomProfileDefinition.cs(121,14): warning CS0649: 繝輔ぅ繝ｼ繝ｫ繝・'ProfileDynamicValue._boolValue' 縺ｯ蜑ｲ繧雁ｽ薙※繧峨ｌ縺ｾ縺帙ｓ縲ょｸｸ縺ｫ譌｢螳壼､ false 繧剃ｽｿ逕ｨ縺励∪縺・[C:\Users\macar\TinnosukeGameLib\Assembly-CSharp.csproj]
C:\Users\macar\TinnosukeGameLib\Assets\GameLib\Script\Common\Commands\Def\ValueBinding.cs(23,52): warning CS0649: 繝輔ぅ繝ｼ繝ｫ繝・'FlexibleValue<T>.addVariableKey' 縺ｯ蜑ｲ繧雁ｽ薙※繧峨ｌ縺ｾ縺帙ｓ縲ょｸｸ縺ｫ譌｢螳壼､ null 繧剃ｽｿ逕ｨ縺励∪縺・[C:\Users\macar\TinnosukeGameLib\Assembly-CSharp.csproj]
C:\Users\macar\TinnosukeGameLib\Assets\GameLib\Script\Common\Variables\Dynamic\Core\DynamicSources.cs(652,36): warning CS0649: 繝輔ぅ繝ｼ繝ｫ繝・'AssetStatusEffectStackPresetSource.value' 縺ｯ蜑ｲ繧雁ｽ薙※繧峨ｌ縺ｾ縺帙ｓ縲ょｸｸ縺ｫ譌｢螳壼､ null 繧剃ｽｿ逕ｨ縺励∪縺・[C:\Users\macar\TinnosukeGameLib\Assembly-CSharp.csproj]
C:\Users\macar\TinnosukeGameLib\Assets\GameLib\Script\Common\Variables\Binding\ExternalFloatBinding.cs(56,19): warning CS0649: 繝輔ぅ繝ｼ繝ｫ繝・'ExternalFloatBindingOptions._blackboardKey' 縺ｯ蜑ｲ繧雁ｽ薙※繧峨ｌ縺ｾ縺帙ｓ縲ょｸｸ縺ｫ譌｢螳壼､  繧剃ｽｿ逕ｨ縺励∪縺・[C:\Users\macar\TinnosukeGameLib\Assembly-CSharp.csproj]
C:\Users\macar\TinnosukeGameLib\Assets\GameLib\Script\Project\Scene\Chunk\Biome\ChunkBiomeParamDefinitionSO.cs(15,34): warning CS0649: 繝輔ぅ繝ｼ繝ｫ繝・'ChunkBiomeNoiseSettings.offset' 縺ｯ蜑ｲ繧雁ｽ薙※繧峨ｌ縺ｾ縺帙ｓ縲ょｸｸ縺ｫ譌｢螳壼､  繧剃ｽｿ逕ｨ縺励∪縺・[C:\Users\macar\TinnosukeGameLib\Assembly-CSharp.csproj]
C:\Users\macar\TinnosukeGameLib\Assets\GameLib\Script\Project\Scene\Channels\GridObjectChannel\GridObjectChannelHubMB.cs(81,14): warning CS0649: 繝輔ぅ繝ｼ繝ｫ繝・'GridObjectChannelDefinition._enableVerboseBlackboardLog' 縺ｯ蜑ｲ繧雁ｽ薙※繧峨ｌ縺ｾ縺帙ｓ縲ょｸｸ縺ｫ譌｢螳壼､ false 繧剃ｽｿ逕ｨ縺励∪縺・[C:\Users\macar\TinnosukeGameLib\Assembly-CSharp.csproj]
C:\Users\macar\TinnosukeGameLib\Assets\GameLib\Script\Common\LTS\Runtime\RuntimeTickHub.cs(31,21): warning CS0649: 繝輔ぅ繝ｼ繝ｫ繝・'RuntimeTickHub.distanceCullTarget' 縺ｯ蜑ｲ繧雁ｽ薙※繧峨ｌ縺ｾ縺帙ｓ縲ょｸｸ縺ｫ譌｢螳壼､  繧剃ｽｿ逕ｨ縺励∪縺・[C:\Users\macar\TinnosukeGameLib\Assembly-CSharp.csproj]
C:\Users\macar\TinnosukeGameLib\Assets\GameLib\Script\Shader\Core\SO\BaseShaderFxPresetReference.cs(21,31): warning CS0649: 繝輔ぅ繝ｼ繝ｫ繝・'BaseShaderFxPresetReference.assetPreset' 縺ｯ蜑ｲ繧雁ｽ薙※繧峨ｌ縺ｾ縺帙ｓ縲ょｸｸ縺ｫ譌｢螳壼､ null 繧剃ｽｿ逕ｨ縺励∪縺・[C:\Users\macar\TinnosukeGameLib\Assembly-CSharp.csproj]
C:\Users\macar\TinnosukeGameLib\Assets\GameLib\Script\Common\Variables\Dynamic\RichText\RichTextSource.cs(35,14): warning CS0649: 繝輔ぅ繝ｼ繝ｫ繝・'RichTextSource._logActorStoresOnWarn' 縺ｯ蜑ｲ繧雁ｽ薙※繧峨ｌ縺ｾ縺帙ｓ縲ょｸｸ縺ｫ譌｢螳壼､ false 繧剃ｽｿ逕ｨ縺励∪縺・[C:\Users\macar\TinnosukeGameLib\Assembly-CSharp.csproj]
C:\Users\macar\TinnosukeGameLib\Assets\GameLib\Script\Common\Variables\Dynamic\Core\DynamicSources.cs(2133,21): warning CS0649: 繝輔ぅ繝ｼ繝ｫ繝・'OtherTableColumnCountSource.targetActor' 縺ｯ蜑ｲ繧雁ｽ薙※繧峨ｌ縺ｾ縺帙ｓ縲ょｸｸ縺ｫ譌｢螳壼､  繧剃ｽｿ逕ｨ縺励∪縺・[C:\Users\macar\TinnosukeGameLib\Assembly-CSharp.csproj]
C:\Users\macar\TinnosukeGameLib\Assets\GameLib\Script\Common\Variables\Dynamic\Core\DynamicSources.cs(1646,13): warning CS0649: 繝輔ぅ繝ｼ繝ｫ繝・'SelfGridBlackboardSource.varIdFilter' 縺ｯ蜑ｲ繧雁ｽ薙※繧峨ｌ縺ｾ縺帙ｓ縲ょｸｸ縺ｫ譌｢螳壼､ 0 繧剃ｽｿ逕ｨ縺励∪縺・[C:\Users\macar\TinnosukeGameLib\Assembly-CSharp.csproj]
C:\Users\macar\TinnosukeGameLib\Assets\GameLib\Script\Common\Variables\Dynamic\Core\DynamicSources.cs(608,41): warning CS0649: 繝輔ぅ繝ｼ繝ｫ繝・'LiteralStatusEffectDefinitionSource.value' 縺ｯ蜑ｲ繧雁ｽ薙※繧峨ｌ縺ｾ縺帙ｓ縲ょｸｸ縺ｫ譌｢螳壼､ null 繧剃ｽｿ逕ｨ縺励∪縺・[C:\Users\macar\TinnosukeGameLib\Assembly-CSharp.csproj]
C:\Users\macar\TinnosukeGameLib\Assets\GameLib\Script\Project\Scene\NoiseProducer\Definition\NoiseChannelDefinition.cs(45,30): warning CS0649: 繝輔ぅ繝ｼ繝ｫ繝・'NoiseChannelDefinition._seed' 縺ｯ蜑ｲ繧雁ｽ薙※繧峨ｌ縺ｾ縺帙ｓ縲ょｸｸ縺ｫ譌｢螳壼､ 0 繧剃ｽｿ逕ｨ縺励∪縺・[C:\Users\macar\TinnosukeGameLib\Assembly-CSharp.csproj]
C:\Users\macar\TinnosukeGameLib\Assets\GameLib\Script\Common\Variables\Dynamic\Core\DynamicSources.cs(1115,14): warning CS0649: 繝輔ぅ繝ｼ繝ｫ繝・'LiteralToVarStoreSource.boolValue' 縺ｯ蜑ｲ繧雁ｽ薙※繧峨ｌ縺ｾ縺帙ｓ縲ょｸｸ縺ｫ譌｢螳壼､ false 繧剃ｽｿ逕ｨ縺励∪縺・[C:\Users\macar\TinnosukeGameLib\Assembly-CSharp.csproj]
C:\Users\macar\TinnosukeGameLib\Assets\GameLib\Script\Project\Scene\Chunk\Core\ChunkCoreTypes.cs(81,14): warning CS0649: 繝輔ぅ繝ｼ繝ｫ繝・'ChunkOriginSettings.centerAligned' 縺ｯ蜑ｲ繧雁ｽ薙※繧峨ｌ縺ｾ縺帙ｓ縲ょｸｸ縺ｫ譌｢螳壼､ false 繧剃ｽｿ逕ｨ縺励∪縺・[C:\Users\macar\TinnosukeGameLib\Assembly-CSharp.csproj]
C:\Users\macar\TinnosukeGameLib\Assets\GameLib\Script\Common\Variables\Dynamic\Sources\TargetChannelTargetPositionSources.cs(78,21): warning CS0649: 繝輔ぅ繝ｼ繝ｫ繝・'TargetChannelTargetPosition3Source.channelOwnerActorSource' 縺ｯ蜑ｲ繧雁ｽ薙※繧峨ｌ縺ｾ縺帙ｓ縲ょｸｸ縺ｫ譌｢螳壼､  繧剃ｽｿ逕ｨ縺励∪縺・[C:\Users\macar\TinnosukeGameLib\Assembly-CSharp.csproj]
C:\Users\macar\TinnosukeGameLib\Assets\GameLib\Script\Project\Scene\Chunk\Biome\ChunkBiomeParamDefinitionSO.cs(16,30): warning CS0649: 繝輔ぅ繝ｼ繝ｫ繝・'ChunkBiomeNoiseSettings.seedOffset' 縺ｯ蜑ｲ繧雁ｽ薙※繧峨ｌ縺ｾ縺帙ｓ縲ょｸｸ縺ｫ譌｢螳壼､ 0 繧剃ｽｿ逕ｨ縺励∪縺・[C:\Users\macar\TinnosukeGameLib\Assembly-CSharp.csproj]
C:\Users\macar\TinnosukeGameLib\Assets\GameLib\Script\Common\StatusEffect\Definition\StatusEffectDefinitionSO.cs(18,41): warning CS0649: 繝輔ぅ繝ｼ繝ｫ繝・'StatusEffectDefinitionSO.preset' 縺ｯ蜑ｲ繧雁ｽ薙※繧峨ｌ縺ｾ縺帙ｓ縲ょｸｸ縺ｫ譌｢螳壼､ null 繧剃ｽｿ逕ｨ縺励∪縺・[C:\Users\macar\TinnosukeGameLib\Assembly-CSharp.csproj]
C:\Users\macar\TinnosukeGameLib\Assets\GameLib\Script\Common\Trait\SO\TraitDefinitionSO.cs(199,13): warning CS0649: 繝輔ぅ繝ｼ繝ｫ繝・'TraitDefinitionSO._commonGridTableKeyVarId' 縺ｯ蜑ｲ繧雁ｽ薙※繧峨ｌ縺ｾ縺帙ｓ縲ょｸｸ縺ｫ譌｢螳壼､ 0 繧剃ｽｿ逕ｨ縺励∪縺・[C:\Users\macar\TinnosukeGameLib\Assembly-CSharp.csproj]
C:\Users\macar\TinnosukeGameLib\Assets\GameLib\Script\Project\UI\Core\Elements\ScrollRect\UIScrollRectMB.cs(22,24): warning CS0649: 繝輔ぅ繝ｼ繝ｫ繝・'UIScrollRectMB._viewportRect' 縺ｯ蜑ｲ繧雁ｽ薙※繧峨ｌ縺ｾ縺帙ｓ縲ょｸｸ縺ｫ譌｢螳壼､ null 繧剃ｽｿ逕ｨ縺励∪縺・[C:\Users\macar\TinnosukeGameLib\Assembly-CSharp.csproj]
C:\Users\macar\TinnosukeGameLib\Assets\GameLib\Script\Common\Variables\Dynamic\Sources\TransformAnimationChannelDirectionSources.cs(71,14): warning CS0649: 繝輔ぅ繝ｼ繝ｫ繝・'TransformAnimationChannelDirection2Source.debugLogEnabled' 縺ｯ蜑ｲ繧雁ｽ薙※繧峨ｌ縺ｾ縺帙ｓ縲ょｸｸ縺ｫ譌｢螳壼､ false 繧剃ｽｿ逕ｨ縺励∪縺・[C:\Users\macar\TinnosukeGameLib\Assembly-CSharp.csproj]
C:\Users\macar\TinnosukeGameLib\Assets\GameLib\Script\Common\Variables\Dynamic\Sources\DataExistsBoolSource.cs(46,14): warning CS0649: 繝輔ぅ繝ｼ繝ｫ繝・'DataExistsBoolSource.searchIncludeGlobal' 縺ｯ蜑ｲ繧雁ｽ薙※繧峨ｌ縺ｾ縺帙ｓ縲ょｸｸ縺ｫ譌｢螳壼､ false 繧剃ｽｿ逕ｨ縺励∪縺・[C:\Users\macar\TinnosukeGameLib\Assembly-CSharp.csproj]
C:\Users\macar\TinnosukeGameLib\Assets\GameLib\Script\Common\Variables\Dynamic\Core\DynamicSources.cs(978,17): warning CS0649: 繝輔ぅ繝ｼ繝ｫ繝・'LiteralToVariableSource.vector4Value' 縺ｯ蜑ｲ繧雁ｽ薙※繧峨ｌ縺ｾ縺帙ｓ縲ょｸｸ縺ｫ譌｢螳壼､  繧剃ｽｿ逕ｨ縺励∪縺・[C:\Users\macar\TinnosukeGameLib\Assembly-CSharp.csproj]
C:\Users\macar\TinnosukeGameLib\Assets\GameLib\Script\Project\Scene\Runtime\RuntimeManager\RuntimeManagerMB.cs(42,37): warning CS0649: 繝輔ぅ繝ｼ繝ｫ繝・'RuntimeManagerMB.root' 縺ｯ蜑ｲ繧雁ｽ薙※繧峨ｌ縺ｾ縺帙ｓ縲ょｸｸ縺ｫ譌｢螳壼､ null 繧剃ｽｿ逕ｨ縺励∪縺・[C:\Users\macar\TinnosukeGameLib\Assembly-CSharp.csproj]
C:\Users\macar\TinnosukeGameLib\Assets\GameLib\Script\Common\Registry\FixedSORegistryMB.cs(24,39): warning CS0649: 繝輔ぅ繝ｼ繝ｫ繝・'FixedSORegistryMB._healthModifierRegistry' 縺ｯ蜑ｲ繧雁ｽ薙※繧峨ｌ縺ｾ縺帙ｓ縲ょｸｸ縺ｫ譌｢螳壼､ null 繧剃ｽｿ逕ｨ縺励∪縺・[C:\Users\macar\TinnosukeGameLib\Assembly-CSharp.csproj]
C:\Users\macar\TinnosukeGameLib\Assets\GameLib\Script\Project\Scene\Channels\GridObjectChannel\GridObjectChannelHubMB.cs(55,20): warning CS0649: 繝輔ぅ繝ｼ繝ｫ繝・'GridObjectChannelDefinition._listRoot' 縺ｯ蜑ｲ繧雁ｽ薙※繧峨ｌ縺ｾ縺帙ｓ縲ょｸｸ縺ｫ譌｢螳壼､ null 繧剃ｽｿ逕ｨ縺励∪縺・[C:\Users\macar\TinnosukeGameLib\Assembly-CSharp.csproj]
C:\Users\macar\TinnosukeGameLib\Assets\GameLib\Script\Common\Variables\Dynamic\Core\DynamicSources.cs(712,50): warning CS0649: 繝輔ぅ繝ｼ繝ｫ繝・'AssetStatusEffectGlobalUseCooldownSettingsSource.value' 縺ｯ蜑ｲ繧雁ｽ薙※繧峨ｌ縺ｾ縺帙ｓ縲ょｸｸ縺ｫ譌｢螳壼､ null 繧剃ｽｿ逕ｨ縺励∪縺・[C:\Users\macar\TinnosukeGameLib\Assembly-CSharp.csproj]
C:\Users\macar\TinnosukeGameLib\Assets\GameLib\Script\Common\Variables\Dynamic\Core\DynamicSources.cs(682,47): warning CS0649: 繝輔ぅ繝ｼ繝ｫ繝・'AssetStatusEffectGlobalLifetimeSettingsSource.value' 縺ｯ蜑ｲ繧雁ｽ薙※繧峨ｌ縺ｾ縺帙ｓ縲ょｸｸ縺ｫ譌｢螳壼､ null 繧剃ｽｿ逕ｨ縺励∪縺・[C:\Users\macar\TinnosukeGameLib\Assembly-CSharp.csproj]
C:\Users\macar\TinnosukeGameLib\Assets\GameLib\Script\Common\Variables\Binding\ExternalBoolBinding.cs(45,14): warning CS0649: 繝輔ぅ繝ｼ繝ｫ繝・'ExternalBoolBindingOptions._useBlackboardBinding' 縺ｯ蜑ｲ繧雁ｽ薙※繧峨ｌ縺ｾ縺帙ｓ縲ょｸｸ縺ｫ譌｢螳壼､ false 繧剃ｽｿ逕ｨ縺励∪縺・[C:\Users\macar\TinnosukeGameLib\Assembly-CSharp.csproj]
C:\Users\macar\TinnosukeGameLib\Assets\GameLib\Script\Project\Scene\RoomMap\SO\RoomMapProfileSO.cs(24,51): warning CS0649: 繝輔ぅ繝ｼ繝ｫ繝・'RoomMapProfileSO.definition' 縺ｯ蜑ｲ繧雁ｽ薙※繧峨ｌ縺ｾ縺帙ｓ縲ょｸｸ縺ｫ譌｢螳壼､ null 繧剃ｽｿ逕ｨ縺励∪縺・[C:\Users\macar\TinnosukeGameLib\Assembly-CSharp.csproj]
C:\Users\macar\TinnosukeGameLib\Assets\GameLib\Script\Common\FirePattern\Patterns\BaseFirePattern.cs(40,47): warning CS0649: 繝輔ぅ繝ｼ繝ｫ繝・'BaseFirePattern._identityData' 縺ｯ蜑ｲ繧雁ｽ薙※繧峨ｌ縺ｾ縺帙ｓ縲ょｸｸ縺ｫ譌｢螳壼､  繧剃ｽｿ逕ｨ縺励∪縺・[C:\Users\macar\TinnosukeGameLib\Assembly-CSharp.csproj]
C:\Users\macar\TinnosukeGameLib\Assets\GameLib\Script\Common\LTS\Lifecycle\MB\ScopeLifecycleMB.cs(66,32): warning CS0649: 繝輔ぅ繝ｼ繝ｫ繝・'ScopeLifecycleMB.despawnDelaySeconds' 縺ｯ蜑ｲ繧雁ｽ薙※繧峨ｌ縺ｾ縺帙ｓ縲ょｸｸ縺ｫ譌｢螳壼､ 0 繧剃ｽｿ逕ｨ縺励∪縺・[C:\Users\macar\TinnosukeGameLib\Assembly-CSharp.csproj]
C:\Users\macar\TinnosukeGameLib\Assets\GameLib\Script\Common\Movement\MoveToInputPoint\MB\MoveToInputPointController.cs(73,30): warning CS0649: 繝輔ぅ繝ｼ繝ｫ繝・'MoveToInputPointController.directionPriority' 縺ｯ蜑ｲ繧雁ｽ薙※繧峨ｌ縺ｾ縺帙ｓ縲ょｸｸ縺ｫ譌｢螳壼､ 0 繧剃ｽｿ逕ｨ縺励∪縺・[C:\Users\macar\TinnosukeGameLib\Assembly-CSharp.csproj]
C:\Users\macar\TinnosukeGameLib\Assets\GameLib\Script\Common\Variables\Binding\ExternalFloatBinding.cs(46,14): warning CS0649: 繝輔ぅ繝ｼ繝ｫ繝・'ExternalFloatBindingOptions._useBlackboardBinding' 縺ｯ蜑ｲ繧雁ｽ薙※繧峨ｌ縺ｾ縺帙ｓ縲ょｸｸ縺ｫ譌｢螳壼､ false 繧剃ｽｿ逕ｨ縺励∪縺・[C:\Users\macar\TinnosukeGameLib\Assembly-CSharp.csproj]
C:\Users\macar\TinnosukeGameLib\Assets\GameLib\Script\Project\Scene\Channels\GridObjectChannel\GridObjectChannelHubMB.cs(61,20): warning CS0649: 繝輔ぅ繝ｼ繝ｫ繝・'GridObjectChannelDefinition._layoutRectTransform' 縺ｯ蜑ｲ繧雁ｽ薙※繧峨ｌ縺ｾ縺帙ｓ縲ょｸｸ縺ｫ譌｢螳壼､ null 繧剃ｽｿ逕ｨ縺励∪縺・[C:\Users\macar\TinnosukeGameLib\Assembly-CSharp.csproj]
C:\Users\macar\TinnosukeGameLib\Assets\GameLib\Script\Project\Scene\SelectableRuntime\MB\UserMoveRotateRuntimeMB.cs(83,14): warning CS0649: 繝輔ぅ繝ｼ繝ｫ繝・'UserMoveRotateRuntimeMB._applyOverrideTargetTransform' 縺ｯ蜑ｲ繧雁ｽ薙※繧峨ｌ縺ｾ縺帙ｓ縲ょｸｸ縺ｫ譌｢螳壼､ false 繧剃ｽｿ逕ｨ縺励∪縺・[C:\Users\macar\TinnosukeGameLib\Assembly-CSharp.csproj]
C:\Users\macar\TinnosukeGameLib\Assets\GameLib\Script\Common\Variables\Dynamic\Core\DynamicSources.cs(1760,13): warning CS0649: 繝輔ぅ繝ｼ繝ｫ繝・'SelfGridBlackboardColumnCountSource.varIdFilter' 縺ｯ蜑ｲ繧雁ｽ薙※繧峨ｌ縺ｾ縺帙ｓ縲ょｸｸ縺ｫ譌｢螳壼､ 0 繧剃ｽｿ逕ｨ縺励∪縺・[C:\Users\macar\TinnosukeGameLib\Assembly-CSharp.csproj]
C:\Users\macar\TinnosukeGameLib\Assets\GameLib\Script\Common\Variables\Dynamic\Sources\TargetChannelTargetPositionSources.cs(43,21): warning CS0649: 繝輔ぅ繝ｼ繝ｫ繝・'TargetChannelTargetPosition2Source.filterActorSource' 縺ｯ蜑ｲ繧雁ｽ薙※繧峨ｌ縺ｾ縺帙ｓ縲ょｸｸ縺ｫ譌｢螳壼､  繧剃ｽｿ逕ｨ縺励∪縺・[C:\Users\macar\TinnosukeGameLib\Assembly-CSharp.csproj]
C:\Users\macar\TinnosukeGameLib\Assets\GameLib\Script\Project\Scene\SelectableRuntime\MB\SelectRuntimeManagerMB.cs(26,14): warning CS0649: 繝輔ぅ繝ｼ繝ｫ繝・'SelectRuntimeManagerMB._enableDebugLog' 縺ｯ蜑ｲ繧雁ｽ薙※繧峨ｌ縺ｾ縺帙ｓ縲ょｸｸ縺ｫ譌｢螳壼､ false 繧剃ｽｿ逕ｨ縺励∪縺・[C:\Users\macar\TinnosukeGameLib\Assembly-CSharp.csproj]
C:\Users\macar\TinnosukeGameLib\Assets\GameLib\Script\Common\StatusEffect\Definition\StatusEffectDefinitionTypes.cs(481,39): warning CS0649: 繝輔ぅ繝ｼ繝ｫ繝・'ConfigurableStatusEffectDefinitionData.countDefinition' 縺ｯ蜑ｲ繧雁ｽ薙※繧峨ｌ縺ｾ縺帙ｓ縲ょｸｸ縺ｫ譌｢螳壼､ null 繧剃ｽｿ逕ｨ縺励∪縺・[C:\Users\macar\TinnosukeGameLib\Assembly-CSharp.csproj]
C:\Users\macar\TinnosukeGameLib\Assets\GameLib\Script\Project\UI\TraitList\MB\UITraitListSystemMB.cs(80,21): warning CS0649: 繝輔ぅ繝ｼ繝ｫ繝・'UITraitListSystemMB._holderHubSource' 縺ｯ蜑ｲ繧雁ｽ薙※繧峨ｌ縺ｾ縺帙ｓ縲ょｸｸ縺ｫ譌｢螳壼､  繧剃ｽｿ逕ｨ縺励∪縺・[C:\Users\macar\TinnosukeGameLib\Assembly-CSharp.csproj]
C:\Users\macar\TinnosukeGameLib\Assets\GameLib\Script\Project\UI\TraitListChannel\MB\TraitListChannelHubMB.cs(25,14): warning CS0649: 繝輔ぅ繝ｼ繝ｫ繝・'TraitListChannelDefinition._autoBuild' 縺ｯ蜑ｲ繧雁ｽ薙※繧峨ｌ縺ｾ縺帙ｓ縲ょｸｸ縺ｫ譌｢螳壼､ false 繧剃ｽｿ逕ｨ縺励∪縺・[C:\Users\macar\TinnosukeGameLib\Assembly-CSharp.csproj]
C:\Users\macar\TinnosukeGameLib\Assets\GameLib\Script\Project\UI\Core\Spawner\UIElementRuntimeSpawnerMB.cs(17,37): warning CS0649: 繝輔ぅ繝ｼ繝ｫ繝・'UIElementRuntimeSpawnerMB.root' 縺ｯ蜑ｲ繧雁ｽ薙※繧峨ｌ縺ｾ縺帙ｓ縲ょｸｸ縺ｫ譌｢螳壼､ null 繧剃ｽｿ逕ｨ縺励∪縺・[C:\Users\macar\TinnosukeGameLib\Assembly-CSharp.csproj]
C:\Users\macar\TinnosukeGameLib\Assets\GameLib\Script\Common\Variables\Dynamic\Sources\TargetChannelDirectionSources.cs(120,21): warning CS0649: 繝輔ぅ繝ｼ繝ｫ繝・'TargetChannelDirectionFromActor3Source.targetFilterActorSource' 縺ｯ蜑ｲ繧雁ｽ薙※繧峨ｌ縺ｾ縺帙ｓ縲ょｸｸ縺ｫ譌｢螳壼､  繧剃ｽｿ逕ｨ縺励∪縺・[C:\Users\macar\TinnosukeGameLib\Assembly-CSharp.csproj]
C:\Users\macar\TinnosukeGameLib\Assets\GameLib\Script\Project\System\Inputs\MB\InputMB.cs(11,50): warning CS0649: 繝輔ぅ繝ｼ繝ｫ繝・'InputMB.defaultOption' 縺ｯ蜑ｲ繧雁ｽ薙※繧峨ｌ縺ｾ縺帙ｓ縲ょｸｸ縺ｫ譌｢螳壼､ null 繧剃ｽｿ逕ｨ縺励∪縺・[C:\Users\macar\TinnosukeGameLib\Assembly-CSharp.csproj]
C:\Users\macar\TinnosukeGameLib\Assets\GameLib\Script\Project\Scene\Chunk\Biome\ChunkBiomeTypes.cs(31,14): warning CS0649: 繝輔ぅ繝ｼ繝ｫ繝・'ChunkAxisSettings.axisInvertY' 縺ｯ蜑ｲ繧雁ｽ薙※繧峨ｌ縺ｾ縺帙ｓ縲ょｸｸ縺ｫ譌｢螳壼､ false 繧剃ｽｿ逕ｨ縺励∪縺・[C:\Users\macar\TinnosukeGameLib\Assembly-CSharp.csproj]
C:\Users\macar\TinnosukeGameLib\Assets\GameLib\Script\Common\Variables\Dynamic\Sources\TargetChannelDirectionSources.cs(19,21): warning CS0649: 繝輔ぅ繝ｼ繝ｫ繝・'TargetChannelDirectionFromActor2Source.actorSource' 縺ｯ蜑ｲ繧雁ｽ薙※繧峨ｌ縺ｾ縺帙ｓ縲ょｸｸ縺ｫ譌｢螳壼､  繧剃ｽｿ逕ｨ縺励∪縺・[C:\Users\macar\TinnosukeGameLib\Assembly-CSharp.csproj]
C:\Users\macar\TinnosukeGameLib\Assets\GameLib\Script\Common\Variables\Dynamic\Core\DynamicSources.cs(2034,21): warning CS0649: 繝輔ぅ繝ｼ繝ｫ繝・'OtherTableRowCountSource.targetActor' 縺ｯ蜑ｲ繧雁ｽ薙※繧峨ｌ縺ｾ縺帙ｓ縲ょｸｸ縺ｫ譌｢螳壼､  繧剃ｽｿ逕ｨ縺励∪縺・[C:\Users\macar\TinnosukeGameLib\Assembly-CSharp.csproj]
C:\Users\macar\TinnosukeGameLib\Assets\GameLib\Script\Project\Scene\Channels\GridObjectChannel\GridObjectChannelHubMB.cs(67,14): warning CS0649: 繝輔ぅ繝ｼ繝ｫ繝・'GridObjectChannelDefinition._enableDebugLog' 縺ｯ蜑ｲ繧雁ｽ薙※繧峨ｌ縺ｾ縺帙ｓ縲ょｸｸ縺ｫ譌｢螳壼､ false 繧剃ｽｿ逕ｨ縺励∪縺・[C:\Users\macar\TinnosukeGameLib\Assembly-CSharp.csproj]
C:\Users\macar\TinnosukeGameLib\Assets\GameLib\Script\Common\DI\Runtime\SpecializedRuntimeTemplatePresets.cs(60,14): warning CS0649: 繝輔ぅ繝ｼ繝ｫ繝・'ParticleRuntimeTemplatePreset.debugLogOnAcquire' 縺ｯ蜑ｲ繧雁ｽ薙※繧峨ｌ縺ｾ縺帙ｓ縲ょｸｸ縺ｫ譌｢螳壼､ false 繧剃ｽｿ逕ｨ縺励∪縺・[C:\Users\macar\TinnosukeGameLib\Assembly-CSharp.csproj]
C:\Users\macar\TinnosukeGameLib\Assets\GameLib\Script\Project\Scene\NoiseProducer\Definition\NoiseStageDefinition.cs(60,32): warning CS0649: 繝輔ぅ繝ｼ繝ｫ繝・'NoiseStageDefinition._rotation' 縺ｯ蜑ｲ繧雁ｽ薙※繧峨ｌ縺ｾ縺帙ｓ縲ょｸｸ縺ｫ譌｢螳壼､ 0 繧剃ｽｿ逕ｨ縺励∪縺・[C:\Users\macar\TinnosukeGameLib\Assembly-CSharp.csproj]
C:\Users\macar\TinnosukeGameLib\Assets\GameLib\Script\Common\Variables\Dynamic\Core\DynamicSources.cs(966,14): warning CS0649: 繝輔ぅ繝ｼ繝ｫ繝・'LiteralToVariableSource.boolValue' 縺ｯ蜑ｲ繧雁ｽ薙※繧峨ｌ縺ｾ縺帙ｓ縲ょｸｸ縺ｫ譌｢螳壼､ false 繧剃ｽｿ逕ｨ縺励∪縺・[C:\Users\macar\TinnosukeGameLib\Assembly-CSharp.csproj]
C:\Users\macar\TinnosukeGameLib\Assets\GameLib\Script\Common\Trait\SO\TraitDefinitionSO.cs(90,14): warning CS0649: 繝輔ぅ繝ｼ繝ｫ繝・'TraitDefinitionSO._runOnAddedCommands' 縺ｯ蜑ｲ繧雁ｽ薙※繧峨ｌ縺ｾ縺帙ｓ縲ょｸｸ縺ｫ譌｢螳壼､ false 繧剃ｽｿ逕ｨ縺励∪縺・[C:\Users\macar\TinnosukeGameLib\Assembly-CSharp.csproj]
C:\Users\macar\TinnosukeGameLib\Assets\GameLib\Script\Common\Variables\Dynamic\Sources\ActorWorldPositionSources.cs(47,21): warning CS0649: 繝輔ぅ繝ｼ繝ｫ繝・'ActorWorldPositionXSource.actorSource' 縺ｯ蜑ｲ繧雁ｽ薙※繧峨ｌ縺ｾ縺帙ｓ縲ょｸｸ縺ｫ譌｢螳壼､  繧剃ｽｿ逕ｨ縺励∪縺・[C:\Users\macar\TinnosukeGameLib\Assembly-CSharp.csproj]
C:\Users\macar\TinnosukeGameLib\Assets\GameLib\Script\Common\StatusEffect\Definition\StatusEffectDefinitionTypes.cs(462,14): warning CS0649: 繝輔ぅ繝ｼ繝ｫ繝・'ConfigurableStatusEffectDefinitionData.useUseCooldown' 縺ｯ蜑ｲ繧雁ｽ薙※繧峨ｌ縺ｾ縺帙ｓ縲ょｸｸ縺ｫ譌｢螳壼､ false 繧剃ｽｿ逕ｨ縺励∪縺・[C:\Users\macar\TinnosukeGameLib\Assembly-CSharp.csproj]
C:\Users\macar\TinnosukeGameLib\Assets\GameLib\Script\Common\Variables\Dynamic\Core\DynamicSources.cs(1988,13): warning CS0649: 繝輔ぅ繝ｼ繝ｫ繝・'SelfTableRowCountSource.tableVarId' 縺ｯ蜑ｲ繧雁ｽ薙※繧峨ｌ縺ｾ縺帙ｓ縲ょｸｸ縺ｫ譌｢螳壼､ 0 繧剃ｽｿ逕ｨ縺励∪縺・[C:\Users\macar\TinnosukeGameLib\Assembly-CSharp.csproj]
C:\Users\macar\TinnosukeGameLib\Assets\GameLib\Script\Common\Variables\Profile\Core\CustomProfileDefinition.cs(133,17): warning CS0649: 繝輔ぅ繝ｼ繝ｫ繝・'ProfileDynamicValue._vector2Value' 縺ｯ蜑ｲ繧雁ｽ薙※繧峨ｌ縺ｾ縺帙ｓ縲ょｸｸ縺ｫ譌｢螳壼､  繧剃ｽｿ逕ｨ縺励∪縺・[C:\Users\macar\TinnosukeGameLib\Assembly-CSharp.csproj]
C:\Users\macar\TinnosukeGameLib\Assets\GameLib\Script\Project\Scene\RoomMap\SO\RoomMapProfileSO.cs(16,43): warning CS0649: 繝輔ぅ繝ｼ繝ｫ繝・'RoomMapProfileSO.layout' 縺ｯ蜑ｲ繧雁ｽ薙※繧峨ｌ縺ｾ縺帙ｓ縲ょｸｸ縺ｫ譌｢螳壼､ null 繧剃ｽｿ逕ｨ縺励∪縺・[C:\Users\macar\TinnosukeGameLib\Assembly-CSharp.csproj]
C:\Users\macar\TinnosukeGameLib\Assets\GameLib\Script\Project\UI\TraitList\MB\UITraitListSystemMB.cs(74,14): warning CS0649: 繝輔ぅ繝ｼ繝ｫ繝・'UITraitListSystemMB._hideVisiblePlacedTraits' 縺ｯ蜑ｲ繧雁ｽ薙※繧峨ｌ縺ｾ縺帙ｓ縲ょｸｸ縺ｫ譌｢螳壼､ false 繧剃ｽｿ逕ｨ縺励∪縺・[C:\Users\macar\TinnosukeGameLib\Assembly-CSharp.csproj]
C:\Users\macar\TinnosukeGameLib\Assets\GameLib\Script\Common\Commands\VNext\Catalog\CommandCatalogSO.cs(258,30): warning CS0649: 繝輔ぅ繝ｼ繝ｫ繝・'CommandPayloadSchemaAsset.schemaId' 縺ｯ蜑ｲ繧雁ｽ薙※繧峨ｌ縺ｾ縺帙ｓ縲ょｸｸ縺ｫ譌｢螳壼､ 0 繧剃ｽｿ逕ｨ縺励∪縺・[C:\Users\macar\TinnosukeGameLib\Assembly-CSharp.csproj]
C:\Users\macar\TinnosukeGameLib\Assets\GameLib\Script\Common\AI\AIAgentMB.cs(25,26): warning CS0649: 繝輔ぅ繝ｼ繝ｫ繝・'AIAgentMB._profile' 縺ｯ蜑ｲ繧雁ｽ薙※繧峨ｌ縺ｾ縺帙ｓ縲ょｸｸ縺ｫ譌｢螳壼､ null 繧剃ｽｿ逕ｨ縺励∪縺・[C:\Users\macar\TinnosukeGameLib\Assembly-CSharp.csproj]
C:\Users\macar\TinnosukeGameLib\Assets\GameLib\Script\Common\DI\Runtime\SpecializedRuntimeTemplatePresets.cs(164,14): warning CS0649: 繝輔ぅ繝ｼ繝ｫ繝・'FirePatternRuntimeTemplatePreset.runOnAcquireCommands' 縺ｯ蜑ｲ繧雁ｽ薙※繧峨ｌ縺ｾ縺帙ｓ縲ょｸｸ縺ｫ譌｢螳壼､ false 繧剃ｽｿ逕ｨ縺励∪縺・[C:\Users\macar\TinnosukeGameLib\Assembly-CSharp.csproj]
C:\Users\macar\TinnosukeGameLib\Assets\GameLib\Script\Common\Variables\Profile\Core\CustomProfileDefinition.cs(207,21): warning CS0649: 繝輔ぅ繝ｼ繝ｫ繝・'ProfileDynamicValue._clamp' 縺ｯ蜑ｲ繧雁ｽ薙※繧峨ｌ縺ｾ縺帙ｓ縲ょｸｸ縺ｫ譌｢螳壼､  繧剃ｽｿ逕ｨ縺励∪縺・[C:\Users\macar\TinnosukeGameLib\Assembly-CSharp.csproj]
C:\Users\macar\TinnosukeGameLib\Assets\GameLib\Script\Common\Trait\SO\TraitDefinitionSO.cs(191,14): warning CS0649: 繝輔ぅ繝ｼ繝ｫ繝・'TraitDefinitionSO._applyCommonGridTable' 縺ｯ蜑ｲ繧雁ｽ薙※繧峨ｌ縺ｾ縺帙ｓ縲ょｸｸ縺ｫ譌｢螳壼､ false 繧剃ｽｿ逕ｨ縺励∪縺・[C:\Users\macar\TinnosukeGameLib\Assembly-CSharp.csproj]
C:\Users\macar\TinnosukeGameLib\Assets\GameLib\Script\Project\Scene\RoomMap\SO\RoomMapProfileSO.cs(32,47): warning CS0649: 繝輔ぅ繝ｼ繝ｫ繝・'RoomMapProfileSO.dynamicVisual' 縺ｯ蜑ｲ繧雁ｽ薙※繧峨ｌ縺ｾ縺帙ｓ縲ょｸｸ縺ｫ譌｢螳壼､ null 繧剃ｽｿ逕ｨ縺励∪縺・[C:\Users\macar\TinnosukeGameLib\Assembly-CSharp.csproj]
C:\Users\macar\TinnosukeGameLib\Assets\GameLib\Script\Project\StatusEffect\GameLogicScalarStatusEffectDefinitionData.cs(89,45): warning CS0649: 繝輔ぅ繝ｼ繝ｫ繝・'GameLogicScalarStatusEffectDefinitionData.useCooldownDefinition' 縺ｯ蜑ｲ繧雁ｽ薙※繧峨ｌ縺ｾ縺帙ｓ縲ょｸｸ縺ｫ譌｢螳壼､ null 繧剃ｽｿ逕ｨ縺励∪縺・[C:\Users\macar\TinnosukeGameLib\Assembly-CSharp.csproj]
C:\Users\macar\TinnosukeGameLib\Assets\GameLib\Script\Project\Scene\Chunk\MB\ChunkContentPlannerMB.cs(21,42): warning CS0649: 繝輔ぅ繝ｼ繝ｫ繝・'ChunkContentPlannerMB.ruleSet' 縺ｯ蜑ｲ繧雁ｽ薙※繧峨ｌ縺ｾ縺帙ｓ縲ょｸｸ縺ｫ譌｢螳壼､ null 繧剃ｽｿ逕ｨ縺励∪縺・[C:\Users\macar\TinnosukeGameLib\Assembly-CSharp.csproj]
C:\Users\macar\TinnosukeGameLib\Assets\GameLib\Script\Common\StatusEffect\MB\StatusEffectMB.cs(232,15): warning CS0649: 繝輔ぅ繝ｼ繝ｫ繝・'StatusEffectMB._debugIntensityE' 縺ｯ蜑ｲ繧雁ｽ薙※繧峨ｌ縺ｾ縺帙ｓ縲ょｸｸ縺ｫ譌｢螳壼､ 0 繧剃ｽｿ逕ｨ縺励∪縺・[C:\Users\macar\TinnosukeGameLib\Assembly-CSharp.csproj]
C:\Users\macar\TinnosukeGameLib\Assets\GameLib\Script\Project\Scene\SelectableRuntime\MB\UserMoveRotateRuntimeMB.cs(90,20): warning CS0649: 繝輔ぅ繝ｼ繝ｫ繝・'UserMoveRotateRuntimeMB._moveTargetTransform' 縺ｯ蜑ｲ繧雁ｽ薙※繧峨ｌ縺ｾ縺帙ｓ縲ょｸｸ縺ｫ譌｢螳壼､ null 繧剃ｽｿ逕ｨ縺励∪縺・[C:\Users\macar\TinnosukeGameLib\Assembly-CSharp.csproj]
C:\Users\macar\TinnosukeGameLib\Assets\GameLib\Script\Project\Scene\Chunk\MB\ChunkBiomeMB.cs(16,48): warning CS0649: 繝輔ぅ繝ｼ繝ｫ繝・'ChunkBiomeMB.settings' 縺ｯ蜑ｲ繧雁ｽ薙※繧峨ｌ縺ｾ縺帙ｓ縲ょｸｸ縺ｫ譌｢螳壼､ null 繧剃ｽｿ逕ｨ縺励∪縺・[C:\Users\macar\TinnosukeGameLib\Assembly-CSharp.csproj]
C:\Users\macar\TinnosukeGameLib\Assets\GameLib\Script\Common\Variables\Dynamic\Sources\TransformAnimationChannelPositionSources.cs(122,21): warning CS0649: 繝輔ぅ繝ｼ繝ｫ繝・'TransformAnimationChannelPosition3Source.actorSource' 縺ｯ蜑ｲ繧雁ｽ薙※繧峨ｌ縺ｾ縺帙ｓ縲ょｸｸ縺ｫ譌｢螳壼､  繧剃ｽｿ逕ｨ縺励∪縺・[C:\Users\macar\TinnosukeGameLib\Assembly-CSharp.csproj]
C:\Users\macar\TinnosukeGameLib\Assets\GameLib\Script\Common\Variables\Dynamic\Core\DynamicSources.cs(698,48): warning CS0649: 繝輔ぅ繝ｼ繝ｫ繝・'LiteralStatusEffectGlobalUseCooldownSettingsSource.value' 縺ｯ蜑ｲ繧雁ｽ薙※繧峨ｌ縺ｾ縺帙ｓ縲ょｸｸ縺ｫ譌｢螳壼､ null 繧剃ｽｿ逕ｨ縺励∪縺・[C:\Users\macar\TinnosukeGameLib\Assembly-CSharp.csproj]
C:\Users\macar\TinnosukeGameLib\Assets\Game\Scripts\Flow\GameStateMachineMB.cs(53,13): warning CS0649: 繝輔ぅ繝ｼ繝ｫ繝・'GameStateMachineMB._initialStateCommandDelayFramesOnAcquire' 縺ｯ蜑ｲ繧雁ｽ薙※繧峨ｌ縺ｾ縺帙ｓ縲ょｸｸ縺ｫ譌｢螳壼､ 0 繧剃ｽｿ逕ｨ縺励∪縺・[C:\Users\macar\TinnosukeGameLib\Assembly-CSharp.csproj]
C:\Users\macar\TinnosukeGameLib\Assets\GameLib\Script\Project\Scene\RoomMap\SO\RoomMapProfileSO.cs(45,34): warning CS0649: 繝輔ぅ繝ｼ繝ｫ繝・'RoomMapProfileSO.localCellOffset' 縺ｯ蜑ｲ繧雁ｽ薙※繧峨ｌ縺ｾ縺帙ｓ縲ょｸｸ縺ｫ譌｢螳壼､  繧剃ｽｿ逕ｨ縺励∪縺・[C:\Users\macar\TinnosukeGameLib\Assembly-CSharp.csproj]
C:\Users\macar\TinnosukeGameLib\Assets\GameLib\Script\Project\System\SceneFlow\MB\SceneFlowInstallerMB.cs(37,45): warning CS0649: 繝輔ぅ繝ｼ繝ｫ繝・'SceneFlowInstallerMB.loadingScenePrefab' 縺ｯ蜑ｲ繧雁ｽ薙※繧峨ｌ縺ｾ縺帙ｓ縲ょｸｸ縺ｫ譌｢螳壼､ null 繧剃ｽｿ逕ｨ縺励∪縺・[C:\Users\macar\TinnosukeGameLib\Assembly-CSharp.csproj]
C:\Users\macar\TinnosukeGameLib\Assets\GameLib\Script\Project\Scene\Channels\Parallax\ParallaxChannelTypes.cs(143,31): warning CS0649: 繝輔ぅ繝ｼ繝ｫ繝・'ParallaxChannelDef.debugLogEnabled' 縺ｯ蜑ｲ繧雁ｽ薙※繧峨ｌ縺ｾ縺帙ｓ縲ょｸｸ縺ｫ譌｢螳壼､ false 繧剃ｽｿ逕ｨ縺励∪縺・[C:\Users\macar\TinnosukeGameLib\Assembly-CSharp.csproj]
C:\Users\macar\TinnosukeGameLib\Assets\GameLib\Script\Common\Movement\MoveToInputPoint\MB\MoveToInputPointController.cs(63,31): warning CS0649: 繝輔ぅ繝ｼ繝ｫ繝・'MoveToInputPointController.outputDirection' 縺ｯ蜑ｲ繧雁ｽ薙※繧峨ｌ縺ｾ縺帙ｓ縲ょｸｸ縺ｫ譌｢螳壼､ false 繧剃ｽｿ逕ｨ縺励∪縺・[C:\Users\macar\TinnosukeGameLib\Assembly-CSharp.csproj]
C:\Users\macar\TinnosukeGameLib\Assets\GameLib\Script\Common\Variables\Dynamic\Core\DynamicSources.cs(1842,13): warning CS0649: 繝輔ぅ繝ｼ繝ｫ繝・'OtherGridBlackboardColumnCountSource.varIdFilter' 縺ｯ蜑ｲ繧雁ｽ薙※繧峨ｌ縺ｾ縺帙ｓ縲ょｸｸ縺ｫ譌｢螳壼､ 0 繧剃ｽｿ逕ｨ縺励∪縺・[C:\Users\macar\TinnosukeGameLib\Assembly-CSharp.csproj]
C:\Users\macar\TinnosukeGameLib\Assets\GameLib\Script\Project\UI\Core\Elements\Slider\ChannelHub\SliderChannelHubMB.cs(102,14): warning CS0649: 繝輔ぅ繝ｼ繝ｫ繝・'SliderChannelDefinition._enableBindingDebugLog' 縺ｯ蜑ｲ繧雁ｽ薙※繧峨ｌ縺ｾ縺帙ｓ縲ょｸｸ縺ｫ譌｢螳壼､ false 繧剃ｽｿ逕ｨ縺励∪縺・[C:\Users\macar\TinnosukeGameLib\Assembly-CSharp.csproj]
C:\Users\macar\TinnosukeGameLib\Assets\GameLib\Script\Common\Variables\Dynamic\Core\DynamicSources.cs(466,23): warning CS0649: 繝輔ぅ繝ｼ繝ｫ繝・'LiteralMotionPresetSource.value' 縺ｯ蜑ｲ繧雁ｽ薙※繧峨ｌ縺ｾ縺帙ｓ縲ょｸｸ縺ｫ譌｢螳壼､ null 繧剃ｽｿ逕ｨ縺励∪縺・[C:\Users\macar\TinnosukeGameLib\Assembly-CSharp.csproj]
C:\Users\macar\TinnosukeGameLib\Assets\GameLib\Script\Common\DI\Runtime\SpecializedRuntimeTemplatePresets.cs(33,14): warning CS0649: 繝輔ぅ繝ｼ繝ｫ繝・'ParticleRuntimeTemplatePreset.configureHoming' 縺ｯ蜑ｲ繧雁ｽ薙※繧峨ｌ縺ｾ縺帙ｓ縲ょｸｸ縺ｫ譌｢螳壼､ false 繧剃ｽｿ逕ｨ縺励∪縺・[C:\Users\macar\TinnosukeGameLib\Assembly-CSharp.csproj]
C:\Users\macar\TinnosukeGameLib\Assets\GameLib\Script\Project\UI\Core\Elements\Slider\UISlider\UISliderMB.cs(62,36): warning CS0649: 繝輔ぅ繝ｼ繝ｫ繝・'UISliderMB._scalarKey' 縺ｯ蜑ｲ繧雁ｽ薙※繧峨ｌ縺ｾ縺帙ｓ縲ょｸｸ縺ｫ譌｢螳壼､  繧剃ｽｿ逕ｨ縺励∪縺・[C:\Users\macar\TinnosukeGameLib\Assembly-CSharp.csproj]
C:\Users\macar\TinnosukeGameLib\Assets\GameLib\Script\Common\Audio\SimpleAudioCueSO.cs(78,14): warning CS0649: 繝輔ぅ繝ｼ繝ｫ繝・'SimpleAudioCueSO._applyTimeScaleToPlaybackSpeed' 縺ｯ蜑ｲ繧雁ｽ薙※繧峨ｌ縺ｾ縺帙ｓ縲ょｸｸ縺ｫ譌｢螳壼､ false 繧剃ｽｿ逕ｨ縺励∪縺・[C:\Users\macar\TinnosukeGameLib\Assembly-CSharp.csproj]
C:\Users\macar\TinnosukeGameLib\Assets\GameLib\Script\Common\Variables\Dynamic\Sources\GameStateMachineSources.cs(25,38): warning CS0649: 繝輔ぅ繝ｼ繝ｫ繝・'GameStateMachineCompareBoolSource.actorSource' 縺ｯ蜑ｲ繧雁ｽ薙※繧峨ｌ縺ｾ縺帙ｓ縲ょｸｸ縺ｫ譌｢螳壼､  繧剃ｽｿ逕ｨ縺励∪縺・[C:\Users\macar\TinnosukeGameLib\Assembly-CSharp.csproj]
C:\Users\macar\TinnosukeGameLib\Assets\GameLib\Script\Common\Variables\Dynamic\Core\DynamicSources.cs(87,17): warning CS0649: 繝輔ぅ繝ｼ繝ｫ繝・'LiteralSource.vector4Value' 縺ｯ蜑ｲ繧雁ｽ薙※繧峨ｌ縺ｾ縺帙ｓ縲ょｸｸ縺ｫ譌｢螳壼､  繧剃ｽｿ逕ｨ縺励∪縺・[C:\Users\macar\TinnosukeGameLib\Assembly-CSharp.csproj]
C:\Users\macar\TinnosukeGameLib\Assets\GameLib\Script\Common\EmitterSpawn\Patterns\BaseSpawnPattern.cs(41,38): warning CS0649: 繝輔ぅ繝ｼ繝ｫ繝・'BaseSpawnPattern._prefab' 縺ｯ蜑ｲ繧雁ｽ薙※繧峨ｌ縺ｾ縺帙ｓ縲ょｸｸ縺ｫ譌｢螳壼､ null 繧剃ｽｿ逕ｨ縺励∪縺・[C:\Users\macar\TinnosukeGameLib\Assembly-CSharp.csproj]
C:\Users\macar\TinnosukeGameLib\Assets\GameLib\Script\Project\Scene\SelectableRuntime\MB\UserMoveRotateRuntimeMB.cs(166,14): warning CS0649: 繝輔ぅ繝ｼ繝ｫ繝・'UserMoveRotateRuntimeMB._enableDebugLog' 縺ｯ蜑ｲ繧雁ｽ薙※繧峨ｌ縺ｾ縺帙ｓ縲ょｸｸ縺ｫ譌｢螳壼､ false 繧剃ｽｿ逕ｨ縺励∪縺・[C:\Users\macar\TinnosukeGameLib\Assembly-CSharp.csproj]
C:\Users\macar\TinnosukeGameLib\Assets\GameLib\Script\Common\Variables\Dynamic\Core\DynamicSources.cs(963,15): warning CS0649: 繝輔ぅ繝ｼ繝ｫ繝・'LiteralToVariableSource.floatValue' 縺ｯ蜑ｲ繧雁ｽ薙※繧峨ｌ縺ｾ縺帙ｓ縲ょｸｸ縺ｫ譌｢螳壼､ 0 繧剃ｽｿ逕ｨ縺励∪縺・[C:\Users\macar\TinnosukeGameLib\Assembly-CSharp.csproj]
C:\Users\macar\TinnosukeGameLib\Assets\GameLib\Script\Project\Scene\Channels\Parallax\ParallaxChannelTypes.cs(129,31): warning CS0649: 繝輔ぅ繝ｼ繝ｫ繝・'ParallaxChannelDef.allowUnsafeRigidbody2DWrite' 縺ｯ蜑ｲ繧雁ｽ薙※繧峨ｌ縺ｾ縺帙ｓ縲ょｸｸ縺ｫ譌｢螳壼､ false 繧剃ｽｿ逕ｨ縺励∪縺・[C:\Users\macar\TinnosukeGameLib\Assembly-CSharp.csproj]
C:\Users\macar\TinnosukeGameLib\Assets\GameLib\Script\Common\Commands\VNext\Catalog\CommandCatalogSO.cs(257,30): warning CS0649: 繝輔ぅ繝ｼ繝ｫ繝・'CommandPayloadSchemaAsset.commandId' 縺ｯ蜑ｲ繧雁ｽ薙※繧峨ｌ縺ｾ縺帙ｓ縲ょｸｸ縺ｫ譌｢螳壼､ 0 繧剃ｽｿ逕ｨ縺励∪縺・[C:\Users\macar\TinnosukeGameLib\Assembly-CSharp.csproj]
C:\Users\macar\TinnosukeGameLib\Assets\GameLib\Script\Common\Variables\Dynamic\Core\DynamicSources.cs(1109,13): warning CS0649: 繝輔ぅ繝ｼ繝ｫ繝・'LiteralToVarStoreSource.intValue' 縺ｯ蜑ｲ繧雁ｽ薙※繧峨ｌ縺ｾ縺帙ｓ縲ょｸｸ縺ｫ譌｢螳壼､ 0 繧剃ｽｿ逕ｨ縺励∪縺・[C:\Users\macar\TinnosukeGameLib\Assembly-CSharp.csproj]
C:\Users\macar\TinnosukeGameLib\Assets\GameLib\Script\Common\Variables\Dynamic\Core\DynamicSources.cs(2124,13): warning CS0649: 繝輔ぅ繝ｼ繝ｫ繝・'OtherTableColumnCountSource.tableVarId' 縺ｯ蜑ｲ繧雁ｽ薙※繧峨ｌ縺ｾ縺帙ｓ縲ょｸｸ縺ｫ譌｢螳壼､ 0 繧剃ｽｿ逕ｨ縺励∪縺・[C:\Users\macar\TinnosukeGameLib\Assembly-CSharp.csproj]
C:\Users\macar\TinnosukeGameLib\Assets\GameLib\Script\Common\StatusEffect\MB\StatusEffectMB.cs(229,15): warning CS0649: 繝輔ぅ繝ｼ繝ｫ繝・'StatusEffectMB._debugIntensityD' 縺ｯ蜑ｲ繧雁ｽ薙※繧峨ｌ縺ｾ縺帙ｓ縲ょｸｸ縺ｫ譌｢螳壼､ 0 繧剃ｽｿ逕ｨ縺励∪縺・[C:\Users\macar\TinnosukeGameLib\Assembly-CSharp.csproj]
C:\Users\macar\TinnosukeGameLib\Assets\GameLib\Script\Common\FPSDisplay.cs(87,27): warning CS0649: 繝輔ぅ繝ｼ繝ｫ繝・'FPSDisplay.enableAdaptiveRenderScale' 縺ｯ蜑ｲ繧雁ｽ薙※繧峨ｌ縺ｾ縺帙ｓ縲ょｸｸ縺ｫ譌｢螳壼､ false 繧剃ｽｿ逕ｨ縺励∪縺・[C:\Users\macar\TinnosukeGameLib\Assembly-CSharp.csproj]
C:\Users\macar\TinnosukeGameLib\Assets\GameLib\Script\Common\Variables\Dynamic\Core\DynamicSources.cs(304,39): warning CS0649: 繝輔ぅ繝ｼ繝ｫ繝・'AssetAnimationSpritePresetSource.value' 縺ｯ蜑ｲ繧雁ｽ薙※繧峨ｌ縺ｾ縺帙ｓ縲ょｸｸ縺ｫ譌｢螳壼､ null 繧剃ｽｿ逕ｨ縺励∪縺・[C:\Users\macar\TinnosukeGameLib\Assembly-CSharp.csproj]
C:\Users\macar\TinnosukeGameLib\Assets\GameLib\Script\Project\Scene\Channels\Movement\MB\MovementChannelHubMB.cs(13,52): warning CS0649: 繝輔ぅ繝ｼ繝ｫ繝・'MovementChannelHubMB._movementProfile' 縺ｯ蜑ｲ繧雁ｽ薙※繧峨ｌ縺ｾ縺帙ｓ縲ょｸｸ縺ｫ譌｢螳壼､ null 繧剃ｽｿ逕ｨ縺励∪縺・[C:\Users\macar\TinnosukeGameLib\Assembly-CSharp.csproj]
C:\Users\macar\TinnosukeGameLib\Assets\GameLib\Script\Project\UI\Core\Elements\Slider\UISlider\UISliderMB.cs(22,41): warning CS0649: 繝輔ぅ繝ｼ繝ｫ繝・'UISliderMB._hitTestRect' 縺ｯ蜑ｲ繧雁ｽ薙※繧峨ｌ縺ｾ縺帙ｓ縲ょｸｸ縺ｫ譌｢螳壼､ null 繧剃ｽｿ逕ｨ縺励∪縺・[C:\Users\macar\TinnosukeGameLib\Assembly-CSharp.csproj]
C:\Users\macar\TinnosukeGameLib\Assets\GameLib\Script\Common\Variables\Profile\Core\CustomProfileDefinition.cs(236,14): warning CS0649: 繝輔ぅ繝ｼ繝ｫ繝・'ProfileDynamicValue._blackboardSaveEnabled' 縺ｯ蜑ｲ繧雁ｽ薙※繧峨ｌ縺ｾ縺帙ｓ縲ょｸｸ縺ｫ譌｢螳壼､ false 繧剃ｽｿ逕ｨ縺励∪縺・[C:\Users\macar\TinnosukeGameLib\Assembly-CSharp.csproj]
C:\Users\macar\TinnosukeGameLib\Assets\GameLib\Script\Common\EmitterSpawn\Patterns\BaseSpawnPattern.cs(55,47): warning CS0649: 繝輔ぅ繝ｼ繝ｫ繝・'BaseSpawnPattern._lineDefinition' 縺ｯ蜑ｲ繧雁ｽ薙※繧峨ｌ縺ｾ縺帙ｓ縲ょｸｸ縺ｫ譌｢螳壼､ null 繧剃ｽｿ逕ｨ縺励∪縺・[C:\Users\macar\TinnosukeGameLib\Assembly-CSharp.csproj]
C:\Users\macar\TinnosukeGameLib\Assets\GameLib\Script\Common\Variables\Dynamic\Sources\TransformAnimationChannelDirectionSources.cs(269,15): warning CS0649: 繝輔ぅ繝ｼ繝ｫ繝・'TransformAnimationChannelAngleSource.fallback' 縺ｯ蜑ｲ繧雁ｽ薙※繧峨ｌ縺ｾ縺帙ｓ縲ょｸｸ縺ｫ譌｢螳壼､ 0 繧剃ｽｿ逕ｨ縺励∪縺・[C:\Users\macar\TinnosukeGameLib\Assembly-CSharp.csproj]
C:\Users\macar\TinnosukeGameLib\Assets\GameLib\Script\Common\Variables\Blackboard\MB\BlackboardMB.cs(33,34): warning CS0649: 繝輔ぅ繝ｼ繝ｫ繝・'BlackboardMB.LocalGridBlackboardInit.gridId' 縺ｯ蜑ｲ繧雁ｽ薙※繧峨ｌ縺ｾ縺帙ｓ縲ょｸｸ縺ｫ譌｢螳壼､ 0 繧剃ｽｿ逕ｨ縺励∪縺・[C:\Users\macar\TinnosukeGameLib\Assembly-CSharp.csproj]
C:\Users\macar\TinnosukeGameLib\Assets\GameLib\Script\Project\UI\TraitList\MB\UITraitListSystemMB.cs(51,31): warning CS0649: 繝輔ぅ繝ｼ繝ｫ繝・'UITraitListSystemMB._defaultProfile' 縺ｯ蜑ｲ繧雁ｽ薙※繧峨ｌ縺ｾ縺帙ｓ縲ょｸｸ縺ｫ譌｢螳壼､ null 繧剃ｽｿ逕ｨ縺励∪縺・[C:\Users\macar\TinnosukeGameLib\Assembly-CSharp.csproj]
C:\Users\macar\TinnosukeGameLib\Assets\GameLib\Script\Project\UI\Core\Tooltip\MB\TooltipSystemMB.cs(30,20): warning CS0649: 繝輔ぅ繝ｼ繝ｫ繝・'TooltipSystemMB.worldRoot' 縺ｯ蜑ｲ繧雁ｽ薙※繧峨ｌ縺ｾ縺帙ｓ縲ょｸｸ縺ｫ譌｢螳壼､ null 繧剃ｽｿ逕ｨ縺励∪縺・[C:\Users\macar\TinnosukeGameLib\Assembly-CSharp.csproj]
C:\Users\macar\TinnosukeGameLib\Assets\GameLib\Script\Common\Variables\Dynamic\Core\DynamicSources.cs(1497,13): warning CS0649: 繝輔ぅ繝ｼ繝ｫ繝・'OtherBlackboardSource.blackboardId' 縺ｯ蜑ｲ繧雁ｽ薙※繧峨ｌ縺ｾ縺帙ｓ縲ょｸｸ縺ｫ譌｢螳壼､ 0 繧剃ｽｿ逕ｨ縺励∪縺・[C:\Users\macar\TinnosukeGameLib\Assembly-CSharp.csproj]
C:\Users\macar\TinnosukeGameLib\Assets\GameLib\Script\Common\Variables\Dynamic\Sources\TargetChannelDirectionSources.cs(23,21): warning CS0649: 繝輔ぅ繝ｼ繝ｫ繝・'TargetChannelDirectionFromActor2Source.channelOwnerActorSource' 縺ｯ蜑ｲ繧雁ｽ薙※繧峨ｌ縺ｾ縺帙ｓ縲ょｸｸ縺ｫ譌｢螳壼､  繧剃ｽｿ逕ｨ縺励∪縺・[C:\Users\macar\TinnosukeGameLib\Assembly-CSharp.csproj]
C:\Users\macar\TinnosukeGameLib\Assets\GameLib\Script\Project\Scene\Channels\Parallax\ParallaxChannelTypes.cs(92,37): warning CS0649: 繝輔ぅ繝ｼ繝ｫ繝・'ParallaxChannelDef.directTarget' 縺ｯ蜑ｲ繧雁ｽ薙※繧峨ｌ縺ｾ縺帙ｓ縲ょｸｸ縺ｫ譌｢螳壼､ null 繧剃ｽｿ逕ｨ縺励∪縺・[C:\Users\macar\TinnosukeGameLib\Assembly-CSharp.csproj]
C:\Users\macar\TinnosukeGameLib\Assets\GameLib\Script\Project\Scene\Transform\ChannelHub\MB\TransformManagerMB.cs(46,13): warning CS0649: 繝輔ぅ繝ｼ繝ｫ繝・'TransformManagerEntrySettingsDefinition._priority' 縺ｯ蜑ｲ繧雁ｽ薙※繧峨ｌ縺ｾ縺帙ｓ縲ょｸｸ縺ｫ譌｢螳壼､ 0 繧剃ｽｿ逕ｨ縺励∪縺・[C:\Users\macar\TinnosukeGameLib\Assembly-CSharp.csproj]
C:\Users\macar\TinnosukeGameLib\Assets\GameLib\Script\Common\Health\Modifiers\SO\CustomHealthModifierSO.cs(91,14): warning CS0649: 繝輔ぅ繝ｼ繝ｫ繝・'CustomHealthModifierSO._enableTick' 縺ｯ蜑ｲ繧雁ｽ薙※繧峨ｌ縺ｾ縺帙ｓ縲ょｸｸ縺ｫ譌｢螳壼､ false 繧剃ｽｿ逕ｨ縺励∪縺・[C:\Users\macar\TinnosukeGameLib\Assembly-CSharp.csproj]
C:\Users\macar\TinnosukeGameLib\Assets\GameLib\Script\Project\Scene\Transform\ChannelHub\MB\TransformManagerMB.cs(68,15): warning CS0649: 繝輔ぅ繝ｼ繝ｫ繝・'TransformManagerEntrySettingsDefinition._durationSeconds' 縺ｯ蜑ｲ繧雁ｽ薙※繧峨ｌ縺ｾ縺帙ｓ縲ょｸｸ縺ｫ譌｢螳壼､ 0 繧剃ｽｿ逕ｨ縺励∪縺・[C:\Users\macar\TinnosukeGameLib\Assembly-CSharp.csproj]
C:\Users\macar\TinnosukeGameLib\Assets\GameLib\Script\Project\Scene\Channels\Parallax\ParallaxChannelTypes.cs(121,38): warning CS0649: 繝輔ぅ繝ｼ繝ｫ繝・'ParallaxChannelDef.cameraActorSource' 縺ｯ蜑ｲ繧雁ｽ薙※繧峨ｌ縺ｾ縺帙ｓ縲ょｸｸ縺ｫ譌｢螳壼､  繧剃ｽｿ逕ｨ縺励∪縺・[C:\Users\macar\TinnosukeGameLib\Assembly-CSharp.csproj]
C:\Users\macar\TinnosukeGameLib\Assets\GameLib\Script\Common\Health\Modifiers\SO\CustomHealthModifierSO.cs(64,14): warning CS0649: 繝輔ぅ繝ｼ繝ｫ繝・'CustomHealthModifierSO._enableHealModifier' 縺ｯ蜑ｲ繧雁ｽ薙※繧峨ｌ縺ｾ縺帙ｓ縲ょｸｸ縺ｫ譌｢螳壼､ false 繧剃ｽｿ逕ｨ縺励∪縺・[C:\Users\macar\TinnosukeGameLib\Assembly-CSharp.csproj]
C:\Users\macar\TinnosukeGameLib\Assets\GameLib\Script\Project\Scene\RoomMap\SO\RoomMapProfileSO.cs(55,34): warning CS0649: 繝輔ぅ繝ｼ繝ｫ繝・'RoomMapProfileSO.basePosition' 縺ｯ蜑ｲ繧雁ｽ薙※繧峨ｌ縺ｾ縺帙ｓ縲ょｸｸ縺ｫ譌｢螳壼､  繧剃ｽｿ逕ｨ縺励∪縺・[C:\Users\macar\TinnosukeGameLib\Assembly-CSharp.csproj]
C:\Users\macar\TinnosukeGameLib\Assets\GameLib\Script\Project\UI\Core\Elements\PointerTilt\PointerTiltSwipeMB.cs(29,20): warning CS0649: 繝輔ぅ繝ｼ繝ｫ繝・'PointerTiltSwipeMB._targetTransform' 縺ｯ蜑ｲ繧雁ｽ薙※繧峨ｌ縺ｾ縺帙ｓ縲ょｸｸ縺ｫ譌｢螳壼､ null 繧剃ｽｿ逕ｨ縺励∪縺・[C:\Users\macar\TinnosukeGameLib\Assembly-CSharp.csproj]
C:\Users\macar\TinnosukeGameLib\Assets\GameLib\Script\Common\Trait\SO\TraitDefinitionSO.cs(85,35): warning CS0649: 繝輔ぅ繝ｼ繝ｫ繝・'TraitDefinitionSO._traitListMovePreset' 縺ｯ蜑ｲ繧雁ｽ薙※繧峨ｌ縺ｾ縺帙ｓ縲ょｸｸ縺ｫ譌｢螳壼､ null 繧剃ｽｿ逕ｨ縺励∪縺・[C:\Users\macar\TinnosukeGameLib\Assembly-CSharp.csproj]
C:\Users\macar\TinnosukeGameLib\Assets\GameLib\Script\Common\Variables\Dynamic\Core\DynamicSources.cs(2077,13): warning CS0649: 繝輔ぅ繝ｼ繝ｫ繝・'SelfTableColumnCountSource.tableVarId' 縺ｯ蜑ｲ繧雁ｽ薙※繧峨ｌ縺ｾ縺帙ｓ縲ょｸｸ縺ｫ譌｢螳壼､ 0 繧剃ｽｿ逕ｨ縺励∪縺・[C:\Users\macar\TinnosukeGameLib\Assembly-CSharp.csproj]
C:\Users\macar\TinnosukeGameLib\Assets\GameLib\Script\Common\Variables\Binding\ExternalBoolBinding.cs(55,19): warning CS0649: 繝輔ぅ繝ｼ繝ｫ繝・'ExternalBoolBindingOptions._blackboardKey' 縺ｯ蜑ｲ繧雁ｽ薙※繧峨ｌ縺ｾ縺帙ｓ縲ょｸｸ縺ｫ譌｢螳壼､  繧剃ｽｿ逕ｨ縺励∪縺・[C:\Users\macar\TinnosukeGameLib\Assembly-CSharp.csproj]
C:\Users\macar\TinnosukeGameLib\Assets\GameLib\Script\Common\Variables\Dynamic\Sources\ActorDirectionDistanceSources.cs(72,21): warning CS0649: 繝輔ぅ繝ｼ繝ｫ繝・'ActorDirectionDistance3Source.actorA' 縺ｯ蜑ｲ繧雁ｽ薙※繧峨ｌ縺ｾ縺帙ｓ縲ょｸｸ縺ｫ譌｢螳壼､  繧剃ｽｿ逕ｨ縺励∪縺・[C:\Users\macar\TinnosukeGameLib\Assembly-CSharp.csproj]
C:\Users\macar\TinnosukeGameLib\Assets\GameLib\Script\Project\Scene\SelectableRuntime\MB\UserMoveRotateRuntimeMB.cs(131,19): warning CS0649: 繝輔ぅ繝ｼ繝ｫ繝・'UserMoveRotateRuntimeMB._blockLayerMask' 縺ｯ蜑ｲ繧雁ｽ薙※繧峨ｌ縺ｾ縺帙ｓ縲ょｸｸ縺ｫ譌｢螳壼､  繧剃ｽｿ逕ｨ縺励∪縺・[C:\Users\macar\TinnosukeGameLib\Assembly-CSharp.csproj]
C:\Users\macar\TinnosukeGameLib\Assets\GameLib\Script\Project\Scene\NoiseProducer\Definition\NoiseChannelDefinition.cs(42,32): warning CS0649: 繝輔ぅ繝ｼ繝ｫ繝・'NoiseChannelDefinition._loopSeconds' 縺ｯ蜑ｲ繧雁ｽ薙※繧峨ｌ縺ｾ縺帙ｓ縲ょｸｸ縺ｫ譌｢螳壼､ 0 繧剃ｽｿ逕ｨ縺励∪縺・[C:\Users\macar\TinnosukeGameLib\Assembly-CSharp.csproj]
C:\Users\macar\TinnosukeGameLib\Assets\GameLib\Script\Common\Variables\Dynamic\Sources\WeightedRandomListSources.cs(264,14): warning CS0649: 繝輔ぅ繝ｼ繝ｫ繝・'RandomMaterialFxSource.clearContextFirst' 縺ｯ蜑ｲ繧雁ｽ薙※繧峨ｌ縺ｾ縺帙ｓ縲ょｸｸ縺ｫ譌｢螳壼､ false 繧剃ｽｿ逕ｨ縺励∪縺・[C:\Users\macar\TinnosukeGameLib\Assembly-CSharp.csproj]
C:\Users\macar\TinnosukeGameLib\Assets\GameLib\Script\Project\Scene\Movement\Core\MovementScalarDatabaseSO.cs(13,27): warning CS0649: 繝輔ぅ繝ｼ繝ｫ繝・'MovementScalarDatabaseSO.profile' 縺ｯ蜑ｲ繧雁ｽ薙※繧峨ｌ縺ｾ縺帙ｓ縲ょｸｸ縺ｫ譌｢螳壼､ null 繧剃ｽｿ逕ｨ縺励∪縺・[C:\Users\macar\TinnosukeGameLib\Assembly-CSharp.csproj]
C:\Users\macar\TinnosukeGameLib\Assets\GameLib\Script\Common\LTS\Lifecycle\MB\ScopeLifecycleMB.cs(52,31): warning CS0649: 繝輔ぅ繝ｼ繝ｫ繝・'ScopeLifecycleMB.runSpawnOnEnd' 縺ｯ蜑ｲ繧雁ｽ薙※繧峨ｌ縺ｾ縺帙ｓ縲ょｸｸ縺ｫ譌｢螳壼､ false 繧剃ｽｿ逕ｨ縺励∪縺・[C:\Users\macar\TinnosukeGameLib\Assembly-CSharp.csproj]
C:\Users\macar\TinnosukeGameLib\Assets\GameLib\Script\Common\Variables\Dynamic\Core\DynamicSources.cs(1711,21): warning CS0649: 繝輔ぅ繝ｼ繝ｫ繝・'OtherGridBlackboardSource.targetActor' 縺ｯ蜑ｲ繧雁ｽ薙※繧峨ｌ縺ｾ縺帙ｓ縲ょｸｸ縺ｫ譌｢螳壼､  繧剃ｽｿ逕ｨ縺励∪縺・[C:\Users\macar\TinnosukeGameLib\Assembly-CSharp.csproj]
C:\Users\macar\TinnosukeGameLib\Assets\GameLib\Script\Common\Variables\Dynamic\Core\DynamicSources.cs(2241,21): warning CS0649: 繝輔ぅ繝ｼ繝ｫ繝・'OtherTableCellExistsSource.targetActor' 縺ｯ蜑ｲ繧雁ｽ薙※繧峨ｌ縺ｾ縺帙ｓ縲ょｸｸ縺ｫ譌｢螳壼､  繧剃ｽｿ逕ｨ縺励∪縺・[C:\Users\macar\TinnosukeGameLib\Assembly-CSharp.csproj]
C:\Users\macar\TinnosukeGameLib\Assets\GameLib\Script\Project\System\Map\MB\MapNodeSystemMB.cs(26,20): warning CS0649: 繝輔ぅ繝ｼ繝ｫ繝・'MapNodeSystemMB._defaultParentTransform' 縺ｯ蜑ｲ繧雁ｽ薙※繧峨ｌ縺ｾ縺帙ｓ縲ょｸｸ縺ｫ譌｢螳壼､ null 繧剃ｽｿ逕ｨ縺励∪縺・[C:\Users\macar\TinnosukeGameLib\Assembly-CSharp.csproj]
C:\Users\macar\TinnosukeGameLib\Assets\GameLib\Script\Common\Variables\Dynamic\Core\DynamicSources.cs(668,45): warning CS0649: 繝輔ぅ繝ｼ繝ｫ繝・'LiteralStatusEffectGlobalLifetimeSettingsSource.value' 縺ｯ蜑ｲ繧雁ｽ薙※繧峨ｌ縺ｾ縺帙ｓ縲ょｸｸ縺ｫ譌｢螳壼､ null 繧剃ｽｿ逕ｨ縺励∪縺・[C:\Users\macar\TinnosukeGameLib\Assembly-CSharp.csproj]
C:\Users\macar\TinnosukeGameLib\Assets\GameLib\Script\Project\UI\TraitListChannel\MB\TraitListChannelHubMB.cs(68,20): warning CS0649: 繝輔ぅ繝ｼ繝ｫ繝・'TraitListChannelDefinition._layoutRectTransform' 縺ｯ蜑ｲ繧雁ｽ薙※繧峨ｌ縺ｾ縺帙ｓ縲ょｸｸ縺ｫ譌｢螳壼､ null 繧剃ｽｿ逕ｨ縺励∪縺・[C:\Users\macar\TinnosukeGameLib\Assembly-CSharp.csproj]
C:\Users\macar\TinnosukeGameLib\Assets\GameLib\Script\Common\Variables\VarStore\Registry\VarKeyRegistry.cs(426,37): warning CS0649: 繝輔ぅ繝ｼ繝ｫ繝・'VarKeyRegistry.csvFile' 縺ｯ蜑ｲ繧雁ｽ薙※繧峨ｌ縺ｾ縺帙ｓ縲ょｸｸ縺ｫ譌｢螳壼､ null 繧剃ｽｿ逕ｨ縺励∪縺・[C:\Users\macar\TinnosukeGameLib\Assembly-CSharp.csproj]
C:\Users\macar\TinnosukeGameLib\Assets\GameLib\Script\Project\UI\Core\Elements\Slider\UISlider\UISliderMB.cs(55,31): warning CS0649: 繝輔ぅ繝ｼ繝ｫ繝・'UISliderMB._useScalarBinding' 縺ｯ蜑ｲ繧雁ｽ薙※繧峨ｌ縺ｾ縺帙ｓ縲ょｸｸ縺ｫ譌｢螳壼､ false 繧剃ｽｿ逕ｨ縺励∪縺・[C:\Users\macar\TinnosukeGameLib\Assembly-CSharp.csproj]
C:\Users\macar\TinnosukeGameLib\Assets\GameLib\Script\Project\Scene\RoomMap\SO\RoomMapTileDefinitionSO.cs(23,45): warning CS0649: 繝輔ぅ繝ｼ繝ｫ繝・'RoomMapTileSpawnDef.source' 縺ｯ蜑ｲ繧雁ｽ薙※繧峨ｌ縺ｾ縺帙ｓ縲ょｸｸ縺ｫ譌｢螳壼､  繧剃ｽｿ逕ｨ縺励∪縺・[C:\Users\macar\TinnosukeGameLib\Assembly-CSharp.csproj]
C:\Users\macar\TinnosukeGameLib\Assets\GameLib\Script\Project\Scene\RoomMap\SO\RoomMapProfileSO.cs(20,50): warning CS0649: 繝輔ぅ繝ｼ繝ｫ繝・'RoomMapProfileSO.dynamicLayout' 縺ｯ蜑ｲ繧雁ｽ薙※繧峨ｌ縺ｾ縺帙ｓ縲ょｸｸ縺ｫ譌｢螳壼､ null 繧剃ｽｿ逕ｨ縺励∪縺・[C:\Users\macar\TinnosukeGameLib\Assembly-CSharp.csproj]
C:\Users\macar\TinnosukeGameLib\Assets\GameLib\Script\Project\Scene\Channels\Light2D\Light2DChannelDef.cs(49,14): warning CS0649: 繝輔ぅ繝ｼ繝ｫ繝・'Light2DChannelDef._debugLog' 縺ｯ蜑ｲ繧雁ｽ薙※繧峨ｌ縺ｾ縺帙ｓ縲ょｸｸ縺ｫ譌｢螳壼､ false 繧剃ｽｿ逕ｨ縺励∪縺・[C:\Users\macar\TinnosukeGameLib\Assembly-CSharp.csproj]
C:\Users\macar\TinnosukeGameLib\Assets\GameLib\Script\Common\LTS\Lifecycle\MB\ScopeLifecycleMB.cs(56,32): warning CS0649: 繝輔ぅ繝ｼ繝ｫ繝・'ScopeLifecycleMB.spawnDelaySeconds' 縺ｯ蜑ｲ繧雁ｽ薙※繧峨ｌ縺ｾ縺帙ｓ縲ょｸｸ縺ｫ譌｢螳壼､ 0 繧剃ｽｿ逕ｨ縺励∪縺・[C:\Users\macar\TinnosukeGameLib\Assembly-CSharp.csproj]
C:\Users\macar\TinnosukeGameLib\Assets\GameLib\Script\Project\Scene\RoomMap\SO\RoomMapTileEnumDefinitionSO.cs(23,29): warning CS0649: 繝輔ぅ繝ｼ繝ｫ繝・'RoomMapTileEnumEntry.tags' 縺ｯ蜑ｲ繧雁ｽ薙※繧峨ｌ縺ｾ縺帙ｓ縲ょｸｸ縺ｫ譌｢螳壼､  繧剃ｽｿ逕ｨ縺励∪縺・[C:\Users\macar\TinnosukeGameLib\Assembly-CSharp.csproj]
C:\Users\macar\TinnosukeGameLib\Assets\GameLib\Script\Project\UI\TraitListChannel\MB\TraitListChannelHubMB.cs(62,20): warning CS0649: 繝輔ぅ繝ｼ繝ｫ繝・'TraitListChannelDefinition._listRoot' 縺ｯ蜑ｲ繧雁ｽ薙※繧峨ｌ縺ｾ縺帙ｓ縲ょｸｸ縺ｫ譌｢螳壼､ null 繧剃ｽｿ逕ｨ縺励∪縺・[C:\Users\macar\TinnosukeGameLib\Assembly-CSharp.csproj]
C:\Users\macar\TinnosukeGameLib\Assets\GameLib\Script\Project\Scene\Transform\ChannelHub\MB\TransformManagerMB.cs(142,15): warning CS0649: 繝輔ぅ繝ｼ繝ｫ繝・'TransformManagerRotateGlobalValue._angularVelocity' 縺ｯ蜑ｲ繧雁ｽ薙※繧峨ｌ縺ｾ縺帙ｓ縲ょｸｸ縺ｫ譌｢螳壼､ 0 繧剃ｽｿ逕ｨ縺励∪縺・[C:\Users\macar\TinnosukeGameLib\Assembly-CSharp.csproj]
C:\Users\macar\TinnosukeGameLib\Assets\GameLib\Script\Project\UI\Core\Tooltip\TooltipChannelHubMB.cs(101,14): warning CS0649: 繝輔ぅ繝ｼ繝ｫ繝・'TooltipChannelHubMB._enableDebugLog' 縺ｯ蜑ｲ繧雁ｽ薙※繧峨ｌ縺ｾ縺帙ｓ縲ょｸｸ縺ｫ譌｢螳壼､ false 繧剃ｽｿ逕ｨ縺励∪縺・[C:\Users\macar\TinnosukeGameLib\Assembly-CSharp.csproj]
C:\Users\macar\TinnosukeGameLib\Assets\GameLib\Script\Common\StatusEffect\MB\StatusEffectMB.cs(223,15): warning CS0649: 繝輔ぅ繝ｼ繝ｫ繝・'StatusEffectMB._debugIntensityB' 縺ｯ蜑ｲ繧雁ｽ薙※繧峨ｌ縺ｾ縺帙ｓ縲ょｸｸ縺ｫ譌｢螳壼､ 0 繧剃ｽｿ逕ｨ縺励∪縺・[C:\Users\macar\TinnosukeGameLib\Assembly-CSharp.csproj]
C:\Users\macar\TinnosukeGameLib\Assets\GameLib\Script\Common\Variables\Dynamic\Sources\GameStateMachineSources.cs(60,38): warning CS0649: 繝輔ぅ繝ｼ繝ｫ繝・'GameStateMachineStateIdIntSource.actorSource' 縺ｯ蜑ｲ繧雁ｽ薙※繧峨ｌ縺ｾ縺帙ｓ縲ょｸｸ縺ｫ譌｢螳壼､  繧剃ｽｿ逕ｨ縺励∪縺・[C:\Users\macar\TinnosukeGameLib\Assembly-CSharp.csproj]
C:\Users\macar\TinnosukeGameLib\Assets\GameLib\Script\Common\Variables\Dynamic\Core\DynamicSources.cs(1112,15): warning CS0649: 繝輔ぅ繝ｼ繝ｫ繝・'LiteralToVarStoreSource.floatValue' 縺ｯ蜑ｲ繧雁ｽ薙※繧峨ｌ縺ｾ縺帙ｓ縲ょｸｸ縺ｫ譌｢螳壼､ 0 繧剃ｽｿ逕ｨ縺励∪縺・[C:\Users\macar\TinnosukeGameLib\Assembly-CSharp.csproj]
C:\Users\macar\TinnosukeGameLib\Assets\GameLib\Script\Common\StatusEffect\MB\StatusEffectMB.cs(226,15): warning CS0649: 繝輔ぅ繝ｼ繝ｫ繝・'StatusEffectMB._debugIntensityC' 縺ｯ蜑ｲ繧雁ｽ薙※繧峨ｌ縺ｾ縺帙ｓ縲ょｸｸ縺ｫ譌｢螳壼､ 0 繧剃ｽｿ逕ｨ縺励∪縺・[C:\Users\macar\TinnosukeGameLib\Assembly-CSharp.csproj]
C:\Users\macar\TinnosukeGameLib\Assets\GameLib\Script\Project\Scene\Channels\Parallax\ParallaxChannelTypes.cs(97,38): warning CS0649: 繝輔ぅ繝ｼ繝ｫ繝・'ParallaxChannelDef.animationHubActorSource' 縺ｯ蜑ｲ繧雁ｽ薙※繧峨ｌ縺ｾ縺帙ｓ縲ょｸｸ縺ｫ譌｢螳壼､  繧剃ｽｿ逕ｨ縺励∪縺・[C:\Users\macar\TinnosukeGameLib\Assembly-CSharp.csproj]
C:\Users\macar\TinnosukeGameLib\Assets\GameLib\Script\Project\UI\Core\Spawner\UIElementSpawnerMB.cs(17,37): warning CS0649: 繝輔ぅ繝ｼ繝ｫ繝・'UIElementSpawnerMB.root' 縺ｯ蜑ｲ繧雁ｽ薙※繧峨ｌ縺ｾ縺帙ｓ縲ょｸｸ縺ｫ譌｢螳壼､ null 繧剃ｽｿ逕ｨ縺励∪縺・[C:\Users\macar\TinnosukeGameLib\Assembly-CSharp.csproj]
C:\Users\macar\TinnosukeGameLib\Assets\GameLib\Script\Common\Trait\SO\TraitDefinitionSO.cs(168,14): warning CS0649: 繝輔ぅ繝ｼ繝ｫ繝・'TraitDefinitionSO._runOnRuntimeHiddenCommands' 縺ｯ蜑ｲ繧雁ｽ薙※繧峨ｌ縺ｾ縺帙ｓ縲ょｸｸ縺ｫ譌｢螳壼､ false 繧剃ｽｿ逕ｨ縺励∪縺・[C:\Users\macar\TinnosukeGameLib\Assembly-CSharp.csproj]
C:\Users\macar\TinnosukeGameLib\Assets\GameLib\Script\Project\UI\Core\Toast\MB\ToastSystemMB.cs(70,31): warning CS0649: 繝輔ぅ繝ｼ繝ｫ繝・'ToastSystemMB.applyStackShiftToCloseMultiplier' 縺ｯ蜑ｲ繧雁ｽ薙※繧峨ｌ縺ｾ縺帙ｓ縲ょｸｸ縺ｫ譌｢螳壼､ false 繧剃ｽｿ逕ｨ縺励∪縺・[C:\Users\macar\TinnosukeGameLib\Assembly-CSharp.csproj]
C:\Users\macar\TinnosukeGameLib\Assets\GameLib\Script\Common\Variables\Dynamic\Core\DynamicSources.cs(2368,21): warning CS0649: 繝輔ぅ繝ｼ繝ｫ繝・'OtherTableCellSource.targetActor' 縺ｯ蜑ｲ繧雁ｽ薙※繧峨ｌ縺ｾ縺帙ｓ縲ょｸｸ縺ｫ譌｢螳壼､  繧剃ｽｿ逕ｨ縺励∪縺・[C:\Users\macar\TinnosukeGameLib\Assembly-CSharp.csproj]
C:\Users\macar\TinnosukeGameLib\Assets\GameLib\Script\Shader\Core\MaterialFx\MaterialFxMB.cs(25,41): warning CS0649: 繝輔ぅ繝ｼ繝ｫ繝・'MaterialFxMB.emptyAnimationData' 縺ｯ蜑ｲ繧雁ｽ薙※繧峨ｌ縺ｾ縺帙ｓ縲ょｸｸ縺ｫ譌｢螳壼､ null 繧剃ｽｿ逕ｨ縺励∪縺・[C:\Users\macar\TinnosukeGameLib\Assembly-CSharp.csproj]
C:\Users\macar\TinnosukeGameLib\Assets\GameLib\Script\Common\Variables\Dynamic\Core\DynamicSources.cs(786,40): warning CS0649: 繝輔ぅ繝ｼ繝ｫ繝・'LiteralParticleRuntimeTemplatePresetSource.value' 縺ｯ蜑ｲ繧雁ｽ薙※繧峨ｌ縺ｾ縺帙ｓ縲ょｸｸ縺ｫ譌｢螳壼､ null 繧剃ｽｿ逕ｨ縺励∪縺・[C:\Users\macar\TinnosukeGameLib\Assembly-CSharp.csproj]
C:\Users\macar\TinnosukeGameLib\Assets\GameLib\Script\Common\Variables\Dynamic\Sources\TargetChannelDirectionSources.cs(105,21): warning CS0649: 繝輔ぅ繝ｼ繝ｫ繝・'TargetChannelDirectionFromActor3Source.actorSource' 縺ｯ蜑ｲ繧雁ｽ薙※繧峨ｌ縺ｾ縺帙ｓ縲ょｸｸ縺ｫ譌｢螳壼､  繧剃ｽｿ逕ｨ縺励∪縺・[C:\Users\macar\TinnosukeGameLib\Assembly-CSharp.csproj]
C:\Users\macar\TinnosukeGameLib\Assets\GameLib\Script\Project\UI\Core\UINavigation\InputNavigate\UIInputNavigateObjectMB.cs(33,14): warning CS0649: 繝輔ぅ繝ｼ繝ｫ繝・'UIInputNavigateObjectMB._resendInputOnSelect' 縺ｯ蜑ｲ繧雁ｽ薙※繧峨ｌ縺ｾ縺帙ｓ縲ょｸｸ縺ｫ譌｢螳壼､ false 繧剃ｽｿ逕ｨ縺励∪縺・[C:\Users\macar\TinnosukeGameLib\Assembly-CSharp.csproj]
C:\Users\macar\TinnosukeGameLib\Assets\GameLib\Script\Common\Time\Timer\TimerHubTypes.cs(46,25): warning CS0649: 繝輔ぅ繝ｼ繝ｫ繝・'TimerOutputTarget.kind' 縺ｯ蜑ｲ繧雁ｽ薙※繧峨ｌ縺ｾ縺帙ｓ縲ょｸｸ縺ｫ譌｢螳壼､  繧剃ｽｿ逕ｨ縺励∪縺・[C:\Users\macar\TinnosukeGameLib\Assembly-CSharp.csproj]
C:\Users\macar\TinnosukeGameLib\Assets\GameLib\Script\Project\UI\TraitList\MB\UITraitListSystemMB.cs(56,20): warning CS0649: 繝輔ぅ繝ｼ繝ｫ繝・'UITraitListSystemMB._defaultParentTransform' 縺ｯ蜑ｲ繧雁ｽ薙※繧峨ｌ縺ｾ縺帙ｓ縲ょｸｸ縺ｫ譌｢螳壼､ null 繧剃ｽｿ逕ｨ縺励∪縺・[C:\Users\macar\TinnosukeGameLib\Assembly-CSharp.csproj]
C:\Users\macar\TinnosukeGameLib\Assets\GameLib\Script\Common\Health\Profile\HealthPreset.cs(58,14): warning CS0649: 繝輔ぅ繝ｼ繝ｫ繝・'HealthPreset.enableInvincibleOnDamaged' 縺ｯ蜑ｲ繧雁ｽ薙※繧峨ｌ縺ｾ縺帙ｓ縲ょｸｸ縺ｫ譌｢螳壼､ false 繧剃ｽｿ逕ｨ縺励∪縺・[C:\Users\macar\TinnosukeGameLib\Assembly-CSharp.csproj]
C:\Users\macar\TinnosukeGameLib\Assets\GameLib\Script\Common\Trait\SO\TraitDefinitionSO.cs(180,14): warning CS0649: 繝輔ぅ繝ｼ繝ｫ繝・'TraitDefinitionSO._applyCommonVars' 縺ｯ蜑ｲ繧雁ｽ薙※繧峨ｌ縺ｾ縺帙ｓ縲ょｸｸ縺ｫ譌｢螳壼､ false 繧剃ｽｿ逕ｨ縺励∪縺・[C:\Users\macar\TinnosukeGameLib\Assembly-CSharp.csproj]
C:\Users\macar\TinnosukeGameLib\Assets\GameLib\Script\Common\LTS\Lifecycle\MB\ScopeLifecycleMB.cs(62,31): warning CS0649: 繝輔ぅ繝ｼ繝ｫ繝・'ScopeLifecycleMB.runDespawnOnEnd' 縺ｯ蜑ｲ繧雁ｽ薙※繧峨ｌ縺ｾ縺帙ｓ縲ょｸｸ縺ｫ譌｢螳壼､ false 繧剃ｽｿ逕ｨ縺励∪縺・[C:\Users\macar\TinnosukeGameLib\Assembly-CSharp.csproj]
C:\Users\macar\TinnosukeGameLib\Assets\GameLib\Script\Common\Variables\Dynamic\Core\DynamicSources.cs(771,43): warning CS0649: 繝輔ぅ繝ｼ繝ｫ繝・'AssetRuntimeTemplatePresetSource.value' 縺ｯ蜑ｲ繧雁ｽ薙※繧峨ｌ縺ｾ縺帙ｓ縲ょｸｸ縺ｫ譌｢螳壼､ null 繧剃ｽｿ逕ｨ縺励∪縺・[C:\Users\macar\TinnosukeGameLib\Assembly-CSharp.csproj]
C:\Users\macar\TinnosukeGameLib\Assets\GameLib\Script\Project\System\Map\MB\MapNodePlayerMB.cs(27,27): warning CS0649: 繝輔ぅ繝ｼ繝ｫ繝・'MapNodePlayerMB._defaultProfile' 縺ｯ蜑ｲ繧雁ｽ薙※繧峨ｌ縺ｾ縺帙ｓ縲ょｸｸ縺ｫ譌｢螳壼､ null 繧剃ｽｿ逕ｨ縺励∪縺・[C:\Users\macar\TinnosukeGameLib\Assembly-CSharp.csproj]
C:\Users\macar\TinnosukeGameLib\Assets\GameLib\Script\Common\Variables\Dynamic\Core\DynamicSources.cs(1124,17): warning CS0649: 繝輔ぅ繝ｼ繝ｫ繝・'LiteralToVarStoreSource.vector3Value' 縺ｯ蜑ｲ繧雁ｽ薙※繧峨ｌ縺ｾ縺帙ｓ縲ょｸｸ縺ｫ譌｢螳壼､  繧剃ｽｿ逕ｨ縺励∪縺・[C:\Users\macar\TinnosukeGameLib\Assembly-CSharp.csproj]
C:\Users\macar\TinnosukeGameLib\Assets\GameLib\Script\Common\Commands\Def\ValueBinding.cs(21,38): warning CS0649: 繝輔ぅ繝ｼ繝ｫ繝・'FlexibleValue<T>.source' 縺ｯ蜑ｲ繧雁ｽ薙※繧峨ｌ縺ｾ縺帙ｓ縲ょｸｸ縺ｫ譌｢螳壼､  繧剃ｽｿ逕ｨ縺励∪縺・[C:\Users\macar\TinnosukeGameLib\Assembly-CSharp.csproj]
C:\Users\macar\TinnosukeGameLib\Assets\GameLib\Script\Common\Variables\Profile\Core\CustomProfileDefinition.cs(189,14): warning CS0649: 繝輔ぅ繝ｼ繝ｫ繝・'ProfileDynamicValue._useClampMod' 縺ｯ蜑ｲ繧雁ｽ薙※繧峨ｌ縺ｾ縺帙ｓ縲ょｸｸ縺ｫ譌｢螳壼､ false 繧剃ｽｿ逕ｨ縺励∪縺・[C:\Users\macar\TinnosukeGameLib\Assembly-CSharp.csproj]
C:\Users\macar\TinnosukeGameLib\Assets\GameLib\Script\Common\Variables\Dynamic\Core\DynamicSources.cs(827,50): warning CS0649: 繝輔ぅ繝ｼ繝ｫ繝・'AssetFirePatternRuntimeTemplatePresetSource.value' 縺ｯ蜑ｲ繧雁ｽ薙※繧峨ｌ縺ｾ縺帙ｓ縲ょｸｸ縺ｫ譌｢螳壼､ null 繧剃ｽｿ逕ｨ縺励∪縺・[C:\Users\macar\TinnosukeGameLib\Assembly-CSharp.csproj]
C:\Users\macar\TinnosukeGameLib\Assets\GameLib\Script\Common\Variables\Dynamic\Sources\TransformAnimationChannelPositionSources.cs(31,21): warning CS0649: 繝輔ぅ繝ｼ繝ｫ繝・'TransformAnimationChannelPosition2Source.actorSource' 縺ｯ蜑ｲ繧雁ｽ薙※繧峨ｌ縺ｾ縺帙ｓ縲ょｸｸ縺ｫ譌｢螳壼､  繧剃ｽｿ逕ｨ縺励∪縺・[C:\Users\macar\TinnosukeGameLib\Assembly-CSharp.csproj]
C:\Users\macar\TinnosukeGameLib\Assets\GameLib\Script\Common\Variables\Dynamic\Sources\TimerSources.cs(18,38): warning CS0649: 繝輔ぅ繝ｼ繝ｫ繝・'TimerValueSource.actorSource' 縺ｯ蜑ｲ繧雁ｽ薙※繧峨ｌ縺ｾ縺帙ｓ縲ょｸｸ縺ｫ譌｢螳壼､  繧剃ｽｿ逕ｨ縺励∪縺・[C:\Users\macar\TinnosukeGameLib\Assembly-CSharp.csproj]
C:\Users\macar\TinnosukeGameLib\Assets\GameLib\Script\Project\Scene\Channels\Transform\TransformChannelDef.cs(129,71): warning CS0649: 繝輔ぅ繝ｼ繝ｫ繝・'TransformChannelDef.rectTransform' 縺ｯ蜑ｲ繧雁ｽ薙※繧峨ｌ縺ｾ縺帙ｓ縲ょｸｸ縺ｫ譌｢螳壼､ null 繧剃ｽｿ逕ｨ縺励∪縺・[C:\Users\macar\TinnosukeGameLib\Assembly-CSharp.csproj]
C:\Users\macar\TinnosukeGameLib\Assets\GameLib\Script\Project\UI\Core\Dialog\MB\UIDialogChannelHubMB.cs(25,14): warning CS0649: 繝輔ぅ繝ｼ繝ｫ繝・'DialogueChannelHubMB._enableDebugLog' 縺ｯ蜑ｲ繧雁ｽ薙※繧峨ｌ縺ｾ縺帙ｓ縲ょｸｸ縺ｫ譌｢螳壼､ false 繧剃ｽｿ逕ｨ縺励∪縺・[C:\Users\macar\TinnosukeGameLib\Assembly-CSharp.csproj]
C:\Users\macar\TinnosukeGameLib\Assets\GameLib\Script\Common\Variables\Binding\ExternalFloatBinding.cs(43,19): warning CS0649: 繝輔ぅ繝ｼ繝ｫ繝・'ExternalFloatBindingOptions._scalarKey' 縺ｯ蜑ｲ繧雁ｽ薙※繧峨ｌ縺ｾ縺帙ｓ縲ょｸｸ縺ｫ譌｢螳壼､  繧剃ｽｿ逕ｨ縺励∪縺・[C:\Users\macar\TinnosukeGameLib\Assembly-CSharp.csproj]
C:\Users\macar\TinnosukeGameLib\Assets\GameLib\Script\Project\Scene\Transform\ChannelHub\MB\TransformManagerMB.cs(62,14): warning CS0649: 繝輔ぅ繝ｼ繝ｫ繝・'TransformManagerEntrySettingsDefinition._oneShot' 縺ｯ蜑ｲ繧雁ｽ薙※繧峨ｌ縺ｾ縺帙ｓ縲ょｸｸ縺ｫ譌｢螳壼､ false 繧剃ｽｿ逕ｨ縺励∪縺・[C:\Users\macar\TinnosukeGameLib\Assembly-CSharp.csproj]
C:\Users\macar\TinnosukeGameLib\Assets\GameLib\Script\Common\Commands\Def\ValueBinding.cs(24,28): warning CS0649: 繝輔ぅ繝ｼ繝ｫ繝・'FlexibleValue<T>.literal' 縺ｯ蜑ｲ繧雁ｽ薙※繧峨ｌ縺ｾ縺帙ｓ縲ょｸｸ縺ｫ譌｢螳壼､  繧剃ｽｿ逕ｨ縺励∪縺・[C:\Users\macar\TinnosukeGameLib\Assembly-CSharp.csproj]
C:\Users\macar\TinnosukeGameLib\Assets\GameLib\Script\Shader\Core\MaterialFx\MaterialFxMB.cs(20,56): warning CS0649: 繝輔ぅ繝ｼ繝ｫ繝・'MaterialFxMB.registrySO' 縺ｯ蜑ｲ繧雁ｽ薙※繧峨ｌ縺ｾ縺帙ｓ縲ょｸｸ縺ｫ譌｢螳壼､ null 繧剃ｽｿ逕ｨ縺励∪縺・[C:\Users\macar\TinnosukeGameLib\Assembly-CSharp.csproj]
C:\Users\macar\TinnosukeGameLib\Assets\GameLib\Script\Common\Trait\Placement\TraitPlacementTypes.cs(39,14): warning CS0649: 繝輔ぅ繝ｼ繝ｫ繝・'PlaceableTraitSettings._enabled' 縺ｯ蜑ｲ繧雁ｽ薙※繧峨ｌ縺ｾ縺帙ｓ縲ょｸｸ縺ｫ譌｢螳壼､ false 繧剃ｽｿ逕ｨ縺励∪縺・[C:\Users\macar\TinnosukeGameLib\Assembly-CSharp.csproj]
C:\Users\macar\TinnosukeGameLib\Assets\GameLib\Script\Common\Trait\SO\TraitDefinitionSO.cs(156,14): warning CS0649: 繝輔ぅ繝ｼ繝ｫ繝・'TraitDefinitionSO._runOnRuntimeVisibleCommands' 縺ｯ蜑ｲ繧雁ｽ薙※繧峨ｌ縺ｾ縺帙ｓ縲ょｸｸ縺ｫ譌｢螳壼､ false 繧剃ｽｿ逕ｨ縺励∪縺・[C:\Users\macar\TinnosukeGameLib\Assembly-CSharp.csproj]
C:\Users\macar\TinnosukeGameLib\Assets\GameLib\Script\Project\Scene\Chunk\Core\ChunkCoreTypes.cs(83,20): warning CS0649: 繝輔ぅ繝ｼ繝ｫ繝・'ChunkOriginSettings.chunkZeroCell' 縺ｯ蜑ｲ繧雁ｽ薙※繧峨ｌ縺ｾ縺帙ｓ縲ょｸｸ縺ｫ譌｢螳壼､  繧剃ｽｿ逕ｨ縺励∪縺・[C:\Users\macar\TinnosukeGameLib\Assembly-CSharp.csproj]
C:\Users\macar\TinnosukeGameLib\Assets\GameLib\Script\Common\Variables\Dynamic\Core\DynamicSources.cs(638,34): warning CS0649: 繝輔ぅ繝ｼ繝ｫ繝・'LiteralStatusEffectStackPresetSource.value' 縺ｯ蜑ｲ繧雁ｽ薙※繧峨ｌ縺ｾ縺帙ｓ縲ょｸｸ縺ｫ譌｢螳壼､ null 繧剃ｽｿ逕ｨ縺励∪縺・[C:\Users\macar\TinnosukeGameLib\Assembly-CSharp.csproj]
C:\Users\macar\TinnosukeGameLib\Assets\GameLib\Script\Project\Scene\Background\MB\BackgroundSystemMB.cs(40,34): warning CS0649: 繝輔ぅ繝ｼ繝ｫ繝・'BackgroundSystemMB.worldCamera' 縺ｯ蜑ｲ繧雁ｽ薙※繧峨ｌ縺ｾ縺帙ｓ縲ょｸｸ縺ｫ譌｢螳壼､ null 繧剃ｽｿ逕ｨ縺励∪縺・[C:\Users\macar\TinnosukeGameLib\Assembly-CSharp.csproj]
C:\Users\macar\TinnosukeGameLib\Assets\GameLib\Script\Common\Variables\Dynamic\Sources\StateMachineOptionSources.cs(26,38): warning CS0649: 繝輔ぅ繝ｼ繝ｫ繝・'StateMachineOptionIsSetBoolSource.actorSource' 縺ｯ蜑ｲ繧雁ｽ薙※繧峨ｌ縺ｾ縺帙ｓ縲ょｸｸ縺ｫ譌｢螳壼､  繧剃ｽｿ逕ｨ縺励∪縺・[C:\Users\macar\TinnosukeGameLib\Assembly-CSharp.csproj]
C:\Users\macar\TinnosukeGameLib\Assets\GameLib\Script\Common\Variables\Dynamic\Core\DynamicSources.cs(2356,13): warning CS0649: 繝輔ぅ繝ｼ繝ｫ繝・'OtherTableCellSource.varIdFilter' 縺ｯ蜑ｲ繧雁ｽ薙※繧峨ｌ縺ｾ縺帙ｓ縲ょｸｸ縺ｫ譌｢螳壼､ 0 繧剃ｽｿ逕ｨ縺励∪縺・[C:\Users\macar\TinnosukeGameLib\Assembly-CSharp.csproj]
C:\Users\macar\TinnosukeGameLib\Assets\GameLib\Script\Project\UI\Core\Elements\State\UIElementStateMB.cs(128,29): warning CS0649: 繝輔ぅ繝ｼ繝ｫ繝・'UIElementStateMB._navigationOverride' 縺ｯ蜑ｲ繧雁ｽ薙※繧峨ｌ縺ｾ縺帙ｓ縲ょｸｸ縺ｫ譌｢螳壼､ null 繧剃ｽｿ逕ｨ縺励∪縺・[C:\Users\macar\TinnosukeGameLib\Assembly-CSharp.csproj]
C:\Users\macar\TinnosukeGameLib\Assets\GameLib\Script\Collision\MB\BulkCollisionSystemMB.cs(24,45): warning CS0649: 繝輔ぅ繝ｼ繝ｫ繝・'BulkCollisionSystemMB._debugView' 縺ｯ蜑ｲ繧雁ｽ薙※繧峨ｌ縺ｾ縺帙ｓ縲ょｸｸ縺ｫ譌｢螳壼､ null 繧剃ｽｿ逕ｨ縺励∪縺・[C:\Users\macar\TinnosukeGameLib\Assembly-CSharp.csproj]
C:\Users\macar\TinnosukeGameLib\Assets\GameLib\Script\Common\DI\Runtime\SpecializedRuntimeTemplatePresets.cs(43,14): warning CS0649: 繝輔ぅ繝ｼ繝ｫ繝・'ParticleRuntimeTemplatePreset.configureAnimation' 縺ｯ蜑ｲ繧雁ｽ薙※繧峨ｌ縺ｾ縺帙ｓ縲ょｸｸ縺ｫ譌｢螳壼､ false 繧剃ｽｿ逕ｨ縺励∪縺・[C:\Users\macar\TinnosukeGameLib\Assembly-CSharp.csproj]
C:\Users\macar\TinnosukeGameLib\Assets\GameLib\Script\Project\Scene\Channels\GridObjectChannel\GridObjectChannelHubMB.cs(25,14): warning CS0649: 繝輔ぅ繝ｼ繝ｫ繝・'GridObjectChannelDefinition._autoBuild' 縺ｯ蜑ｲ繧雁ｽ薙※繧峨ｌ縺ｾ縺帙ｓ縲ょｸｸ縺ｫ譌｢螳壼､ false 繧剃ｽｿ逕ｨ縺励∪縺・[C:\Users\macar\TinnosukeGameLib\Assembly-CSharp.csproj]
C:\Users\macar\TinnosukeGameLib\Assets\GameLib\Script\Project\Scene\Chunk\Biome\ChunkBiomeDefinitionSO.cs(13,32): warning CS0649: 繝輔ぅ繝ｼ繝ｫ繝・'ChunkBiomeParamRange.min' 縺ｯ蜑ｲ繧雁ｽ薙※繧峨ｌ縺ｾ縺帙ｓ縲ょｸｸ縺ｫ譌｢螳壼､ 0 繧剃ｽｿ逕ｨ縺励∪縺・[C:\Users\macar\TinnosukeGameLib\Assembly-CSharp.csproj]
C:\Users\macar\TinnosukeGameLib\Assets\GameLib\Script\Project\Scene\Channels\SpriteAnimation\AnimationSpriteChannelDef.cs(24,48): warning CS0649: 繝輔ぅ繝ｼ繝ｫ繝・'AnimationSpriteChannelDef.spritePreset' 縺ｯ蜑ｲ繧雁ｽ薙※繧峨ｌ縺ｾ縺帙ｓ縲ょｸｸ縺ｫ譌｢螳壼､ null 繧剃ｽｿ逕ｨ縺励∪縺・[C:\Users\macar\TinnosukeGameLib\Assembly-CSharp.csproj]
C:\Users\macar\TinnosukeGameLib\Assets\GameLib\Script\Common\DI\Runtime\SpecializedRuntimeTemplatePresets.cs(53,14): warning CS0649: 繝輔ぅ繝ｼ繝ｫ繝・'ParticleRuntimeTemplatePreset.runOnAcquireCommands' 縺ｯ蜑ｲ繧雁ｽ薙※繧峨ｌ縺ｾ縺帙ｓ縲ょｸｸ縺ｫ譌｢螳壼､ false 繧剃ｽｿ逕ｨ縺励∪縺・[C:\Users\macar\TinnosukeGameLib\Assembly-CSharp.csproj]
C:\Users\macar\TinnosukeGameLib\Assets\GameLib\Script\Common\Variables\Profile\Core\CustomProfileDefinition.cs(175,14): warning CS0649: 繝輔ぅ繝ｼ繝ｫ繝・'ProfileDynamicValue._useRoundMod' 縺ｯ蜑ｲ繧雁ｽ薙※繧峨ｌ縺ｾ縺帙ｓ縲ょｸｸ縺ｫ譌｢螳壼､ false 繧剃ｽｿ逕ｨ縺励∪縺・[C:\Users\macar\TinnosukeGameLib\Assembly-CSharp.csproj]
C:\Users\macar\TinnosukeGameLib\Assets\GameLib\Script\Common\Variables\Dynamic\Sources\TargetChannelDirectionSources.cs(34,21): warning CS0649: 繝輔ぅ繝ｼ繝ｫ繝・'TargetChannelDirectionFromActor2Source.targetFilterActorSource' 縺ｯ蜑ｲ繧雁ｽ薙※繧峨ｌ縺ｾ縺帙ｓ縲ょｸｸ縺ｫ譌｢螳壼､  繧剃ｽｿ逕ｨ縺励∪縺・[C:\Users\macar\TinnosukeGameLib\Assembly-CSharp.csproj]
C:\Users\macar\TinnosukeGameLib\Assets\GameLib\Script\Common\Variables\Dynamic\Sources\VisualBoundsSources.cs(118,14): warning CS0649: 繝輔ぅ繝ｼ繝ｫ繝・'VisualBoundsValue3Source.rebuildBeforeRead' 縺ｯ蜑ｲ繧雁ｽ薙※繧峨ｌ縺ｾ縺帙ｓ縲ょｸｸ縺ｫ譌｢螳壼､ false 繧剃ｽｿ逕ｨ縺励∪縺・[C:\Users\macar\TinnosukeGameLib\Assembly-CSharp.csproj]
C:\Users\macar\TinnosukeGameLib\Assets\GameLib\Script\Common\Variables\Dynamic\Sources\TargetChannelDirectionSources.cs(109,21): warning CS0649: 繝輔ぅ繝ｼ繝ｫ繝・'TargetChannelDirectionFromActor3Source.channelOwnerActorSource' 縺ｯ蜑ｲ繧雁ｽ薙※繧峨ｌ縺ｾ縺帙ｓ縲ょｸｸ縺ｫ譌｢螳壼､  繧剃ｽｿ逕ｨ縺励∪縺・[C:\Users\macar\TinnosukeGameLib\Assembly-CSharp.csproj]
C:\Users\macar\TinnosukeGameLib\Assets\GameLib\Script\Common\Variables\Dynamic\Sources\RandomRangeSources.cs(172,14): warning CS0649: 繝輔ぅ繝ｼ繝ｫ繝・'RandomVector2RangeSource.useVarianceController' 縺ｯ蜑ｲ繧雁ｽ薙※繧峨ｌ縺ｾ縺帙ｓ縲ょｸｸ縺ｫ譌｢螳壼､ false 繧剃ｽｿ逕ｨ縺励∪縺・[C:\Users\macar\TinnosukeGameLib\Assembly-CSharp.csproj]
C:\Users\macar\TinnosukeGameLib\Assets\GameLib\Script\Project\UI\Core\Elements\PointerTilt\PointerTiltSwipeMB.cs(143,31): warning CS0649: 繝輔ぅ繝ｼ繝ｫ繝・'PointerTiltSwipeMB._worldPointerTarget' 縺ｯ蜑ｲ繧雁ｽ薙※繧峨ｌ縺ｾ縺帙ｓ縲ょｸｸ縺ｫ譌｢螳壼､ null 繧剃ｽｿ逕ｨ縺励∪縺・[C:\Users\macar\TinnosukeGameLib\Assembly-CSharp.csproj]
C:\Users\macar\TinnosukeGameLib\Assets\GameLib\Script\Common\Variables\Dynamic\Core\DynamicSources.cs(2293,13): warning CS0649: 繝輔ぅ繝ｼ繝ｫ繝・'SelfTableCellSource.varIdFilter' 縺ｯ蜑ｲ繧雁ｽ薙※繧峨ｌ縺ｾ縺帙ｓ縲ょｸｸ縺ｫ譌｢螳壼､ 0 繧剃ｽｿ逕ｨ縺励∪縺・[C:\Users\macar\TinnosukeGameLib\Assembly-CSharp.csproj]
C:\Users\macar\TinnosukeGameLib\Assets\GameLib\Script\Project\Scene\RoomMap\SO\RoomMapTileDefinitionSO.cs(38,31): warning CS0649: 繝輔ぅ繝ｼ繝ｫ繝・'RoomMapTileSpawnDef.allowPooling' 縺ｯ蜑ｲ繧雁ｽ薙※繧峨ｌ縺ｾ縺帙ｓ縲ょｸｸ縺ｫ譌｢螳壼､ false 繧剃ｽｿ逕ｨ縺励∪縺・[C:\Users\macar\TinnosukeGameLib\Assembly-CSharp.csproj]
C:\Users\macar\TinnosukeGameLib\Assets\GameLib\Script\Project\StatusEffect\GameLogicScalarStatusEffectDefinitionData.cs(96,14): warning CS0649: 繝輔ぅ繝ｼ繝ｫ繝・'GameLogicScalarStatusEffectDefinitionData.useCount' 縺ｯ蜑ｲ繧雁ｽ薙※繧峨ｌ縺ｾ縺帙ｓ縲ょｸｸ縺ｫ譌｢螳壼､ false 繧剃ｽｿ逕ｨ縺励∪縺・[C:\Users\macar\TinnosukeGameLib\Assembly-CSharp.csproj]
C:\Users\macar\TinnosukeGameLib\Assets\GameLib\Script\Common\Time\Timer\TimerHubTypes.cs(58,13): warning CS0649: 繝輔ぅ繝ｼ繝ｫ繝・'TimerOutputTarget.blackboardVarId' 縺ｯ蜑ｲ繧雁ｽ薙※繧峨ｌ縺ｾ縺帙ｓ縲ょｸｸ縺ｫ譌｢螳壼､ 0 繧剃ｽｿ逕ｨ縺励∪縺・[C:\Users\macar\TinnosukeGameLib\Assembly-CSharp.csproj]
C:\Users\macar\TinnosukeGameLib\Assets\GameLib\Script\Project\Scene\NoiseProducer\Definition\NoiseParameterDefinition.cs(13,32): warning CS0649: 繝輔ぅ繝ｼ繝ｫ繝・'NoiseParameterDefinition._defaultFloat' 縺ｯ蜑ｲ繧雁ｽ薙※繧峨ｌ縺ｾ縺帙ｓ縲ょｸｸ縺ｫ譌｢螳壼､ 0 繧剃ｽｿ逕ｨ縺励∪縺・[C:\Users\macar\TinnosukeGameLib\Assembly-CSharp.csproj]
C:\Users\macar\TinnosukeGameLib\Assets\GameLib\Script\Project\UI\Core\Elements\Slider\UISlider\UISliderMB.cs(41,34): warning CS0649: 繝輔ぅ繝ｼ繝ｫ繝・'UISliderMB._uiCamera' 縺ｯ蜑ｲ繧雁ｽ薙※繧峨ｌ縺ｾ縺帙ｓ縲ょｸｸ縺ｫ譌｢螳壼､ null 繧剃ｽｿ逕ｨ縺励∪縺・[C:\Users\macar\TinnosukeGameLib\Assembly-CSharp.csproj]
C:\Users\macar\TinnosukeGameLib\Assets\GameLib\Script\Common\Variables\Dynamic\Core\DynamicSources.cs(1699,13): warning CS0649: 繝輔ぅ繝ｼ繝ｫ繝・'OtherGridBlackboardSource.varIdFilter' 縺ｯ蜑ｲ繧雁ｽ薙※繧峨ｌ縺ｾ縺帙ｓ縲ょｸｸ縺ｫ譌｢螳壼､ 0 繧剃ｽｿ逕ｨ縺励∪縺・[C:\Users\macar\TinnosukeGameLib\Assembly-CSharp.csproj]
C:\Users\macar\TinnosukeGameLib\Assets\GameLib\Script\Common\Health\Modifiers\SO\CustomHealthModifierSO.cs(124,31): warning CS0649: 繝輔ぅ繝ｼ繝ｫ繝・'CustomHealthModifierSO._onTickCommands' 縺ｯ蜑ｲ繧雁ｽ薙※繧峨ｌ縺ｾ縺帙ｓ縲ょｸｸ縺ｫ譌｢螳壼､ null 繧剃ｽｿ逕ｨ縺励∪縺・[C:\Users\macar\TinnosukeGameLib\Assembly-CSharp.csproj]
C:\Users\macar\TinnosukeGameLib\Assets\GameLib\Script\Common\Variables\Dynamic\Sources\ActorDirectionDistanceSources.cs(26,21): warning CS0649: 繝輔ぅ繝ｼ繝ｫ繝・'ActorDirectionDistance2Source.actorB' 縺ｯ蜑ｲ繧雁ｽ薙※繧峨ｌ縺ｾ縺帙ｓ縲ょｸｸ縺ｫ譌｢螳壼､  繧剃ｽｿ逕ｨ縺励∪縺・[C:\Users\macar\TinnosukeGameLib\Assembly-CSharp.csproj]
C:\Users\macar\TinnosukeGameLib\Assets\GameLib\Script\Common\Variables\Dynamic\Core\DynamicSources.cs(972,17): warning CS0649: 繝輔ぅ繝ｼ繝ｫ繝・'LiteralToVariableSource.vector2Value' 縺ｯ蜑ｲ繧雁ｽ薙※繧峨ｌ縺ｾ縺帙ｓ縲ょｸｸ縺ｫ譌｢螳壼､  繧剃ｽｿ逕ｨ縺励∪縺・[C:\Users\macar\TinnosukeGameLib\Assembly-CSharp.csproj]
C:\Users\macar\TinnosukeGameLib\Assets\GameLib\Script\Project\UI\TraitList\MB\UITraitListSystemMB.cs(62,24): warning CS0649: 繝輔ぅ繝ｼ繝ｫ繝・'UITraitListSystemMB._layoutRectTransform' 縺ｯ蜑ｲ繧雁ｽ薙※繧峨ｌ縺ｾ縺帙ｓ縲ょｸｸ縺ｫ譌｢螳壼､ null 繧剃ｽｿ逕ｨ縺励∪縺・[C:\Users\macar\TinnosukeGameLib\Assembly-CSharp.csproj]
C:\Users\macar\TinnosukeGameLib\Assets\GameLib\Script\Common\DI\Runtime\SpecializedRuntimeTemplatePresets.cs(36,14): warning CS0649: 繝輔ぅ繝ｼ繝ｫ繝・'ParticleRuntimeTemplatePreset.homingEnabled' 縺ｯ蜑ｲ繧雁ｽ薙※繧峨ｌ縺ｾ縺帙ｓ縲ょｸｸ縺ｫ譌｢螳壼､ false 繧剃ｽｿ逕ｨ縺励∪縺・[C:\Users\macar\TinnosukeGameLib\Assembly-CSharp.csproj]
C:\Users\macar\TinnosukeGameLib\Assets\GameLib\Script\Project\Scene\RoomMap\SO\RoomMapTileDefinitionSO.cs(26,38): warning CS0649: 繝輔ぅ繝ｼ繝ｫ繝・'RoomMapTileSpawnDef.prefab' 縺ｯ蜑ｲ繧雁ｽ薙※繧峨ｌ縺ｾ縺帙ｓ縲ょｸｸ縺ｫ譌｢螳壼､ null 繧剃ｽｿ逕ｨ縺励∪縺・[C:\Users\macar\TinnosukeGameLib\Assembly-CSharp.csproj]
C:\Users\macar\TinnosukeGameLib\Assets\GameLib\Script\Project\Scene\Chunk\Biome\ChunkBiomeTypes.cs(33,14): warning CS0649: 繝輔ぅ繝ｼ繝ｫ繝・'ChunkAxisSettings.normalize01' 縺ｯ蜑ｲ繧雁ｽ薙※繧峨ｌ縺ｾ縺帙ｓ縲ょｸｸ縺ｫ譌｢螳壼､ false 繧剃ｽｿ逕ｨ縺励∪縺・[C:\Users\macar\TinnosukeGameLib\Assembly-CSharp.csproj]
C:\Users\macar\TinnosukeGameLib\Assets\GameLib\Script\Project\UI\Core\VisualBounds\MB\VisualBoundsMB.cs(122,34): warning CS0649: 繝輔ぅ繝ｼ繝ｫ繝・'VisualBoundsMB.debugCamera' 縺ｯ蜑ｲ繧雁ｽ薙※繧峨ｌ縺ｾ縺帙ｓ縲ょｸｸ縺ｫ譌｢螳壼､ null 繧剃ｽｿ逕ｨ縺励∪縺・[C:\Users\macar\TinnosukeGameLib\Assembly-CSharp.csproj]
C:\Users\macar\TinnosukeGameLib\Assets\GameLib\Script\Collision\Unity\UnityCollisionSystemMB.cs(20,46): warning CS0649: 繝輔ぅ繝ｼ繝ｫ繝・'UnityCollisionSystemMB._debugView' 縺ｯ蜑ｲ繧雁ｽ薙※繧峨ｌ縺ｾ縺帙ｓ縲ょｸｸ縺ｫ譌｢螳壼､ null 繧剃ｽｿ逕ｨ縺励∪縺・[C:\Users\macar\TinnosukeGameLib\Assembly-CSharp.csproj]
C:\Users\macar\TinnosukeGameLib\Assets\GameLib\Script\Project\Scene\Chunk\Core\ChunkCoreTypes.cs(75,20): warning CS0649: 繝輔ぅ繝ｼ繝ｫ繝・'ChunkOriginSettings.worldOriginCell' 縺ｯ蜑ｲ繧雁ｽ薙※繧峨ｌ縺ｾ縺帙ｓ縲ょｸｸ縺ｫ譌｢螳壼､  繧剃ｽｿ逕ｨ縺励∪縺・[C:\Users\macar\TinnosukeGameLib\Assembly-CSharp.csproj]
C:\Users\macar\TinnosukeGameLib\Assets\GameLib\Script\Common\Movement\MoveToInputPoint\MB\MoveToInputPointController.cs(25,31): warning CS0649: 繝輔ぅ繝ｼ繝ｫ繝・'MoveToInputPointController.useSpeedMonitor' 縺ｯ蜑ｲ繧雁ｽ薙※繧峨ｌ縺ｾ縺帙ｓ縲ょｸｸ縺ｫ譌｢螳壼､ false 繧剃ｽｿ逕ｨ縺励∪縺・[C:\Users\macar\TinnosukeGameLib\Assembly-CSharp.csproj]
C:\Users\macar\TinnosukeGameLib\Assets\GameLib\Script\Common\Variables\Dynamic\Sources\ActorDistanceBoolSource.cs(29,21): warning CS0649: 繝輔ぅ繝ｼ繝ｫ繝・'ActorDistanceCompareBoolSource.actorB' 縺ｯ蜑ｲ繧雁ｽ薙※繧峨ｌ縺ｾ縺帙ｓ縲ょｸｸ縺ｫ譌｢螳壼､  繧剃ｽｿ逕ｨ縺励∪縺・[C:\Users\macar\TinnosukeGameLib\Assembly-CSharp.csproj]
C:\Users\macar\TinnosukeGameLib\Assets\GameLib\Script\Common\Variables\Dynamic\Core\DynamicSources.cs(758,36): warning CS0649: 繝輔ぅ繝ｼ繝ｫ繝・'LiteralRuntimeTemplatePresetSource.value' 縺ｯ蜑ｲ繧雁ｽ薙※繧峨ｌ縺ｾ縺帙ｓ縲ょｸｸ縺ｫ譌｢螳壼､ null 繧剃ｽｿ逕ｨ縺励∪縺・[C:\Users\macar\TinnosukeGameLib\Assembly-CSharp.csproj]
C:\Users\macar\TinnosukeGameLib\Assets\GameLib\Script\Project\Scene\Background\Core\BackgroundTypes.cs(39,28): warning CS0649: 繝輔ぅ繝ｼ繝ｫ繝・'BackgroundConditionalCommand.condition' 縺ｯ蜑ｲ繧雁ｽ薙※繧峨ｌ縺ｾ縺帙ｓ縲ょｸｸ縺ｫ譌｢螳壼､  繧剃ｽｿ逕ｨ縺励∪縺・[C:\Users\macar\TinnosukeGameLib\Assembly-CSharp.csproj]
C:\Users\macar\TinnosukeGameLib\Assets\GameLib\Script\Common\Variables\Dynamic\Sources\VisualBoundsSources.cs(115,15): warning CS0649: 繝輔ぅ繝ｼ繝ｫ繝・'VisualBoundsValue3Source.localZ' 縺ｯ蜑ｲ繧雁ｽ薙※繧峨ｌ縺ｾ縺帙ｓ縲ょｸｸ縺ｫ譌｢螳壼､ 0 繧剃ｽｿ逕ｨ縺励∪縺・[C:\Users\macar\TinnosukeGameLib\Assembly-CSharp.csproj]
C:\Users\macar\TinnosukeGameLib\Assets\GameLib\Script\Project\StatusEffect\GameLogicScalarStatusEffectDefinitionData.cs(83,14): warning CS0649: 繝輔ぅ繝ｼ繝ｫ繝・'GameLogicScalarStatusEffectDefinitionData.useUseCooldown' 縺ｯ蜑ｲ繧雁ｽ薙※繧峨ｌ縺ｾ縺帙ｓ縲ょｸｸ縺ｫ譌｢螳壼､ false 繧剃ｽｿ逕ｨ縺励∪縺・[C:\Users\macar\TinnosukeGameLib\Assembly-CSharp.csproj]
C:\Users\macar\TinnosukeGameLib\Assets\GameLib\Script\Common\Time\Timer\TimerHubTypes.cs(54,31): warning CS0649: 繝輔ぅ繝ｼ繝ｫ繝・'TimerOutputTarget.scalarScope' 縺ｯ蜑ｲ繧雁ｽ薙※繧峨ｌ縺ｾ縺帙ｓ縲ょｸｸ縺ｫ譌｢螳壼､  繧剃ｽｿ逕ｨ縺励∪縺・[C:\Users\macar\TinnosukeGameLib\Assembly-CSharp.csproj]
C:\Users\macar\TinnosukeGameLib\Assets\GameLib\Script\Project\Scene\Chunk\Biome\ChunkBiomeDefinitionSO.cs(14,32): warning CS0649: 繝輔ぅ繝ｼ繝ｫ繝・'ChunkBiomeParamRange.max' 縺ｯ蜑ｲ繧雁ｽ薙※繧峨ｌ縺ｾ縺帙ｓ縲ょｸｸ縺ｫ譌｢螳壼､ 0 繧剃ｽｿ逕ｨ縺励∪縺・[C:\Users\macar\TinnosukeGameLib\Assembly-CSharp.csproj]
C:\Users\macar\TinnosukeGameLib\Assets\GameLib\Script\Project\Scene\NoiseProducer\Definition\NoiseParameterDefinition.cs(16,31): warning CS0649: 繝輔ぅ繝ｼ繝ｫ繝・'NoiseParameterDefinition._defaultBool' 縺ｯ蜑ｲ繧雁ｽ薙※繧峨ｌ縺ｾ縺帙ｓ縲ょｸｸ縺ｫ譌｢螳壼､ false 繧剃ｽｿ逕ｨ縺励∪縺・[C:\Users\macar\TinnosukeGameLib\Assembly-CSharp.csproj]
C:\Users\macar\TinnosukeGameLib\Assets\GameLib\Script\Common\Variables\Dynamic\Sources\TransformAnimationChannelDirectionSources.cs(272,14): warning CS0649: 繝輔ぅ繝ｼ繝ｫ繝・'TransformAnimationChannelAngleSource.debugLogEnabled' 縺ｯ蜑ｲ繧雁ｽ薙※繧峨ｌ縺ｾ縺帙ｓ縲ょｸｸ縺ｫ譌｢螳壼､ false 繧剃ｽｿ逕ｨ縺励∪縺・[C:\Users\macar\TinnosukeGameLib\Assembly-CSharp.csproj]
C:\Users\macar\TinnosukeGameLib\Assets\GameLib\Script\Common\FirePattern\Patterns\BaseFirePattern.cs(33,38): warning CS0649: 繝輔ぅ繝ｼ繝ｫ繝・'BaseFirePattern._defaultPrefab' 縺ｯ蜑ｲ繧雁ｽ薙※繧峨ｌ縺ｾ縺帙ｓ縲ょｸｸ縺ｫ譌｢螳壼､ null 繧剃ｽｿ逕ｨ縺励∪縺・[C:\Users\macar\TinnosukeGameLib\Assembly-CSharp.csproj]
C:\Users\macar\TinnosukeGameLib\Assets\GameLib\Script\Project\UI\Core\Elements\ScrollRect\UIScrollRectMB.cs(34,14): warning CS0649: 繝輔ぅ繝ｼ繝ｫ繝・'UIScrollRectMB._enableDebugLog' 縺ｯ蜑ｲ繧雁ｽ薙※繧峨ｌ縺ｾ縺帙ｓ縲ょｸｸ縺ｫ譌｢螳壼､ false 繧剃ｽｿ逕ｨ縺励∪縺・[C:\Users\macar\TinnosukeGameLib\Assembly-CSharp.csproj]
C:\Users\macar\TinnosukeGameLib\Assets\GameLib\Script\Common\Variables\Profile\Core\CustomProfileDefinition.cs(115,13): warning CS0649: 繝輔ぅ繝ｼ繝ｫ繝・'ProfileDynamicValue._intValue' 縺ｯ蜑ｲ繧雁ｽ薙※繧峨ｌ縺ｾ縺帙ｓ縲ょｸｸ縺ｫ譌｢螳壼､ 0 繧剃ｽｿ逕ｨ縺励∪縺・[C:\Users\macar\TinnosukeGameLib\Assembly-CSharp.csproj]
C:\Users\macar\TinnosukeGameLib\Assets\GameLib\Script\Common\Variables\Dynamic\Core\DynamicSources.cs(742,44): warning CS0649: 繝輔ぅ繝ｼ繝ｫ繝・'AssetStatusEffectGlobalCountSettingsSource.value' 縺ｯ蜑ｲ繧雁ｽ薙※繧峨ｌ縺ｾ縺帙ｓ縲ょｸｸ縺ｫ譌｢螳壼､ null 繧剃ｽｿ逕ｨ縺励∪縺・[C:\Users\macar\TinnosukeGameLib\Assembly-CSharp.csproj]
C:\Users\macar\TinnosukeGameLib\Assets\GameLib\Script\Project\UI\Layout\MB\MaxWidthOverride.cs(12,32): warning CS0649: 繝輔ぅ繝ｼ繝ｫ繝・'MaxWidthOverride.maxWidth' 縺ｯ蜑ｲ繧雁ｽ薙※繧峨ｌ縺ｾ縺帙ｓ縲ょｸｸ縺ｫ譌｢螳壼､ 0 繧剃ｽｿ逕ｨ縺励∪縺・[C:\Users\macar\TinnosukeGameLib\Assembly-CSharp.csproj]
C:\Users\macar\TinnosukeGameLib\Assets\GameLib\Script\Project\Scene\Channels\Light2D\Light2DChannelDef.cs(44,14): warning CS0649: 繝輔ぅ繝ｼ繝ｫ繝・'Light2DChannelDef._allowRuntimeLightTypeChange' 縺ｯ蜑ｲ繧雁ｽ薙※繧峨ｌ縺ｾ縺帙ｓ縲ょｸｸ縺ｫ譌｢螳壼､ false 繧剃ｽｿ逕ｨ縺励∪縺・[C:\Users\macar\TinnosukeGameLib\Assembly-CSharp.csproj]
C:\Users\macar\TinnosukeGameLib\Assets\GameLib\Script\Common\Variables\Dynamic\Sources\WeightedRandomListSources.cs(267,13): warning CS0649: 繝輔ぅ繝ｼ繝ｫ繝・'RandomMaterialFxSource.priority' 縺ｯ蜑ｲ繧雁ｽ薙※繧峨ｌ縺ｾ縺帙ｓ縲ょｸｸ縺ｫ譌｢螳壼､ 0 繧剃ｽｿ逕ｨ縺励∪縺・[C:\Users\macar\TinnosukeGameLib\Assembly-CSharp.csproj]
C:\Users\macar\TinnosukeGameLib\Assets\GameLib\Script\Project\UI\Core\ModalStackChannel\ModalStackChannelHubMB.cs(67,33): warning CS0649: 繝輔ぅ繝ｼ繝ｫ繝・'ModalStackChannelHubMB._initialRoot' 縺ｯ蜑ｲ繧雁ｽ薙※繧峨ｌ縺ｾ縺帙ｓ縲ょｸｸ縺ｫ譌｢螳壼､ null 繧剃ｽｿ逕ｨ縺励∪縺・[C:\Users\macar\TinnosukeGameLib\Assembly-CSharp.csproj]
C:\Users\macar\TinnosukeGameLib\Assets\GameLib\Script\Common\Variables\Dynamic\Core\DynamicSources.cs(728,42): warning CS0649: 繝輔ぅ繝ｼ繝ｫ繝・'LiteralStatusEffectGlobalCountSettingsSource.value' 縺ｯ蜑ｲ繧雁ｽ薙※繧峨ｌ縺ｾ縺帙ｓ縲ょｸｸ縺ｫ譌｢螳壼､ null 繧剃ｽｿ逕ｨ縺励∪縺・[C:\Users\macar\TinnosukeGameLib\Assembly-CSharp.csproj]
C:\Users\macar\TinnosukeGameLib\Assets\GameLib\Script\Common\Variables\Dynamic\Sources\RandomRangeSources.cs(71,14): warning CS0649: 繝輔ぅ繝ｼ繝ｫ繝・'RandomFloatRangeSource.useVarianceController' 縺ｯ蜑ｲ繧雁ｽ薙※繧峨ｌ縺ｾ縺帙ｓ縲ょｸｸ縺ｫ譌｢螳壼､ false 繧剃ｽｿ逕ｨ縺励∪縺・[C:\Users\macar\TinnosukeGameLib\Assembly-CSharp.csproj]
C:\Users\macar\TinnosukeGameLib\Assets\GameLib\Script\Common\Commands\VNext\Catalog\CommandCatalogEntry.cs(13,44): warning CS0649: 繝輔ぅ繝ｼ繝ｫ繝・'CommandCatalogEntry.data' 縺ｯ蜑ｲ繧雁ｽ薙※繧峨ｌ縺ｾ縺帙ｓ縲ょｸｸ縺ｫ譌｢螳壼､ null 繧剃ｽｿ逕ｨ縺励∪縺・[C:\Users\macar\TinnosukeGameLib\Assembly-CSharp.csproj]
C:\Users\macar\TinnosukeGameLib\Assets\GameLib\Script\Project\Scene\RoomMap\SO\RoomMapTileEnumDefinitionSO.cs(19,14): warning CS0649: 繝輔ぅ繝ｼ繝ｫ繝・'RoomMapTileEnumEntry.deprecated' 縺ｯ蜑ｲ繧雁ｽ薙※繧峨ｌ縺ｾ縺帙ｓ縲ょｸｸ縺ｫ譌｢螳壼､ false 繧剃ｽｿ逕ｨ縺励∪縺・[C:\Users\macar\TinnosukeGameLib\Assembly-CSharp.csproj]
C:\Users\macar\TinnosukeGameLib\Assets\GameLib\Script\Project\UI\Core\Elements\Slider\UISlider\UISliderMB.cs(71,36): warning CS0649: 繝輔ぅ繝ｼ繝ｫ繝・'UISliderMB._blackboardKey' 縺ｯ蜑ｲ繧雁ｽ薙※繧峨ｌ縺ｾ縺帙ｓ縲ょｸｸ縺ｫ譌｢螳壼､  繧剃ｽｿ逕ｨ縺励∪縺・[C:\Users\macar\TinnosukeGameLib\Assembly-CSharp.csproj]
C:\Users\macar\TinnosukeGameLib\Assets\GameLib\Script\Common\StatusEffect\MB\StatusEffectMB.cs(241,14): warning CS0649: 繝輔ぅ繝ｼ繝ｫ繝・'StatusEffectMB._debugOverrideDuration' 縺ｯ蜑ｲ繧雁ｽ薙※繧峨ｌ縺ｾ縺帙ｓ縲ょｸｸ縺ｫ譌｢螳壼､ false 繧剃ｽｿ逕ｨ縺励∪縺・[C:\Users\macar\TinnosukeGameLib\Assembly-CSharp.csproj]
C:\Users\macar\TinnosukeGameLib\Assets\GameLib\Script\Project\UI\Core\Tooltip\TooltipChannelHubMB.cs(86,14): warning CS0649: 繝輔ぅ繝ｼ繝ｫ繝・'TooltipChannelHubMB._applyHubPresetOverride' 縺ｯ蜑ｲ繧雁ｽ薙※繧峨ｌ縺ｾ縺帙ｓ縲ょｸｸ縺ｫ譌｢螳壼､ false 繧剃ｽｿ逕ｨ縺励∪縺・[C:\Users\macar\TinnosukeGameLib\Assembly-CSharp.csproj]
C:\Users\macar\TinnosukeGameLib\Assets\GameLib\Script\Common\Variables\Dynamic\Core\DynamicSources.cs(1121,17): warning CS0649: 繝輔ぅ繝ｼ繝ｫ繝・'LiteralToVarStoreSource.vector2Value' 縺ｯ蜑ｲ繧雁ｽ薙※繧峨ｌ縺ｾ縺帙ｓ縲ょｸｸ縺ｫ譌｢螳壼､  繧剃ｽｿ逕ｨ縺励∪縺・[C:\Users\macar\TinnosukeGameLib\Assembly-CSharp.csproj]
C:\Users\macar\TinnosukeGameLib\Assets\GameLib\Script\Project\Scene\Chunk\Core\ChunkCoreTypes.cs(77,17): warning CS0649: 繝輔ぅ繝ｼ繝ｫ繝・'ChunkOriginSettings.worldOriginPosition' 縺ｯ蜑ｲ繧雁ｽ薙※繧峨ｌ縺ｾ縺帙ｓ縲ょｸｸ縺ｫ譌｢螳壼､  繧剃ｽｿ逕ｨ縺励∪縺・[C:\Users\macar\TinnosukeGameLib\Assembly-CSharp.csproj]
C:\Users\macar\TinnosukeGameLib\Assets\GameLib\Script\Common\LTS\Lifecycle\MB\ScopeLifecycleMB.cs(49,31): warning CS0649: 繝輔ぅ繝ｼ繝ｫ繝・'ScopeLifecycleMB.runSpawnOnStart' 縺ｯ蜑ｲ繧雁ｽ薙※繧峨ｌ縺ｾ縺帙ｓ縲ょｸｸ縺ｫ譌｢螳壼､ false 繧剃ｽｿ逕ｨ縺励∪縺・[C:\Users\macar\TinnosukeGameLib\Assembly-CSharp.csproj]
C:\Users\macar\TinnosukeGameLib\Assets\GameLib\Script\Common\StatusEffect\Definition\StatusEffectDefinitionTypes.cs(449,14): warning CS0649: 繝輔ぅ繝ｼ繝ｫ繝・'ConfigurableStatusEffectDefinitionData.useDuration' 縺ｯ蜑ｲ繧雁ｽ薙※繧峨ｌ縺ｾ縺帙ｓ縲ょｸｸ縺ｫ譌｢螳壼､ false 繧剃ｽｿ逕ｨ縺励∪縺・[C:\Users\macar\TinnosukeGameLib\Assembly-CSharp.csproj]
C:\Users\macar\TinnosukeGameLib\Assets\GameLib\Script\Project\Scene\Chunk\MB\ChunkStreamerMB.cs(25,34): warning CS0649: 繝輔ぅ繝ｼ繝ｫ繝・'ChunkStreamerMB.viewCamera' 縺ｯ蜑ｲ繧雁ｽ薙※繧峨ｌ縺ｾ縺帙ｓ縲ょｸｸ縺ｫ譌｢螳壼､ null 繧剃ｽｿ逕ｨ縺励∪縺・[C:\Users\macar\TinnosukeGameLib\Assembly-CSharp.csproj]
C:\Users\macar\TinnosukeGameLib\Assets\GameLib\Script\Common\_Editor\Events\EventKeyRegistry.cs(23,36): warning CS0649: 繝輔ぅ繝ｼ繝ｫ繝・'EventKeyRegistry.csvFile' 縺ｯ蜑ｲ繧雁ｽ薙※繧峨ｌ縺ｾ縺帙ｓ縲ょｸｸ縺ｫ譌｢螳壼､ null 繧剃ｽｿ逕ｨ縺励∪縺・[C:\Users\macar\TinnosukeGameLib\Assembly-CSharp.csproj]
C:\Users\macar\TinnosukeGameLib\Assets\GameLib\Script\Common\Variables\Dynamic\Core\BindingPresetAssetSource.cs(20,27): warning CS0649: 繝輔ぅ繝ｼ繝ｫ繝・'BindingPresetAssetSource._asset' 縺ｯ蜑ｲ繧雁ｽ薙※繧峨ｌ縺ｾ縺帙ｓ縲ょｸｸ縺ｫ譌｢螳壼､ null 繧剃ｽｿ逕ｨ縺励∪縺・[C:\Users\macar\TinnosukeGameLib\Assembly-CSharp.csproj]
C:\Users\macar\TinnosukeGameLib\Assets\GameLib\Script\Common\Variables\Dynamic\Core\DynamicSources.cs(842,44): warning CS0649: 繝輔ぅ繝ｼ繝ｫ繝・'LiteralSpawnPatternRuntimeTemplatePresetSource.value' 縺ｯ蜑ｲ繧雁ｽ薙※繧峨ｌ縺ｾ縺帙ｓ縲ょｸｸ縺ｫ譌｢螳壼､ null 繧剃ｽｿ逕ｨ縺励∪縺・[C:\Users\macar\TinnosukeGameLib\Assembly-CSharp.csproj]
C:\Users\macar\TinnosukeGameLib\Assets\GameLib\Script\Project\Scene\NoiseProducer\Definition\NoiseStageDefinition.cs(108,32): warning CS0649: 繝輔ぅ繝ｼ繝ｫ繝・'NoiseStageDefinition._uvRotation' 縺ｯ蜑ｲ繧雁ｽ薙※繧峨ｌ縺ｾ縺帙ｓ縲ょｸｸ縺ｫ譌｢螳壼､ 0 繧剃ｽｿ逕ｨ縺励∪縺・[C:\Users\macar\TinnosukeGameLib\Assembly-CSharp.csproj]
C:\Users\macar\TinnosukeGameLib\Assets\GameLib\Script\Common\_Editor\Registry\KeySettings\MaterialFxSettings.cs(38,33): warning CS0649: 繝輔ぅ繝ｼ繝ｫ繝・'MaterialFxSettings.enumCatalog' 縺ｯ蜑ｲ繧雁ｽ薙※繧峨ｌ縺ｾ縺帙ｓ縲ょｸｸ縺ｫ譌｢螳壼､ null 繧剃ｽｿ逕ｨ縺励∪縺・[C:\Users\macar\TinnosukeGameLib\Assembly-CSharp.csproj]
C:\Users\macar\TinnosukeGameLib\Assets\GameLib\Script\Collision\Channel\HitColliderControllerMB.cs(40,20): warning CS0649: 繝輔ぅ繝ｼ繝ｫ繝・'HitColliderControllerMB._selfProvider' 縺ｯ蜑ｲ繧雁ｽ薙※繧峨ｌ縺ｾ縺帙ｓ縲ょｸｸ縺ｫ譌｢螳壼､ null 繧剃ｽｿ逕ｨ縺励∪縺・[C:\Users\macar\TinnosukeGameLib\Assembly-CSharp.csproj]
C:\Users\macar\TinnosukeGameLib\Assets\GameLib\Script\Common\LTS\Lifecycle\MB\ScopeLifecycleMB.cs(59,31): warning CS0649: 繝輔ぅ繝ｼ繝ｫ繝・'ScopeLifecycleMB.runDespawnOnStart' 縺ｯ蜑ｲ繧雁ｽ薙※繧峨ｌ縺ｾ縺帙ｓ縲ょｸｸ縺ｫ譌｢螳壼､ false 繧剃ｽｿ逕ｨ縺励∪縺・[C:\Users\macar\TinnosukeGameLib\Assembly-CSharp.csproj]
C:\Users\macar\TinnosukeGameLib\Assets\GameLib\Script\Common\Variables\Dynamic\Sources\RandomRangeSources.cs(412,14): warning CS0649: 繝輔ぅ繝ｼ繝ｫ繝・'RandomVector4RangeSource.useVarianceController' 縺ｯ蜑ｲ繧雁ｽ薙※繧峨ｌ縺ｾ縺帙ｓ縲ょｸｸ縺ｫ譌｢螳壼､ false 繧剃ｽｿ逕ｨ縺励∪縺・[C:\Users\macar\TinnosukeGameLib\Assembly-CSharp.csproj]
C:\Users\macar\TinnosukeGameLib\Assets\GameLib\Script\Common\EmitterSpawn\Patterns\BaseSpawnPattern.cs(47,47): warning CS0649: 繝輔ぅ繝ｼ繝ｫ繝・'BaseSpawnPattern._identityData' 縺ｯ蜑ｲ繧雁ｽ薙※繧峨ｌ縺ｾ縺帙ｓ縲ょｸｸ縺ｫ譌｢螳壼､  繧剃ｽｿ逕ｨ縺励∪縺・[C:\Users\macar\TinnosukeGameLib\Assembly-CSharp.csproj]
C:\Users\macar\TinnosukeGameLib\Assets\GameLib\Script\Common\Variables\Binding\ExternalBoolBinding.cs(32,14): warning CS0649: 繝輔ぅ繝ｼ繝ｫ繝・'ExternalBoolBindingOptions._useScalarBinding' 縺ｯ蜑ｲ繧雁ｽ薙※繧峨ｌ縺ｾ縺帙ｓ縲ょｸｸ縺ｫ譌｢螳壼､ false 繧剃ｽｿ逕ｨ縺励∪縺・[C:\Users\macar\TinnosukeGameLib\Assembly-CSharp.csproj]
C:\Users\macar\TinnosukeGameLib\Assets\GameLib\Script\Common\DI\Runtime\BaseRuntimeTemplatePreset.cs(15,21): warning CS0649: 繝輔ぅ繝ｼ繝ｫ繝・'BaseRuntimeTemplatePreset.prefab' 縺ｯ蜑ｲ繧雁ｽ薙※繧峨ｌ縺ｾ縺帙ｓ縲ょｸｸ縺ｫ譌｢螳壼､ null 繧剃ｽｿ逕ｨ縺励∪縺・[C:\Users\macar\TinnosukeGameLib\Assembly-CSharp.csproj]
C:\Users\macar\TinnosukeGameLib\Assets\GameLib\Script\Common\Variables\Dynamic\Sources\ActorWorldPositionSources.cs(73,21): warning CS0649: 繝輔ぅ繝ｼ繝ｫ繝・'ActorWorldPositionYSource.actorSource' 縺ｯ蜑ｲ繧雁ｽ薙※繧峨ｌ縺ｾ縺帙ｓ縲ょｸｸ縺ｫ譌｢螳壼､  繧剃ｽｿ逕ｨ縺励∪縺・[C:\Users\macar\TinnosukeGameLib\Assembly-CSharp.csproj]
C:\Users\macar\TinnosukeGameLib\Assets\GameLib\Script\Shader\Core\MaterialFx\MaterialFxPropertyRegistrySO.cs(18,36): warning CS0649: 繝輔ぅ繝ｼ繝ｫ繝・'MaterialFxPropertyRegistrySO.csvFile' 縺ｯ蜑ｲ繧雁ｽ薙※繧峨ｌ縺ｾ縺帙ｓ縲ょｸｸ縺ｫ譌｢螳壼､ null 繧剃ｽｿ逕ｨ縺励∪縺・[C:\Users\macar\TinnosukeGameLib\Assembly-CSharp.csproj]
C:\Users\macar\TinnosukeGameLib\Assets\GameLib\Script\Common\Variables\Dynamic\Core\DynamicSources.cs(857,51): warning CS0649: 繝輔ぅ繝ｼ繝ｫ繝・'AssetSpawnPatternRuntimeTemplatePresetSource.value' 縺ｯ蜑ｲ繧雁ｽ薙※繧峨ｌ縺ｾ縺帙ｓ縲ょｸｸ縺ｫ譌｢螳壼､ null 繧剃ｽｿ逕ｨ縺励∪縺・[C:\Users\macar\TinnosukeGameLib\Assembly-CSharp.csproj]
C:\Users\macar\TinnosukeGameLib\Assets\GameLib\Script\Common\BuildConsole\MB\BuildConsoleMB.cs(48,31): warning CS0649: 繝輔ぅ繝ｼ繝ｫ繝・'BuildConsoleMB.visibleOnStart' 縺ｯ蜑ｲ繧雁ｽ薙※繧峨ｌ縺ｾ縺帙ｓ縲ょｸｸ縺ｫ譌｢螳壼､ false 繧剃ｽｿ逕ｨ縺励∪縺・[C:\Users\macar\TinnosukeGameLib\Assembly-CSharp.csproj]
C:\Users\macar\TinnosukeGameLib\Assets\GameLib\Script\Project\UI\Core\Toast\MB\ToastSystemMB.cs(112,31): warning CS0649: 繝輔ぅ繝ｼ繝ｫ繝・'ToastSystemMB.enableDebugLog' 縺ｯ蜑ｲ繧雁ｽ薙※繧峨ｌ縺ｾ縺帙ｓ縲ょｸｸ縺ｫ譌｢螳壼､ false 繧剃ｽｿ逕ｨ縺励∪縺・[C:\Users\macar\TinnosukeGameLib\Assembly-CSharp.csproj]
C:\Users\macar\TinnosukeGameLib\Assets\GameLib\Script\Common\Audio\SimpleAudioCueSO.cs(84,14): warning CS0649: 繝輔ぅ繝ｼ繝ｫ繝・'SimpleAudioCueSO._applyTimeScaleToPitch' 縺ｯ蜑ｲ繧雁ｽ薙※繧峨ｌ縺ｾ縺帙ｓ縲ょｸｸ縺ｫ譌｢螳壼､ false 繧剃ｽｿ逕ｨ縺励∪縺・[C:\Users\macar\TinnosukeGameLib\Assembly-CSharp.csproj]
C:\Users\macar\TinnosukeGameLib\Assets\GameLib\Script\Common\Variables\Scalar\ScalarKeyRegistry.cs(22,36): warning CS0649: 繝輔ぅ繝ｼ繝ｫ繝・'ScalarKeyRegistry.csvFile' 縺ｯ蜑ｲ繧雁ｽ薙※繧峨ｌ縺ｾ縺帙ｓ縲ょｸｸ縺ｫ譌｢螳壼､ null 繧剃ｽｿ逕ｨ縺励∪縺・[C:\Users\macar\TinnosukeGameLib\Assembly-CSharp.csproj]
C:\Users\macar\TinnosukeGameLib\Assets\GameLib\Script\Project\UI\Core\Toast\MB\ToastSystemMB.cs(115,31): warning CS0649: 繝輔ぅ繝ｼ繝ｫ繝・'ToastSystemMB.enableMovementDebugLog' 縺ｯ蜑ｲ繧雁ｽ薙※繧峨ｌ縺ｾ縺帙ｓ縲ょｸｸ縺ｫ譌｢螳壼､ false 繧剃ｽｿ逕ｨ縺励∪縺・[C:\Users\macar\TinnosukeGameLib\Assembly-CSharp.csproj]
C:\Users\macar\TinnosukeGameLib\Assets\GameLib\Script\Project\UI\Core\Elements\Slider\ChannelHub\SliderChannelHubMB.cs(156,14): warning CS0649: 繝輔ぅ繝ｼ繝ｫ繝・'SliderChannelHubMB._enableDebugLog' 縺ｯ蜑ｲ繧雁ｽ薙※繧峨ｌ縺ｾ縺帙ｓ縲ょｸｸ縺ｫ譌｢螳壼､ false 繧剃ｽｿ逕ｨ縺励∪縺・[C:\Users\macar\TinnosukeGameLib\Assembly-CSharp.csproj]
C:\Users\macar\TinnosukeGameLib\Assets\GameLib\Script\Project\Scene\Chunk\Biome\ChunkBiomeTypes.cs(23,17): warning CS0649: 繝輔ぅ繝ｼ繝ｫ繝・'ChunkAxisSettings.axisScaleWorld' 縺ｯ蜑ｲ繧雁ｽ薙※繧峨ｌ縺ｾ縺帙ｓ縲ょｸｸ縺ｫ譌｢螳壼､  繧剃ｽｿ逕ｨ縺励∪縺・[C:\Users\macar\TinnosukeGameLib\Assembly-CSharp.csproj]
C:\Users\macar\TinnosukeGameLib\Assets\GameLib\Script\Common\Variables\Dynamic\Sources\VisualBoundsSources.cs(39,21): warning CS0649: 繝輔ぅ繝ｼ繝ｫ繝・'VisualBoundsValue2Source.boundsOwnerActorSource' 縺ｯ蜑ｲ繧雁ｽ薙※繧峨ｌ縺ｾ縺帙ｓ縲ょｸｸ縺ｫ譌｢螳壼､  繧剃ｽｿ逕ｨ縺励∪縺・[C:\Users\macar\TinnosukeGameLib\Assembly-CSharp.csproj]
C:\Users\macar\TinnosukeGameLib\Assets\GameLib\Script\Common\Variables\Binding\ExternalFloatBinding.cs(33,14): warning CS0649: 繝輔ぅ繝ｼ繝ｫ繝・'ExternalFloatBindingOptions._useScalarBinding' 縺ｯ蜑ｲ繧雁ｽ薙※繧峨ｌ縺ｾ縺帙ｓ縲ょｸｸ縺ｫ譌｢螳壼､ false 繧剃ｽｿ逕ｨ縺励∪縺・[C:\Users\macar\TinnosukeGameLib\Assembly-CSharp.csproj]
C:\Users\macar\TinnosukeGameLib\Assets\GameLib\Script\Common\StatusEffect\Definition\StatusEffectDefinitionTypes.cs(468,45): warning CS0649: 繝輔ぅ繝ｼ繝ｫ繝・'ConfigurableStatusEffectDefinitionData.useCooldownDefinition' 縺ｯ蜑ｲ繧雁ｽ薙※繧峨ｌ縺ｾ縺帙ｓ縲ょｸｸ縺ｫ譌｢螳壼､ null 繧剃ｽｿ逕ｨ縺励∪縺・[C:\Users\macar\TinnosukeGameLib\Assembly-CSharp.csproj]
C:\Users\macar\TinnosukeGameLib\Assets\GameLib\Script\Common\StatusEffect\Definition\StatusEffectDefinitionTypes.cs(475,14): warning CS0649: 繝輔ぅ繝ｼ繝ｫ繝・'ConfigurableStatusEffectDefinitionData.useCount' 縺ｯ蜑ｲ繧雁ｽ薙※繧峨ｌ縺ｾ縺帙ｓ縲ょｸｸ縺ｫ譌｢螳壼､ false 繧剃ｽｿ逕ｨ縺励∪縺・[C:\Users\macar\TinnosukeGameLib\Assembly-CSharp.csproj]
C:\Users\macar\TinnosukeGameLib\Assets\GameLib\Script\Common\Health\Modifiers\SO\CustomHealthModifierSO.cs(55,31): warning CS0649: 繝輔ぅ繝ｼ繝ｫ繝・'CustomHealthModifierSO._onDamageCommands' 縺ｯ蜑ｲ繧雁ｽ薙※繧峨ｌ縺ｾ縺帙ｓ縲ょｸｸ縺ｫ譌｢螳壼､ null 繧剃ｽｿ逕ｨ縺励∪縺・[C:\Users\macar\TinnosukeGameLib\Assembly-CSharp.csproj]
C:\Users\macar\TinnosukeGameLib\Assets\GameLib\Script\Project\UI\Core\Toast\MB\ToastSystemMB.cs(33,66): warning CS0649: 繝輔ぅ繝ｼ繝ｫ繝・'ToastSystemMB.defaultRuntimeTemplate' 縺ｯ蜑ｲ繧雁ｽ薙※繧峨ｌ縺ｾ縺帙ｓ縲ょｸｸ縺ｫ譌｢螳壼､  繧剃ｽｿ逕ｨ縺励∪縺・[C:\Users\macar\TinnosukeGameLib\Assembly-CSharp.csproj]
C:\Users\macar\TinnosukeGameLib\Assets\GameLib\Script\Common\Variables\Dynamic\Core\DynamicSources.cs(622,35): warning CS0649: 繝輔ぅ繝ｼ繝ｫ繝・'AssetStatusEffectDefinitionSource.value' 縺ｯ蜑ｲ繧雁ｽ薙※繧峨ｌ縺ｾ縺帙ｓ縲ょｸｸ縺ｫ譌｢螳壼､ null 繧剃ｽｿ逕ｨ縺励∪縺・[C:\Users\macar\TinnosukeGameLib\Assembly-CSharp.csproj]
C:\Users\macar\TinnosukeGameLib\Assets\GameLib\Script\Project\Scene\Channels\Parallax\ParallaxChannelTypes.cs(107,38): warning CS0649: 繝輔ぅ繝ｼ繝ｫ繝・'ParallaxChannelDef.controllerActorSource' 縺ｯ蜑ｲ繧雁ｽ薙※繧峨ｌ縺ｾ縺帙ｓ縲ょｸｸ縺ｫ譌｢螳壼､  繧剃ｽｿ逕ｨ縺励∪縺・[C:\Users\macar\TinnosukeGameLib\Assembly-CSharp.csproj]
C:\Users\macar\TinnosukeGameLib\Assets\GameLib\Script\Common\Variables\Dynamic\Sources\TransformAnimationChannelPositionSources.cs(146,14): warning CS0649: 繝輔ぅ繝ｼ繝ｫ繝・'TransformAnimationChannelPosition3Source.debugLogEnabled' 縺ｯ蜑ｲ繧雁ｽ薙※繧峨ｌ縺ｾ縺帙ｓ縲ょｸｸ縺ｫ譌｢螳壼､ false 繧剃ｽｿ逕ｨ縺励∪縺・[C:\Users\macar\TinnosukeGameLib\Assembly-CSharp.csproj]
C:\Users\macar\TinnosukeGameLib\Assets\GameLib\Script\Project\UI\Core\Conversation\MB\ConversationChannelHubMB.cs(23,14): warning CS0649: 繝輔ぅ繝ｼ繝ｫ繝・'ConversationChannelHubMB._enableDebugLog' 縺ｯ蜑ｲ繧雁ｽ薙※繧峨ｌ縺ｾ縺帙ｓ縲ょｸｸ縺ｫ譌｢螳壼､ false 繧剃ｽｿ逕ｨ縺励∪縺・[C:\Users\macar\TinnosukeGameLib\Assembly-CSharp.csproj]
C:\Users\macar\TinnosukeGameLib\Assets\GameLib\Script\Project\StatusEffect\GameLogicScalarStatusEffectDefinitionData.cs(70,14): warning CS0649: 繝輔ぅ繝ｼ繝ｫ繝・'GameLogicScalarStatusEffectDefinitionData.useDuration' 縺ｯ蜑ｲ繧雁ｽ薙※繧峨ｌ縺ｾ縺帙ｓ縲ょｸｸ縺ｫ譌｢螳壼､ false 繧剃ｽｿ逕ｨ縺励∪縺・[C:\Users\macar\TinnosukeGameLib\Assembly-CSharp.csproj]
C:\Users\macar\TinnosukeGameLib\Assets\GameLib\Script\Common\Variables\Dynamic\Core\ManagedRefAssetSource.cs(26,17): warning CS0649: 繝輔ぅ繝ｼ繝ｫ繝・'ManagedRefAssetSource<TAsset, TValue>.value' 縺ｯ蜑ｲ繧雁ｽ薙※繧峨ｌ縺ｾ縺帙ｓ縲ょｸｸ縺ｫ譌｢螳壼､ null 繧剃ｽｿ逕ｨ縺励∪縺・[C:\Users\macar\TinnosukeGameLib\Assembly-CSharp.csproj]
C:\Users\macar\TinnosukeGameLib\Assets\GameLib\Script\Common\Variables\Dynamic\Core\DynamicSources.cs(2350,13): warning CS0649: 繝輔ぅ繝ｼ繝ｫ繝・'OtherTableCellSource.tableVarId' 縺ｯ蜑ｲ繧雁ｽ薙※繧峨ｌ縺ｾ縺帙ｓ縲ょｸｸ縺ｫ譌｢螳壼､ 0 繧剃ｽｿ逕ｨ縺励∪縺・[C:\Users\macar\TinnosukeGameLib\Assembly-CSharp.csproj]
C:\Users\macar\TinnosukeGameLib\Assets\GameLib\Script\Common\Variables\Dynamic\Core\DynamicSources.cs(1934,13): warning CS0649: 繝輔ぅ繝ｼ繝ｫ繝・'SelfGridBlackboardRowCountSource.varIdFilter' 縺ｯ蜑ｲ繧雁ｽ薙※繧峨ｌ縺ｾ縺帙ｓ縲ょｸｸ縺ｫ譌｢螳壼､ 0 繧剃ｽｿ逕ｨ縺励∪縺・[C:\Users\macar\TinnosukeGameLib\Assembly-CSharp.csproj]
C:\Users\macar\TinnosukeGameLib\Assets\GameLib\Script\Common\Variables\Dynamic\Core\DynamicSources.cs(1510,21): warning CS0649: 繝輔ぅ繝ｼ繝ｫ繝・'OtherBlackboardSource.targetActor' 縺ｯ蜑ｲ繧雁ｽ薙※繧峨ｌ縺ｾ縺帙ｓ縲ょｸｸ縺ｫ譌｢螳壼､  繧剃ｽｿ逕ｨ縺励∪縺・[C:\Users\macar\TinnosukeGameLib\Assembly-CSharp.csproj]
C:\Users\macar\TinnosukeGameLib\Assets\GameLib\Script\Common\Commands\VNext\Catalog\CommandCatalogSO.cs(319,30): warning CS0649: 繝輔ぅ繝ｼ繝ｫ繝・'CommandPayloadFieldSchemaAsset.sourceLocationId' 縺ｯ蜑ｲ繧雁ｽ薙※繧峨ｌ縺ｾ縺帙ｓ縲ょｸｸ縺ｫ譌｢螳壼､ 0 繧剃ｽｿ逕ｨ縺励∪縺・[C:\Users\macar\TinnosukeGameLib\Assembly-CSharp.csproj]
C:\Users\macar\TinnosukeGameLib\Assets\GameLib\Script\Project\Scene\Chunk\MB\ChunkStreamerMB.cs(42,93): warning CS0649: 繝輔ぅ繝ｼ繝ｫ繝・'ChunkStreamerMB.chunkRuntimeTemplatePreset' 縺ｯ蜑ｲ繧雁ｽ薙※繧峨ｌ縺ｾ縺帙ｓ縲ょｸｸ縺ｫ譌｢螳壼､  繧剃ｽｿ逕ｨ縺励∪縺・[C:\Users\macar\TinnosukeGameLib\Assembly-CSharp.csproj]
C:\Users\macar\TinnosukeGameLib\Assets\GameLib\Script\Project\UI\Core\Elements\Slider\UISlider\UISliderMB.cs(64,31): warning CS0649: 繝輔ぅ繝ｼ繝ｫ繝・'UISliderMB._useBlackboardBinding' 縺ｯ蜑ｲ繧雁ｽ薙※繧峨ｌ縺ｾ縺帙ｓ縲ょｸｸ縺ｫ譌｢螳壼､ false 繧剃ｽｿ逕ｨ縺励∪縺・[C:\Users\macar\TinnosukeGameLib\Assembly-CSharp.csproj]
C:\Users\macar\TinnosukeGameLib\Assets\GameLib\Script\Common\Movement\MoveToInputPoint\MB\MoveToInputPointController.cs(59,46): warning CS0649: 繝輔ぅ繝ｼ繝ｫ繝・'MoveToInputPointController.channelDef' 縺ｯ蜑ｲ繧雁ｽ薙※繧峨ｌ縺ｾ縺帙ｓ縲ょｸｸ縺ｫ譌｢螳壼､ null 繧剃ｽｿ逕ｨ縺励∪縺・[C:\Users\macar\TinnosukeGameLib\Assembly-CSharp.csproj]
C:\Users\macar\TinnosukeGameLib\Assets\GameLib\Script\Common\Commands\VNext\Catalog\CommandCatalogSO.cs(318,31): warning CS0649: 繝輔ぅ繝ｼ繝ｫ繝・'CommandPayloadFieldSchemaAsset.allowNull' 縺ｯ蜑ｲ繧雁ｽ薙※繧峨ｌ縺ｾ縺帙ｓ縲ょｸｸ縺ｫ譌｢螳壼､ false 繧剃ｽｿ逕ｨ縺励∪縺・[C:\Users\macar\TinnosukeGameLib\Assembly-CSharp.csproj]
C:\Users\macar\TinnosukeGameLib\Assets\GameLib\Script\Project\Scene\Background\Core\BackgroundTypes.cs(62,37): warning CS0649: 繝輔ぅ繝ｼ繝ｫ繝・'BackgroundLayerDefinition.parentOverride' 縺ｯ蜑ｲ繧雁ｽ薙※繧峨ｌ縺ｾ縺帙ｓ縲ょｸｸ縺ｫ譌｢螳壼､ null 繧剃ｽｿ逕ｨ縺励∪縺・[C:\Users\macar\TinnosukeGameLib\Assembly-CSharp.csproj]
C:\Users\macar\TinnosukeGameLib\Assets\GameLib\Script\Common\Variables\Dynamic\Core\DynamicSources.cs(960,13): warning CS0649: 繝輔ぅ繝ｼ繝ｫ繝・'LiteralToVariableSource.intValue' 縺ｯ蜑ｲ繧雁ｽ薙※繧峨ｌ縺ｾ縺帙ｓ縲ょｸｸ縺ｫ譌｢螳壼､ 0 繧剃ｽｿ逕ｨ縺励∪縺・[C:\Users\macar\TinnosukeGameLib\Assembly-CSharp.csproj]
C:\Users\macar\TinnosukeGameLib\Assets\GameLib\Script\Project\UI\Core\Elements\Slider\ChannelHub\SliderChannelHubMB.cs(85,20): warning CS0649: 繝輔ぅ繝ｼ繝ｫ繝・'SliderChannelDefinition._segmentBarsRoot' 縺ｯ蜑ｲ繧雁ｽ薙※繧峨ｌ縺ｾ縺帙ｓ縲ょｸｸ縺ｫ譌｢螳壼､ null 繧剃ｽｿ逕ｨ縺励∪縺・[C:\Users\macar\TinnosukeGameLib\Assembly-CSharp.csproj]
C:\Users\macar\TinnosukeGameLib\Assets\GameLib\Script\Project\UI\Core\VisualBounds\MB\VisualBoundsMB.cs(117,31): warning CS0649: 繝輔ぅ繝ｼ繝ｫ繝・'VisualBoundsMB.enableDebugGui' 縺ｯ蜑ｲ繧雁ｽ薙※繧峨ｌ縺ｾ縺帙ｓ縲ょｸｸ縺ｫ譌｢螳壼､ false 繧剃ｽｿ逕ｨ縺励∪縺・[C:\Users\macar\TinnosukeGameLib\Assembly-CSharp.csproj]
C:\Users\macar\TinnosukeGameLib\Assets\GameLib\Script\Project\UI\Core\Elements\Slider\ChannelHub\SliderChannelHubMB.cs(90,20): warning CS0649: 繝輔ぅ繝ｼ繝ｫ繝・'SliderChannelDefinition._segmentMarkersRoot' 縺ｯ蜑ｲ繧雁ｽ薙※繧峨ｌ縺ｾ縺帙ｓ縲ょｸｸ縺ｫ譌｢螳壼､ null 繧剃ｽｿ逕ｨ縺励∪縺・[C:\Users\macar\TinnosukeGameLib\Assembly-CSharp.csproj]
C:\Users\macar\TinnosukeGameLib\Assets\GameLib\Script\Common\Variables\Dynamic\Sources\ActorWorldPositionSources.cs(20,21): warning CS0649: 繝輔ぅ繝ｼ繝ｫ繝・'ActorWorldPosition2Source.actorSource' 縺ｯ蜑ｲ繧雁ｽ薙※繧峨ｌ縺ｾ縺帙ｓ縲ょｸｸ縺ｫ譌｢螳壼､  繧剃ｽｿ逕ｨ縺励∪縺・[C:\Users\macar\TinnosukeGameLib\Assembly-CSharp.csproj]
C:\Users\macar\TinnosukeGameLib\Assets\GameLib\Script\Project\Scene\Chunk\MB\ChunkStreamerMB.cs(22,37): warning CS0649: 繝輔ぅ繝ｼ繝ｫ繝・'ChunkStreamerMB.targetTransform' 縺ｯ蜑ｲ繧雁ｽ薙※繧峨ｌ縺ｾ縺帙ｓ縲ょｸｸ縺ｫ譌｢螳壼､ null 繧剃ｽｿ逕ｨ縺励∪縺・[C:\Users\macar\TinnosukeGameLib\Assembly-CSharp.csproj]
C:\Users\macar\TinnosukeGameLib\Assets\GameLib\Script\Common\Variables\Profile\Core\CustomProfileDefinition.cs(183,13): warning CS0649: 繝輔ぅ繝ｼ繝ｫ繝・'ProfileDynamicValue._roundDigits' 縺ｯ蜑ｲ繧雁ｽ薙※繧峨ｌ縺ｾ縺帙ｓ縲ょｸｸ縺ｫ譌｢螳壼､ 0 繧剃ｽｿ逕ｨ縺励∪縺・[C:\Users\macar\TinnosukeGameLib\Assembly-CSharp.csproj]
C:\Users\macar\TinnosukeGameLib\Assets\GameLib\Script\Common\Variables\Dynamic\Core\DynamicSources.cs(479,30): warning CS0649: 繝輔ぅ繝ｼ繝ｫ繝・'AssetMotionPresetSource.value' 縺ｯ蜑ｲ繧雁ｽ薙※繧峨ｌ縺ｾ縺帙ｓ縲ょｸｸ縺ｫ譌｢螳壼､ null 繧剃ｽｿ逕ｨ縺励∪縺・[C:\Users\macar\TinnosukeGameLib\Assembly-CSharp.csproj]
C:\Users\macar\TinnosukeGameLib\Assets\GameLib\Script\Project\Scene\NoiseProducer\Definition\NoiseStageDefinition.cs(43,30): warning CS0649: 繝輔ぅ繝ｼ繝ｫ繝・'NoiseStageDefinition._seed' 縺ｯ蜑ｲ繧雁ｽ薙※繧峨ｌ縺ｾ縺帙ｓ縲ょｸｸ縺ｫ譌｢螳壼､ 0 繧剃ｽｿ逕ｨ縺励∪縺・[C:\Users\macar\TinnosukeGameLib\Assembly-CSharp.csproj]
C:\Users\macar\TinnosukeGameLib\Assets\GameLib\Script\Project\UI\Core\Elements\Slider\ChannelHub\SliderChannelHubMB.cs(80,24): warning CS0649: 繝輔ぅ繝ｼ繝ｫ繝・'SliderChannelDefinition._rangeRectTransform' 縺ｯ蜑ｲ繧雁ｽ薙※繧峨ｌ縺ｾ縺帙ｓ縲ょｸｸ縺ｫ譌｢螳壼､ null 繧剃ｽｿ逕ｨ縺励∪縺・[C:\Users\macar\TinnosukeGameLib\Assembly-CSharp.csproj]
C:\Users\macar\TinnosukeGameLib\Assets\GameLib\Script\Project\Scene\NoiseProducer\Definition\NoiseParameterDefinition.cs(14,34): warning CS0649: 繝輔ぅ繝ｼ繝ｫ繝・'NoiseParameterDefinition._defaultVector2' 縺ｯ蜑ｲ繧雁ｽ薙※繧峨ｌ縺ｾ縺帙ｓ縲ょｸｸ縺ｫ譌｢螳壼､  繧剃ｽｿ逕ｨ縺励∪縺・[C:\Users\macar\TinnosukeGameLib\Assembly-CSharp.csproj]
C:\Users\macar\TinnosukeGameLib\Assets\GameLib\Script\Common\Variables\Dynamic\Sources\TransformAnimationChannelDirectionSources.cs(139,21): warning CS0649: 繝輔ぅ繝ｼ繝ｫ繝・'TransformAnimationChannelDirection3Source.actorSource' 縺ｯ蜑ｲ繧雁ｽ薙※繧峨ｌ縺ｾ縺帙ｓ縲ょｸｸ縺ｫ譌｢螳壼､  繧剃ｽｿ逕ｨ縺励∪縺・[C:\Users\macar\TinnosukeGameLib\Assembly-CSharp.csproj]
C:\Users\macar\TinnosukeGameLib\Assets\GameLib\Script\Common\Variables\Dynamic\Sources\VisualBoundsSources.cs(48,14): warning CS0649: 繝輔ぅ繝ｼ繝ｫ繝・'VisualBoundsValue2Source.rebuildBeforeRead' 縺ｯ蜑ｲ繧雁ｽ薙※繧峨ｌ縺ｾ縺帙ｓ縲ょｸｸ縺ｫ譌｢螳壼､ false 繧剃ｽｿ逕ｨ縺励∪縺・[C:\Users\macar\TinnosukeGameLib\Assembly-CSharp.csproj]
C:\Users\macar\TinnosukeGameLib\Assets\GameLib\Script\Common\Variables\Profile\Core\CustomProfileDefinition.cs(109,15): warning CS0649: 繝輔ぅ繝ｼ繝ｫ繝・'ProfileDynamicValue._floatValue' 縺ｯ蜑ｲ繧雁ｽ薙※繧峨ｌ縺ｾ縺帙ｓ縲ょｸｸ縺ｫ譌｢螳壼､ 0 繧剃ｽｿ逕ｨ縺励∪縺・[C:\Users\macar\TinnosukeGameLib\Assembly-CSharp.csproj]
C:\Users\macar\TinnosukeGameLib\Assets\GameLib\Script\Common\EmitterSpawn\Lines\SpawnLinePreviewMB.cs(19,30): warning CS0649: 繝輔ぅ繝ｼ繝ｫ繝・'SpawnLinePreviewMB._line' 縺ｯ蜑ｲ繧雁ｽ薙※繧峨ｌ縺ｾ縺帙ｓ縲ょｸｸ縺ｫ譌｢螳壼､ null 繧剃ｽｿ逕ｨ縺励∪縺・[C:\Users\macar\TinnosukeGameLib\Assembly-CSharp.csproj]
C:\Users\macar\TinnosukeGameLib\Assets\GameLib\Script\Project\Flow\Authoring\FlowDefinitionSO.cs(22,29): warning CS0649: 繝輔ぅ繝ｼ繝ｫ繝・'FlowDefinitionSO.compiledAsset' 縺ｯ蜑ｲ繧雁ｽ薙※繧峨ｌ縺ｾ縺帙ｓ縲ょｸｸ縺ｫ譌｢螳壼､ null 繧剃ｽｿ逕ｨ縺励∪縺・[C:\Users\macar\TinnosukeGameLib\Assembly-CSharp.csproj]
C:\Users\macar\TinnosukeGameLib\Assets\GameLib\Script\Common\Variables\Profile\Core\CustomProfileDefinition.cs(213,14): warning CS0649: 繝輔ぅ繝ｼ繝ｫ繝・'ProfileDynamicValue._scalarSaveEnabled' 縺ｯ蜑ｲ繧雁ｽ薙※繧峨ｌ縺ｾ縺帙ｓ縲ょｸｸ縺ｫ譌｢螳壼､ false 繧剃ｽｿ逕ｨ縺励∪縺・[C:\Users\macar\TinnosukeGameLib\Assembly-CSharp.csproj]
C:\Users\macar\TinnosukeGameLib\Assets\GameLib\Script\Common\Trait\SO\TraitDefinitionSO.cs(144,14): warning CS0649: 繝輔ぅ繝ｼ繝ｫ繝・'TraitDefinitionSO._runOnRuntimeSpawnCommands' 縺ｯ蜑ｲ繧雁ｽ薙※繧峨ｌ縺ｾ縺帙ｓ縲ょｸｸ縺ｫ譌｢螳壼､ false 繧剃ｽｿ逕ｨ縺励∪縺・[C:\Users\macar\TinnosukeGameLib\Assembly-CSharp.csproj]
C:\Users\macar\TinnosukeGameLib\Assets\GameLib\Script\Common\DI\Runtime\SpecializedRuntimeTemplatePresets.cs(150,26): warning CS0649: 繝輔ぅ繝ｼ繝ｫ繝・'FirePatternRuntimeTemplatePreset.overrideFirePattern' 縺ｯ蜑ｲ繧雁ｽ薙※繧峨ｌ縺ｾ縺帙ｓ縲ょｸｸ縺ｫ譌｢螳壼､ null 繧剃ｽｿ逕ｨ縺励∪縺・[C:\Users\macar\TinnosukeGameLib\Assembly-CSharp.csproj]
C:\Users\macar\TinnosukeGameLib\Assets\GameLib\Script\Common\Variables\Dynamic\Core\DynamicSources.cs(3060,14): warning CS0649: 繝輔ぅ繝ｼ繝ｫ繝・'UIModalStackActorMatchSource.includeAffectedScope' 縺ｯ蜑ｲ繧雁ｽ薙※繧峨ｌ縺ｾ縺帙ｓ縲ょｸｸ縺ｫ譌｢螳壼､ false 繧剃ｽｿ逕ｨ縺励∪縺・[C:\Users\macar\TinnosukeGameLib\Assembly-CSharp.csproj]
C:\Users\macar\TinnosukeGameLib\Assets\GameLib\Script\Project\UI\Core\Toast\MB\ToastSystemMB.cs(100,31): warning CS0649: 繝輔ぅ繝ｼ繝ｫ繝・'ToastSystemMB.anchorReapplyOnRelayout' 縺ｯ蜑ｲ繧雁ｽ薙※繧峨ｌ縺ｾ縺帙ｓ縲ょｸｸ縺ｫ譌｢螳壼､ false 繧剃ｽｿ逕ｨ縺励∪縺・[C:\Users\macar\TinnosukeGameLib\Assembly-CSharp.csproj]
C:\Users\macar\TinnosukeGameLib\Assets\GameLib\Script\Common\Variables\Dynamic\Core\DynamicSources.cs(799,47): warning CS0649: 繝輔ぅ繝ｼ繝ｫ繝・'AssetParticleRuntimeTemplatePresetSource.value' 縺ｯ蜑ｲ繧雁ｽ薙※繧峨ｌ縺ｾ縺帙ｓ縲ょｸｸ縺ｫ譌｢螳壼､ null 繧剃ｽｿ逕ｨ縺励∪縺・[C:\Users\macar\TinnosukeGameLib\Assembly-CSharp.csproj]
C:\Users\macar\TinnosukeGameLib\Assets\GameLib\Script\Common\StatusEffect\Definition\StatusEffectDefinitionTypes.cs(455,42): warning CS0649: 繝輔ぅ繝ｼ繝ｫ繝・'ConfigurableStatusEffectDefinitionData.durationDefinition' 縺ｯ蜑ｲ繧雁ｽ薙※繧峨ｌ縺ｾ縺帙ｓ縲ょｸｸ縺ｫ譌｢螳壼､ null 繧剃ｽｿ逕ｨ縺励∪縺・[C:\Users\macar\TinnosukeGameLib\Assembly-CSharp.csproj]
C:\Users\macar\TinnosukeGameLib\Assets\GameLib\Script\Common\FirePattern\Patterns\BaseFirePattern.cs(25,42): warning CS0649: 繝輔ぅ繝ｼ繝ｫ繝・'BaseFirePattern._fireDefinition' 縺ｯ蜑ｲ繧雁ｽ薙※繧峨ｌ縺ｾ縺帙ｓ縲ょｸｸ縺ｫ譌｢螳壼､ null 繧剃ｽｿ逕ｨ縺励∪縺・[C:\Users\macar\TinnosukeGameLib\Assembly-CSharp.csproj]
C:\Users\macar\TinnosukeGameLib\Assets\GameLib\Script\Project\UI\Core\Elements\Slider\ChannelHub\SliderChannelHubMB.cs(96,14): warning CS0649: 繝輔ぅ繝ｼ繝ｫ繝・'SliderChannelDefinition._enableDebugLog' 縺ｯ蜑ｲ繧雁ｽ薙※繧峨ｌ縺ｾ縺帙ｓ縲ょｸｸ縺ｫ譌｢螳壼､ false 繧剃ｽｿ逕ｨ縺励∪縺・[C:\Users\macar\TinnosukeGameLib\Assembly-CSharp.csproj]
C:\Users\macar\TinnosukeGameLib\Assets\GameLib\Script\Project\System\Map\MB\MapNodePlayerMB.cs(31,20): warning CS0649: 繝輔ぅ繝ｼ繝ｫ繝・'MapNodePlayerMB._defaultParentTransform' 縺ｯ蜑ｲ繧雁ｽ薙※繧峨ｌ縺ｾ縺帙ｓ縲ょｸｸ縺ｫ譌｢螳壼､ null 繧剃ｽｿ逕ｨ縺励∪縺・[C:\Users\macar\TinnosukeGameLib\Assembly-CSharp.csproj]
C:\Users\macar\TinnosukeGameLib\Assets\GameLib\Script\Common\Variables\Dynamic\Sources\ActorDirectionDistanceSources.cs(22,21): warning CS0649: 繝輔ぅ繝ｼ繝ｫ繝・'ActorDirectionDistance2Source.actorA' 縺ｯ蜑ｲ繧雁ｽ薙※繧峨ｌ縺ｾ縺帙ｓ縲ょｸｸ縺ｫ譌｢螳壼､  繧剃ｽｿ逕ｨ縺励∪縺・[C:\Users\macar\TinnosukeGameLib\Assembly-CSharp.csproj]
C:\Users\macar\TinnosukeGameLib\Assets\GameLib\Script\Common\Trait\SO\TraitDefinitionSO.cs(126,14): warning CS0649: 繝輔ぅ繝ｼ繝ｫ繝・'TraitDefinitionSO._runOnRemoveCommands' 縺ｯ蜑ｲ繧雁ｽ薙※繧峨ｌ縺ｾ縺帙ｓ縲ょｸｸ縺ｫ譌｢螳壼､ false 繧剃ｽｿ逕ｨ縺励∪縺・[C:\Users\macar\TinnosukeGameLib\Assembly-CSharp.csproj]
C:\Users\macar\TinnosukeGameLib\Assets\GameLib\Script\Project\Scene\Transform\ChannelHub\MB\TransformManagerMB.cs(137,15): warning CS0649: 繝輔ぅ繝ｼ繝ｫ繝・'TransformManagerRotateGlobalValue._offsetDegrees' 縺ｯ蜑ｲ繧雁ｽ薙※繧峨ｌ縺ｾ縺帙ｓ縲ょｸｸ縺ｫ譌｢螳壼､ 0 繧剃ｽｿ逕ｨ縺励∪縺・[C:\Users\macar\TinnosukeGameLib\Assembly-CSharp.csproj]
C:\Users\macar\TinnosukeGameLib\Assets\GameLib\Script\Project\Scene\Channels\GridObjectChannel\GridObjectChannelHubMB.cs(74,14): warning CS0649: 繝輔ぅ繝ｼ繝ｫ繝・'GridObjectChannelDefinition._enableVerboseLayoutLog' 縺ｯ蜑ｲ繧雁ｽ薙※繧峨ｌ縺ｾ縺帙ｓ縲ょｸｸ縺ｫ譌｢螳壼､ false 繧剃ｽｿ逕ｨ縺励∪縺・[C:\Users\macar\TinnosukeGameLib\Assembly-CSharp.csproj]
C:\Users\macar\TinnosukeGameLib\Assets\GameLib\Script\Common\EmitterSpawn\Lines\CatmullRomSpawnLine.cs(14,31): warning CS0649: 繝輔ぅ繝ｼ繝ｫ繝・'CatmullRomSpawnLine._closed' 縺ｯ蜑ｲ繧雁ｽ薙※繧峨ｌ縺ｾ縺帙ｓ縲ょｸｸ縺ｫ譌｢螳壼､ false 繧剃ｽｿ逕ｨ縺励∪縺・[C:\Users\macar\TinnosukeGameLib\Assembly-CSharp.csproj]
C:\Users\macar\TinnosukeGameLib\Assets\GameLib\Script\Project\UI\Core\Tooltip\TooltipChannelHubMB.cs(73,14): warning CS0649: 繝輔ぅ繝ｼ繝ｫ繝・'TooltipChannelHubMB._applyTooltipRootOverride' 縺ｯ蜑ｲ繧雁ｽ薙※繧峨ｌ縺ｾ縺帙ｓ縲ょｸｸ縺ｫ譌｢螳壼､ false 繧剃ｽｿ逕ｨ縺励∪縺・[C:\Users\macar\TinnosukeGameLib\Assembly-CSharp.csproj]
C:\Users\macar\TinnosukeGameLib\Assets\GameLib\Script\Project\UI\Core\Tooltip\MB\TooltipSystemMB.cs(36,24): warning CS0649: 繝輔ぅ繝ｼ繝ｫ繝・'TooltipSystemMB.clampArea' 縺ｯ蜑ｲ繧雁ｽ薙※繧峨ｌ縺ｾ縺帙ｓ縲ょｸｸ縺ｫ譌｢螳壼､ null 繧剃ｽｿ逕ｨ縺励∪縺・[C:\Users\macar\TinnosukeGameLib\Assembly-CSharp.csproj]
C:\Users\macar\TinnosukeGameLib\Assets\GameLib\Script\Common\Variables\Dynamic\Core\DynamicSources.cs(1127,17): warning CS0649: 繝輔ぅ繝ｼ繝ｫ繝・'LiteralToVarStoreSource.vector4Value' 縺ｯ蜑ｲ繧雁ｽ薙※繧峨ｌ縺ｾ縺帙ｓ縲ょｸｸ縺ｫ譌｢螳壼､  繧剃ｽｿ逕ｨ縺励∪縺・[C:\Users\macar\TinnosukeGameLib\Assembly-CSharp.csproj]
C:\Users\macar\TinnosukeGameLib\Assets\GameLib\Script\Common\Trait\SO\TraitDefinitionSO.cs(102,14): warning CS0649: 繝輔ぅ繝ｼ繝ｫ繝・'TraitDefinitionSO._runOnHoldCommands' 縺ｯ蜑ｲ繧雁ｽ薙※繧峨ｌ縺ｾ縺帙ｓ縲ょｸｸ縺ｫ譌｢螳壼､ false 繧剃ｽｿ逕ｨ縺励∪縺・[C:\Users\macar\TinnosukeGameLib\Assembly-CSharp.csproj]
C:\Users\macar\TinnosukeGameLib\Assets\GameLib\Script\Project\Scene\Background\MB\BackgroundSystemMB.cs(49,37): warning CS0649: 繝輔ぅ繝ｼ繝ｫ繝・'BackgroundSystemMB.targetTransform' 縺ｯ蜑ｲ繧雁ｽ薙※繧峨ｌ縺ｾ縺帙ｓ縲ょｸｸ縺ｫ譌｢螳壼､ null 繧剃ｽｿ逕ｨ縺励∪縺・[C:\Users\macar\TinnosukeGameLib\Assembly-CSharp.csproj]
C:\Users\macar\TinnosukeGameLib\Assets\GameLib\Script\Common\Variables\Dynamic\Sources\TargetChannelTargetPositionSources.cs(96,21): warning CS0649: 繝輔ぅ繝ｼ繝ｫ繝・'TargetChannelTargetPosition3Source.filterActorSource' 縺ｯ蜑ｲ繧雁ｽ薙※繧峨ｌ縺ｾ縺帙ｓ縲ょｸｸ縺ｫ譌｢螳壼､  繧剃ｽｿ逕ｨ縺励∪縺・[C:\Users\macar\TinnosukeGameLib\Assembly-CSharp.csproj]
C:\Users\macar\TinnosukeGameLib\Assets\GameLib\Script\Collision\Unity\UnityCollisionSystemMB.cs(17,52): warning CS0649: 繝輔ぅ繝ｼ繝ｫ繝・'UnityCollisionSystemMB._profile' 縺ｯ蜑ｲ繧雁ｽ薙※繧峨ｌ縺ｾ縺帙ｓ縲ょｸｸ縺ｫ譌｢螳壼､ null 繧剃ｽｿ逕ｨ縺励∪縺・[C:\Users\macar\TinnosukeGameLib\Assembly-CSharp.csproj]
C:\Users\macar\TinnosukeGameLib\Assets\GameLib\Script\Project\Scene\RoomMap\SO\RoomMapProfileSO.cs(28,47): warning CS0649: 繝輔ぅ繝ｼ繝ｫ繝・'RoomMapProfileSO.visual' 縺ｯ蜑ｲ繧雁ｽ薙※繧峨ｌ縺ｾ縺帙ｓ縲ょｸｸ縺ｫ譌｢螳壼､ null 繧剃ｽｿ逕ｨ縺励∪縺・[C:\Users\macar\TinnosukeGameLib\Assembly-CSharp.csproj]
C:\Users\macar\TinnosukeGameLib\Assets\GameLib\Script\Project\Scene\Chunk\Core\ChunkCoreTypes.cs(157,28): warning CS0649: 繝輔ぅ繝ｼ繝ｫ繝・'ConditionalCommand.condition' 縺ｯ蜑ｲ繧雁ｽ薙※繧峨ｌ縺ｾ縺帙ｓ縲ょｸｸ縺ｫ譌｢螳壼､  繧剃ｽｿ逕ｨ縺励∪縺・[C:\Users\macar\TinnosukeGameLib\Assembly-CSharp.csproj]
C:\Users\macar\TinnosukeGameLib\Assets\GameLib\Script\Common\Variables\Profile\Core\CustomProfileDefinition.cs(201,15): warning CS0649: 繝輔ぅ繝ｼ繝ｫ繝・'ProfileDynamicValue._localBaseValue' 縺ｯ蜑ｲ繧雁ｽ薙※繧峨ｌ縺ｾ縺帙ｓ縲ょｸｸ縺ｫ譌｢螳壼､ 0 繧剃ｽｿ逕ｨ縺励∪縺・[C:\Users\macar\TinnosukeGameLib\Assembly-CSharp.csproj]
C:\Users\macar\TinnosukeGameLib\Assets\GameLib\Script\Common\Commands\Def\ValueBinding.cs(22,52): warning CS0649: 繝輔ぅ繝ｼ繝ｫ繝・'FlexibleValue<T>.variableKey' 縺ｯ蜑ｲ繧雁ｽ薙※繧峨ｌ縺ｾ縺帙ｓ縲ょｸｸ縺ｫ譌｢螳壼､ null 繧剃ｽｿ逕ｨ縺励∪縺・[C:\Users\macar\TinnosukeGameLib\Assembly-CSharp.csproj]
C:\Users\macar\TinnosukeGameLib\Assets\GameLib\Script\Project\Scene\Field\Entity\Spawner\EntityLifetimeScopeSpawnerMB.cs(19,37): warning CS0649: 繝輔ぅ繝ｼ繝ｫ繝・'EntityLifetimeScopeSpawnerMB.root' 縺ｯ蜑ｲ繧雁ｽ薙※繧峨ｌ縺ｾ縺帙ｓ縲ょｸｸ縺ｫ譌｢螳壼､ null 繧剃ｽｿ逕ｨ縺励∪縺・[C:\Users\macar\TinnosukeGameLib\Assembly-CSharp.csproj]
C:\Users\macar\TinnosukeGameLib\Assets\GameLib\Script\Common\Movement\MoveToInputPoint\MB\MoveToInputPointController.cs(45,41): warning CS0649: 繝輔ぅ繝ｼ繝ｫ繝・'MoveToInputPointController.monitorRules' 縺ｯ蜑ｲ繧雁ｽ薙※繧峨ｌ縺ｾ縺帙ｓ縲ょｸｸ縺ｫ譌｢螳壼､ null 繧剃ｽｿ逕ｨ縺励∪縺・[C:\Users\macar\TinnosukeGameLib\Assembly-CSharp.csproj]
C:\Users\macar\TinnosukeGameLib\Assets\GameLib\Script\Common\Variables\Dynamic\Sources\TransformAnimationChannelDirectionSources.cs(236,21): warning CS0649: 繝輔ぅ繝ｼ繝ｫ繝・'TransformAnimationChannelAngleSource.actorSource' 縺ｯ蜑ｲ繧雁ｽ薙※繧峨ｌ縺ｾ縺帙ｓ縲ょｸｸ縺ｫ譌｢螳壼､  繧剃ｽｿ逕ｨ縺励∪縺・[C:\Users\macar\TinnosukeGameLib\Assembly-CSharp.csproj]
C:\Users\macar\TinnosukeGameLib\Assets\GameLib\Script\Common\Variables\Dynamic\Sources\TransformAnimationChannelPositionSources.cs(55,14): warning CS0649: 繝輔ぅ繝ｼ繝ｫ繝・'TransformAnimationChannelPosition2Source.debugLogEnabled' 縺ｯ蜑ｲ繧雁ｽ薙※繧峨ｌ縺ｾ縺帙ｓ縲ょｸｸ縺ｫ譌｢螳壼､ false 繧剃ｽｿ逕ｨ縺励∪縺・[C:\Users\macar\TinnosukeGameLib\Assembly-CSharp.csproj]
C:\Users\macar\TinnosukeGameLib\Assets\GameLib\Script\Project\Scene\RoomMap\SO\RoomMapProfileSO.cs(58,32): warning CS0649: 繝輔ぅ繝ｼ繝ｫ繝・'RoomMapProfileSO.baseRotationDegZ' 縺ｯ蜑ｲ繧雁ｽ薙※繧峨ｌ縺ｾ縺帙ｓ縲ょｸｸ縺ｫ譌｢螳壼､ 0 繧剃ｽｿ逕ｨ縺励∪縺・[C:\Users\macar\TinnosukeGameLib\Assembly-CSharp.csproj]
C:\Users\macar\TinnosukeGameLib\Assets\GameLib\Script\Common\Commands\VNext\Catalog\CommandCatalogEntry.cs(11,40): warning CS0649: 繝輔ぅ繝ｼ繝ｫ繝・'CommandCatalogEntry.key' 縺ｯ蜑ｲ繧雁ｽ薙※繧峨ｌ縺ｾ縺帙ｓ縲ょｸｸ縺ｫ譌｢螳壼､  繧剃ｽｿ逕ｨ縺励∪縺・[C:\Users\macar\TinnosukeGameLib\Assembly-CSharp.csproj]
C:\Users\macar\TinnosukeGameLib\Assets\GameLib\Script\Project\Scene\SelectableRuntime\MB\SelectRuntimeManagerMB.cs(36,17): warning CS0649: 繝輔ぅ繝ｼ繝ｫ繝・'SelectRuntimeManagerMB._worldCamera' 縺ｯ蜑ｲ繧雁ｽ薙※繧峨ｌ縺ｾ縺帙ｓ縲ょｸｸ縺ｫ譌｢螳壼､ null 繧剃ｽｿ逕ｨ縺励∪縺・[C:\Users\macar\TinnosukeGameLib\Assembly-CSharp.csproj]
C:\Users\macar\TinnosukeGameLib\Assets\GameLib\Script\Project\System\SceneFlow\MB\SceneFlowInstallerMB.cs(51,36): warning CS0649: 繝輔ぅ繝ｼ繝ｫ繝・'SceneFlowInstallerMB.messageVar' 縺ｯ蜑ｲ繧雁ｽ薙※繧峨ｌ縺ｾ縺帙ｓ縲ょｸｸ縺ｫ譌｢螳壼､  繧剃ｽｿ逕ｨ縺励∪縺・[C:\Users\macar\TinnosukeGameLib\Assembly-CSharp.csproj]
C:\Users\macar\TinnosukeGameLib\Assets\GameLib\Script\Common\Variables\Dynamic\Sources\ActorDistanceBoolSource.cs(25,21): warning CS0649: 繝輔ぅ繝ｼ繝ｫ繝・'ActorDistanceCompareBoolSource.actorA' 縺ｯ蜑ｲ繧雁ｽ薙※繧峨ｌ縺ｾ縺帙ｓ縲ょｸｸ縺ｫ譌｢螳壼､  繧剃ｽｿ逕ｨ縺励∪縺・[C:\Users\macar\TinnosukeGameLib\Assembly-CSharp.csproj]
C:\Users\macar\TinnosukeGameLib\Assets\GameLib\Script\Common\Variables\Dynamic\Core\DynamicSources.cs(2180,13): warning CS0649: 繝輔ぅ繝ｼ繝ｫ繝・'SelfTableCellExistsSource.tableVarId' 縺ｯ蜑ｲ繧雁ｽ薙※繧峨ｌ縺ｾ縺帙ｓ縲ょｸｸ縺ｫ譌｢螳壼､ 0 繧剃ｽｿ逕ｨ縺励∪縺・[C:\Users\macar\TinnosukeGameLib\Assembly-CSharp.csproj]
C:\Users\macar\TinnosukeGameLib\Assets\GameLib\Script\Project\UI\Core\VisualBounds\MB\VisualBoundsMB.cs(81,31): warning CS0649: 繝輔ぅ繝ｼ繝ｫ繝・'VisualBoundsMB.executeOnBoundsChanged' 縺ｯ蜑ｲ繧雁ｽ薙※繧峨ｌ縺ｾ縺帙ｓ縲ょｸｸ縺ｫ譌｢螳壼､ false 繧剃ｽｿ逕ｨ縺励∪縺・[C:\Users\macar\TinnosukeGameLib\Assembly-CSharp.csproj]
C:\Users\macar\TinnosukeGameLib\Assets\GameLib\Script\Project\UI\Core\Elements\Slider\ChannelHub\SliderChannelHubMB.cs(162,14): warning CS0649: 繝輔ぅ繝ｼ繝ｫ繝・'SliderChannelHubMB._enableBindingDebugLog' 縺ｯ蜑ｲ繧雁ｽ薙※繧峨ｌ縺ｾ縺帙ｓ縲ょｸｸ縺ｫ譌｢螳壼､ false 繧剃ｽｿ逕ｨ縺励∪縺・[C:\Users\macar\TinnosukeGameLib\Assembly-CSharp.csproj]
C:\Users\macar\TinnosukeGameLib\Assets\GameLib\Script\Project\Scene\Channels\Scroll\ScrollChannelHubMB.cs(16,34): warning CS0649: 繝輔ぅ繝ｼ繝ｫ繝・'ScrollChannelHubMB.worldCamera' 縺ｯ蜑ｲ繧雁ｽ薙※繧峨ｌ縺ｾ縺帙ｓ縲ょｸｸ縺ｫ譌｢螳壼､ null 繧剃ｽｿ逕ｨ縺励∪縺・[C:\Users\macar\TinnosukeGameLib\Assembly-CSharp.csproj]
C:\Users\macar\TinnosukeGameLib\Assets\GameLib\Script\Project\Scene\SelectableRuntime\MB\UserMoveRotateRuntimeMB.cs(114,21): warning CS0649: 繝輔ぅ繝ｼ繝ｫ繝・'UserMoveRotateRuntimeMB._areaActorSource' 縺ｯ蜑ｲ繧雁ｽ薙※繧峨ｌ縺ｾ縺帙ｓ縲ょｸｸ縺ｫ譌｢螳壼､  繧剃ｽｿ逕ｨ縺励∪縺・[C:\Users\macar\TinnosukeGameLib\Assembly-CSharp.csproj]
C:\Users\macar\TinnosukeGameLib\Assets\GameLib\Script\Common\Variables\Profile\Core\CustomProfileDefinition.cs(151,28): warning CS0649: 繝輔ぅ繝ｼ繝ｫ繝・'ProfileDynamicValue._unityObjectValue' 縺ｯ蜑ｲ繧雁ｽ薙※繧峨ｌ縺ｾ縺帙ｓ縲ょｸｸ縺ｫ譌｢螳壼､ null 繧剃ｽｿ逕ｨ縺励∪縺・[C:\Users\macar\TinnosukeGameLib\Assembly-CSharp.csproj]
C:\Users\macar\TinnosukeGameLib\Assets\GameLib\Script\Common\Variables\Dynamic\Sources\ActorDirectionDistanceSources.cs(76,21): warning CS0649: 繝輔ぅ繝ｼ繝ｫ繝・'ActorDirectionDistance3Source.actorB' 縺ｯ蜑ｲ繧雁ｽ薙※繧峨ｌ縺ｾ縺帙ｓ縲ょｸｸ縺ｫ譌｢螳壼､  繧剃ｽｿ逕ｨ縺励∪縺・[C:\Users\macar\TinnosukeGameLib\Assembly-CSharp.csproj]
C:\Users\macar\TinnosukeGameLib\Assets\GameLib\Script\Project\UI\Core\VisualBounds\MB\VisualBoundsMB.cs(127,31): warning CS0649: 繝輔ぅ繝ｼ繝ｫ繝・'VisualBoundsMB.rebuildEveryGui' 縺ｯ蜑ｲ繧雁ｽ薙※繧峨ｌ縺ｾ縺帙ｓ縲ょｸｸ縺ｫ譌｢螳壼､ false 繧剃ｽｿ逕ｨ縺励∪縺・[C:\Users\macar\TinnosukeGameLib\Assembly-CSharp.csproj]
C:\Users\macar\TinnosukeGameLib\Assets\GameLib\Script\Project\Scene\Chunk\Biome\ChunkBiomeDefinitionSO.cs(12,33): warning CS0649: 繝輔ぅ繝ｼ繝ｫ繝・'ChunkBiomeParamRange.key' 縺ｯ蜑ｲ繧雁ｽ薙※繧峨ｌ縺ｾ縺帙ｓ縲ょｸｸ縺ｫ譌｢螳壼､ null 繧剃ｽｿ逕ｨ縺励∪縺・[C:\Users\macar\TinnosukeGameLib\Assembly-CSharp.csproj]
C:\Users\macar\TinnosukeGameLib\Assets\GameLib\Script\Project\UI\Core\VisualBounds\MB\VisualBoundsReactiveHubMB.cs(43,18): warning CS0649: 繝輔ぅ繝ｼ繝ｫ繝・'VisualBoundsReactiveHubMB.Settings._enableDebugLog' 縺ｯ蜑ｲ繧雁ｽ薙※繧峨ｌ縺ｾ縺帙ｓ縲ょｸｸ縺ｫ譌｢螳壼､ false 繧剃ｽｿ逕ｨ縺励∪縺・[C:\Users\macar\TinnosukeGameLib\Assembly-CSharp.csproj]
C:\Users\macar\TinnosukeGameLib\Assets\GameLib\Script\Common\Variables\Dynamic\Sources\RandomRangeSources.cs(349,14): warning CS0649: 繝輔ぅ繝ｼ繝ｫ繝・'RandomVector3RangeSource.useVarianceController' 縺ｯ蜑ｲ繧雁ｽ薙※繧峨ｌ縺ｾ縺帙ｓ縲ょｸｸ縺ｫ譌｢螳壼､ false 繧剃ｽｿ逕ｨ縺励∪縺・[C:\Users\macar\TinnosukeGameLib\Assembly-CSharp.csproj]
C:\Users\macar\TinnosukeGameLib\Assets\GameLib\Script\Common\StatusEffect\MB\StatusEffectMB.cs(235,15): warning CS0649: 繝輔ぅ繝ｼ繝ｫ繝・'StatusEffectMB._debugIntensityF' 縺ｯ蜑ｲ繧雁ｽ薙※繧峨ｌ縺ｾ縺帙ｓ縲ょｸｸ縺ｫ譌｢螳壼､ 0 繧剃ｽｿ逕ｨ縺励∪縺・[C:\Users\macar\TinnosukeGameLib\Assembly-CSharp.csproj]
C:\Users\macar\TinnosukeGameLib\Assets\GameLib\Script\Common\Time\Timer\TimerHubTypes.cs(62,35): warning CS0649: 繝輔ぅ繝ｼ繝ｫ繝・'TimerOutputTarget.blackboardScope' 縺ｯ蜑ｲ繧雁ｽ薙※繧峨ｌ縺ｾ縺帙ｓ縲ょｸｸ縺ｫ譌｢螳壼､  繧剃ｽｿ逕ｨ縺励∪縺・[C:\Users\macar\TinnosukeGameLib\Assembly-CSharp.csproj]
C:\Users\macar\TinnosukeGameLib\Assets\GameLib\Script\Project\StatusEffect\GameLogicScalarStatusEffectDefinitionData.cs(76,42): warning CS0649: 繝輔ぅ繝ｼ繝ｫ繝・'GameLogicScalarStatusEffectDefinitionData.durationDefinition' 縺ｯ蜑ｲ繧雁ｽ薙※繧峨ｌ縺ｾ縺帙ｓ縲ょｸｸ縺ｫ譌｢螳壼､ null 繧剃ｽｿ逕ｨ縺励∪縺・[C:\Users\macar\TinnosukeGameLib\Assembly-CSharp.csproj]
C:\Users\macar\TinnosukeGameLib\Assets\GameLib\Script\Common\Variables\Dynamic\Sources\TargetChannelTargetPositionSources.cs(25,21): warning CS0649: 繝輔ぅ繝ｼ繝ｫ繝・'TargetChannelTargetPosition2Source.channelOwnerActorSource' 縺ｯ蜑ｲ繧雁ｽ薙※繧峨ｌ縺ｾ縺帙ｓ縲ょｸｸ縺ｫ譌｢螳壼､  繧剃ｽｿ逕ｨ縺励∪縺・[C:\Users\macar\TinnosukeGameLib\Assembly-CSharp.csproj]
C:\Users\macar\TinnosukeGameLib\Assets\GameLib\Script\Project\Scene\Channels\Parallax\ParallaxChannelTypes.cs(116,37): warning CS0649: 繝輔ぅ繝ｼ繝ｫ繝・'ParallaxChannelDef.specificCameraTransform' 縺ｯ蜑ｲ繧雁ｽ薙※繧峨ｌ縺ｾ縺帙ｓ縲ょｸｸ縺ｫ譌｢螳壼､ null 繧剃ｽｿ逕ｨ縺励∪縺・[C:\Users\macar\TinnosukeGameLib\Assembly-CSharp.csproj]
C:\Users\macar\TinnosukeGameLib\Assets\GameLib\Script\Project\Scene\Channels\Light2D\Light2DPlayerPreset.cs(118,14): warning CS0649: 繝輔ぅ繝ｼ繝ｫ繝・'Light2DPlayerRuntimeMutation._applyGlobalIntensity' 縺ｯ蜑ｲ繧雁ｽ薙※繧峨ｌ縺ｾ縺帙ｓ縲ょｸｸ縺ｫ譌｢螳壼､ false 繧剃ｽｿ逕ｨ縺励∪縺・[C:\Users\macar\TinnosukeGameLib\Assembly-CSharp.csproj]
C:\Users\macar\TinnosukeGameLib\Assets\GameLib\Script\Common\Variables\Profile\Core\CustomProfileDefinition.cs(242,19): warning CS0649: 繝輔ぅ繝ｼ繝ｫ繝・'ProfileDynamicValue._blackboardSaveLayer' 縺ｯ蜑ｲ繧雁ｽ薙※繧峨ｌ縺ｾ縺帙ｓ縲ょｸｸ縺ｫ譌｢螳壼､  繧剃ｽｿ逕ｨ縺励∪縺・[C:\Users\macar\TinnosukeGameLib\Assembly-CSharp.csproj]
C:\Users\macar\TinnosukeGameLib\Assets\GameLib\Script\Project\Scene\SelectableRuntime\MB\UserMoveRotateRuntimeMB.cs(97,20): warning CS0649: 繝輔ぅ繝ｼ繝ｫ繝・'UserMoveRotateRuntimeMB._rotateTargetTransform' 縺ｯ蜑ｲ繧雁ｽ薙※繧峨ｌ縺ｾ縺帙ｓ縲ょｸｸ縺ｫ譌｢螳壼､ null 繧剃ｽｿ逕ｨ縺励∪縺・[C:\Users\macar\TinnosukeGameLib\Assembly-CSharp.csproj]
C:\Users\macar\TinnosukeGameLib\Assets\GameLib\Script\Collision\MB\BulkCollisionSystemMB.cs(21,51): warning CS0649: 繝輔ぅ繝ｼ繝ｫ繝・'BulkCollisionSystemMB._profile' 縺ｯ蜑ｲ繧雁ｽ薙※繧峨ｌ縺ｾ縺帙ｓ縲ょｸｸ縺ｫ譌｢螳壼､ null 繧剃ｽｿ逕ｨ縺励∪縺・[C:\Users\macar\TinnosukeGameLib\Assembly-CSharp.csproj]
C:\Users\macar\TinnosukeGameLib\Assets\GameLib\Script\Common\Variables\Profile\Core\CustomProfileDefinition.cs(219,19): warning CS0649: 繝輔ぅ繝ｼ繝ｫ繝・'ProfileDynamicValue._scalarSaveLayer' 縺ｯ蜑ｲ繧雁ｽ薙※繧峨ｌ縺ｾ縺帙ｓ縲ょｸｸ縺ｫ譌｢螳壼､  繧剃ｽｿ逕ｨ縺励∪縺・[C:\Users\macar\TinnosukeGameLib\Assembly-CSharp.csproj]
C:\Users\macar\TinnosukeGameLib\Assets\GameLib\Script\Common\Time\Timer\TimerHubTypes.cs(50,19): warning CS0649: 繝輔ぅ繝ｼ繝ｫ繝・'TimerOutputTarget.scalarKey' 縺ｯ蜑ｲ繧雁ｽ薙※繧峨ｌ縺ｾ縺帙ｓ縲ょｸｸ縺ｫ譌｢螳壼､  繧剃ｽｿ逕ｨ縺励∪縺・[C:\Users\macar\TinnosukeGameLib\Assembly-CSharp.csproj]
C:\Users\macar\TinnosukeGameLib\Assets\GameLib\Script\Common\Variables\Dynamic\Sources\VisualBoundsSources.cs(105,21): warning CS0649: 繝輔ぅ繝ｼ繝ｫ繝・'VisualBoundsValue3Source.boundsOwnerActorSource' 縺ｯ蜑ｲ繧雁ｽ薙※繧峨ｌ縺ｾ縺帙ｓ縲ょｸｸ縺ｫ譌｢螳壼､  繧剃ｽｿ逕ｨ縺励∪縺・[C:\Users\macar\TinnosukeGameLib\Assembly-CSharp.csproj]
C:\Users\macar\TinnosukeGameLib\Assets\GameLib\Script\Common\Variables\Dynamic\Sources\RandomRangeSources.cs(21,14): warning CS0649: 繝輔ぅ繝ｼ繝ｫ繝・'RandomIntRangeSource.useVarianceController' 縺ｯ蜑ｲ繧雁ｽ薙※繧峨ｌ縺ｾ縺帙ｓ縲ょｸｸ縺ｫ譌｢螳壼､ false 繧剃ｽｿ逕ｨ縺励∪縺・[C:\Users\macar\TinnosukeGameLib\Assembly-CSharp.csproj]
C:\Users\macar\TinnosukeGameLib\Assets\GameLib\Script\Common\Variables\Dynamic\Core\DynamicSources.cs(2287,13): warning CS0649: 繝輔ぅ繝ｼ繝ｫ繝・'SelfTableCellSource.tableVarId' 縺ｯ蜑ｲ繧雁ｽ薙※繧峨ｌ縺ｾ縺帙ｓ縲ょｸｸ縺ｫ譌｢螳壼､ 0 繧剃ｽｿ逕ｨ縺励∪縺・[C:\Users\macar\TinnosukeGameLib\Assembly-CSharp.csproj]
C:\Users\macar\TinnosukeGameLib\Assets\GameLib\Script\Common\Variables\Dynamic\Core\DynamicSources.cs(2028,13): warning CS0649: 繝輔ぅ繝ｼ繝ｫ繝・'OtherTableRowCountSource.tableVarId' 縺ｯ蜑ｲ繧雁ｽ薙※繧峨ｌ縺ｾ縺帙ｓ縲ょｸｸ縺ｫ譌｢螳壼､ 0 繧剃ｽｿ逕ｨ縺励∪縺・[C:\Users\macar\TinnosukeGameLib\Assembly-CSharp.csproj]
C:\Users\macar\TinnosukeGameLib\Assets\GameLib\Script\Common\Variables\Profile\Core\CustomProfileDefinition.cs(195,14): warning CS0649: 繝輔ぅ繝ｼ繝ｫ繝・'ProfileDynamicValue._useLocalBase' 縺ｯ蜑ｲ繧雁ｽ薙※繧峨ｌ縺ｾ縺帙ｓ縲ょｸｸ縺ｫ譌｢螳壼､ false 繧剃ｽｿ逕ｨ縺励∪縺・[C:\Users\macar\TinnosukeGameLib\Assembly-CSharp.csproj]
C:\Users\macar\TinnosukeGameLib\Assets\GameLib\Script\Common\Variables\Dynamic\Sources\TransformAnimationChannelDirectionSources.cs(38,21): warning CS0649: 繝輔ぅ繝ｼ繝ｫ繝・'TransformAnimationChannelDirection2Source.actorSource' 縺ｯ蜑ｲ繧雁ｽ薙※繧峨ｌ縺ｾ縺帙ｓ縲ょｸｸ縺ｫ譌｢螳壼､  繧剃ｽｿ逕ｨ縺励∪縺・[C:\Users\macar\TinnosukeGameLib\Assembly-CSharp.csproj]
C:\Users\macar\TinnosukeGameLib\Assets\GameLib\Script\Common\StatusEffect\MB\StatusEffectMB.cs(238,15): warning CS0649: 繝輔ぅ繝ｼ繝ｫ繝・'StatusEffectMB._debugIntensityG' 縺ｯ蜑ｲ繧雁ｽ薙※繧峨ｌ縺ｾ縺帙ｓ縲ょｸｸ縺ｫ譌｢螳壼､ 0 繧剃ｽｿ逕ｨ縺励∪縺・[C:\Users\macar\TinnosukeGameLib\Assembly-CSharp.csproj]
C:\Users\macar\TinnosukeGameLib\Assets\GameLib\Script\Project\UI\Core\VisualBounds\MB\VisualBoundsMB.cs(113,31): warning CS0649: 繝輔ぅ繝ｼ繝ｫ繝・'VisualBoundsMB.commandDebugLog' 縺ｯ蜑ｲ繧雁ｽ薙※繧峨ｌ縺ｾ縺帙ｓ縲ょｸｸ縺ｫ譌｢螳壼､ false 繧剃ｽｿ逕ｨ縺励∪縺・[C:\Users\macar\TinnosukeGameLib\Assembly-CSharp.csproj]
C:\Users\macar\TinnosukeGameLib\Assets\GameLib\Script\Project\Scene\Chunk\MB\ChunkContentPlannerMB.cs(18,42): warning CS0649: 繝輔ぅ繝ｼ繝ｫ繝・'ChunkContentPlannerMB.defaultProfile' 縺ｯ蜑ｲ繧雁ｽ薙※繧峨ｌ縺ｾ縺帙ｓ縲ょｸｸ縺ｫ譌｢螳壼､ null 繧剃ｽｿ逕ｨ縺励∪縺・[C:\Users\macar\TinnosukeGameLib\Assembly-CSharp.csproj]
C:\Users\macar\TinnosukeGameLib\Assets\GameLib\Script\Project\Scene\RoomMap\SO\RoomMapProfileSO.cs(64,32): warning CS0649: 繝輔ぅ繝ｼ繝ｫ繝・'RoomMapProfileSO.delayPerCellSeconds' 縺ｯ蜑ｲ繧雁ｽ薙※繧峨ｌ縺ｾ縺帙ｓ縲ょｸｸ縺ｫ譌｢螳壼､ 0 繧剃ｽｿ逕ｨ縺励∪縺・[C:\Users\macar\TinnosukeGameLib\Assembly-CSharp.csproj]
C:\Users\macar\TinnosukeGameLib\Assets\GameLib\Script\Common\Variables\Profile\Core\CustomProfileDefinition.cs(169,14): warning CS0649: 繝輔ぅ繝ｼ繝ｫ繝・'ProfileDynamicValue._useEffectMod' 縺ｯ蜑ｲ繧雁ｽ薙※繧峨ｌ縺ｾ縺帙ｓ縲ょｸｸ縺ｫ譌｢螳壼､ false 繧剃ｽｿ逕ｨ縺励∪縺・[C:\Users\macar\TinnosukeGameLib\Assembly-CSharp.csproj]
C:\Users\macar\TinnosukeGameLib\Assets\GameLib\Script\Common\StatusEffect\MB\StatusEffectMB.cs(220,15): warning CS0649: 繝輔ぅ繝ｼ繝ｫ繝・'StatusEffectMB._debugIntensityA' 縺ｯ蜑ｲ繧雁ｽ薙※繧峨ｌ縺ｾ縺帙ｓ縲ょｸｸ縺ｫ譌｢螳壼､ 0 繧剃ｽｿ逕ｨ縺励∪縺・[C:\Users\macar\TinnosukeGameLib\Assembly-CSharp.csproj]
C:\Users\macar\TinnosukeGameLib\Assets\GameLib\Script\Common\Variables\Dynamic\Core\DynamicSources.cs(814,43): warning CS0649: 繝輔ぅ繝ｼ繝ｫ繝・'LiteralFirePatternRuntimeTemplatePresetSource.value' 縺ｯ蜑ｲ繧雁ｽ薙※繧峨ｌ縺ｾ縺帙ｓ縲ょｸｸ縺ｫ譌｢螳壼､ null 繧剃ｽｿ逕ｨ縺励∪縺・[C:\Users\macar\TinnosukeGameLib\Assembly-CSharp.csproj]
C:\Users\macar\TinnosukeGameLib\Assets\GameLib\Script\Common\Variables\Binding\ExternalBoolBinding.cs(42,19): warning CS0649: 繝輔ぅ繝ｼ繝ｫ繝・'ExternalBoolBindingOptions._scalarKey' 縺ｯ蜑ｲ繧雁ｽ薙※繧峨ｌ縺ｾ縺帙ｓ縲ょｸｸ縺ｫ譌｢螳壼､  繧剃ｽｿ逕ｨ縺励∪縺・[C:\Users\macar\TinnosukeGameLib\Assembly-CSharp.csproj]
C:\Users\macar\TinnosukeGameLib\Assets\GameLib\Script\Project\Scene\Chunk\MB\ChunkStreamerMB.cs(55,37): warning CS0649: 繝輔ぅ繝ｼ繝ｫ繝・'ChunkStreamerMB.chunkParent' 縺ｯ蜑ｲ繧雁ｽ薙※繧峨ｌ縺ｾ縺帙ｓ縲ょｸｸ縺ｫ譌｢螳壼､ null 繧剃ｽｿ逕ｨ縺励∪縺・[C:\Users\macar\TinnosukeGameLib\Assembly-CSharp.csproj]
C:\Users\macar\TinnosukeGameLib\Assets\GameLib\Script\Common\Variables\Profile\Core\CustomProfileDefinition.cs(139,17): warning CS0649: 繝輔ぅ繝ｼ繝ｫ繝・'ProfileDynamicValue._vector3Value' 縺ｯ蜑ｲ繧雁ｽ薙※繧峨ｌ縺ｾ縺帙ｓ縲ょｸｸ縺ｫ譌｢螳壼､  繧剃ｽｿ逕ｨ縺励∪縺・[C:\Users\macar\TinnosukeGameLib\Assembly-CSharp.csproj]
C:\Users\macar\TinnosukeGameLib\Assets\GameLib\Script\Project\System\Map\MB\MapNodeSystemMB.cs(22,27): warning CS0649: 繝輔ぅ繝ｼ繝ｫ繝・'MapNodeSystemMB._defaultProfile' 縺ｯ蜑ｲ繧雁ｽ薙※繧峨ｌ縺ｾ縺帙ｓ縲ょｸｸ縺ｫ譌｢螳壼､ null 繧剃ｽｿ逕ｨ縺励∪縺・[C:\Users\macar\TinnosukeGameLib\Assembly-CSharp.csproj]
C:\Users\macar\TinnosukeGameLib\Assets\GameLib\Script\Project\System\SceneFlow\MB\SceneFlowInstallerMB.cs(53,36): warning CS0649: 繝輔ぅ繝ｼ繝ｫ繝・'SceneFlowInstallerMB.progressVar' 縺ｯ蜑ｲ繧雁ｽ薙※繧峨ｌ縺ｾ縺帙ｓ縲ょｸｸ縺ｫ譌｢螳壼､  繧剃ｽｿ逕ｨ縺励∪縺・[C:\Users\macar\TinnosukeGameLib\Assembly-CSharp.csproj]
C:\Users\macar\TinnosukeGameLib\Assets\GameLib\Script\Project\Scene\Chunk\Biome\ChunkBiomeTypes.cs(29,14): warning CS0649: 繝輔ぅ繝ｼ繝ｫ繝・'ChunkAxisSettings.axisInvertX' 縺ｯ蜑ｲ繧雁ｽ薙※繧峨ｌ縺ｾ縺帙ｓ縲ょｸｸ縺ｫ譌｢螳壼､ false 繧剃ｽｿ逕ｨ縺励∪縺・[C:\Users\macar\TinnosukeGameLib\Assembly-CSharp.csproj]
C:\Users\macar\TinnosukeGameLib\Assets\GameLib\Script\Project\Scene\SelectableRuntime\MB\UserMoveRotateRuntimeMB.cs(126,15): warning CS0649: 繝輔ぅ繝ｼ繝ｫ繝・'UserMoveRotateRuntimeMB._minDistanceToOtherSelectable' 縺ｯ蜑ｲ繧雁ｽ薙※繧峨ｌ縺ｾ縺帙ｓ縲ょｸｸ縺ｫ譌｢螳壼､ 0 繧剃ｽｿ逕ｨ縺励∪縺・[C:\Users\macar\TinnosukeGameLib\Assembly-CSharp.csproj]
C:\Users\macar\TinnosukeGameLib\Assets\GameLib\Script\Project\Scene\RoomMap\SO\RoomMapTileVisualSO.cs(22,35): warning CS0649: 繝輔ぅ繝ｼ繝ｫ繝・'RoomMapTileVisualSO.autoTileRuleSet' 縺ｯ蜑ｲ繧雁ｽ薙※繧峨ｌ縺ｾ縺帙ｓ縲ょｸｸ縺ｫ譌｢螳壼､ null 繧剃ｽｿ逕ｨ縺励∪縺・[C:\Users\macar\TinnosukeGameLib\Assembly-CSharp.csproj]
C:\Users\macar\TinnosukeGameLib\Assets\GameLib\Script\Common\Variables\Dynamic\Sources\StatusEffectSources.cs(43,21): warning CS0649: 繝輔ぅ繝ｼ繝ｫ繝・'ActiveStatusEffectDescriptionsSource.actorSource' 縺ｯ蜑ｲ繧雁ｽ薙※繧峨ｌ縺ｾ縺帙ｓ縲ょｸｸ縺ｫ譌｢螳壼､  繧剃ｽｿ逕ｨ縺励∪縺・[C:\Users\macar\TinnosukeGameLib\Assembly-CSharp.csproj]
C:\Users\macar\TinnosukeGameLib\Assets\GameLib\Script\Common\Variables\Dynamic\Core\DynamicSources.cs(494,35): warning CS0649: 繝輔ぅ繝ｼ繝ｫ繝・'LiteralTransformAnimationPresetSource.value' 縺ｯ蜑ｲ繧雁ｽ薙※繧峨ｌ縺ｾ縺帙ｓ縲ょｸｸ縺ｫ譌｢螳壼､ null 繧剃ｽｿ逕ｨ縺励∪縺・[C:\Users\macar\TinnosukeGameLib\Assembly-CSharp.csproj]
C:\Users\macar\TinnosukeGameLib\Assets\GameLib\Script\Project\Scene\Channels\Transform\TransformChannelDef.cs(132,31): warning CS0649: 繝輔ぅ繝ｼ繝ｫ繝・'TransformChannelDef.playOnSpawnPreset' 縺ｯ蜑ｲ繧雁ｽ薙※繧峨ｌ縺ｾ縺帙ｓ縲ょｸｸ縺ｫ譌｢螳壼､ false 繧剃ｽｿ逕ｨ縺励∪縺・[C:\Users\macar\TinnosukeGameLib\Assembly-CSharp.csproj]
C:\Users\macar\TinnosukeGameLib\Assets\GameLib\Script\Common\Variables\Dynamic\Sources\TransformAnimationChannelDirectionSources.cs(169,14): warning CS0649: 繝輔ぅ繝ｼ繝ｫ繝・'TransformAnimationChannelDirection3Source.debugLogEnabled' 縺ｯ蜑ｲ繧雁ｽ薙※繧峨ｌ縺ｾ縺帙ｓ縲ょｸｸ縺ｫ譌｢螳壼､ false 繧剃ｽｿ逕ｨ縺励∪縺・[C:\Users\macar\TinnosukeGameLib\Assembly-CSharp.csproj]
C:\Users\macar\TinnosukeGameLib\Assets\GameLib\Script\Project\Scene\NoiseProducer\Definition\NoiseStageDefinition.cs(33,32): warning CS0649: 繝輔ぅ繝ｼ繝ｫ繝・'NoiseStageDefinition._phase' 縺ｯ蜑ｲ繧雁ｽ薙※繧峨ｌ縺ｾ縺帙ｓ縲ょｸｸ縺ｫ譌｢螳壼､ 0 繧剃ｽｿ逕ｨ縺励∪縺・[C:\Users\macar\TinnosukeGameLib\Assembly-CSharp.csproj]
C:\Users\macar\TinnosukeGameLib\Assets\GameLib\Script\Common\StatusEffect\MB\StatusEffectMB.cs(217,60): warning CS0649: 繝輔ぅ繝ｼ繝ｫ繝・'StatusEffectMB._debugDefinition' 縺ｯ蜑ｲ繧雁ｽ薙※繧峨ｌ縺ｾ縺帙ｓ縲ょｸｸ縺ｫ譌｢螳壼､ null 繧剃ｽｿ逕ｨ縺励∪縺・[C:\Users\macar\TinnosukeGameLib\Assembly-CSharp.csproj]
C:\Users\macar\TinnosukeGameLib\Assets\GameLib\Script\Common\DI\Runtime\SpecializedRuntimeTemplatePresets.cs(154,14): warning CS0649: 繝輔ぅ繝ｼ繝ｫ繝・'FirePatternRuntimeTemplatePreset.configureAnimation' 縺ｯ蜑ｲ繧雁ｽ薙※繧峨ｌ縺ｾ縺帙ｓ縲ょｸｸ縺ｫ譌｢螳壼､ false 繧剃ｽｿ逕ｨ縺励∪縺・[C:\Users\macar\TinnosukeGameLib\Assembly-CSharp.csproj]
C:\Users\macar\TinnosukeGameLib\Assets\GameLib\Script\Project\Scene\Background\MB\BackgroundSystemMB.cs(45,34): warning CS0649: 繝輔ぅ繝ｼ繝ｫ繝・'BackgroundSystemMB.uiCamera' 縺ｯ蜑ｲ繧雁ｽ薙※繧峨ｌ縺ｾ縺帙ｓ縲ょｸｸ縺ｫ譌｢螳壼､ null 繧剃ｽｿ逕ｨ縺励∪縺・[C:\Users\macar\TinnosukeGameLib\Assembly-CSharp.csproj]
C:\Users\macar\TinnosukeGameLib\Assets\GameLib\Script\Common\FPSDisplay.cs(84,27): warning CS0649: 繝輔ぅ繝ｼ繝ｫ繝・'FPSDisplay.forceExclusiveFullscreenOnWindows' 縺ｯ蜑ｲ繧雁ｽ薙※繧峨ｌ縺ｾ縺帙ｓ縲ょｸｸ縺ｫ譌｢螳壼､ false 繧剃ｽｿ逕ｨ縺励∪縺・[C:\Users\macar\TinnosukeGameLib\Assembly-CSharp.csproj]
C:\Users\macar\TinnosukeGameLib\Assets\GameLib\Script\Project\Scene\Chunk\Biome\ChunkBiomeTypes.cs(19,25): warning CS0649: 繝輔ぅ繝ｼ繝ｫ繝・'ChunkAxisSettings.axisSource' 縺ｯ蜑ｲ繧雁ｽ薙※繧峨ｌ縺ｾ縺帙ｓ縲ょｸｸ縺ｫ譌｢螳壼､  繧剃ｽｿ逕ｨ縺励∪縺・[C:\Users\macar\TinnosukeGameLib\Assembly-CSharp.csproj]
C:\Users\macar\TinnosukeGameLib\Assets\GameLib\Script\Project\UI\Core\Elements\ScrollRect\UIScrollRectMB.cs(17,24): warning CS0649: 繝輔ぅ繝ｼ繝ｫ繝・'UIScrollRectMB._content' 縺ｯ蜑ｲ繧雁ｽ薙※繧峨ｌ縺ｾ縺帙ｓ縲ょｸｸ縺ｫ譌｢螳壼､ null 繧剃ｽｿ逕ｨ縺励∪縺・[C:\Users\macar\TinnosukeGameLib\Assembly-CSharp.csproj]
  Assembly-CSharp -> c:\Users\macar\TinnosukeGameLib\Temp\bin\Debug\Assembly-CSharp.dll
  Assembly-CSharp-Editor -> C:\Users\macar\TinnosukeGameLib\Temp\bin\Debug\Assembly-CSharp-Editor.dll

繝薙Ν繝峨↓謌仙粥縺励∪縺励◆縲・

C:\Users\macar\TinnosukeGameLib\Assets\vInspector\VInspectorEditor.cs(1390,23): warning CS0649: 繝輔ぅ繝ｼ繝ｫ繝・'VInspectorEditor.declaringTypeChangeMarker' 縺ｯ蜑ｲ繧雁ｽ薙※繧峨ｌ縺ｾ縺帙ｓ縲ょｸｸ縺ｫ譌｢螳壼､ null 繧剃ｽｿ逕ｨ縺励∪縺・[C:\Users\macar\TinnosukeGameLib\VInspector.csproj]
C:\Users\macar\TinnosukeGameLib\Assets\Plugins\Easy Save 3\Scripts\Types\Unity Types\ES3Type_Light.cs(33,39): warning CS0618: 'Light.cookieSize' 縺ｯ譌ｧ蠖｢蠑上〒縺・('Light.cookieSize has been deprecated. Use Light.cookieSize2D instead.') [C:\Users\macar\TinnosukeGameLib\Assembly-CSharp-firstpass.csproj]
C:\Users\macar\TinnosukeGameLib\Assets\Plugins\Easy Save 3\Scripts\Types\Unity Types\ES3Type_Light.cs(90,7): warning CS0618: 'Light.cookieSize' 縺ｯ譌ｧ蠖｢蠑上〒縺・('Light.cookieSize has been deprecated. Use Light.cookieSize2D instead.') [C:\Users\macar\TinnosukeGameLib\Assembly-CSharp-firstpass.csproj]
C:\Users\macar\TinnosukeGameLib\Assets\Plugins\Febucci\Text Animator for Unity\Samples\Quick Start\Scripts\Runtime\ExampleEvents.cs(27,51): warning CS0649: 繝輔ぅ繝ｼ繝ｫ繝・'ExampleEvents.dialoguesLines' 縺ｯ蜑ｲ繧雁ｽ薙※繧峨ｌ縺ｾ縺帙ｓ縲ょｸｸ縺ｫ譌｢螳壼､ null 繧剃ｽｿ逕ｨ縺励∪縺・[C:\Users\macar\TinnosukeGameLib\Assembly-CSharp-firstpass.csproj]
C:\Users\macar\TinnosukeGameLib\Assets\Plugins\Febucci\Text Animator for Unity\Samples\Quick Start\Scripts\Runtime\ExampleEvents.cs(28,35): warning CS0649: 繝輔ぅ繝ｼ繝ｫ繝・'ExampleEvents.faces' 縺ｯ蜑ｲ繧雁ｽ薙※繧峨ｌ縺ｾ縺帙ｓ縲ょｸｸ縺ｫ譌｢螳壼､ null 繧剃ｽｿ逕ｨ縺励∪縺・[C:\Users\macar\TinnosukeGameLib\Assembly-CSharp-firstpass.csproj]
C:\Users\macar\TinnosukeGameLib\Assets\Plugins\Febucci\Text Animator for Unity\Samples\Quick Start\Scripts\Runtime\ExampleEvents.cs(30,37): warning CS0649: 繝輔ぅ繝ｼ繝ｫ繝・'ExampleEvents.continueText' 縺ｯ蜑ｲ繧雁ｽ薙※繧峨ｌ縺ｾ縺帙ｓ縲ょｸｸ縺ｫ譌｢螳壼､ null 繧剃ｽｿ逕ｨ縺励∪縺・[C:\Users\macar\TinnosukeGameLib\Assembly-CSharp-firstpass.csproj]
C:\Users\macar\TinnosukeGameLib\Assets\Plugins\Febucci\Text Animator for Unity\Samples\Quick Start\Scripts\Runtime\ExampleEvents.cs(29,41): warning CS0649: 繝輔ぅ繝ｼ繝ｫ繝・'ExampleEvents.faceRenderer' 縺ｯ蜑ｲ繧雁ｽ薙※繧峨ｌ縺ｾ縺帙ｓ縲ょｸｸ縺ｫ譌｢螳壼､ null 繧剃ｽｿ逕ｨ縺励∪縺・[C:\Users\macar\TinnosukeGameLib\Assembly-CSharp-firstpass.csproj]
C:\Users\macar\TinnosukeGameLib\Assets\Plugins\Febucci\Text Animator for Unity\Samples\Quick Start\Scripts\Runtime\ExampleEvents.cs(31,38): warning CS0649: 繝輔ぅ繝ｼ繝ｫ繝・'ExampleEvents.crates' 縺ｯ蜑ｲ繧雁ｽ薙※繧峨ｌ縺ｾ縺帙ｓ縲ょｸｸ縺ｫ譌｢螳壼､ null 繧剃ｽｿ逕ｨ縺励∪縺・[C:\Users\macar\TinnosukeGameLib\Assembly-CSharp-firstpass.csproj]
C:\Users\macar\TinnosukeGameLib\Assets\Plugins\Febucci\Text Animator for Unity\Samples\Quick Start\Scripts\Runtime\ExampleEvents.cs(26,46): warning CS0649: 繝輔ぅ繝ｼ繝ｫ繝・'ExampleEvents.typewriter' 縺ｯ蜑ｲ繧雁ｽ薙※繧峨ｌ縺ｾ縺帙ｓ縲ょｸｸ縺ｫ譌｢螳壼､ null 繧剃ｽｿ逕ｨ縺励∪縺・[C:\Users\macar\TinnosukeGameLib\Assembly-CSharp-firstpass.csproj]
C:\Users\macar\TinnosukeGameLib\Assets\Plugins\Easy Save 3\Editor\ES3Postprocessor.cs(148,31): warning CS0618: 'EditorUtility.InstanceIDToObject(int)' 縺ｯ譌ｧ蠖｢蠑上〒縺・('InstanceIDToObject(int) is obsolete. Use EditorUtility.EntityIdToObject instead.') [C:\Users\macar\TinnosukeGameLib\Assembly-CSharp-Editor-firstpass.csproj]
C:\Users\macar\TinnosukeGameLib\Assets\GameLib\Script\Project\Scene\Background\Core\BackgroundTypes.cs(118,16): warning CS0618: 'BaseLifetimeScope' 縺ｯ譌ｧ蠖｢蠑上〒縺・('Legacy BaseLifetimeScope name is kept only for migration. Use RuntimeLifetimeScopeBase/RuntimeLifetimeScope for new scopes.') [C:\Users\macar\TinnosukeGameLib\Assembly-CSharp.csproj]
C:\Users\macar\TinnosukeGameLib\Assets\GameLib\Script\Project\Scene\Background\Core\BackgroundTypes.cs(118,16): warning CS0618: 'BaseLifetimeScope' 縺ｯ譌ｧ蠖｢蠑上〒縺・('Legacy BaseLifetimeScope name is kept only for migration. Use RuntimeLifetimeScopeBase/RuntimeLifetimeScope for new scopes.') [C:\Users\macar\TinnosukeGameLib\Assembly-CSharp.csproj]
C:\Users\macar\TinnosukeGameLib\Assets\GameLib\Script\Project\Scene\Background\Core\BackgroundTypes.cs(129,13): warning CS0618: 'BaseLifetimeScope' 縺ｯ譌ｧ蠖｢蠑上〒縺・('Legacy BaseLifetimeScope name is kept only for migration. Use RuntimeLifetimeScopeBase/RuntimeLifetimeScope for new scopes.') [C:\Users\macar\TinnosukeGameLib\Assembly-CSharp.csproj]
C:\Users\macar\TinnosukeGameLib\Assets\GameLib\Script\Project\Scene\Background\Core\BackgroundTypes.cs(129,13): warning CS0618: 'BaseLifetimeScope' 縺ｯ譌ｧ蠖｢蠑上〒縺・('Legacy BaseLifetimeScope name is kept only for migration. Use RuntimeLifetimeScopeBase/RuntimeLifetimeScope for new scopes.') [C:\Users\macar\TinnosukeGameLib\Assembly-CSharp.csproj]
C:\Users\macar\TinnosukeGameLib\Assets\GameLib\Script\Project\Scene\Background\Runtime\BackgroundSystemService.cs(662,17): warning CS0618: 'BaseLifetimeScope' 縺ｯ譌ｧ蠖｢蠑上〒縺・('Legacy BaseLifetimeScope name is kept only for migration. Use RuntimeLifetimeScopeBase/RuntimeLifetimeScope for new scopes.') [C:\Users\macar\TinnosukeGameLib\Assembly-CSharp.csproj]
C:\Users\macar\TinnosukeGameLib\Assets\GameLib\Script\Project\Scene\Background\Runtime\BackgroundSystemService.cs(662,17): warning CS0618: 'BaseLifetimeScope' 縺ｯ譌ｧ蠖｢蠑上〒縺・('Legacy BaseLifetimeScope name is kept only for migration. Use RuntimeLifetimeScopeBase/RuntimeLifetimeScope for new scopes.') [C:\Users\macar\TinnosukeGameLib\Assembly-CSharp.csproj]
C:\Users\macar\TinnosukeGameLib\Assets\GameLib\Script\Project\System\SceneFlow\LoadingManager\Service\LoadingScreenService.cs(42,9): warning CS0618: 'BaseLifetimeScope' 縺ｯ譌ｧ蠖｢蠑上〒縺・('Legacy BaseLifetimeScope name is kept only for migration. Use RuntimeLifetimeScopeBase/RuntimeLifetimeScope for new scopes.') [C:\Users\macar\TinnosukeGameLib\Assembly-CSharp.csproj]
C:\Users\macar\TinnosukeGameLib\Assets\GameLib\Script\Project\Scene\RoomMap\Runtime\RoomMapInstance.cs(24,29): warning CS0618: 'BaseLifetimeScope' 縺ｯ譌ｧ蠖｢蠑上〒縺・('Legacy BaseLifetimeScope name is kept only for migration. Use RuntimeLifetimeScopeBase/RuntimeLifetimeScope for new scopes.') [C:\Users\macar\TinnosukeGameLib\Assembly-CSharp.csproj]
C:\Users\macar\TinnosukeGameLib\Assets\GameLib\Script\Project\Scene\RoomMap\Runtime\RoomMapInstance.cs(24,29): warning CS0618: 'BaseLifetimeScope' 縺ｯ譌ｧ蠖｢蠑上〒縺・('Legacy BaseLifetimeScope name is kept only for migration. Use RuntimeLifetimeScopeBase/RuntimeLifetimeScope for new scopes.') [C:\Users\macar\TinnosukeGameLib\Assembly-CSharp.csproj]
C:\Users\macar\TinnosukeGameLib\Assets\GameLib\Script\Project\Scene\RoomMap\Runtime\RoomMapInstance.cs(39,17): warning CS0618: 'BaseLifetimeScope' 縺ｯ譌ｧ蠖｢蠑上〒縺・('Legacy BaseLifetimeScope name is kept only for migration. Use RuntimeLifetimeScopeBase/RuntimeLifetimeScope for new scopes.') [C:\Users\macar\TinnosukeGameLib\Assembly-CSharp.csproj]
C:\Users\macar\TinnosukeGameLib\Assets\GameLib\Script\Project\Scene\RoomMap\Runtime\RoomMapInstance.cs(39,17): warning CS0618: 'BaseLifetimeScope' 縺ｯ譌ｧ蠖｢蠑上〒縺・('Legacy BaseLifetimeScope name is kept only for migration. Use RuntimeLifetimeScopeBase/RuntimeLifetimeScope for new scopes.') [C:\Users\macar\TinnosukeGameLib\Assembly-CSharp.csproj]
C:\Users\macar\TinnosukeGameLib\Assets\GameLib\Script\Project\Scene\RoomMap\Runtime\RoomMapInstance.cs(81,29): warning CS0618: 'BaseLifetimeScope' 縺ｯ譌ｧ蠖｢蠑上〒縺・('Legacy BaseLifetimeScope name is kept only for migration. Use RuntimeLifetimeScopeBase/RuntimeLifetimeScope for new scopes.') [C:\Users\macar\TinnosukeGameLib\Assembly-CSharp.csproj]
C:\Users\macar\TinnosukeGameLib\Assets\GameLib\Script\Project\Scene\RoomMap\Runtime\RoomMapInstance.cs(81,29): warning CS0618: 'BaseLifetimeScope' 縺ｯ譌ｧ蠖｢蠑上〒縺・('Legacy BaseLifetimeScope name is kept only for migration. Use RuntimeLifetimeScopeBase/RuntimeLifetimeScope for new scopes.') [C:\Users\macar\TinnosukeGameLib\Assembly-CSharp.csproj]
C:\Users\macar\TinnosukeGameLib\Assets\GameLib\Script\Project\Scene\RoomMap\Runtime\RoomMapInstance.cs(93,17): warning CS0618: 'BaseLifetimeScope' 縺ｯ譌ｧ蠖｢蠑上〒縺・('Legacy BaseLifetimeScope name is kept only for migration. Use RuntimeLifetimeScopeBase/RuntimeLifetimeScope for new scopes.') [C:\Users\macar\TinnosukeGameLib\Assembly-CSharp.csproj]
C:\Users\macar\TinnosukeGameLib\Assets\GameLib\Script\Project\Scene\RoomMap\Runtime\RoomMapInstance.cs(93,17): warning CS0618: 'BaseLifetimeScope' 縺ｯ譌ｧ蠖｢蠑上〒縺・('Legacy BaseLifetimeScope name is kept only for migration. Use RuntimeLifetimeScopeBase/RuntimeLifetimeScope for new scopes.') [C:\Users\macar\TinnosukeGameLib\Assembly-CSharp.csproj]
C:\Users\macar\TinnosukeGameLib\Assets\GameLib\Script\Project\System\Map\Runtime\MapNodeVisualizer.cs(749,17): warning CS0618: 'BaseLifetimeScope' 縺ｯ譌ｧ蠖｢蠑上〒縺・('Legacy BaseLifetimeScope name is kept only for migration. Use RuntimeLifetimeScopeBase/RuntimeLifetimeScope for new scopes.') [C:\Users\macar\TinnosukeGameLib\Assembly-CSharp.csproj]
C:\Users\macar\TinnosukeGameLib\Assets\GameLib\Script\Project\System\Map\Runtime\MapNodeVisualizer.cs(749,17): warning CS0618: 'BaseLifetimeScope' 縺ｯ譌ｧ蠖｢蠑上〒縺・('Legacy BaseLifetimeScope name is kept only for migration. Use RuntimeLifetimeScopeBase/RuntimeLifetimeScope for new scopes.') [C:\Users\macar\TinnosukeGameLib\Assembly-CSharp.csproj]
C:\Users\macar\TinnosukeGameLib\Assets\GameLib\Script\Project\Scene\RoomMap\Runtime\RoomMapBuilder.cs(308,17): warning CS0618: 'BaseLifetimeScope' 縺ｯ譌ｧ蠖｢蠑上〒縺・('Legacy BaseLifetimeScope name is kept only for migration. Use RuntimeLifetimeScopeBase/RuntimeLifetimeScope for new scopes.') [C:\Users\macar\TinnosukeGameLib\Assembly-CSharp.csproj]
C:\Users\macar\TinnosukeGameLib\Assets\GameLib\Script\Project\Scene\RoomMap\Runtime\RoomMapBuilder.cs(308,17): warning CS0618: 'BaseLifetimeScope' 縺ｯ譌ｧ蠖｢蠑上〒縺・('Legacy BaseLifetimeScope name is kept only for migration. Use RuntimeLifetimeScopeBase/RuntimeLifetimeScope for new scopes.') [C:\Users\macar\TinnosukeGameLib\Assembly-CSharp.csproj]
C:\Users\macar\TinnosukeGameLib\Assets\GameLib\Script\Project\Scene\Channels\Scroll\ScrollChannelHubService.cs(662,17): warning CS0618: 'BaseLifetimeScope' 縺ｯ譌ｧ蠖｢蠑上〒縺・('Legacy BaseLifetimeScope name is kept only for migration. Use RuntimeLifetimeScopeBase/RuntimeLifetimeScope for new scopes.') [C:\Users\macar\TinnosukeGameLib\Assembly-CSharp.csproj]
C:\Users\macar\TinnosukeGameLib\Assets\GameLib\Script\Project\Scene\Channels\Scroll\ScrollChannelHubService.cs(662,17): warning CS0618: 'BaseLifetimeScope' 縺ｯ譌ｧ蠖｢蠑上〒縺・('Legacy BaseLifetimeScope name is kept only for migration. Use RuntimeLifetimeScopeBase/RuntimeLifetimeScope for new scopes.') [C:\Users\macar\TinnosukeGameLib\Assembly-CSharp.csproj]
C:\Users\macar\TinnosukeGameLib\Assets\GameLib\Script\Project\Scene\Channels\Scroll\ScrollChannelRuntimePlayer.cs(16,16): warning CS0618: 'BaseLifetimeScope' 縺ｯ譌ｧ蠖｢蠑上〒縺・('Legacy BaseLifetimeScope name is kept only for migration. Use RuntimeLifetimeScopeBase/RuntimeLifetimeScope for new scopes.') [C:\Users\macar\TinnosukeGameLib\Assembly-CSharp.csproj]
C:\Users\macar\TinnosukeGameLib\Assets\GameLib\Script\Project\Scene\Channels\Scroll\ScrollChannelRuntimePlayer.cs(16,16): warning CS0618: 'BaseLifetimeScope' 縺ｯ譌ｧ蠖｢蠑上〒縺・('Legacy BaseLifetimeScope name is kept only for migration. Use RuntimeLifetimeScopeBase/RuntimeLifetimeScope for new scopes.') [C:\Users\macar\TinnosukeGameLib\Assembly-CSharp.csproj]
C:\Users\macar\TinnosukeGameLib\Assets\GameLib\Script\Project\Scene\Channels\Scroll\ScrollChannelRuntimePlayer.cs(26,13): warning CS0618: 'BaseLifetimeScope' 縺ｯ譌ｧ蠖｢蠑上〒縺・('Legacy BaseLifetimeScope name is kept only for migration. Use RuntimeLifetimeScopeBase/RuntimeLifetimeScope for new scopes.') [C:\Users\macar\TinnosukeGameLib\Assembly-CSharp.csproj]
C:\Users\macar\TinnosukeGameLib\Assets\GameLib\Script\Project\Scene\Channels\Scroll\ScrollChannelRuntimePlayer.cs(26,13): warning CS0618: 'BaseLifetimeScope' 縺ｯ譌ｧ蠖｢蠑上〒縺・('Legacy BaseLifetimeScope name is kept only for migration. Use RuntimeLifetimeScopeBase/RuntimeLifetimeScope for new scopes.') [C:\Users\macar\TinnosukeGameLib\Assembly-CSharp.csproj]
C:\Users\macar\TinnosukeGameLib\Assets\GameLib\Script\Project\Scene\Chunk\Runtime\ChunkFactoryService.cs(188,17): warning CS0618: 'BaseLifetimeScope' 縺ｯ譌ｧ蠖｢蠑上〒縺・('Legacy BaseLifetimeScope name is kept only for migration. Use RuntimeLifetimeScopeBase/RuntimeLifetimeScope for new scopes.') [C:\Users\macar\TinnosukeGameLib\Assembly-CSharp.csproj]
C:\Users\macar\TinnosukeGameLib\Assets\GameLib\Script\Project\Scene\Chunk\Runtime\ChunkFactoryService.cs(188,17): warning CS0618: 'BaseLifetimeScope' 縺ｯ譌ｧ蠖｢蠑上〒縺・('Legacy BaseLifetimeScope name is kept only for migration. Use RuntimeLifetimeScopeBase/RuntimeLifetimeScope for new scopes.') [C:\Users\macar\TinnosukeGameLib\Assembly-CSharp.csproj]
C:\Users\macar\TinnosukeGameLib\Assets\GameLib\Script\Project\Scene\Chunk\Core\ChunkCoreTypes.cs(130,25): warning CS0618: 'BaseLifetimeScope' 縺ｯ譌ｧ蠖｢蠑上〒縺・('Legacy BaseLifetimeScope name is kept only for migration. Use RuntimeLifetimeScopeBase/RuntimeLifetimeScope for new scopes.') [C:\Users\macar\TinnosukeGameLib\Assembly-CSharp.csproj]
C:\Users\macar\TinnosukeGameLib\Assets\GameLib\Script\Project\Scene\Chunk\Core\ChunkCoreTypes.cs(130,25): warning CS0618: 'BaseLifetimeScope' 縺ｯ譌ｧ蠖｢蠑上〒縺・('Legacy BaseLifetimeScope name is kept only for migration. Use RuntimeLifetimeScopeBase/RuntimeLifetimeScope for new scopes.') [C:\Users\macar\TinnosukeGameLib\Assembly-CSharp.csproj]
C:\Users\macar\TinnosukeGameLib\Assets\GameLib\Script\Project\Scene\Chunk\Core\ChunkCoreTypes.cs(139,13): warning CS0618: 'BaseLifetimeScope' 縺ｯ譌ｧ蠖｢蠑上〒縺・('Legacy BaseLifetimeScope name is kept only for migration. Use RuntimeLifetimeScopeBase/RuntimeLifetimeScope for new scopes.') [C:\Users\macar\TinnosukeGameLib\Assembly-CSharp.csproj]
C:\Users\macar\TinnosukeGameLib\Assets\GameLib\Script\Project\Scene\Chunk\Core\ChunkCoreTypes.cs(139,13): warning CS0618: 'BaseLifetimeScope' 縺ｯ譌ｧ蠖｢蠑上〒縺・('Legacy BaseLifetimeScope name is kept only for migration. Use RuntimeLifetimeScopeBase/RuntimeLifetimeScope for new scopes.') [C:\Users\macar\TinnosukeGameLib\Assembly-CSharp.csproj]
C:\Users\macar\TinnosukeGameLib\Assets\GameLib\Script\Project\UI\TraitList\Services\UITraitListVisualizerService.cs(869,17): warning CS0618: 'BaseLifetimeScope' 縺ｯ譌ｧ蠖｢蠑上〒縺・('Legacy BaseLifetimeScope name is kept only for migration. Use RuntimeLifetimeScopeBase/RuntimeLifetimeScope for new scopes.') [C:\Users\macar\TinnosukeGameLib\Assembly-CSharp.csproj]
C:\Users\macar\TinnosukeGameLib\Assets\GameLib\Script\Project\UI\TraitList\Services\UITraitListVisualizerService.cs(869,17): warning CS0618: 'BaseLifetimeScope' 縺ｯ譌ｧ蠖｢蠑上〒縺・('Legacy BaseLifetimeScope name is kept only for migration. Use RuntimeLifetimeScopeBase/RuntimeLifetimeScope for new scopes.') [C:\Users\macar\TinnosukeGameLib\Assembly-CSharp.csproj]
C:\Users\macar\TinnosukeGameLib\Assets\GameLib\Script\Common\Trait\SO\TraitDefinitionSO.cs(486,17): warning CS8602: null 蜿ら・縺ｮ蜿ｯ閭ｽ諤ｧ縺後≠繧九ｂ縺ｮ縺ｮ騾・盾辣ｧ縺ｧ縺吶・[C:\Users\macar\TinnosukeGameLib\Assembly-CSharp.csproj]
C:\Users\macar\TinnosukeGameLib\Assets\GameLib\Script\Common\Variables\Dynamic\Sources\TraitDefinitionSources.cs(68,26): warning CS0618: 'BaseLifetimeScope' 縺ｯ譌ｧ蠖｢蠑上〒縺・('Legacy BaseLifetimeScope name is kept only for migration. Use RuntimeLifetimeScopeBase/RuntimeLifetimeScope for new scopes.') [C:\Users\macar\TinnosukeGameLib\Assembly-CSharp.csproj]
C:\Users\macar\TinnosukeGameLib\Assets\GameLib\Script\Project\Scene\Channels\Rotation\Core\VelocityDrivenRotationService.cs(538,50): warning CS0618: 'BaseLifetimeScope' 縺ｯ譌ｧ蠖｢蠑上〒縺・('Legacy BaseLifetimeScope name is kept only for migration. Use RuntimeLifetimeScopeBase/RuntimeLifetimeScope for new scopes.') [C:\Users\macar\TinnosukeGameLib\Assembly-CSharp.csproj]
C:\Users\macar\TinnosukeGameLib\Assets\GameLib\Script\Project\System\SceneFlow\LoadingManager\Service\LoadingScreenService.cs(74,36): warning CS0618: 'BaseLifetimeScope' 縺ｯ譌ｧ蠖｢蠑上〒縺・('Legacy BaseLifetimeScope name is kept only for migration. Use RuntimeLifetimeScopeBase/RuntimeLifetimeScope for new scopes.') [C:\Users\macar\TinnosukeGameLib\Assembly-CSharp.csproj]
C:\Users\macar\TinnosukeGameLib\Assets\GameLib\Script\Common\Variables\Dynamic\Core\DynamicSources.cs(1824,18): warning CS8602: null 蜿ら・縺ｮ蜿ｯ閭ｽ諤ｧ縺後≠繧九ｂ縺ｮ縺ｮ騾・盾辣ｧ縺ｧ縺吶・[C:\Users\macar\TinnosukeGameLib\Assembly-CSharp.csproj]
C:\Users\macar\TinnosukeGameLib\Assets\GameLib\Script\Common\Variables\Dynamic\Core\DynamicSources.cs(1406,18): warning CS8602: null 蜿ら・縺ｮ蜿ｯ閭ｽ諤ｧ縺後≠繧九ｂ縺ｮ縺ｮ騾・盾辣ｧ縺ｧ縺吶・[C:\Users\macar\TinnosukeGameLib\Assembly-CSharp.csproj]
C:\Users\macar\TinnosukeGameLib\Assets\GameLib\Script\Common\Variables\Dynamic\Core\DynamicSources.cs(1681,18): warning CS8602: null 蜿ら・縺ｮ蜿ｯ閭ｽ諤ｧ縺後≠繧九ｂ縺ｮ縺ｮ騾・盾辣ｧ縺ｧ縺吶・[C:\Users\macar\TinnosukeGameLib\Assembly-CSharp.csproj]
C:\Users\macar\TinnosukeGameLib\Assets\GameLib\Script\Common\Variables\Dynamic\Core\DynamicSources.cs(1973,18): warning CS8602: null 蜿ら・縺ｮ蜿ｯ閭ｽ諤ｧ縺後≠繧九ｂ縺ｮ縺ｮ騾・盾辣ｧ縺ｧ縺吶・[C:\Users\macar\TinnosukeGameLib\Assembly-CSharp.csproj]
C:\Users\macar\TinnosukeGameLib\Assets\GameLib\Script\Common\Variables\Dynamic\Sources\TransformAnimationChannelDirectionSources.cs(401,50): warning CS0618: 'BaseLifetimeScope' 縺ｯ譌ｧ蠖｢蠑上〒縺・('Legacy BaseLifetimeScope name is kept only for migration. Use RuntimeLifetimeScopeBase/RuntimeLifetimeScope for new scopes.') [C:\Users\macar\TinnosukeGameLib\Assembly-CSharp.csproj]
C:\Users\macar\TinnosukeGameLib\Assets\GameLib\Script\Common\Commands\Core\MonitorChannelRuntime.cs(480,48): warning CS0618: 'BaseLifetimeScope' 縺ｯ譌ｧ蠖｢蠑上〒縺・('Legacy BaseLifetimeScope name is kept only for migration. Use RuntimeLifetimeScopeBase/RuntimeLifetimeScope for new scopes.') [C:\Users\macar\TinnosukeGameLib\Assembly-CSharp.csproj]
C:\Users\macar\TinnosukeGameLib\Assets\GameLib\Script\Common\Commands\VNext\Executors\Trait\TraitLotteryExecutor.cs(144,26): warning CS0618: 'BaseLifetimeScope' 縺ｯ譌ｧ蠖｢蠑上〒縺・('Legacy BaseLifetimeScope name is kept only for migration. Use RuntimeLifetimeScopeBase/RuntimeLifetimeScope for new scopes.') [C:\Users\macar\TinnosukeGameLib\Assembly-CSharp.csproj]
C:\Users\macar\TinnosukeGameLib\Assets\GameLib\Script\Common\Commands\VNext\Executors\UI\UIControlExecutor.cs(272,26): warning CS0618: 'BaseLifetimeScope' 縺ｯ譌ｧ蠖｢蠑上〒縺・('Legacy BaseLifetimeScope name is kept only for migration. Use RuntimeLifetimeScopeBase/RuntimeLifetimeScope for new scopes.') [C:\Users\macar\TinnosukeGameLib\Assembly-CSharp.csproj]
C:\Users\macar\TinnosukeGameLib\Assets\GameLib\Script\Common\Commands\Core\MonitorChannelHub.cs(979,43): warning CS8604: 'bool IVarStore.TrySetManagedRef(int varId, object value)' 蜀・・繝代Λ繝｡繝ｼ繧ｿ繝ｼ 'value' 縺ｫ Null 蜿ら・蠑墓焚縺後≠繧句庄閭ｽ諤ｧ縺後≠繧翫∪縺吶・[C:\Users\macar\TinnosukeGameLib\Assembly-CSharp.csproj]
C:\Users\macar\TinnosukeGameLib\Assets\GameLib\Script\Common\Commands\VNext\Executors\Spawn\SpawnRuntimeTemplateExecutor.cs(202,26): warning CS0618: 'BaseLifetimeScope' 縺ｯ譌ｧ蠖｢蠑上〒縺・('Legacy BaseLifetimeScope name is kept only for migration. Use RuntimeLifetimeScopeBase/RuntimeLifetimeScope for new scopes.') [C:\Users\macar\TinnosukeGameLib\Assembly-CSharp.csproj]
C:\Users\macar\TinnosukeGameLib\Assets\GameLib\Script\Common\Commands\VNext\Executors\Channels\AreaChannelControlExecutor.cs(100,26): warning CS0618: 'BaseLifetimeScope' 縺ｯ譌ｧ蠖｢蠑上〒縺・('Legacy BaseLifetimeScope name is kept only for migration. Use RuntimeLifetimeScopeBase/RuntimeLifetimeScope for new scopes.') [C:\Users\macar\TinnosukeGameLib\Assembly-CSharp.csproj]
C:\Users\macar\TinnosukeGameLib\Assets\GameLib\Script\Project\UI\TraitListChannel\Commands\TraitListChannelExecutors.cs(110,26): warning CS0618: 'BaseLifetimeScope' 縺ｯ譌ｧ蠖｢蠑上〒縺・('Legacy BaseLifetimeScope name is kept only for migration. Use RuntimeLifetimeScopeBase/RuntimeLifetimeScope for new scopes.') [C:\Users\macar\TinnosukeGameLib\Assembly-CSharp.csproj]
C:\Users\macar\TinnosukeGameLib\Assets\GameLib\Script\Common\Commands\VNext\Executors\Core\LifecycleExecutors.cs(105,26): warning CS0618: 'BaseLifetimeScope' 縺ｯ譌ｧ蠖｢蠑上〒縺・('Legacy BaseLifetimeScope name is kept only for migration. Use RuntimeLifetimeScopeBase/RuntimeLifetimeScope for new scopes.') [C:\Users\macar\TinnosukeGameLib\Assembly-CSharp.csproj]
C:\Users\macar\TinnosukeGameLib\Assets\GameLib\Script\Common\Commands\VNext\Executors\Core\CommandChannelControlExecutor.cs(117,26): warning CS0618: 'BaseLifetimeScope' 縺ｯ譌ｧ蠖｢蠑上〒縺・('Legacy BaseLifetimeScope name is kept only for migration. Use RuntimeLifetimeScopeBase/RuntimeLifetimeScope for new scopes.') [C:\Users\macar\TinnosukeGameLib\Assembly-CSharp.csproj]
C:\Users\macar\TinnosukeGameLib\Assets\GameLib\Script\Common\Commands\VNext\Executors\UI\DialogExecutors.cs(237,26): warning CS0618: 'BaseLifetimeScope' 縺ｯ譌ｧ蠖｢蠑上〒縺・('Legacy BaseLifetimeScope name is kept only for migration. Use RuntimeLifetimeScopeBase/RuntimeLifetimeScope for new scopes.') [C:\Users\macar\TinnosukeGameLib\Assembly-CSharp.csproj]
C:\Users\macar\TinnosukeGameLib\Assets\GameLib\Script\Common\Commands\VNext\Executors\Trait\RuntimeTraitPresentationCommandMutationExecutor.cs(51,26): warning CS0618: 'BaseLifetimeScope' 縺ｯ譌ｧ蠖｢蠑上〒縺・('Legacy BaseLifetimeScope name is kept only for migration. Use RuntimeLifetimeScopeBase/RuntimeLifetimeScope for new scopes.') [C:\Users\macar\TinnosukeGameLib\Assembly-CSharp.csproj]
C:\Users\macar\TinnosukeGameLib\Assets\GameLib\Script\Common\Commands\VNext\Core\ActorSourceFastResolver.cs(361,43): warning CS0618: 'BaseLifetimeScope' 縺ｯ譌ｧ蠖｢蠑上〒縺・('Legacy BaseLifetimeScope name is kept only for migration. Use RuntimeLifetimeScopeBase/RuntimeLifetimeScope for new scopes.') [C:\Users\macar\TinnosukeGameLib\Assembly-CSharp.csproj]
C:\Users\macar\TinnosukeGameLib\Assets\GameLib\Script\Common\StateMachine\Commands\SetStateAnimationProfileExecutor.cs(28,17): warning CS8602: null 蜿ら・縺ｮ蜿ｯ閭ｽ諤ｧ縺後≠繧九ｂ縺ｮ縺ｮ騾・盾辣ｧ縺ｧ縺吶・[C:\Users\macar\TinnosukeGameLib\Assembly-CSharp.csproj]
C:\Users\macar\TinnosukeGameLib\Assets\GameLib\Script\Project\UI\TraitList\Commands\UITraitListExecutors.cs(378,26): warning CS0618: 'BaseLifetimeScope' 縺ｯ譌ｧ蠖｢蠑上〒縺・('Legacy BaseLifetimeScope name is kept only for migration. Use RuntimeLifetimeScopeBase/RuntimeLifetimeScope for new scopes.') [C:\Users\macar\TinnosukeGameLib\Assembly-CSharp.csproj]
C:\Users\macar\TinnosukeGameLib\Assets\GameLib\Script\Common\Commands\VNext\Core\ActorSourceFastResolver.cs(392,42): warning CS0618: 'BaseLifetimeScope' 縺ｯ譌ｧ蠖｢蠑上〒縺・('Legacy BaseLifetimeScope name is kept only for migration. Use RuntimeLifetimeScopeBase/RuntimeLifetimeScope for new scopes.') [C:\Users\macar\TinnosukeGameLib\Assembly-CSharp.csproj]
C:\Users\macar\TinnosukeGameLib\Assets\GameLib\Script\Project\Scene\CameraSystem\Commands\CameraShakeExecutor.cs(71,17): warning CS8602: null 蜿ら・縺ｮ蜿ｯ閭ｽ諤ｧ縺後≠繧九ｂ縺ｮ縺ｮ騾・盾辣ｧ縺ｧ縺吶・[C:\Users\macar\TinnosukeGameLib\Assembly-CSharp.csproj]
C:\Users\macar\TinnosukeGameLib\Assets\GameLib\Script\Common\Commands\VNext\Executors\Selectable\UserMoveRotateRuntimeControlExecutor.cs(46,26): warning CS0618: 'BaseLifetimeScope' 縺ｯ譌ｧ蠖｢蠑上〒縺・('Legacy BaseLifetimeScope name is kept only for migration. Use RuntimeLifetimeScopeBase/RuntimeLifetimeScope for new scopes.') [C:\Users\macar\TinnosukeGameLib\Assembly-CSharp.csproj]
C:\Users\macar\TinnosukeGameLib\Assets\GameLib\Script\Common\Commands\VNext\Core\ActorSourceFastResolver.cs(608,48): warning CS0618: 'BaseLifetimeScope' 縺ｯ譌ｧ蠖｢蠑上〒縺・('Legacy BaseLifetimeScope name is kept only for migration. Use RuntimeLifetimeScopeBase/RuntimeLifetimeScope for new scopes.') [C:\Users\macar\TinnosukeGameLib\Assembly-CSharp.csproj]
C:\Users\macar\TinnosukeGameLib\Assets\GameLib\Script\Common\Commands\VNext\Core\ActorScopeResolver.cs(175,48): warning CS0618: 'BaseLifetimeScope' 縺ｯ譌ｧ蠖｢蠑上〒縺・('Legacy BaseLifetimeScope name is kept only for migration. Use RuntimeLifetimeScopeBase/RuntimeLifetimeScope for new scopes.') [C:\Users\macar\TinnosukeGameLib\Assembly-CSharp.csproj]
C:\Users\macar\TinnosukeGameLib\Assets\GameLib\Script\Common\Commands\VNext\Executors\UI\ButtonChannelControlExecutors.cs(73,26): warning CS0618: 'BaseLifetimeScope' 縺ｯ譌ｧ蠖｢蠑上〒縺・('Legacy BaseLifetimeScope name is kept only for migration. Use RuntimeLifetimeScopeBase/RuntimeLifetimeScope for new scopes.') [C:\Users\macar\TinnosukeGameLib\Assembly-CSharp.csproj]
C:\Users\macar\TinnosukeGameLib\Assets\GameLib\Script\Common\Commands\VNext\Executors\Debug\CommandDebugExecutor.cs(166,26): warning CS0618: 'BaseLifetimeScope' 縺ｯ譌ｧ蠖｢蠑上〒縺・('Legacy BaseLifetimeScope name is kept only for migration. Use RuntimeLifetimeScopeBase/RuntimeLifetimeScope for new scopes.') [C:\Users\macar\TinnosukeGameLib\Assembly-CSharp.csproj]
C:\Users\macar\TinnosukeGameLib\Assets\GameLib\Script\Common\Commands\VNext\Executors\UI\SliderControlExecutor.cs(105,26): warning CS0618: 'BaseLifetimeScope' 縺ｯ譌ｧ蠖｢蠑上〒縺・('Legacy BaseLifetimeScope name is kept only for migration. Use RuntimeLifetimeScopeBase/RuntimeLifetimeScope for new scopes.') [C:\Users\macar\TinnosukeGameLib\Assembly-CSharp.csproj]
C:\Users\macar\TinnosukeGameLib\Assets\GameLib\Script\Common\Commands\VNext\Executors\Trait\PlaceTraitRuntimeExecutor.cs(156,26): warning CS0618: 'BaseLifetimeScope' 縺ｯ譌ｧ蠖｢蠑上〒縺・('Legacy BaseLifetimeScope name is kept only for migration. Use RuntimeLifetimeScopeBase/RuntimeLifetimeScope for new scopes.') [C:\Users\macar\TinnosukeGameLib\Assembly-CSharp.csproj]
C:\Users\macar\TinnosukeGameLib\Assets\GameLib\Script\Common\Commands\VNext\Executors\Movement\TransformManagerExecutors.cs(30,26): warning CS0618: 'BaseLifetimeScope' 縺ｯ譌ｧ蠖｢蠑上〒縺・('Legacy BaseLifetimeScope name is kept only for migration. Use RuntimeLifetimeScopeBase/RuntimeLifetimeScope for new scopes.') [C:\Users\macar\TinnosukeGameLib\Assembly-CSharp.csproj]
C:\Users\macar\TinnosukeGameLib\Assets\GameLib\Script\Common\Commands\VNext\Executors\Selectable\WorldPointerTargetControlExecutor.cs(38,26): warning CS0618: 'BaseLifetimeScope' 縺ｯ譌ｧ蠖｢蠑上〒縺・('Legacy BaseLifetimeScope name is kept only for migration. Use RuntimeLifetimeScopeBase/RuntimeLifetimeScope for new scopes.') [C:\Users\macar\TinnosukeGameLib\Assembly-CSharp.csproj]
C:\Users\macar\TinnosukeGameLib\Assets\GameLib\Script\Common\Commands\VNext\Executors\Core\CommandListChannelControlExecutors.cs(77,26): warning CS0618: 'BaseLifetimeScope' 縺ｯ譌ｧ蠖｢蠑上〒縺・('Legacy BaseLifetimeScope name is kept only for migration. Use RuntimeLifetimeScopeBase/RuntimeLifetimeScope for new scopes.') [C:\Users\macar\TinnosukeGameLib\Assembly-CSharp.csproj]
C:\Users\macar\TinnosukeGameLib\Assets\GameLib\Script\Project\System\Map\Commands\MapNodePlayerExecutors.cs(318,26): warning CS0618: 'BaseLifetimeScope' 縺ｯ譌ｧ蠖｢蠑上〒縺・('Legacy BaseLifetimeScope name is kept only for migration. Use RuntimeLifetimeScopeBase/RuntimeLifetimeScope for new scopes.') [C:\Users\macar\TinnosukeGameLib\Assembly-CSharp.csproj]
C:\Users\macar\TinnosukeGameLib\Assets\GameLib\Script\Common\Commands\VNext\Executors\UI\ConversationExecutors.cs(1100,26): warning CS0618: 'BaseLifetimeScope' 縺ｯ譌ｧ蠖｢蠑上〒縺・('Legacy BaseLifetimeScope name is kept only for migration. Use RuntimeLifetimeScopeBase/RuntimeLifetimeScope for new scopes.') [C:\Users\macar\TinnosukeGameLib\Assembly-CSharp.csproj]
C:\Users\macar\TinnosukeGameLib\Assets\GameLib\Script\Project\Scene\CameraSystem\Commands\CameraZoomExecutor.cs(56,17): warning CS8602: null 蜿ら・縺ｮ蜿ｯ閭ｽ諤ｧ縺後≠繧九ｂ縺ｮ縺ｮ騾・盾辣ｧ縺ｧ縺吶・[C:\Users\macar\TinnosukeGameLib\Assembly-CSharp.csproj]
C:\Users\macar\TinnosukeGameLib\Assets\GameLib\Script\Common\Commands\VNext\Executors\Core\WithTargetChannelExecutor.cs(200,26): warning CS0618: 'BaseLifetimeScope' 縺ｯ譌ｧ蠖｢蠑上〒縺・('Legacy BaseLifetimeScope name is kept only for migration. Use RuntimeLifetimeScopeBase/RuntimeLifetimeScope for new scopes.') [C:\Users\macar\TinnosukeGameLib\Assembly-CSharp.csproj]
C:\Users\macar\TinnosukeGameLib\Assets\GameLib\Script\Common\Commands\VNext\Executors\Core\WithActorDescendantRouterExecutor.cs(149,26): warning CS0618: 'BaseLifetimeScope' 縺ｯ譌ｧ蠖｢蠑上〒縺・('Legacy BaseLifetimeScope name is kept only for migration. Use RuntimeLifetimeScopeBase/RuntimeLifetimeScope for new scopes.') [C:\Users\macar\TinnosukeGameLib\Assembly-CSharp.csproj]
C:\Users\macar\TinnosukeGameLib\Assets\GameLib\Script\Common\Commands\VNext\Executors\Core\WithPlayerExecutor.cs(177,26): warning CS0618: 'BaseLifetimeScope' 縺ｯ譌ｧ蠖｢蠑上〒縺・('Legacy BaseLifetimeScope name is kept only for migration. Use RuntimeLifetimeScopeBase/RuntimeLifetimeScope for new scopes.') [C:\Users\macar\TinnosukeGameLib\Assembly-CSharp.csproj]
C:\Users\macar\TinnosukeGameLib\Assets\GameLib\Script\Common\Commands\VNext\Executors\Core\WithActorDescendantRouterExecutor.cs(271,53): warning CS0618: 'BaseLifetimeScope' 縺ｯ譌ｧ蠖｢蠑上〒縺・('Legacy BaseLifetimeScope name is kept only for migration. Use RuntimeLifetimeScopeBase/RuntimeLifetimeScope for new scopes.') [C:\Users\macar\TinnosukeGameLib\Assembly-CSharp.csproj]
C:\Users\macar\TinnosukeGameLib\Assets\GameLib\Script\Collision\Commands\SetCollisionEnabledExecutor.cs(29,21): warning CS8602: null 蜿ら・縺ｮ蜿ｯ閭ｽ諤ｧ縺後≠繧九ｂ縺ｮ縺ｮ騾・盾辣ｧ縺ｧ縺吶・[C:\Users\macar\TinnosukeGameLib\Assembly-CSharp.csproj]
C:\Users\macar\TinnosukeGameLib\Assets\GameLib\Script\Collision\Commands\SetCollisionEnabledExecutor.cs(38,21): warning CS8602: null 蜿ら・縺ｮ蜿ｯ閭ｽ諤ｧ縺後≠繧九ｂ縺ｮ縺ｮ騾・盾辣ｧ縺ｧ縺吶・[C:\Users\macar\TinnosukeGameLib\Assembly-CSharp.csproj]
C:\Users\macar\TinnosukeGameLib\Assets\GameLib\Script\Common\Commands\VNext\Executors\Spawn\SpawnRuntimeGridExecutor.cs(452,26): warning CS0618: 'BaseLifetimeScope' 縺ｯ譌ｧ蠖｢蠑上〒縺・('Legacy BaseLifetimeScope name is kept only for migration. Use RuntimeLifetimeScopeBase/RuntimeLifetimeScope for new scopes.') [C:\Users\macar\TinnosukeGameLib\Assembly-CSharp.csproj]
C:\Users\macar\TinnosukeGameLib\Assets\GameLib\Script\Common\Commands\VNext\Executors\Core\WithActorExecutor.cs(182,26): warning CS0618: 'BaseLifetimeScope' 縺ｯ譌ｧ蠖｢蠑上〒縺・('Legacy BaseLifetimeScope name is kept only for migration. Use RuntimeLifetimeScopeBase/RuntimeLifetimeScope for new scopes.') [C:\Users\macar\TinnosukeGameLib\Assembly-CSharp.csproj]
C:\Users\macar\TinnosukeGameLib\Assets\GameLib\Script\Project\Scene\CameraSystem\Commands\CameraPostProcessExecutor.cs(60,17): warning CS8602: null 蜿ら・縺ｮ蜿ｯ閭ｽ諤ｧ縺後≠繧九ｂ縺ｮ縺ｮ騾・盾辣ｧ縺ｧ縺吶・[C:\Users\macar\TinnosukeGameLib\Assembly-CSharp.csproj]
C:\Users\macar\TinnosukeGameLib\Assets\GameLib\Script\Common\Commands\VNext\Executors\Channels\Light2DChannelControlExecutors.cs(68,26): warning CS0618: 'BaseLifetimeScope' 縺ｯ譌ｧ蠖｢蠑上〒縺・('Legacy BaseLifetimeScope name is kept only for migration. Use RuntimeLifetimeScopeBase/RuntimeLifetimeScope for new scopes.') [C:\Users\macar\TinnosukeGameLib\Assembly-CSharp.csproj]
C:\Users\macar\TinnosukeGameLib\Assets\GameLib\Script\Common\Commands\VNext\Executors\Core\MonitorChannelRuleControlExecutor.cs(62,26): warning CS0618: 'BaseLifetimeScope' 縺ｯ譌ｧ蠖｢蠑上〒縺・('Legacy BaseLifetimeScope name is kept only for migration. Use RuntimeLifetimeScopeBase/RuntimeLifetimeScope for new scopes.') [C:\Users\macar\TinnosukeGameLib\Assembly-CSharp.csproj]
C:\Users\macar\TinnosukeGameLib\Assets\GameLib\Script\Project\Scene\Channels\GridObjectChannel\GridObjectChannelExecutors.cs(173,26): warning CS0618: 'BaseLifetimeScope' 縺ｯ譌ｧ蠖｢蠑上〒縺・('Legacy BaseLifetimeScope name is kept only for migration. Use RuntimeLifetimeScopeBase/RuntimeLifetimeScope for new scopes.') [C:\Users\macar\TinnosukeGameLib\Assembly-CSharp.csproj]
C:\Users\macar\TinnosukeGameLib\Assets\GameLib\Script\Common\Commands\VNext\Executors\Vars\WithTableElementsExecutor.cs(327,26): warning CS0618: 'BaseLifetimeScope' 縺ｯ譌ｧ蠖｢蠑上〒縺・('Legacy BaseLifetimeScope name is kept only for migration. Use RuntimeLifetimeScopeBase/RuntimeLifetimeScope for new scopes.') [C:\Users\macar\TinnosukeGameLib\Assembly-CSharp.csproj]
C:\Users\macar\TinnosukeGameLib\Assets\GameLib\Script\Common\Commands\VNext\Executors\Health\HealthExecutors.cs(251,26): warning CS0618: 'BaseLifetimeScope' 縺ｯ譌ｧ蠖｢蠑上〒縺・('Legacy BaseLifetimeScope name is kept only for migration. Use RuntimeLifetimeScopeBase/RuntimeLifetimeScope for new scopes.') [C:\Users\macar\TinnosukeGameLib\Assembly-CSharp.csproj]
C:\Users\macar\TinnosukeGameLib\Assets\GameLib\Script\Collision\Commands\WithHitColliderTargetsExecutor.cs(153,26): warning CS0618: 'BaseLifetimeScope' 縺ｯ譌ｧ蠖｢蠑上〒縺・('Legacy BaseLifetimeScope name is kept only for migration. Use RuntimeLifetimeScopeBase/RuntimeLifetimeScope for new scopes.') [C:\Users\macar\TinnosukeGameLib\Assembly-CSharp.csproj]
C:\Users\macar\TinnosukeGameLib\Assets\GameLib\Script\Project\Scene\RoomMap\Runtime\RoomMapBuilder.cs(348,38): warning CS0618: 'BaseLifetimeScope' 縺ｯ譌ｧ蠖｢蠑上〒縺・('Legacy BaseLifetimeScope name is kept only for migration. Use RuntimeLifetimeScopeBase/RuntimeLifetimeScope for new scopes.') [C:\Users\macar\TinnosukeGameLib\Assembly-CSharp.csproj]
C:\Users\macar\TinnosukeGameLib\Assets\GameLib\Script\Project\System\Map\Runtime\MapNodeSystemService.cs(281,30): warning CS0618: 'BaseLifetimeScope' 縺ｯ譌ｧ蠖｢蠑上〒縺・('Legacy BaseLifetimeScope name is kept only for migration. Use RuntimeLifetimeScopeBase/RuntimeLifetimeScope for new scopes.') [C:\Users\macar\TinnosukeGameLib\Assembly-CSharp.csproj]
C:\Users\macar\TinnosukeGameLib\Assets\GameLib\Script\Common\FirePattern\Core\FireDynamicContext.cs(67,58): warning CS0618: 'BaseLifetimeScope' 縺ｯ譌ｧ蠖｢蠑上〒縺・('Legacy BaseLifetimeScope name is kept only for migration. Use RuntimeLifetimeScopeBase/RuntimeLifetimeScope for new scopes.') [C:\Users\macar\TinnosukeGameLib\Assembly-CSharp.csproj]
C:\Users\macar\TinnosukeGameLib\Assets\GameLib\Script\Common\Health\MB\HealthMB.cs(151,50): warning CS0618: 'BaseLifetimeScope' 縺ｯ譌ｧ蠖｢蠑上〒縺・('Legacy BaseLifetimeScope name is kept only for migration. Use RuntimeLifetimeScopeBase/RuntimeLifetimeScope for new scopes.') [C:\Users\macar\TinnosukeGameLib\Assembly-CSharp.csproj]
C:\Users\macar\TinnosukeGameLib\Assets\GameLib\Script\Project\Scene\Spawner\BaseLTS\BaseLifetimeScopeSpawner.cs(78,29): warning CS0618: 'BaseLifetimeScope' 縺ｯ譌ｧ蠖｢蠑上〒縺・('Legacy BaseLifetimeScope name is kept only for migration. Use RuntimeLifetimeScopeBase/RuntimeLifetimeScope for new scopes.') [C:\Users\macar\TinnosukeGameLib\Assembly-CSharp.csproj]
C:\Users\macar\TinnosukeGameLib\Assets\GameLib\Script\Common\Health\MB\HealthMB.cs(279,50): warning CS0618: 'BaseLifetimeScope' 縺ｯ譌ｧ蠖｢蠑上〒縺・('Legacy BaseLifetimeScope name is kept only for migration. Use RuntimeLifetimeScopeBase/RuntimeLifetimeScope for new scopes.') [C:\Users\macar\TinnosukeGameLib\Assembly-CSharp.csproj]
C:\Users\macar\TinnosukeGameLib\Assets\GameLib\Script\Common\FirePattern\Core\SpawnContextToFireAdapter.cs(233,41): warning CS0618: 'BaseLifetimeScope' 縺ｯ譌ｧ蠖｢蠑上〒縺・('Legacy BaseLifetimeScope name is kept only for migration. Use RuntimeLifetimeScopeBase/RuntimeLifetimeScope for new scopes.') [C:\Users\macar\TinnosukeGameLib\Assembly-CSharp.csproj]
C:\Users\macar\TinnosukeGameLib\Assets\GameLib\Script\Project\Scene\Background\Runtime\BackgroundSystemService.cs(702,38): warning CS0618: 'BaseLifetimeScope' 縺ｯ譌ｧ蠖｢蠑上〒縺・('Legacy BaseLifetimeScope name is kept only for migration. Use RuntimeLifetimeScopeBase/RuntimeLifetimeScope for new scopes.') [C:\Users\macar\TinnosukeGameLib\Assembly-CSharp.csproj]
C:\Users\macar\TinnosukeGameLib\Assets\GameLib\Script\Project\System\Map\Runtime\MapNodeVisualizer.cs(789,38): warning CS0618: 'BaseLifetimeScope' 縺ｯ譌ｧ蠖｢蠑上〒縺・('Legacy BaseLifetimeScope name is kept only for migration. Use RuntimeLifetimeScopeBase/RuntimeLifetimeScope for new scopes.') [C:\Users\macar\TinnosukeGameLib\Assembly-CSharp.csproj]
C:\Users\macar\TinnosukeGameLib\Assets\GameLib\Script\Common\FirePattern\Core\FirePatternService.cs(230,37): warning CS0618: 'BaseLifetimeScope' 縺ｯ譌ｧ蠖｢蠑上〒縺・('Legacy BaseLifetimeScope name is kept only for migration. Use RuntimeLifetimeScopeBase/RuntimeLifetimeScope for new scopes.') [C:\Users\macar\TinnosukeGameLib\Assembly-CSharp.csproj]
C:\Users\macar\TinnosukeGameLib\Assets\GameLib\Script\Project\System\Map\Runtime\MapNodePlayerService.cs(719,26): warning CS0618: 'BaseLifetimeScope' 縺ｯ譌ｧ蠖｢蠑上〒縺・('Legacy BaseLifetimeScope name is kept only for migration. Use RuntimeLifetimeScopeBase/RuntimeLifetimeScope for new scopes.') [C:\Users\macar\TinnosukeGameLib\Assembly-CSharp.csproj]
C:\Users\macar\TinnosukeGameLib\Assets\GameLib\Script\Project\Flow\Hosts\FlowHostService.cs(405,53): warning CS0618: 'BaseLifetimeScope' 縺ｯ譌ｧ蠖｢蠑上〒縺・('Legacy BaseLifetimeScope name is kept only for migration. Use RuntimeLifetimeScopeBase/RuntimeLifetimeScope for new scopes.') [C:\Users\macar\TinnosukeGameLib\Assembly-CSharp.csproj]
C:\Users\macar\TinnosukeGameLib\Assets\GameLib\Script\Project\Flow\Hosts\FlowHostService.cs(418,26): warning CS0618: 'BaseLifetimeScope' 縺ｯ譌ｧ蠖｢蠑上〒縺・('Legacy BaseLifetimeScope name is kept only for migration. Use RuntimeLifetimeScopeBase/RuntimeLifetimeScope for new scopes.') [C:\Users\macar\TinnosukeGameLib\Assembly-CSharp.csproj]
C:\Users\macar\TinnosukeGameLib\Assets\GameLib\Script\Common\StatusEffect\Runtime\StatusEffectRuntime.cs(545,29): warning CS8602: null 蜿ら・縺ｮ蜿ｯ閭ｽ諤ｧ縺後≠繧九ｂ縺ｮ縺ｮ騾・盾辣ｧ縺ｧ縺吶・[C:\Users\macar\TinnosukeGameLib\Assembly-CSharp.csproj]
C:\Users\macar\TinnosukeGameLib\Assets\GameLib\Script\Project\Scene\Channels\GridObjectChannel\GridObjectChannelRuntimeUtility.cs(47,26): warning CS0618: 'BaseLifetimeScope' 縺ｯ譌ｧ蠖｢蠑上〒縺・('Legacy BaseLifetimeScope name is kept only for migration. Use RuntimeLifetimeScopeBase/RuntimeLifetimeScope for new scopes.') [C:\Users\macar\TinnosukeGameLib\Assembly-CSharp.csproj]
C:\Users\macar\TinnosukeGameLib\Assets\GameLib\Script\Project\Scene\Channels\GridObjectChannel\GridObjectChannelRuntimeUtility.cs(109,30): warning CS0618: 'BaseLifetimeScope' 縺ｯ譌ｧ蠖｢蠑上〒縺・('Legacy BaseLifetimeScope name is kept only for migration. Use RuntimeLifetimeScopeBase/RuntimeLifetimeScope for new scopes.') [C:\Users\macar\TinnosukeGameLib\Assembly-CSharp.csproj]
C:\Users\macar\TinnosukeGameLib\Assets\GameLib\Script\Project\Scene\Channels\Transform\TransformFollowService.cs(352,44): warning CS0618: 'BaseLifetimeScope' 縺ｯ譌ｧ蠖｢蠑上〒縺・('Legacy BaseLifetimeScope name is kept only for migration. Use RuntimeLifetimeScopeBase/RuntimeLifetimeScope for new scopes.') [C:\Users\macar\TinnosukeGameLib\Assembly-CSharp.csproj]
C:\Users\macar\TinnosukeGameLib\Assets\GameLib\Script\Project\Scene\Channels\GridObjectChannel\GridObjectChannelRuntimeUtility.cs(138,37): warning CS0618: 'BaseLifetimeScope' 縺ｯ譌ｧ蠖｢蠑上〒縺・('Legacy BaseLifetimeScope name is kept only for migration. Use RuntimeLifetimeScopeBase/RuntimeLifetimeScope for new scopes.') [C:\Users\macar\TinnosukeGameLib\Assembly-CSharp.csproj]
C:\Users\macar\TinnosukeGameLib\Assets\GameLib\Script\Project\Scene\Transform\ChannelHub\Core\TransformChannelHubService.cs(985,49): warning CS0618: 'BaseLifetimeScope' 縺ｯ譌ｧ蠖｢蠑上〒縺・('Legacy BaseLifetimeScope name is kept only for migration. Use RuntimeLifetimeScopeBase/RuntimeLifetimeScope for new scopes.') [C:\Users\macar\TinnosukeGameLib\Assembly-CSharp.csproj]
C:\Users\macar\TinnosukeGameLib\Assets\GameLib\Script\Project\Scene\Channels\AutoSpawn\AutoSpawnChannelHubService.cs(857,37): warning CS0618: 'BaseLifetimeScope' 縺ｯ譌ｧ蠖｢蠑上〒縺・('Legacy BaseLifetimeScope name is kept only for migration. Use RuntimeLifetimeScopeBase/RuntimeLifetimeScope for new scopes.') [C:\Users\macar\TinnosukeGameLib\Assembly-CSharp.csproj]
C:\Users\macar\TinnosukeGameLib\Assets\GameLib\Script\Project\Scene\Channels\AutoSpawn\AutoSpawnChannelHubService.cs(925,26): warning CS0618: 'BaseLifetimeScope' 縺ｯ譌ｧ蠖｢蠑上〒縺・('Legacy BaseLifetimeScope name is kept only for migration. Use RuntimeLifetimeScopeBase/RuntimeLifetimeScope for new scopes.') [C:\Users\macar\TinnosukeGameLib\Assembly-CSharp.csproj]
C:\Users\macar\TinnosukeGameLib\Assets\GameLib\Script\Project\Scene\Channels\Scroll\ScrollChannelHubService.cs(779,26): warning CS0618: 'BaseLifetimeScope' 縺ｯ譌ｧ蠖｢蠑上〒縺・('Legacy BaseLifetimeScope name is kept only for migration. Use RuntimeLifetimeScopeBase/RuntimeLifetimeScope for new scopes.') [C:\Users\macar\TinnosukeGameLib\Assembly-CSharp.csproj]
C:\Users\macar\TinnosukeGameLib\Assets\GameLib\Script\Project\Scene\Chunk\Runtime\ChunkFactoryService.cs(228,38): warning CS0618: 'BaseLifetimeScope' 縺ｯ譌ｧ蠖｢蠑上〒縺・('Legacy BaseLifetimeScope name is kept only for migration. Use RuntimeLifetimeScopeBase/RuntimeLifetimeScope for new scopes.') [C:\Users\macar\TinnosukeGameLib\Assembly-CSharp.csproj]
C:\Users\macar\TinnosukeGameLib\Assets\GameLib\Script\Project\UI\TraitListChannel\Core\TraitListChannelRuntimeHelpers.cs(42,26): warning CS0618: 'BaseLifetimeScope' 縺ｯ譌ｧ蠖｢蠑上〒縺・('Legacy BaseLifetimeScope name is kept only for migration. Use RuntimeLifetimeScopeBase/RuntimeLifetimeScope for new scopes.') [C:\Users\macar\TinnosukeGameLib\Assembly-CSharp.csproj]
C:\Users\macar\TinnosukeGameLib\Assets\GameLib\Script\Project\UI\TraitListChannel\Core\TraitListChannelRuntimeHelpers.cs(122,30): warning CS0618: 'BaseLifetimeScope' 縺ｯ譌ｧ蠖｢蠑上〒縺・('Legacy BaseLifetimeScope name is kept only for migration. Use RuntimeLifetimeScopeBase/RuntimeLifetimeScope for new scopes.') [C:\Users\macar\TinnosukeGameLib\Assembly-CSharp.csproj]
C:\Users\macar\TinnosukeGameLib\Assets\GameLib\Script\Project\UI\Core\Elements\ScrollRect\UIScrollRectService.cs(597,45): warning CS0618: 'BaseLifetimeScope' 縺ｯ譌ｧ蠖｢蠑上〒縺・('Legacy BaseLifetimeScope name is kept only for migration. Use RuntimeLifetimeScopeBase/RuntimeLifetimeScope for new scopes.') [C:\Users\macar\TinnosukeGameLib\Assembly-CSharp.csproj]
C:\Users\macar\TinnosukeGameLib\Assets\GameLib\Script\Project\UI\TraitListChannel\Core\TraitListChannelRuntimeHelpers.cs(154,37): warning CS0618: 'BaseLifetimeScope' 縺ｯ譌ｧ蠖｢蠑上〒縺・('Legacy BaseLifetimeScope name is kept only for migration. Use RuntimeLifetimeScopeBase/RuntimeLifetimeScope for new scopes.') [C:\Users\macar\TinnosukeGameLib\Assembly-CSharp.csproj]
C:\Users\macar\TinnosukeGameLib\Assets\GameLib\Script\Project\UI\Core\Toast\Service\ToastSystemService.cs(1009,26): warning CS0618: 'BaseLifetimeScope' 縺ｯ譌ｧ蠖｢蠑上〒縺・('Legacy BaseLifetimeScope name is kept only for migration. Use RuntimeLifetimeScopeBase/RuntimeLifetimeScope for new scopes.') [C:\Users\macar\TinnosukeGameLib\Assembly-CSharp.csproj]
C:\Users\macar\TinnosukeGameLib\Assets\GameLib\Script\Project\UI\Core\Tooltip\TooltipChannelHubService.cs(570,26): warning CS0618: 'BaseLifetimeScope' 縺ｯ譌ｧ蠖｢蠑上〒縺・('Legacy BaseLifetimeScope name is kept only for migration. Use RuntimeLifetimeScopeBase/RuntimeLifetimeScope for new scopes.') [C:\Users\macar\TinnosukeGameLib\Assembly-CSharp.csproj]
C:\Users\macar\TinnosukeGameLib\Assets\GameLib\Script\Project\UI\Core\Selection\UISelectionMB.cs(452,52): warning CS0618: 'BaseLifetimeScope' 縺ｯ譌ｧ蠖｢蠑上〒縺・('Legacy BaseLifetimeScope name is kept only for migration. Use RuntimeLifetimeScopeBase/RuntimeLifetimeScope for new scopes.') [C:\Users\macar\TinnosukeGameLib\Assembly-CSharp.csproj]
C:\Users\macar\TinnosukeGameLib\Assets\GameLib\Script\Project\UI\Core\Canvas\UICanvasServiceInterfaces.cs(745,44): warning CS0618: 'BaseLifetimeScope' 縺ｯ譌ｧ蠖｢蠑上〒縺・('Legacy BaseLifetimeScope name is kept only for migration. Use RuntimeLifetimeScopeBase/RuntimeLifetimeScope for new scopes.') [C:\Users\macar\TinnosukeGameLib\Assembly-CSharp.csproj]
C:\Users\macar\TinnosukeGameLib\Assets\GameLib\Script\Project\UI\TraitList\Services\UITraitListPlayerService.cs(336,26): warning CS0618: 'BaseLifetimeScope' 縺ｯ譌ｧ蠖｢蠑上〒縺・('Legacy BaseLifetimeScope name is kept only for migration. Use RuntimeLifetimeScopeBase/RuntimeLifetimeScope for new scopes.') [C:\Users\macar\TinnosukeGameLib\Assembly-CSharp.csproj]
C:\Users\macar\TinnosukeGameLib\Assets\GameLib\Script\Project\UI\TraitList\Services\UITraitListVisualizerService.cs(849,30): warning CS0618: 'BaseLifetimeScope' 縺ｯ譌ｧ蠖｢蠑上〒縺・('Legacy BaseLifetimeScope name is kept only for migration. Use RuntimeLifetimeScopeBase/RuntimeLifetimeScope for new scopes.') [C:\Users\macar\TinnosukeGameLib\Assembly-CSharp.csproj]
C:\Users\macar\TinnosukeGameLib\Assets\GameLib\Script\Project\UI\TraitList\Services\UITraitListVisualizerService.cs(909,38): warning CS0618: 'BaseLifetimeScope' 縺ｯ譌ｧ蠖｢蠑上〒縺・('Legacy BaseLifetimeScope name is kept only for migration. Use RuntimeLifetimeScopeBase/RuntimeLifetimeScope for new scopes.') [C:\Users\macar\TinnosukeGameLib\Assembly-CSharp.csproj]
C:\Users\macar\TinnosukeGameLib\Assets\GameLib\Script\Project\UI\Core\Elements\ScrollRect\UIScrollRectService.cs(1968,40): warning CS0618: 'BaseLifetimeScope' 縺ｯ譌ｧ蠖｢蠑上〒縺・('Legacy BaseLifetimeScope name is kept only for migration. Use RuntimeLifetimeScopeBase/RuntimeLifetimeScope for new scopes.') [C:\Users\macar\TinnosukeGameLib\Assembly-CSharp.csproj]
C:\Users\macar\TinnosukeGameLib\Assets\GameLib\Script\Common\Health\Modifiers\SO\CustomHealthModifierSO.cs(82,31): warning CS0649: 繝輔ぅ繝ｼ繝ｫ繝・'CustomHealthModifierSO._onHealCommands' 縺ｯ蜑ｲ繧雁ｽ薙※繧峨ｌ縺ｾ縺帙ｓ縲ょｸｸ縺ｫ譌｢螳壼､ null 繧剃ｽｿ逕ｨ縺励∪縺・[C:\Users\macar\TinnosukeGameLib\Assembly-CSharp.csproj]
C:\Users\macar\TinnosukeGameLib\Assets\GameLib\Script\Common\Variables\Dynamic\Core\DynamicSources.cs(1851,21): warning CS0649: 繝輔ぅ繝ｼ繝ｫ繝・'OtherGridBlackboardColumnCountSource.targetActor' 縺ｯ蜑ｲ繧雁ｽ薙※繧峨ｌ縺ｾ縺帙ｓ縲ょｸｸ縺ｫ譌｢螳壼､  繧剃ｽｿ逕ｨ縺励∪縺・[C:\Users\macar\TinnosukeGameLib\Assembly-CSharp.csproj]
C:\Users\macar\TinnosukeGameLib\Assets\GameLib\Script\Project\Scene\Channels\Transform\TransformChannelDef.cs(136,15): warning CS0649: 繝輔ぅ繝ｼ繝ｫ繝・'TransformChannelDef.playOnSpawnDelaySeconds' 縺ｯ蜑ｲ繧雁ｽ薙※繧峨ｌ縺ｾ縺帙ｓ縲ょｸｸ縺ｫ譌｢螳壼､ 0 繧剃ｽｿ逕ｨ縺励∪縺・[C:\Users\macar\TinnosukeGameLib\Assembly-CSharp.csproj]
C:\Users\macar\TinnosukeGameLib\Assets\GameLib\Script\Common\Variables\Dynamic\Core\DynamicSources.cs(2229,13): warning CS0649: 繝輔ぅ繝ｼ繝ｫ繝・'OtherTableCellExistsSource.tableVarId' 縺ｯ蜑ｲ繧雁ｽ薙※繧峨ｌ縺ｾ縺帙ｓ縲ょｸｸ縺ｫ譌｢螳壼､ 0 繧剃ｽｿ逕ｨ縺励∪縺・[C:\Users\macar\TinnosukeGameLib\Assembly-CSharp.csproj]
C:\Users\macar\TinnosukeGameLib\Assets\GameLib\Script\Project\UI\Core\Toast\MB\ToastSystemMB.cs(30,41): warning CS0649: 繝輔ぅ繝ｼ繝ｫ繝・'ToastSystemMB.clampArea' 縺ｯ蜑ｲ繧雁ｽ薙※繧峨ｌ縺ｾ縺帙ｓ縲ょｸｸ縺ｫ譌｢螳壼､ null 繧剃ｽｿ逕ｨ縺励∪縺・[C:\Users\macar\TinnosukeGameLib\Assembly-CSharp.csproj]
C:\Users\macar\TinnosukeGameLib\Assets\GameLib\Script\Common\EmitterSpawn\Lines\SpawnLinePreviewMB.cs(29,14): warning CS0649: 繝輔ぅ繝ｼ繝ｫ繝・'SpawnLinePreviewMB._drawAlways' 縺ｯ蜑ｲ繧雁ｽ薙※繧峨ｌ縺ｾ縺帙ｓ縲ょｸｸ縺ｫ譌｢螳壼､ false 繧剃ｽｿ逕ｨ縺励∪縺・[C:\Users\macar\TinnosukeGameLib\Assembly-CSharp.csproj]
C:\Users\macar\TinnosukeGameLib\Assets\GameLib\Script\Common\Variables\Dynamic\Core\DynamicSources.cs(975,17): warning CS0649: 繝輔ぅ繝ｼ繝ｫ繝・'LiteralToVariableSource.vector3Value' 縺ｯ蜑ｲ繧雁ｽ薙※繧峨ｌ縺ｾ縺帙ｓ縲ょｸｸ縺ｫ譌｢螳壼､  繧剃ｽｿ逕ｨ縺励∪縺・[C:\Users\macar\TinnosukeGameLib\Assembly-CSharp.csproj]
C:\Users\macar\TinnosukeGameLib\Assets\GameLib\Script\Project\Scene\Transform\ChannelHub\MB\TransformChannelHub.cs(86,14): warning CS0649: 繝輔ぅ繝ｼ繝ｫ繝・'TransformChannelHub._debugGlobalApplyLogs' 縺ｯ蜑ｲ繧雁ｽ薙※繧峨ｌ縺ｾ縺帙ｓ縲ょｸｸ縺ｫ譌｢螳壼､ false 繧剃ｽｿ逕ｨ縺励∪縺・[C:\Users\macar\TinnosukeGameLib\Assembly-CSharp.csproj]
C:\Users\macar\TinnosukeGameLib\Assets\GameLib\Script\Common\Variables\Profile\Core\CustomProfileDefinition.cs(121,14): warning CS0649: 繝輔ぅ繝ｼ繝ｫ繝・'ProfileDynamicValue._boolValue' 縺ｯ蜑ｲ繧雁ｽ薙※繧峨ｌ縺ｾ縺帙ｓ縲ょｸｸ縺ｫ譌｢螳壼､ false 繧剃ｽｿ逕ｨ縺励∪縺・[C:\Users\macar\TinnosukeGameLib\Assembly-CSharp.csproj]
C:\Users\macar\TinnosukeGameLib\Assets\GameLib\Script\Common\Commands\Def\ValueBinding.cs(23,52): warning CS0649: 繝輔ぅ繝ｼ繝ｫ繝・'FlexibleValue<T>.addVariableKey' 縺ｯ蜑ｲ繧雁ｽ薙※繧峨ｌ縺ｾ縺帙ｓ縲ょｸｸ縺ｫ譌｢螳壼､ null 繧剃ｽｿ逕ｨ縺励∪縺・[C:\Users\macar\TinnosukeGameLib\Assembly-CSharp.csproj]
C:\Users\macar\TinnosukeGameLib\Assets\GameLib\Script\Common\Variables\Dynamic\Core\DynamicSources.cs(652,36): warning CS0649: 繝輔ぅ繝ｼ繝ｫ繝・'AssetStatusEffectStackPresetSource.value' 縺ｯ蜑ｲ繧雁ｽ薙※繧峨ｌ縺ｾ縺帙ｓ縲ょｸｸ縺ｫ譌｢螳壼､ null 繧剃ｽｿ逕ｨ縺励∪縺・[C:\Users\macar\TinnosukeGameLib\Assembly-CSharp.csproj]
C:\Users\macar\TinnosukeGameLib\Assets\GameLib\Script\Common\Variables\Binding\ExternalFloatBinding.cs(56,19): warning CS0649: 繝輔ぅ繝ｼ繝ｫ繝・'ExternalFloatBindingOptions._blackboardKey' 縺ｯ蜑ｲ繧雁ｽ薙※繧峨ｌ縺ｾ縺帙ｓ縲ょｸｸ縺ｫ譌｢螳壼､  繧剃ｽｿ逕ｨ縺励∪縺・[C:\Users\macar\TinnosukeGameLib\Assembly-CSharp.csproj]
C:\Users\macar\TinnosukeGameLib\Assets\GameLib\Script\Project\Scene\Chunk\Biome\ChunkBiomeParamDefinitionSO.cs(15,34): warning CS0649: 繝輔ぅ繝ｼ繝ｫ繝・'ChunkBiomeNoiseSettings.offset' 縺ｯ蜑ｲ繧雁ｽ薙※繧峨ｌ縺ｾ縺帙ｓ縲ょｸｸ縺ｫ譌｢螳壼､  繧剃ｽｿ逕ｨ縺励∪縺・[C:\Users\macar\TinnosukeGameLib\Assembly-CSharp.csproj]
C:\Users\macar\TinnosukeGameLib\Assets\GameLib\Script\Project\Scene\Channels\GridObjectChannel\GridObjectChannelHubMB.cs(81,14): warning CS0649: 繝輔ぅ繝ｼ繝ｫ繝・'GridObjectChannelDefinition._enableVerboseBlackboardLog' 縺ｯ蜑ｲ繧雁ｽ薙※繧峨ｌ縺ｾ縺帙ｓ縲ょｸｸ縺ｫ譌｢螳壼､ false 繧剃ｽｿ逕ｨ縺励∪縺・[C:\Users\macar\TinnosukeGameLib\Assembly-CSharp.csproj]
C:\Users\macar\TinnosukeGameLib\Assets\GameLib\Script\Common\LTS\Runtime\RuntimeTickHub.cs(31,21): warning CS0649: 繝輔ぅ繝ｼ繝ｫ繝・'RuntimeTickHub.distanceCullTarget' 縺ｯ蜑ｲ繧雁ｽ薙※繧峨ｌ縺ｾ縺帙ｓ縲ょｸｸ縺ｫ譌｢螳壼､  繧剃ｽｿ逕ｨ縺励∪縺・[C:\Users\macar\TinnosukeGameLib\Assembly-CSharp.csproj]
C:\Users\macar\TinnosukeGameLib\Assets\GameLib\Script\Shader\Core\SO\BaseShaderFxPresetReference.cs(21,31): warning CS0649: 繝輔ぅ繝ｼ繝ｫ繝・'BaseShaderFxPresetReference.assetPreset' 縺ｯ蜑ｲ繧雁ｽ薙※繧峨ｌ縺ｾ縺帙ｓ縲ょｸｸ縺ｫ譌｢螳壼､ null 繧剃ｽｿ逕ｨ縺励∪縺・[C:\Users\macar\TinnosukeGameLib\Assembly-CSharp.csproj]
C:\Users\macar\TinnosukeGameLib\Assets\GameLib\Script\Common\Variables\Dynamic\RichText\RichTextSource.cs(35,14): warning CS0649: 繝輔ぅ繝ｼ繝ｫ繝・'RichTextSource._logActorStoresOnWarn' 縺ｯ蜑ｲ繧雁ｽ薙※繧峨ｌ縺ｾ縺帙ｓ縲ょｸｸ縺ｫ譌｢螳壼､ false 繧剃ｽｿ逕ｨ縺励∪縺・[C:\Users\macar\TinnosukeGameLib\Assembly-CSharp.csproj]
C:\Users\macar\TinnosukeGameLib\Assets\GameLib\Script\Common\Variables\Dynamic\Core\DynamicSources.cs(2133,21): warning CS0649: 繝輔ぅ繝ｼ繝ｫ繝・'OtherTableColumnCountSource.targetActor' 縺ｯ蜑ｲ繧雁ｽ薙※繧峨ｌ縺ｾ縺帙ｓ縲ょｸｸ縺ｫ譌｢螳壼､  繧剃ｽｿ逕ｨ縺励∪縺・[C:\Users\macar\TinnosukeGameLib\Assembly-CSharp.csproj]
C:\Users\macar\TinnosukeGameLib\Assets\GameLib\Script\Common\Variables\Dynamic\Core\DynamicSources.cs(1646,13): warning CS0649: 繝輔ぅ繝ｼ繝ｫ繝・'SelfGridBlackboardSource.varIdFilter' 縺ｯ蜑ｲ繧雁ｽ薙※繧峨ｌ縺ｾ縺帙ｓ縲ょｸｸ縺ｫ譌｢螳壼､ 0 繧剃ｽｿ逕ｨ縺励∪縺・[C:\Users\macar\TinnosukeGameLib\Assembly-CSharp.csproj]
C:\Users\macar\TinnosukeGameLib\Assets\GameLib\Script\Common\Variables\Dynamic\Core\DynamicSources.cs(608,41): warning CS0649: 繝輔ぅ繝ｼ繝ｫ繝・'LiteralStatusEffectDefinitionSource.value' 縺ｯ蜑ｲ繧雁ｽ薙※繧峨ｌ縺ｾ縺帙ｓ縲ょｸｸ縺ｫ譌｢螳壼､ null 繧剃ｽｿ逕ｨ縺励∪縺・[C:\Users\macar\TinnosukeGameLib\Assembly-CSharp.csproj]
C:\Users\macar\TinnosukeGameLib\Assets\GameLib\Script\Project\Scene\NoiseProducer\Definition\NoiseChannelDefinition.cs(45,30): warning CS0649: 繝輔ぅ繝ｼ繝ｫ繝・'NoiseChannelDefinition._seed' 縺ｯ蜑ｲ繧雁ｽ薙※繧峨ｌ縺ｾ縺帙ｓ縲ょｸｸ縺ｫ譌｢螳壼､ 0 繧剃ｽｿ逕ｨ縺励∪縺・[C:\Users\macar\TinnosukeGameLib\Assembly-CSharp.csproj]
C:\Users\macar\TinnosukeGameLib\Assets\GameLib\Script\Common\Variables\Dynamic\Core\DynamicSources.cs(1115,14): warning CS0649: 繝輔ぅ繝ｼ繝ｫ繝・'LiteralToVarStoreSource.boolValue' 縺ｯ蜑ｲ繧雁ｽ薙※繧峨ｌ縺ｾ縺帙ｓ縲ょｸｸ縺ｫ譌｢螳壼､ false 繧剃ｽｿ逕ｨ縺励∪縺・[C:\Users\macar\TinnosukeGameLib\Assembly-CSharp.csproj]
C:\Users\macar\TinnosukeGameLib\Assets\GameLib\Script\Project\Scene\Chunk\Core\ChunkCoreTypes.cs(81,14): warning CS0649: 繝輔ぅ繝ｼ繝ｫ繝・'ChunkOriginSettings.centerAligned' 縺ｯ蜑ｲ繧雁ｽ薙※繧峨ｌ縺ｾ縺帙ｓ縲ょｸｸ縺ｫ譌｢螳壼､ false 繧剃ｽｿ逕ｨ縺励∪縺・[C:\Users\macar\TinnosukeGameLib\Assembly-CSharp.csproj]
C:\Users\macar\TinnosukeGameLib\Assets\GameLib\Script\Common\Variables\Dynamic\Sources\TargetChannelTargetPositionSources.cs(78,21): warning CS0649: 繝輔ぅ繝ｼ繝ｫ繝・'TargetChannelTargetPosition3Source.channelOwnerActorSource' 縺ｯ蜑ｲ繧雁ｽ薙※繧峨ｌ縺ｾ縺帙ｓ縲ょｸｸ縺ｫ譌｢螳壼､  繧剃ｽｿ逕ｨ縺励∪縺・[C:\Users\macar\TinnosukeGameLib\Assembly-CSharp.csproj]
C:\Users\macar\TinnosukeGameLib\Assets\GameLib\Script\Project\Scene\Chunk\Biome\ChunkBiomeParamDefinitionSO.cs(16,30): warning CS0649: 繝輔ぅ繝ｼ繝ｫ繝・'ChunkBiomeNoiseSettings.seedOffset' 縺ｯ蜑ｲ繧雁ｽ薙※繧峨ｌ縺ｾ縺帙ｓ縲ょｸｸ縺ｫ譌｢螳壼､ 0 繧剃ｽｿ逕ｨ縺励∪縺・[C:\Users\macar\TinnosukeGameLib\Assembly-CSharp.csproj]
C:\Users\macar\TinnosukeGameLib\Assets\GameLib\Script\Common\StatusEffect\Definition\StatusEffectDefinitionSO.cs(18,41): warning CS0649: 繝輔ぅ繝ｼ繝ｫ繝・'StatusEffectDefinitionSO.preset' 縺ｯ蜑ｲ繧雁ｽ薙※繧峨ｌ縺ｾ縺帙ｓ縲ょｸｸ縺ｫ譌｢螳壼､ null 繧剃ｽｿ逕ｨ縺励∪縺・[C:\Users\macar\TinnosukeGameLib\Assembly-CSharp.csproj]
C:\Users\macar\TinnosukeGameLib\Assets\GameLib\Script\Common\Trait\SO\TraitDefinitionSO.cs(199,13): warning CS0649: 繝輔ぅ繝ｼ繝ｫ繝・'TraitDefinitionSO._commonGridTableKeyVarId' 縺ｯ蜑ｲ繧雁ｽ薙※繧峨ｌ縺ｾ縺帙ｓ縲ょｸｸ縺ｫ譌｢螳壼､ 0 繧剃ｽｿ逕ｨ縺励∪縺・[C:\Users\macar\TinnosukeGameLib\Assembly-CSharp.csproj]
C:\Users\macar\TinnosukeGameLib\Assets\GameLib\Script\Project\UI\Core\Elements\ScrollRect\UIScrollRectMB.cs(22,24): warning CS0649: 繝輔ぅ繝ｼ繝ｫ繝・'UIScrollRectMB._viewportRect' 縺ｯ蜑ｲ繧雁ｽ薙※繧峨ｌ縺ｾ縺帙ｓ縲ょｸｸ縺ｫ譌｢螳壼､ null 繧剃ｽｿ逕ｨ縺励∪縺・[C:\Users\macar\TinnosukeGameLib\Assembly-CSharp.csproj]
C:\Users\macar\TinnosukeGameLib\Assets\GameLib\Script\Common\Variables\Dynamic\Sources\TransformAnimationChannelDirectionSources.cs(71,14): warning CS0649: 繝輔ぅ繝ｼ繝ｫ繝・'TransformAnimationChannelDirection2Source.debugLogEnabled' 縺ｯ蜑ｲ繧雁ｽ薙※繧峨ｌ縺ｾ縺帙ｓ縲ょｸｸ縺ｫ譌｢螳壼､ false 繧剃ｽｿ逕ｨ縺励∪縺・[C:\Users\macar\TinnosukeGameLib\Assembly-CSharp.csproj]
C:\Users\macar\TinnosukeGameLib\Assets\GameLib\Script\Common\Variables\Dynamic\Sources\DataExistsBoolSource.cs(46,14): warning CS0649: 繝輔ぅ繝ｼ繝ｫ繝・'DataExistsBoolSource.searchIncludeGlobal' 縺ｯ蜑ｲ繧雁ｽ薙※繧峨ｌ縺ｾ縺帙ｓ縲ょｸｸ縺ｫ譌｢螳壼､ false 繧剃ｽｿ逕ｨ縺励∪縺・[C:\Users\macar\TinnosukeGameLib\Assembly-CSharp.csproj]
C:\Users\macar\TinnosukeGameLib\Assets\GameLib\Script\Common\Variables\Dynamic\Core\DynamicSources.cs(978,17): warning CS0649: 繝輔ぅ繝ｼ繝ｫ繝・'LiteralToVariableSource.vector4Value' 縺ｯ蜑ｲ繧雁ｽ薙※繧峨ｌ縺ｾ縺帙ｓ縲ょｸｸ縺ｫ譌｢螳壼､  繧剃ｽｿ逕ｨ縺励∪縺・[C:\Users\macar\TinnosukeGameLib\Assembly-CSharp.csproj]
C:\Users\macar\TinnosukeGameLib\Assets\GameLib\Script\Project\Scene\Runtime\RuntimeManager\RuntimeManagerMB.cs(42,37): warning CS0649: 繝輔ぅ繝ｼ繝ｫ繝・'RuntimeManagerMB.root' 縺ｯ蜑ｲ繧雁ｽ薙※繧峨ｌ縺ｾ縺帙ｓ縲ょｸｸ縺ｫ譌｢螳壼､ null 繧剃ｽｿ逕ｨ縺励∪縺・[C:\Users\macar\TinnosukeGameLib\Assembly-CSharp.csproj]
C:\Users\macar\TinnosukeGameLib\Assets\GameLib\Script\Common\Registry\FixedSORegistryMB.cs(24,39): warning CS0649: 繝輔ぅ繝ｼ繝ｫ繝・'FixedSORegistryMB._healthModifierRegistry' 縺ｯ蜑ｲ繧雁ｽ薙※繧峨ｌ縺ｾ縺帙ｓ縲ょｸｸ縺ｫ譌｢螳壼､ null 繧剃ｽｿ逕ｨ縺励∪縺・[C:\Users\macar\TinnosukeGameLib\Assembly-CSharp.csproj]
C:\Users\macar\TinnosukeGameLib\Assets\GameLib\Script\Project\Scene\Channels\GridObjectChannel\GridObjectChannelHubMB.cs(55,20): warning CS0649: 繝輔ぅ繝ｼ繝ｫ繝・'GridObjectChannelDefinition._listRoot' 縺ｯ蜑ｲ繧雁ｽ薙※繧峨ｌ縺ｾ縺帙ｓ縲ょｸｸ縺ｫ譌｢螳壼､ null 繧剃ｽｿ逕ｨ縺励∪縺・[C:\Users\macar\TinnosukeGameLib\Assembly-CSharp.csproj]
C:\Users\macar\TinnosukeGameLib\Assets\GameLib\Script\Common\Variables\Dynamic\Core\DynamicSources.cs(712,50): warning CS0649: 繝輔ぅ繝ｼ繝ｫ繝・'AssetStatusEffectGlobalUseCooldownSettingsSource.value' 縺ｯ蜑ｲ繧雁ｽ薙※繧峨ｌ縺ｾ縺帙ｓ縲ょｸｸ縺ｫ譌｢螳壼､ null 繧剃ｽｿ逕ｨ縺励∪縺・[C:\Users\macar\TinnosukeGameLib\Assembly-CSharp.csproj]
C:\Users\macar\TinnosukeGameLib\Assets\GameLib\Script\Common\Variables\Dynamic\Core\DynamicSources.cs(682,47): warning CS0649: 繝輔ぅ繝ｼ繝ｫ繝・'AssetStatusEffectGlobalLifetimeSettingsSource.value' 縺ｯ蜑ｲ繧雁ｽ薙※繧峨ｌ縺ｾ縺帙ｓ縲ょｸｸ縺ｫ譌｢螳壼､ null 繧剃ｽｿ逕ｨ縺励∪縺・[C:\Users\macar\TinnosukeGameLib\Assembly-CSharp.csproj]
C:\Users\macar\TinnosukeGameLib\Assets\GameLib\Script\Common\Variables\Binding\ExternalBoolBinding.cs(45,14): warning CS0649: 繝輔ぅ繝ｼ繝ｫ繝・'ExternalBoolBindingOptions._useBlackboardBinding' 縺ｯ蜑ｲ繧雁ｽ薙※繧峨ｌ縺ｾ縺帙ｓ縲ょｸｸ縺ｫ譌｢螳壼､ false 繧剃ｽｿ逕ｨ縺励∪縺・[C:\Users\macar\TinnosukeGameLib\Assembly-CSharp.csproj]
C:\Users\macar\TinnosukeGameLib\Assets\GameLib\Script\Project\Scene\RoomMap\SO\RoomMapProfileSO.cs(24,51): warning CS0649: 繝輔ぅ繝ｼ繝ｫ繝・'RoomMapProfileSO.definition' 縺ｯ蜑ｲ繧雁ｽ薙※繧峨ｌ縺ｾ縺帙ｓ縲ょｸｸ縺ｫ譌｢螳壼､ null 繧剃ｽｿ逕ｨ縺励∪縺・[C:\Users\macar\TinnosukeGameLib\Assembly-CSharp.csproj]
C:\Users\macar\TinnosukeGameLib\Assets\GameLib\Script\Common\FirePattern\Patterns\BaseFirePattern.cs(40,47): warning CS0649: 繝輔ぅ繝ｼ繝ｫ繝・'BaseFirePattern._identityData' 縺ｯ蜑ｲ繧雁ｽ薙※繧峨ｌ縺ｾ縺帙ｓ縲ょｸｸ縺ｫ譌｢螳壼､  繧剃ｽｿ逕ｨ縺励∪縺・[C:\Users\macar\TinnosukeGameLib\Assembly-CSharp.csproj]
C:\Users\macar\TinnosukeGameLib\Assets\GameLib\Script\Common\LTS\Lifecycle\MB\ScopeLifecycleMB.cs(66,32): warning CS0649: 繝輔ぅ繝ｼ繝ｫ繝・'ScopeLifecycleMB.despawnDelaySeconds' 縺ｯ蜑ｲ繧雁ｽ薙※繧峨ｌ縺ｾ縺帙ｓ縲ょｸｸ縺ｫ譌｢螳壼､ 0 繧剃ｽｿ逕ｨ縺励∪縺・[C:\Users\macar\TinnosukeGameLib\Assembly-CSharp.csproj]
C:\Users\macar\TinnosukeGameLib\Assets\GameLib\Script\Common\Movement\MoveToInputPoint\MB\MoveToInputPointController.cs(73,30): warning CS0649: 繝輔ぅ繝ｼ繝ｫ繝・'MoveToInputPointController.directionPriority' 縺ｯ蜑ｲ繧雁ｽ薙※繧峨ｌ縺ｾ縺帙ｓ縲ょｸｸ縺ｫ譌｢螳壼､ 0 繧剃ｽｿ逕ｨ縺励∪縺・[C:\Users\macar\TinnosukeGameLib\Assembly-CSharp.csproj]
C:\Users\macar\TinnosukeGameLib\Assets\GameLib\Script\Common\Variables\Binding\ExternalFloatBinding.cs(46,14): warning CS0649: 繝輔ぅ繝ｼ繝ｫ繝・'ExternalFloatBindingOptions._useBlackboardBinding' 縺ｯ蜑ｲ繧雁ｽ薙※繧峨ｌ縺ｾ縺帙ｓ縲ょｸｸ縺ｫ譌｢螳壼､ false 繧剃ｽｿ逕ｨ縺励∪縺・[C:\Users\macar\TinnosukeGameLib\Assembly-CSharp.csproj]
C:\Users\macar\TinnosukeGameLib\Assets\GameLib\Script\Project\Scene\Channels\GridObjectChannel\GridObjectChannelHubMB.cs(61,20): warning CS0649: 繝輔ぅ繝ｼ繝ｫ繝・'GridObjectChannelDefinition._layoutRectTransform' 縺ｯ蜑ｲ繧雁ｽ薙※繧峨ｌ縺ｾ縺帙ｓ縲ょｸｸ縺ｫ譌｢螳壼､ null 繧剃ｽｿ逕ｨ縺励∪縺・[C:\Users\macar\TinnosukeGameLib\Assembly-CSharp.csproj]
C:\Users\macar\TinnosukeGameLib\Assets\GameLib\Script\Project\Scene\SelectableRuntime\MB\UserMoveRotateRuntimeMB.cs(83,14): warning CS0649: 繝輔ぅ繝ｼ繝ｫ繝・'UserMoveRotateRuntimeMB._applyOverrideTargetTransform' 縺ｯ蜑ｲ繧雁ｽ薙※繧峨ｌ縺ｾ縺帙ｓ縲ょｸｸ縺ｫ譌｢螳壼､ false 繧剃ｽｿ逕ｨ縺励∪縺・[C:\Users\macar\TinnosukeGameLib\Assembly-CSharp.csproj]
C:\Users\macar\TinnosukeGameLib\Assets\GameLib\Script\Common\Variables\Dynamic\Core\DynamicSources.cs(1760,13): warning CS0649: 繝輔ぅ繝ｼ繝ｫ繝・'SelfGridBlackboardColumnCountSource.varIdFilter' 縺ｯ蜑ｲ繧雁ｽ薙※繧峨ｌ縺ｾ縺帙ｓ縲ょｸｸ縺ｫ譌｢螳壼､ 0 繧剃ｽｿ逕ｨ縺励∪縺・[C:\Users\macar\TinnosukeGameLib\Assembly-CSharp.csproj]
C:\Users\macar\TinnosukeGameLib\Assets\GameLib\Script\Common\Variables\Dynamic\Sources\TargetChannelTargetPositionSources.cs(43,21): warning CS0649: 繝輔ぅ繝ｼ繝ｫ繝・'TargetChannelTargetPosition2Source.filterActorSource' 縺ｯ蜑ｲ繧雁ｽ薙※繧峨ｌ縺ｾ縺帙ｓ縲ょｸｸ縺ｫ譌｢螳壼､  繧剃ｽｿ逕ｨ縺励∪縺・[C:\Users\macar\TinnosukeGameLib\Assembly-CSharp.csproj]
C:\Users\macar\TinnosukeGameLib\Assets\GameLib\Script\Project\Scene\SelectableRuntime\MB\SelectRuntimeManagerMB.cs(26,14): warning CS0649: 繝輔ぅ繝ｼ繝ｫ繝・'SelectRuntimeManagerMB._enableDebugLog' 縺ｯ蜑ｲ繧雁ｽ薙※繧峨ｌ縺ｾ縺帙ｓ縲ょｸｸ縺ｫ譌｢螳壼､ false 繧剃ｽｿ逕ｨ縺励∪縺・[C:\Users\macar\TinnosukeGameLib\Assembly-CSharp.csproj]
C:\Users\macar\TinnosukeGameLib\Assets\GameLib\Script\Common\StatusEffect\Definition\StatusEffectDefinitionTypes.cs(481,39): warning CS0649: 繝輔ぅ繝ｼ繝ｫ繝・'ConfigurableStatusEffectDefinitionData.countDefinition' 縺ｯ蜑ｲ繧雁ｽ薙※繧峨ｌ縺ｾ縺帙ｓ縲ょｸｸ縺ｫ譌｢螳壼､ null 繧剃ｽｿ逕ｨ縺励∪縺・[C:\Users\macar\TinnosukeGameLib\Assembly-CSharp.csproj]
C:\Users\macar\TinnosukeGameLib\Assets\GameLib\Script\Project\UI\TraitList\MB\UITraitListSystemMB.cs(80,21): warning CS0649: 繝輔ぅ繝ｼ繝ｫ繝・'UITraitListSystemMB._holderHubSource' 縺ｯ蜑ｲ繧雁ｽ薙※繧峨ｌ縺ｾ縺帙ｓ縲ょｸｸ縺ｫ譌｢螳壼､  繧剃ｽｿ逕ｨ縺励∪縺・[C:\Users\macar\TinnosukeGameLib\Assembly-CSharp.csproj]
C:\Users\macar\TinnosukeGameLib\Assets\GameLib\Script\Project\UI\TraitListChannel\MB\TraitListChannelHubMB.cs(25,14): warning CS0649: 繝輔ぅ繝ｼ繝ｫ繝・'TraitListChannelDefinition._autoBuild' 縺ｯ蜑ｲ繧雁ｽ薙※繧峨ｌ縺ｾ縺帙ｓ縲ょｸｸ縺ｫ譌｢螳壼､ false 繧剃ｽｿ逕ｨ縺励∪縺・[C:\Users\macar\TinnosukeGameLib\Assembly-CSharp.csproj]
C:\Users\macar\TinnosukeGameLib\Assets\GameLib\Script\Project\UI\Core\Spawner\UIElementRuntimeSpawnerMB.cs(17,37): warning CS0649: 繝輔ぅ繝ｼ繝ｫ繝・'UIElementRuntimeSpawnerMB.root' 縺ｯ蜑ｲ繧雁ｽ薙※繧峨ｌ縺ｾ縺帙ｓ縲ょｸｸ縺ｫ譌｢螳壼､ null 繧剃ｽｿ逕ｨ縺励∪縺・[C:\Users\macar\TinnosukeGameLib\Assembly-CSharp.csproj]
C:\Users\macar\TinnosukeGameLib\Assets\GameLib\Script\Common\Variables\Dynamic\Sources\TargetChannelDirectionSources.cs(120,21): warning CS0649: 繝輔ぅ繝ｼ繝ｫ繝・'TargetChannelDirectionFromActor3Source.targetFilterActorSource' 縺ｯ蜑ｲ繧雁ｽ薙※繧峨ｌ縺ｾ縺帙ｓ縲ょｸｸ縺ｫ譌｢螳壼､  繧剃ｽｿ逕ｨ縺励∪縺・[C:\Users\macar\TinnosukeGameLib\Assembly-CSharp.csproj]
C:\Users\macar\TinnosukeGameLib\Assets\GameLib\Script\Project\System\Inputs\MB\InputMB.cs(11,50): warning CS0649: 繝輔ぅ繝ｼ繝ｫ繝・'InputMB.defaultOption' 縺ｯ蜑ｲ繧雁ｽ薙※繧峨ｌ縺ｾ縺帙ｓ縲ょｸｸ縺ｫ譌｢螳壼､ null 繧剃ｽｿ逕ｨ縺励∪縺・[C:\Users\macar\TinnosukeGameLib\Assembly-CSharp.csproj]
C:\Users\macar\TinnosukeGameLib\Assets\GameLib\Script\Project\Scene\Chunk\Biome\ChunkBiomeTypes.cs(31,14): warning CS0649: 繝輔ぅ繝ｼ繝ｫ繝・'ChunkAxisSettings.axisInvertY' 縺ｯ蜑ｲ繧雁ｽ薙※繧峨ｌ縺ｾ縺帙ｓ縲ょｸｸ縺ｫ譌｢螳壼､ false 繧剃ｽｿ逕ｨ縺励∪縺・[C:\Users\macar\TinnosukeGameLib\Assembly-CSharp.csproj]
C:\Users\macar\TinnosukeGameLib\Assets\GameLib\Script\Common\Variables\Dynamic\Sources\TargetChannelDirectionSources.cs(19,21): warning CS0649: 繝輔ぅ繝ｼ繝ｫ繝・'TargetChannelDirectionFromActor2Source.actorSource' 縺ｯ蜑ｲ繧雁ｽ薙※繧峨ｌ縺ｾ縺帙ｓ縲ょｸｸ縺ｫ譌｢螳壼､  繧剃ｽｿ逕ｨ縺励∪縺・[C:\Users\macar\TinnosukeGameLib\Assembly-CSharp.csproj]
C:\Users\macar\TinnosukeGameLib\Assets\GameLib\Script\Common\Variables\Dynamic\Core\DynamicSources.cs(2034,21): warning CS0649: 繝輔ぅ繝ｼ繝ｫ繝・'OtherTableRowCountSource.targetActor' 縺ｯ蜑ｲ繧雁ｽ薙※繧峨ｌ縺ｾ縺帙ｓ縲ょｸｸ縺ｫ譌｢螳壼､  繧剃ｽｿ逕ｨ縺励∪縺・[C:\Users\macar\TinnosukeGameLib\Assembly-CSharp.csproj]
C:\Users\macar\TinnosukeGameLib\Assets\GameLib\Script\Project\Scene\Channels\GridObjectChannel\GridObjectChannelHubMB.cs(67,14): warning CS0649: 繝輔ぅ繝ｼ繝ｫ繝・'GridObjectChannelDefinition._enableDebugLog' 縺ｯ蜑ｲ繧雁ｽ薙※繧峨ｌ縺ｾ縺帙ｓ縲ょｸｸ縺ｫ譌｢螳壼､ false 繧剃ｽｿ逕ｨ縺励∪縺・[C:\Users\macar\TinnosukeGameLib\Assembly-CSharp.csproj]
C:\Users\macar\TinnosukeGameLib\Assets\GameLib\Script\Common\DI\Runtime\SpecializedRuntimeTemplatePresets.cs(60,14): warning CS0649: 繝輔ぅ繝ｼ繝ｫ繝・'ParticleRuntimeTemplatePreset.debugLogOnAcquire' 縺ｯ蜑ｲ繧雁ｽ薙※繧峨ｌ縺ｾ縺帙ｓ縲ょｸｸ縺ｫ譌｢螳壼､ false 繧剃ｽｿ逕ｨ縺励∪縺・[C:\Users\macar\TinnosukeGameLib\Assembly-CSharp.csproj]
C:\Users\macar\TinnosukeGameLib\Assets\GameLib\Script\Project\Scene\NoiseProducer\Definition\NoiseStageDefinition.cs(60,32): warning CS0649: 繝輔ぅ繝ｼ繝ｫ繝・'NoiseStageDefinition._rotation' 縺ｯ蜑ｲ繧雁ｽ薙※繧峨ｌ縺ｾ縺帙ｓ縲ょｸｸ縺ｫ譌｢螳壼､ 0 繧剃ｽｿ逕ｨ縺励∪縺・[C:\Users\macar\TinnosukeGameLib\Assembly-CSharp.csproj]
C:\Users\macar\TinnosukeGameLib\Assets\GameLib\Script\Common\Variables\Dynamic\Core\DynamicSources.cs(966,14): warning CS0649: 繝輔ぅ繝ｼ繝ｫ繝・'LiteralToVariableSource.boolValue' 縺ｯ蜑ｲ繧雁ｽ薙※繧峨ｌ縺ｾ縺帙ｓ縲ょｸｸ縺ｫ譌｢螳壼､ false 繧剃ｽｿ逕ｨ縺励∪縺・[C:\Users\macar\TinnosukeGameLib\Assembly-CSharp.csproj]
C:\Users\macar\TinnosukeGameLib\Assets\GameLib\Script\Common\Trait\SO\TraitDefinitionSO.cs(90,14): warning CS0649: 繝輔ぅ繝ｼ繝ｫ繝・'TraitDefinitionSO._runOnAddedCommands' 縺ｯ蜑ｲ繧雁ｽ薙※繧峨ｌ縺ｾ縺帙ｓ縲ょｸｸ縺ｫ譌｢螳壼､ false 繧剃ｽｿ逕ｨ縺励∪縺・[C:\Users\macar\TinnosukeGameLib\Assembly-CSharp.csproj]
C:\Users\macar\TinnosukeGameLib\Assets\GameLib\Script\Common\Variables\Dynamic\Sources\ActorWorldPositionSources.cs(47,21): warning CS0649: 繝輔ぅ繝ｼ繝ｫ繝・'ActorWorldPositionXSource.actorSource' 縺ｯ蜑ｲ繧雁ｽ薙※繧峨ｌ縺ｾ縺帙ｓ縲ょｸｸ縺ｫ譌｢螳壼､  繧剃ｽｿ逕ｨ縺励∪縺・[C:\Users\macar\TinnosukeGameLib\Assembly-CSharp.csproj]
C:\Users\macar\TinnosukeGameLib\Assets\GameLib\Script\Common\StatusEffect\Definition\StatusEffectDefinitionTypes.cs(462,14): warning CS0649: 繝輔ぅ繝ｼ繝ｫ繝・'ConfigurableStatusEffectDefinitionData.useUseCooldown' 縺ｯ蜑ｲ繧雁ｽ薙※繧峨ｌ縺ｾ縺帙ｓ縲ょｸｸ縺ｫ譌｢螳壼､ false 繧剃ｽｿ逕ｨ縺励∪縺・[C:\Users\macar\TinnosukeGameLib\Assembly-CSharp.csproj]
C:\Users\macar\TinnosukeGameLib\Assets\GameLib\Script\Common\Variables\Dynamic\Core\DynamicSources.cs(1988,13): warning CS0649: 繝輔ぅ繝ｼ繝ｫ繝・'SelfTableRowCountSource.tableVarId' 縺ｯ蜑ｲ繧雁ｽ薙※繧峨ｌ縺ｾ縺帙ｓ縲ょｸｸ縺ｫ譌｢螳壼､ 0 繧剃ｽｿ逕ｨ縺励∪縺・[C:\Users\macar\TinnosukeGameLib\Assembly-CSharp.csproj]
C:\Users\macar\TinnosukeGameLib\Assets\GameLib\Script\Common\Variables\Profile\Core\CustomProfileDefinition.cs(133,17): warning CS0649: 繝輔ぅ繝ｼ繝ｫ繝・'ProfileDynamicValue._vector2Value' 縺ｯ蜑ｲ繧雁ｽ薙※繧峨ｌ縺ｾ縺帙ｓ縲ょｸｸ縺ｫ譌｢螳壼､  繧剃ｽｿ逕ｨ縺励∪縺・[C:\Users\macar\TinnosukeGameLib\Assembly-CSharp.csproj]
C:\Users\macar\TinnosukeGameLib\Assets\GameLib\Script\Project\Scene\RoomMap\SO\RoomMapProfileSO.cs(16,43): warning CS0649: 繝輔ぅ繝ｼ繝ｫ繝・'RoomMapProfileSO.layout' 縺ｯ蜑ｲ繧雁ｽ薙※繧峨ｌ縺ｾ縺帙ｓ縲ょｸｸ縺ｫ譌｢螳壼､ null 繧剃ｽｿ逕ｨ縺励∪縺・[C:\Users\macar\TinnosukeGameLib\Assembly-CSharp.csproj]
C:\Users\macar\TinnosukeGameLib\Assets\GameLib\Script\Project\UI\TraitList\MB\UITraitListSystemMB.cs(74,14): warning CS0649: 繝輔ぅ繝ｼ繝ｫ繝・'UITraitListSystemMB._hideVisiblePlacedTraits' 縺ｯ蜑ｲ繧雁ｽ薙※繧峨ｌ縺ｾ縺帙ｓ縲ょｸｸ縺ｫ譌｢螳壼､ false 繧剃ｽｿ逕ｨ縺励∪縺・[C:\Users\macar\TinnosukeGameLib\Assembly-CSharp.csproj]
C:\Users\macar\TinnosukeGameLib\Assets\GameLib\Script\Common\Commands\VNext\Catalog\CommandCatalogSO.cs(258,30): warning CS0649: 繝輔ぅ繝ｼ繝ｫ繝・'CommandPayloadSchemaAsset.schemaId' 縺ｯ蜑ｲ繧雁ｽ薙※繧峨ｌ縺ｾ縺帙ｓ縲ょｸｸ縺ｫ譌｢螳壼､ 0 繧剃ｽｿ逕ｨ縺励∪縺・[C:\Users\macar\TinnosukeGameLib\Assembly-CSharp.csproj]
C:\Users\macar\TinnosukeGameLib\Assets\GameLib\Script\Common\AI\AIAgentMB.cs(25,26): warning CS0649: 繝輔ぅ繝ｼ繝ｫ繝・'AIAgentMB._profile' 縺ｯ蜑ｲ繧雁ｽ薙※繧峨ｌ縺ｾ縺帙ｓ縲ょｸｸ縺ｫ譌｢螳壼､ null 繧剃ｽｿ逕ｨ縺励∪縺・[C:\Users\macar\TinnosukeGameLib\Assembly-CSharp.csproj]
C:\Users\macar\TinnosukeGameLib\Assets\GameLib\Script\Common\DI\Runtime\SpecializedRuntimeTemplatePresets.cs(164,14): warning CS0649: 繝輔ぅ繝ｼ繝ｫ繝・'FirePatternRuntimeTemplatePreset.runOnAcquireCommands' 縺ｯ蜑ｲ繧雁ｽ薙※繧峨ｌ縺ｾ縺帙ｓ縲ょｸｸ縺ｫ譌｢螳壼､ false 繧剃ｽｿ逕ｨ縺励∪縺・[C:\Users\macar\TinnosukeGameLib\Assembly-CSharp.csproj]
C:\Users\macar\TinnosukeGameLib\Assets\GameLib\Script\Common\Variables\Profile\Core\CustomProfileDefinition.cs(207,21): warning CS0649: 繝輔ぅ繝ｼ繝ｫ繝・'ProfileDynamicValue._clamp' 縺ｯ蜑ｲ繧雁ｽ薙※繧峨ｌ縺ｾ縺帙ｓ縲ょｸｸ縺ｫ譌｢螳壼､  繧剃ｽｿ逕ｨ縺励∪縺・[C:\Users\macar\TinnosukeGameLib\Assembly-CSharp.csproj]
C:\Users\macar\TinnosukeGameLib\Assets\GameLib\Script\Common\Trait\SO\TraitDefinitionSO.cs(191,14): warning CS0649: 繝輔ぅ繝ｼ繝ｫ繝・'TraitDefinitionSO._applyCommonGridTable' 縺ｯ蜑ｲ繧雁ｽ薙※繧峨ｌ縺ｾ縺帙ｓ縲ょｸｸ縺ｫ譌｢螳壼､ false 繧剃ｽｿ逕ｨ縺励∪縺・[C:\Users\macar\TinnosukeGameLib\Assembly-CSharp.csproj]
C:\Users\macar\TinnosukeGameLib\Assets\GameLib\Script\Project\Scene\RoomMap\SO\RoomMapProfileSO.cs(32,47): warning CS0649: 繝輔ぅ繝ｼ繝ｫ繝・'RoomMapProfileSO.dynamicVisual' 縺ｯ蜑ｲ繧雁ｽ薙※繧峨ｌ縺ｾ縺帙ｓ縲ょｸｸ縺ｫ譌｢螳壼､ null 繧剃ｽｿ逕ｨ縺励∪縺・[C:\Users\macar\TinnosukeGameLib\Assembly-CSharp.csproj]
C:\Users\macar\TinnosukeGameLib\Assets\GameLib\Script\Project\StatusEffect\GameLogicScalarStatusEffectDefinitionData.cs(89,45): warning CS0649: 繝輔ぅ繝ｼ繝ｫ繝・'GameLogicScalarStatusEffectDefinitionData.useCooldownDefinition' 縺ｯ蜑ｲ繧雁ｽ薙※繧峨ｌ縺ｾ縺帙ｓ縲ょｸｸ縺ｫ譌｢螳壼､ null 繧剃ｽｿ逕ｨ縺励∪縺・[C:\Users\macar\TinnosukeGameLib\Assembly-CSharp.csproj]
C:\Users\macar\TinnosukeGameLib\Assets\GameLib\Script\Project\Scene\Chunk\MB\ChunkContentPlannerMB.cs(21,42): warning CS0649: 繝輔ぅ繝ｼ繝ｫ繝・'ChunkContentPlannerMB.ruleSet' 縺ｯ蜑ｲ繧雁ｽ薙※繧峨ｌ縺ｾ縺帙ｓ縲ょｸｸ縺ｫ譌｢螳壼､ null 繧剃ｽｿ逕ｨ縺励∪縺・[C:\Users\macar\TinnosukeGameLib\Assembly-CSharp.csproj]
C:\Users\macar\TinnosukeGameLib\Assets\GameLib\Script\Common\StatusEffect\MB\StatusEffectMB.cs(232,15): warning CS0649: 繝輔ぅ繝ｼ繝ｫ繝・'StatusEffectMB._debugIntensityE' 縺ｯ蜑ｲ繧雁ｽ薙※繧峨ｌ縺ｾ縺帙ｓ縲ょｸｸ縺ｫ譌｢螳壼､ 0 繧剃ｽｿ逕ｨ縺励∪縺・[C:\Users\macar\TinnosukeGameLib\Assembly-CSharp.csproj]
C:\Users\macar\TinnosukeGameLib\Assets\GameLib\Script\Project\Scene\SelectableRuntime\MB\UserMoveRotateRuntimeMB.cs(90,20): warning CS0649: 繝輔ぅ繝ｼ繝ｫ繝・'UserMoveRotateRuntimeMB._moveTargetTransform' 縺ｯ蜑ｲ繧雁ｽ薙※繧峨ｌ縺ｾ縺帙ｓ縲ょｸｸ縺ｫ譌｢螳壼､ null 繧剃ｽｿ逕ｨ縺励∪縺・[C:\Users\macar\TinnosukeGameLib\Assembly-CSharp.csproj]
C:\Users\macar\TinnosukeGameLib\Assets\GameLib\Script\Project\Scene\Chunk\MB\ChunkBiomeMB.cs(16,48): warning CS0649: 繝輔ぅ繝ｼ繝ｫ繝・'ChunkBiomeMB.settings' 縺ｯ蜑ｲ繧雁ｽ薙※繧峨ｌ縺ｾ縺帙ｓ縲ょｸｸ縺ｫ譌｢螳壼､ null 繧剃ｽｿ逕ｨ縺励∪縺・[C:\Users\macar\TinnosukeGameLib\Assembly-CSharp.csproj]
C:\Users\macar\TinnosukeGameLib\Assets\GameLib\Script\Common\Variables\Dynamic\Sources\TransformAnimationChannelPositionSources.cs(122,21): warning CS0649: 繝輔ぅ繝ｼ繝ｫ繝・'TransformAnimationChannelPosition3Source.actorSource' 縺ｯ蜑ｲ繧雁ｽ薙※繧峨ｌ縺ｾ縺帙ｓ縲ょｸｸ縺ｫ譌｢螳壼､  繧剃ｽｿ逕ｨ縺励∪縺・[C:\Users\macar\TinnosukeGameLib\Assembly-CSharp.csproj]
C:\Users\macar\TinnosukeGameLib\Assets\GameLib\Script\Common\Variables\Dynamic\Core\DynamicSources.cs(698,48): warning CS0649: 繝輔ぅ繝ｼ繝ｫ繝・'LiteralStatusEffectGlobalUseCooldownSettingsSource.value' 縺ｯ蜑ｲ繧雁ｽ薙※繧峨ｌ縺ｾ縺帙ｓ縲ょｸｸ縺ｫ譌｢螳壼､ null 繧剃ｽｿ逕ｨ縺励∪縺・[C:\Users\macar\TinnosukeGameLib\Assembly-CSharp.csproj]
C:\Users\macar\TinnosukeGameLib\Assets\Game\Scripts\Flow\GameStateMachineMB.cs(53,13): warning CS0649: 繝輔ぅ繝ｼ繝ｫ繝・'GameStateMachineMB._initialStateCommandDelayFramesOnAcquire' 縺ｯ蜑ｲ繧雁ｽ薙※繧峨ｌ縺ｾ縺帙ｓ縲ょｸｸ縺ｫ譌｢螳壼､ 0 繧剃ｽｿ逕ｨ縺励∪縺・[C:\Users\macar\TinnosukeGameLib\Assembly-CSharp.csproj]
C:\Users\macar\TinnosukeGameLib\Assets\GameLib\Script\Project\Scene\RoomMap\SO\RoomMapProfileSO.cs(45,34): warning CS0649: 繝輔ぅ繝ｼ繝ｫ繝・'RoomMapProfileSO.localCellOffset' 縺ｯ蜑ｲ繧雁ｽ薙※繧峨ｌ縺ｾ縺帙ｓ縲ょｸｸ縺ｫ譌｢螳壼､  繧剃ｽｿ逕ｨ縺励∪縺・[C:\Users\macar\TinnosukeGameLib\Assembly-CSharp.csproj]
C:\Users\macar\TinnosukeGameLib\Assets\GameLib\Script\Project\System\SceneFlow\MB\SceneFlowInstallerMB.cs(37,45): warning CS0649: 繝輔ぅ繝ｼ繝ｫ繝・'SceneFlowInstallerMB.loadingScenePrefab' 縺ｯ蜑ｲ繧雁ｽ薙※繧峨ｌ縺ｾ縺帙ｓ縲ょｸｸ縺ｫ譌｢螳壼､ null 繧剃ｽｿ逕ｨ縺励∪縺・[C:\Users\macar\TinnosukeGameLib\Assembly-CSharp.csproj]
C:\Users\macar\TinnosukeGameLib\Assets\GameLib\Script\Project\Scene\Channels\Parallax\ParallaxChannelTypes.cs(143,31): warning CS0649: 繝輔ぅ繝ｼ繝ｫ繝・'ParallaxChannelDef.debugLogEnabled' 縺ｯ蜑ｲ繧雁ｽ薙※繧峨ｌ縺ｾ縺帙ｓ縲ょｸｸ縺ｫ譌｢螳壼､ false 繧剃ｽｿ逕ｨ縺励∪縺・[C:\Users\macar\TinnosukeGameLib\Assembly-CSharp.csproj]
C:\Users\macar\TinnosukeGameLib\Assets\GameLib\Script\Common\Movement\MoveToInputPoint\MB\MoveToInputPointController.cs(63,31): warning CS0649: 繝輔ぅ繝ｼ繝ｫ繝・'MoveToInputPointController.outputDirection' 縺ｯ蜑ｲ繧雁ｽ薙※繧峨ｌ縺ｾ縺帙ｓ縲ょｸｸ縺ｫ譌｢螳壼､ false 繧剃ｽｿ逕ｨ縺励∪縺・[C:\Users\macar\TinnosukeGameLib\Assembly-CSharp.csproj]
C:\Users\macar\TinnosukeGameLib\Assets\GameLib\Script\Common\Variables\Dynamic\Core\DynamicSources.cs(1842,13): warning CS0649: 繝輔ぅ繝ｼ繝ｫ繝・'OtherGridBlackboardColumnCountSource.varIdFilter' 縺ｯ蜑ｲ繧雁ｽ薙※繧峨ｌ縺ｾ縺帙ｓ縲ょｸｸ縺ｫ譌｢螳壼､ 0 繧剃ｽｿ逕ｨ縺励∪縺・[C:\Users\macar\TinnosukeGameLib\Assembly-CSharp.csproj]
C:\Users\macar\TinnosukeGameLib\Assets\GameLib\Script\Project\UI\Core\Elements\Slider\ChannelHub\SliderChannelHubMB.cs(102,14): warning CS0649: 繝輔ぅ繝ｼ繝ｫ繝・'SliderChannelDefinition._enableBindingDebugLog' 縺ｯ蜑ｲ繧雁ｽ薙※繧峨ｌ縺ｾ縺帙ｓ縲ょｸｸ縺ｫ譌｢螳壼､ false 繧剃ｽｿ逕ｨ縺励∪縺・[C:\Users\macar\TinnosukeGameLib\Assembly-CSharp.csproj]
C:\Users\macar\TinnosukeGameLib\Assets\GameLib\Script\Common\Variables\Dynamic\Core\DynamicSources.cs(466,23): warning CS0649: 繝輔ぅ繝ｼ繝ｫ繝・'LiteralMotionPresetSource.value' 縺ｯ蜑ｲ繧雁ｽ薙※繧峨ｌ縺ｾ縺帙ｓ縲ょｸｸ縺ｫ譌｢螳壼､ null 繧剃ｽｿ逕ｨ縺励∪縺・[C:\Users\macar\TinnosukeGameLib\Assembly-CSharp.csproj]
C:\Users\macar\TinnosukeGameLib\Assets\GameLib\Script\Common\DI\Runtime\SpecializedRuntimeTemplatePresets.cs(33,14): warning CS0649: 繝輔ぅ繝ｼ繝ｫ繝・'ParticleRuntimeTemplatePreset.configureHoming' 縺ｯ蜑ｲ繧雁ｽ薙※繧峨ｌ縺ｾ縺帙ｓ縲ょｸｸ縺ｫ譌｢螳壼､ false 繧剃ｽｿ逕ｨ縺励∪縺・[C:\Users\macar\TinnosukeGameLib\Assembly-CSharp.csproj]
C:\Users\macar\TinnosukeGameLib\Assets\GameLib\Script\Project\UI\Core\Elements\Slider\UISlider\UISliderMB.cs(62,36): warning CS0649: 繝輔ぅ繝ｼ繝ｫ繝・'UISliderMB._scalarKey' 縺ｯ蜑ｲ繧雁ｽ薙※繧峨ｌ縺ｾ縺帙ｓ縲ょｸｸ縺ｫ譌｢螳壼､  繧剃ｽｿ逕ｨ縺励∪縺・[C:\Users\macar\TinnosukeGameLib\Assembly-CSharp.csproj]
C:\Users\macar\TinnosukeGameLib\Assets\GameLib\Script\Common\Audio\SimpleAudioCueSO.cs(78,14): warning CS0649: 繝輔ぅ繝ｼ繝ｫ繝・'SimpleAudioCueSO._applyTimeScaleToPlaybackSpeed' 縺ｯ蜑ｲ繧雁ｽ薙※繧峨ｌ縺ｾ縺帙ｓ縲ょｸｸ縺ｫ譌｢螳壼､ false 繧剃ｽｿ逕ｨ縺励∪縺・[C:\Users\macar\TinnosukeGameLib\Assembly-CSharp.csproj]
C:\Users\macar\TinnosukeGameLib\Assets\GameLib\Script\Common\Variables\Dynamic\Sources\GameStateMachineSources.cs(25,38): warning CS0649: 繝輔ぅ繝ｼ繝ｫ繝・'GameStateMachineCompareBoolSource.actorSource' 縺ｯ蜑ｲ繧雁ｽ薙※繧峨ｌ縺ｾ縺帙ｓ縲ょｸｸ縺ｫ譌｢螳壼､  繧剃ｽｿ逕ｨ縺励∪縺・[C:\Users\macar\TinnosukeGameLib\Assembly-CSharp.csproj]
C:\Users\macar\TinnosukeGameLib\Assets\GameLib\Script\Common\Variables\Dynamic\Core\DynamicSources.cs(87,17): warning CS0649: 繝輔ぅ繝ｼ繝ｫ繝・'LiteralSource.vector4Value' 縺ｯ蜑ｲ繧雁ｽ薙※繧峨ｌ縺ｾ縺帙ｓ縲ょｸｸ縺ｫ譌｢螳壼､  繧剃ｽｿ逕ｨ縺励∪縺・[C:\Users\macar\TinnosukeGameLib\Assembly-CSharp.csproj]
C:\Users\macar\TinnosukeGameLib\Assets\GameLib\Script\Common\EmitterSpawn\Patterns\BaseSpawnPattern.cs(41,38): warning CS0649: 繝輔ぅ繝ｼ繝ｫ繝・'BaseSpawnPattern._prefab' 縺ｯ蜑ｲ繧雁ｽ薙※繧峨ｌ縺ｾ縺帙ｓ縲ょｸｸ縺ｫ譌｢螳壼､ null 繧剃ｽｿ逕ｨ縺励∪縺・[C:\Users\macar\TinnosukeGameLib\Assembly-CSharp.csproj]
C:\Users\macar\TinnosukeGameLib\Assets\GameLib\Script\Project\Scene\SelectableRuntime\MB\UserMoveRotateRuntimeMB.cs(166,14): warning CS0649: 繝輔ぅ繝ｼ繝ｫ繝・'UserMoveRotateRuntimeMB._enableDebugLog' 縺ｯ蜑ｲ繧雁ｽ薙※繧峨ｌ縺ｾ縺帙ｓ縲ょｸｸ縺ｫ譌｢螳壼､ false 繧剃ｽｿ逕ｨ縺励∪縺・[C:\Users\macar\TinnosukeGameLib\Assembly-CSharp.csproj]
C:\Users\macar\TinnosukeGameLib\Assets\GameLib\Script\Common\Variables\Dynamic\Core\DynamicSources.cs(963,15): warning CS0649: 繝輔ぅ繝ｼ繝ｫ繝・'LiteralToVariableSource.floatValue' 縺ｯ蜑ｲ繧雁ｽ薙※繧峨ｌ縺ｾ縺帙ｓ縲ょｸｸ縺ｫ譌｢螳壼､ 0 繧剃ｽｿ逕ｨ縺励∪縺・[C:\Users\macar\TinnosukeGameLib\Assembly-CSharp.csproj]
C:\Users\macar\TinnosukeGameLib\Assets\GameLib\Script\Project\Scene\Channels\Parallax\ParallaxChannelTypes.cs(129,31): warning CS0649: 繝輔ぅ繝ｼ繝ｫ繝・'ParallaxChannelDef.allowUnsafeRigidbody2DWrite' 縺ｯ蜑ｲ繧雁ｽ薙※繧峨ｌ縺ｾ縺帙ｓ縲ょｸｸ縺ｫ譌｢螳壼､ false 繧剃ｽｿ逕ｨ縺励∪縺・[C:\Users\macar\TinnosukeGameLib\Assembly-CSharp.csproj]
C:\Users\macar\TinnosukeGameLib\Assets\GameLib\Script\Common\Commands\VNext\Catalog\CommandCatalogSO.cs(257,30): warning CS0649: 繝輔ぅ繝ｼ繝ｫ繝・'CommandPayloadSchemaAsset.commandId' 縺ｯ蜑ｲ繧雁ｽ薙※繧峨ｌ縺ｾ縺帙ｓ縲ょｸｸ縺ｫ譌｢螳壼､ 0 繧剃ｽｿ逕ｨ縺励∪縺・[C:\Users\macar\TinnosukeGameLib\Assembly-CSharp.csproj]
C:\Users\macar\TinnosukeGameLib\Assets\GameLib\Script\Common\Variables\Dynamic\Core\DynamicSources.cs(1109,13): warning CS0649: 繝輔ぅ繝ｼ繝ｫ繝・'LiteralToVarStoreSource.intValue' 縺ｯ蜑ｲ繧雁ｽ薙※繧峨ｌ縺ｾ縺帙ｓ縲ょｸｸ縺ｫ譌｢螳壼､ 0 繧剃ｽｿ逕ｨ縺励∪縺・[C:\Users\macar\TinnosukeGameLib\Assembly-CSharp.csproj]
C:\Users\macar\TinnosukeGameLib\Assets\GameLib\Script\Common\Variables\Dynamic\Core\DynamicSources.cs(2124,13): warning CS0649: 繝輔ぅ繝ｼ繝ｫ繝・'OtherTableColumnCountSource.tableVarId' 縺ｯ蜑ｲ繧雁ｽ薙※繧峨ｌ縺ｾ縺帙ｓ縲ょｸｸ縺ｫ譌｢螳壼､ 0 繧剃ｽｿ逕ｨ縺励∪縺・[C:\Users\macar\TinnosukeGameLib\Assembly-CSharp.csproj]
C:\Users\macar\TinnosukeGameLib\Assets\GameLib\Script\Common\StatusEffect\MB\StatusEffectMB.cs(229,15): warning CS0649: 繝輔ぅ繝ｼ繝ｫ繝・'StatusEffectMB._debugIntensityD' 縺ｯ蜑ｲ繧雁ｽ薙※繧峨ｌ縺ｾ縺帙ｓ縲ょｸｸ縺ｫ譌｢螳壼､ 0 繧剃ｽｿ逕ｨ縺励∪縺・[C:\Users\macar\TinnosukeGameLib\Assembly-CSharp.csproj]
C:\Users\macar\TinnosukeGameLib\Assets\GameLib\Script\Common\FPSDisplay.cs(87,27): warning CS0649: 繝輔ぅ繝ｼ繝ｫ繝・'FPSDisplay.enableAdaptiveRenderScale' 縺ｯ蜑ｲ繧雁ｽ薙※繧峨ｌ縺ｾ縺帙ｓ縲ょｸｸ縺ｫ譌｢螳壼､ false 繧剃ｽｿ逕ｨ縺励∪縺・[C:\Users\macar\TinnosukeGameLib\Assembly-CSharp.csproj]
C:\Users\macar\TinnosukeGameLib\Assets\GameLib\Script\Common\Variables\Dynamic\Core\DynamicSources.cs(304,39): warning CS0649: 繝輔ぅ繝ｼ繝ｫ繝・'AssetAnimationSpritePresetSource.value' 縺ｯ蜑ｲ繧雁ｽ薙※繧峨ｌ縺ｾ縺帙ｓ縲ょｸｸ縺ｫ譌｢螳壼､ null 繧剃ｽｿ逕ｨ縺励∪縺・[C:\Users\macar\TinnosukeGameLib\Assembly-CSharp.csproj]
C:\Users\macar\TinnosukeGameLib\Assets\GameLib\Script\Project\Scene\Channels\Movement\MB\MovementChannelHubMB.cs(13,52): warning CS0649: 繝輔ぅ繝ｼ繝ｫ繝・'MovementChannelHubMB._movementProfile' 縺ｯ蜑ｲ繧雁ｽ薙※繧峨ｌ縺ｾ縺帙ｓ縲ょｸｸ縺ｫ譌｢螳壼､ null 繧剃ｽｿ逕ｨ縺励∪縺・[C:\Users\macar\TinnosukeGameLib\Assembly-CSharp.csproj]
C:\Users\macar\TinnosukeGameLib\Assets\GameLib\Script\Project\UI\Core\Elements\Slider\UISlider\UISliderMB.cs(22,41): warning CS0649: 繝輔ぅ繝ｼ繝ｫ繝・'UISliderMB._hitTestRect' 縺ｯ蜑ｲ繧雁ｽ薙※繧峨ｌ縺ｾ縺帙ｓ縲ょｸｸ縺ｫ譌｢螳壼､ null 繧剃ｽｿ逕ｨ縺励∪縺・[C:\Users\macar\TinnosukeGameLib\Assembly-CSharp.csproj]
C:\Users\macar\TinnosukeGameLib\Assets\GameLib\Script\Common\Variables\Profile\Core\CustomProfileDefinition.cs(236,14): warning CS0649: 繝輔ぅ繝ｼ繝ｫ繝・'ProfileDynamicValue._blackboardSaveEnabled' 縺ｯ蜑ｲ繧雁ｽ薙※繧峨ｌ縺ｾ縺帙ｓ縲ょｸｸ縺ｫ譌｢螳壼､ false 繧剃ｽｿ逕ｨ縺励∪縺・[C:\Users\macar\TinnosukeGameLib\Assembly-CSharp.csproj]
C:\Users\macar\TinnosukeGameLib\Assets\GameLib\Script\Common\EmitterSpawn\Patterns\BaseSpawnPattern.cs(55,47): warning CS0649: 繝輔ぅ繝ｼ繝ｫ繝・'BaseSpawnPattern._lineDefinition' 縺ｯ蜑ｲ繧雁ｽ薙※繧峨ｌ縺ｾ縺帙ｓ縲ょｸｸ縺ｫ譌｢螳壼､ null 繧剃ｽｿ逕ｨ縺励∪縺・[C:\Users\macar\TinnosukeGameLib\Assembly-CSharp.csproj]
C:\Users\macar\TinnosukeGameLib\Assets\GameLib\Script\Common\Variables\Dynamic\Sources\TransformAnimationChannelDirectionSources.cs(269,15): warning CS0649: 繝輔ぅ繝ｼ繝ｫ繝・'TransformAnimationChannelAngleSource.fallback' 縺ｯ蜑ｲ繧雁ｽ薙※繧峨ｌ縺ｾ縺帙ｓ縲ょｸｸ縺ｫ譌｢螳壼､ 0 繧剃ｽｿ逕ｨ縺励∪縺・[C:\Users\macar\TinnosukeGameLib\Assembly-CSharp.csproj]
C:\Users\macar\TinnosukeGameLib\Assets\GameLib\Script\Common\Variables\Blackboard\MB\BlackboardMB.cs(33,34): warning CS0649: 繝輔ぅ繝ｼ繝ｫ繝・'BlackboardMB.LocalGridBlackboardInit.gridId' 縺ｯ蜑ｲ繧雁ｽ薙※繧峨ｌ縺ｾ縺帙ｓ縲ょｸｸ縺ｫ譌｢螳壼､ 0 繧剃ｽｿ逕ｨ縺励∪縺・[C:\Users\macar\TinnosukeGameLib\Assembly-CSharp.csproj]
C:\Users\macar\TinnosukeGameLib\Assets\GameLib\Script\Project\UI\TraitList\MB\UITraitListSystemMB.cs(51,31): warning CS0649: 繝輔ぅ繝ｼ繝ｫ繝・'UITraitListSystemMB._defaultProfile' 縺ｯ蜑ｲ繧雁ｽ薙※繧峨ｌ縺ｾ縺帙ｓ縲ょｸｸ縺ｫ譌｢螳壼､ null 繧剃ｽｿ逕ｨ縺励∪縺・[C:\Users\macar\TinnosukeGameLib\Assembly-CSharp.csproj]
C:\Users\macar\TinnosukeGameLib\Assets\GameLib\Script\Project\UI\Core\Tooltip\MB\TooltipSystemMB.cs(30,20): warning CS0649: 繝輔ぅ繝ｼ繝ｫ繝・'TooltipSystemMB.worldRoot' 縺ｯ蜑ｲ繧雁ｽ薙※繧峨ｌ縺ｾ縺帙ｓ縲ょｸｸ縺ｫ譌｢螳壼､ null 繧剃ｽｿ逕ｨ縺励∪縺・[C:\Users\macar\TinnosukeGameLib\Assembly-CSharp.csproj]
C:\Users\macar\TinnosukeGameLib\Assets\GameLib\Script\Common\Variables\Dynamic\Core\DynamicSources.cs(1497,13): warning CS0649: 繝輔ぅ繝ｼ繝ｫ繝・'OtherBlackboardSource.blackboardId' 縺ｯ蜑ｲ繧雁ｽ薙※繧峨ｌ縺ｾ縺帙ｓ縲ょｸｸ縺ｫ譌｢螳壼､ 0 繧剃ｽｿ逕ｨ縺励∪縺・[C:\Users\macar\TinnosukeGameLib\Assembly-CSharp.csproj]
C:\Users\macar\TinnosukeGameLib\Assets\GameLib\Script\Common\Variables\Dynamic\Sources\TargetChannelDirectionSources.cs(23,21): warning CS0649: 繝輔ぅ繝ｼ繝ｫ繝・'TargetChannelDirectionFromActor2Source.channelOwnerActorSource' 縺ｯ蜑ｲ繧雁ｽ薙※繧峨ｌ縺ｾ縺帙ｓ縲ょｸｸ縺ｫ譌｢螳壼､  繧剃ｽｿ逕ｨ縺励∪縺・[C:\Users\macar\TinnosukeGameLib\Assembly-CSharp.csproj]
C:\Users\macar\TinnosukeGameLib\Assets\GameLib\Script\Project\Scene\Channels\Parallax\ParallaxChannelTypes.cs(92,37): warning CS0649: 繝輔ぅ繝ｼ繝ｫ繝・'ParallaxChannelDef.directTarget' 縺ｯ蜑ｲ繧雁ｽ薙※繧峨ｌ縺ｾ縺帙ｓ縲ょｸｸ縺ｫ譌｢螳壼､ null 繧剃ｽｿ逕ｨ縺励∪縺・[C:\Users\macar\TinnosukeGameLib\Assembly-CSharp.csproj]
C:\Users\macar\TinnosukeGameLib\Assets\GameLib\Script\Project\Scene\Transform\ChannelHub\MB\TransformManagerMB.cs(46,13): warning CS0649: 繝輔ぅ繝ｼ繝ｫ繝・'TransformManagerEntrySettingsDefinition._priority' 縺ｯ蜑ｲ繧雁ｽ薙※繧峨ｌ縺ｾ縺帙ｓ縲ょｸｸ縺ｫ譌｢螳壼､ 0 繧剃ｽｿ逕ｨ縺励∪縺・[C:\Users\macar\TinnosukeGameLib\Assembly-CSharp.csproj]
C:\Users\macar\TinnosukeGameLib\Assets\GameLib\Script\Common\Health\Modifiers\SO\CustomHealthModifierSO.cs(91,14): warning CS0649: 繝輔ぅ繝ｼ繝ｫ繝・'CustomHealthModifierSO._enableTick' 縺ｯ蜑ｲ繧雁ｽ薙※繧峨ｌ縺ｾ縺帙ｓ縲ょｸｸ縺ｫ譌｢螳壼､ false 繧剃ｽｿ逕ｨ縺励∪縺・[C:\Users\macar\TinnosukeGameLib\Assembly-CSharp.csproj]
C:\Users\macar\TinnosukeGameLib\Assets\GameLib\Script\Project\Scene\Transform\ChannelHub\MB\TransformManagerMB.cs(68,15): warning CS0649: 繝輔ぅ繝ｼ繝ｫ繝・'TransformManagerEntrySettingsDefinition._durationSeconds' 縺ｯ蜑ｲ繧雁ｽ薙※繧峨ｌ縺ｾ縺帙ｓ縲ょｸｸ縺ｫ譌｢螳壼､ 0 繧剃ｽｿ逕ｨ縺励∪縺・[C:\Users\macar\TinnosukeGameLib\Assembly-CSharp.csproj]
C:\Users\macar\TinnosukeGameLib\Assets\GameLib\Script\Project\Scene\Channels\Parallax\ParallaxChannelTypes.cs(121,38): warning CS0649: 繝輔ぅ繝ｼ繝ｫ繝・'ParallaxChannelDef.cameraActorSource' 縺ｯ蜑ｲ繧雁ｽ薙※繧峨ｌ縺ｾ縺帙ｓ縲ょｸｸ縺ｫ譌｢螳壼､  繧剃ｽｿ逕ｨ縺励∪縺・[C:\Users\macar\TinnosukeGameLib\Assembly-CSharp.csproj]
C:\Users\macar\TinnosukeGameLib\Assets\GameLib\Script\Common\Health\Modifiers\SO\CustomHealthModifierSO.cs(64,14): warning CS0649: 繝輔ぅ繝ｼ繝ｫ繝・'CustomHealthModifierSO._enableHealModifier' 縺ｯ蜑ｲ繧雁ｽ薙※繧峨ｌ縺ｾ縺帙ｓ縲ょｸｸ縺ｫ譌｢螳壼､ false 繧剃ｽｿ逕ｨ縺励∪縺・[C:\Users\macar\TinnosukeGameLib\Assembly-CSharp.csproj]
C:\Users\macar\TinnosukeGameLib\Assets\GameLib\Script\Project\Scene\RoomMap\SO\RoomMapProfileSO.cs(55,34): warning CS0649: 繝輔ぅ繝ｼ繝ｫ繝・'RoomMapProfileSO.basePosition' 縺ｯ蜑ｲ繧雁ｽ薙※繧峨ｌ縺ｾ縺帙ｓ縲ょｸｸ縺ｫ譌｢螳壼､  繧剃ｽｿ逕ｨ縺励∪縺・[C:\Users\macar\TinnosukeGameLib\Assembly-CSharp.csproj]
C:\Users\macar\TinnosukeGameLib\Assets\GameLib\Script\Project\UI\Core\Elements\PointerTilt\PointerTiltSwipeMB.cs(29,20): warning CS0649: 繝輔ぅ繝ｼ繝ｫ繝・'PointerTiltSwipeMB._targetTransform' 縺ｯ蜑ｲ繧雁ｽ薙※繧峨ｌ縺ｾ縺帙ｓ縲ょｸｸ縺ｫ譌｢螳壼､ null 繧剃ｽｿ逕ｨ縺励∪縺・[C:\Users\macar\TinnosukeGameLib\Assembly-CSharp.csproj]
C:\Users\macar\TinnosukeGameLib\Assets\GameLib\Script\Common\Trait\SO\TraitDefinitionSO.cs(85,35): warning CS0649: 繝輔ぅ繝ｼ繝ｫ繝・'TraitDefinitionSO._traitListMovePreset' 縺ｯ蜑ｲ繧雁ｽ薙※繧峨ｌ縺ｾ縺帙ｓ縲ょｸｸ縺ｫ譌｢螳壼､ null 繧剃ｽｿ逕ｨ縺励∪縺・[C:\Users\macar\TinnosukeGameLib\Assembly-CSharp.csproj]
C:\Users\macar\TinnosukeGameLib\Assets\GameLib\Script\Common\Variables\Dynamic\Core\DynamicSources.cs(2077,13): warning CS0649: 繝輔ぅ繝ｼ繝ｫ繝・'SelfTableColumnCountSource.tableVarId' 縺ｯ蜑ｲ繧雁ｽ薙※繧峨ｌ縺ｾ縺帙ｓ縲ょｸｸ縺ｫ譌｢螳壼､ 0 繧剃ｽｿ逕ｨ縺励∪縺・[C:\Users\macar\TinnosukeGameLib\Assembly-CSharp.csproj]
C:\Users\macar\TinnosukeGameLib\Assets\GameLib\Script\Common\Variables\Binding\ExternalBoolBinding.cs(55,19): warning CS0649: 繝輔ぅ繝ｼ繝ｫ繝・'ExternalBoolBindingOptions._blackboardKey' 縺ｯ蜑ｲ繧雁ｽ薙※繧峨ｌ縺ｾ縺帙ｓ縲ょｸｸ縺ｫ譌｢螳壼､  繧剃ｽｿ逕ｨ縺励∪縺・[C:\Users\macar\TinnosukeGameLib\Assembly-CSharp.csproj]
C:\Users\macar\TinnosukeGameLib\Assets\GameLib\Script\Common\Variables\Dynamic\Sources\ActorDirectionDistanceSources.cs(72,21): warning CS0649: 繝輔ぅ繝ｼ繝ｫ繝・'ActorDirectionDistance3Source.actorA' 縺ｯ蜑ｲ繧雁ｽ薙※繧峨ｌ縺ｾ縺帙ｓ縲ょｸｸ縺ｫ譌｢螳壼､  繧剃ｽｿ逕ｨ縺励∪縺・[C:\Users\macar\TinnosukeGameLib\Assembly-CSharp.csproj]
C:\Users\macar\TinnosukeGameLib\Assets\GameLib\Script\Project\Scene\SelectableRuntime\MB\UserMoveRotateRuntimeMB.cs(131,19): warning CS0649: 繝輔ぅ繝ｼ繝ｫ繝・'UserMoveRotateRuntimeMB._blockLayerMask' 縺ｯ蜑ｲ繧雁ｽ薙※繧峨ｌ縺ｾ縺帙ｓ縲ょｸｸ縺ｫ譌｢螳壼､  繧剃ｽｿ逕ｨ縺励∪縺・[C:\Users\macar\TinnosukeGameLib\Assembly-CSharp.csproj]
C:\Users\macar\TinnosukeGameLib\Assets\GameLib\Script\Project\Scene\NoiseProducer\Definition\NoiseChannelDefinition.cs(42,32): warning CS0649: 繝輔ぅ繝ｼ繝ｫ繝・'NoiseChannelDefinition._loopSeconds' 縺ｯ蜑ｲ繧雁ｽ薙※繧峨ｌ縺ｾ縺帙ｓ縲ょｸｸ縺ｫ譌｢螳壼､ 0 繧剃ｽｿ逕ｨ縺励∪縺・[C:\Users\macar\TinnosukeGameLib\Assembly-CSharp.csproj]
C:\Users\macar\TinnosukeGameLib\Assets\GameLib\Script\Common\Variables\Dynamic\Sources\WeightedRandomListSources.cs(264,14): warning CS0649: 繝輔ぅ繝ｼ繝ｫ繝・'RandomMaterialFxSource.clearContextFirst' 縺ｯ蜑ｲ繧雁ｽ薙※繧峨ｌ縺ｾ縺帙ｓ縲ょｸｸ縺ｫ譌｢螳壼､ false 繧剃ｽｿ逕ｨ縺励∪縺・[C:\Users\macar\TinnosukeGameLib\Assembly-CSharp.csproj]
C:\Users\macar\TinnosukeGameLib\Assets\GameLib\Script\Project\Scene\Movement\Core\MovementScalarDatabaseSO.cs(13,27): warning CS0649: 繝輔ぅ繝ｼ繝ｫ繝・'MovementScalarDatabaseSO.profile' 縺ｯ蜑ｲ繧雁ｽ薙※繧峨ｌ縺ｾ縺帙ｓ縲ょｸｸ縺ｫ譌｢螳壼､ null 繧剃ｽｿ逕ｨ縺励∪縺・[C:\Users\macar\TinnosukeGameLib\Assembly-CSharp.csproj]
C:\Users\macar\TinnosukeGameLib\Assets\GameLib\Script\Common\LTS\Lifecycle\MB\ScopeLifecycleMB.cs(52,31): warning CS0649: 繝輔ぅ繝ｼ繝ｫ繝・'ScopeLifecycleMB.runSpawnOnEnd' 縺ｯ蜑ｲ繧雁ｽ薙※繧峨ｌ縺ｾ縺帙ｓ縲ょｸｸ縺ｫ譌｢螳壼､ false 繧剃ｽｿ逕ｨ縺励∪縺・[C:\Users\macar\TinnosukeGameLib\Assembly-CSharp.csproj]
C:\Users\macar\TinnosukeGameLib\Assets\GameLib\Script\Common\Variables\Dynamic\Core\DynamicSources.cs(1711,21): warning CS0649: 繝輔ぅ繝ｼ繝ｫ繝・'OtherGridBlackboardSource.targetActor' 縺ｯ蜑ｲ繧雁ｽ薙※繧峨ｌ縺ｾ縺帙ｓ縲ょｸｸ縺ｫ譌｢螳壼､  繧剃ｽｿ逕ｨ縺励∪縺・[C:\Users\macar\TinnosukeGameLib\Assembly-CSharp.csproj]
C:\Users\macar\TinnosukeGameLib\Assets\GameLib\Script\Common\Variables\Dynamic\Core\DynamicSources.cs(2241,21): warning CS0649: 繝輔ぅ繝ｼ繝ｫ繝・'OtherTableCellExistsSource.targetActor' 縺ｯ蜑ｲ繧雁ｽ薙※繧峨ｌ縺ｾ縺帙ｓ縲ょｸｸ縺ｫ譌｢螳壼､  繧剃ｽｿ逕ｨ縺励∪縺・[C:\Users\macar\TinnosukeGameLib\Assembly-CSharp.csproj]
C:\Users\macar\TinnosukeGameLib\Assets\GameLib\Script\Project\System\Map\MB\MapNodeSystemMB.cs(26,20): warning CS0649: 繝輔ぅ繝ｼ繝ｫ繝・'MapNodeSystemMB._defaultParentTransform' 縺ｯ蜑ｲ繧雁ｽ薙※繧峨ｌ縺ｾ縺帙ｓ縲ょｸｸ縺ｫ譌｢螳壼､ null 繧剃ｽｿ逕ｨ縺励∪縺・[C:\Users\macar\TinnosukeGameLib\Assembly-CSharp.csproj]
C:\Users\macar\TinnosukeGameLib\Assets\GameLib\Script\Common\Variables\Dynamic\Core\DynamicSources.cs(668,45): warning CS0649: 繝輔ぅ繝ｼ繝ｫ繝・'LiteralStatusEffectGlobalLifetimeSettingsSource.value' 縺ｯ蜑ｲ繧雁ｽ薙※繧峨ｌ縺ｾ縺帙ｓ縲ょｸｸ縺ｫ譌｢螳壼､ null 繧剃ｽｿ逕ｨ縺励∪縺・[C:\Users\macar\TinnosukeGameLib\Assembly-CSharp.csproj]
C:\Users\macar\TinnosukeGameLib\Assets\GameLib\Script\Project\UI\TraitListChannel\MB\TraitListChannelHubMB.cs(68,20): warning CS0649: 繝輔ぅ繝ｼ繝ｫ繝・'TraitListChannelDefinition._layoutRectTransform' 縺ｯ蜑ｲ繧雁ｽ薙※繧峨ｌ縺ｾ縺帙ｓ縲ょｸｸ縺ｫ譌｢螳壼､ null 繧剃ｽｿ逕ｨ縺励∪縺・[C:\Users\macar\TinnosukeGameLib\Assembly-CSharp.csproj]
C:\Users\macar\TinnosukeGameLib\Assets\GameLib\Script\Common\Variables\VarStore\Registry\VarKeyRegistry.cs(426,37): warning CS0649: 繝輔ぅ繝ｼ繝ｫ繝・'VarKeyRegistry.csvFile' 縺ｯ蜑ｲ繧雁ｽ薙※繧峨ｌ縺ｾ縺帙ｓ縲ょｸｸ縺ｫ譌｢螳壼､ null 繧剃ｽｿ逕ｨ縺励∪縺・[C:\Users\macar\TinnosukeGameLib\Assembly-CSharp.csproj]
C:\Users\macar\TinnosukeGameLib\Assets\GameLib\Script\Project\UI\Core\Elements\Slider\UISlider\UISliderMB.cs(55,31): warning CS0649: 繝輔ぅ繝ｼ繝ｫ繝・'UISliderMB._useScalarBinding' 縺ｯ蜑ｲ繧雁ｽ薙※繧峨ｌ縺ｾ縺帙ｓ縲ょｸｸ縺ｫ譌｢螳壼､ false 繧剃ｽｿ逕ｨ縺励∪縺・[C:\Users\macar\TinnosukeGameLib\Assembly-CSharp.csproj]
C:\Users\macar\TinnosukeGameLib\Assets\GameLib\Script\Project\Scene\RoomMap\SO\RoomMapTileDefinitionSO.cs(23,45): warning CS0649: 繝輔ぅ繝ｼ繝ｫ繝・'RoomMapTileSpawnDef.source' 縺ｯ蜑ｲ繧雁ｽ薙※繧峨ｌ縺ｾ縺帙ｓ縲ょｸｸ縺ｫ譌｢螳壼､  繧剃ｽｿ逕ｨ縺励∪縺・[C:\Users\macar\TinnosukeGameLib\Assembly-CSharp.csproj]
C:\Users\macar\TinnosukeGameLib\Assets\GameLib\Script\Project\Scene\RoomMap\SO\RoomMapProfileSO.cs(20,50): warning CS0649: 繝輔ぅ繝ｼ繝ｫ繝・'RoomMapProfileSO.dynamicLayout' 縺ｯ蜑ｲ繧雁ｽ薙※繧峨ｌ縺ｾ縺帙ｓ縲ょｸｸ縺ｫ譌｢螳壼､ null 繧剃ｽｿ逕ｨ縺励∪縺・[C:\Users\macar\TinnosukeGameLib\Assembly-CSharp.csproj]
C:\Users\macar\TinnosukeGameLib\Assets\GameLib\Script\Project\Scene\Channels\Light2D\Light2DChannelDef.cs(49,14): warning CS0649: 繝輔ぅ繝ｼ繝ｫ繝・'Light2DChannelDef._debugLog' 縺ｯ蜑ｲ繧雁ｽ薙※繧峨ｌ縺ｾ縺帙ｓ縲ょｸｸ縺ｫ譌｢螳壼､ false 繧剃ｽｿ逕ｨ縺励∪縺・[C:\Users\macar\TinnosukeGameLib\Assembly-CSharp.csproj]
C:\Users\macar\TinnosukeGameLib\Assets\GameLib\Script\Common\LTS\Lifecycle\MB\ScopeLifecycleMB.cs(56,32): warning CS0649: 繝輔ぅ繝ｼ繝ｫ繝・'ScopeLifecycleMB.spawnDelaySeconds' 縺ｯ蜑ｲ繧雁ｽ薙※繧峨ｌ縺ｾ縺帙ｓ縲ょｸｸ縺ｫ譌｢螳壼､ 0 繧剃ｽｿ逕ｨ縺励∪縺・[C:\Users\macar\TinnosukeGameLib\Assembly-CSharp.csproj]
C:\Users\macar\TinnosukeGameLib\Assets\GameLib\Script\Project\Scene\RoomMap\SO\RoomMapTileEnumDefinitionSO.cs(23,29): warning CS0649: 繝輔ぅ繝ｼ繝ｫ繝・'RoomMapTileEnumEntry.tags' 縺ｯ蜑ｲ繧雁ｽ薙※繧峨ｌ縺ｾ縺帙ｓ縲ょｸｸ縺ｫ譌｢螳壼､  繧剃ｽｿ逕ｨ縺励∪縺・[C:\Users\macar\TinnosukeGameLib\Assembly-CSharp.csproj]
C:\Users\macar\TinnosukeGameLib\Assets\GameLib\Script\Project\UI\TraitListChannel\MB\TraitListChannelHubMB.cs(62,20): warning CS0649: 繝輔ぅ繝ｼ繝ｫ繝・'TraitListChannelDefinition._listRoot' 縺ｯ蜑ｲ繧雁ｽ薙※繧峨ｌ縺ｾ縺帙ｓ縲ょｸｸ縺ｫ譌｢螳壼､ null 繧剃ｽｿ逕ｨ縺励∪縺・[C:\Users\macar\TinnosukeGameLib\Assembly-CSharp.csproj]
C:\Users\macar\TinnosukeGameLib\Assets\GameLib\Script\Project\Scene\Transform\ChannelHub\MB\TransformManagerMB.cs(142,15): warning CS0649: 繝輔ぅ繝ｼ繝ｫ繝・'TransformManagerRotateGlobalValue._angularVelocity' 縺ｯ蜑ｲ繧雁ｽ薙※繧峨ｌ縺ｾ縺帙ｓ縲ょｸｸ縺ｫ譌｢螳壼､ 0 繧剃ｽｿ逕ｨ縺励∪縺・[C:\Users\macar\TinnosukeGameLib\Assembly-CSharp.csproj]
C:\Users\macar\TinnosukeGameLib\Assets\GameLib\Script\Project\UI\Core\Tooltip\TooltipChannelHubMB.cs(101,14): warning CS0649: 繝輔ぅ繝ｼ繝ｫ繝・'TooltipChannelHubMB._enableDebugLog' 縺ｯ蜑ｲ繧雁ｽ薙※繧峨ｌ縺ｾ縺帙ｓ縲ょｸｸ縺ｫ譌｢螳壼､ false 繧剃ｽｿ逕ｨ縺励∪縺・[C:\Users\macar\TinnosukeGameLib\Assembly-CSharp.csproj]
C:\Users\macar\TinnosukeGameLib\Assets\GameLib\Script\Common\StatusEffect\MB\StatusEffectMB.cs(223,15): warning CS0649: 繝輔ぅ繝ｼ繝ｫ繝・'StatusEffectMB._debugIntensityB' 縺ｯ蜑ｲ繧雁ｽ薙※繧峨ｌ縺ｾ縺帙ｓ縲ょｸｸ縺ｫ譌｢螳壼､ 0 繧剃ｽｿ逕ｨ縺励∪縺・[C:\Users\macar\TinnosukeGameLib\Assembly-CSharp.csproj]
C:\Users\macar\TinnosukeGameLib\Assets\GameLib\Script\Common\Variables\Dynamic\Sources\GameStateMachineSources.cs(60,38): warning CS0649: 繝輔ぅ繝ｼ繝ｫ繝・'GameStateMachineStateIdIntSource.actorSource' 縺ｯ蜑ｲ繧雁ｽ薙※繧峨ｌ縺ｾ縺帙ｓ縲ょｸｸ縺ｫ譌｢螳壼､  繧剃ｽｿ逕ｨ縺励∪縺・[C:\Users\macar\TinnosukeGameLib\Assembly-CSharp.csproj]
C:\Users\macar\TinnosukeGameLib\Assets\GameLib\Script\Common\Variables\Dynamic\Core\DynamicSources.cs(1112,15): warning CS0649: 繝輔ぅ繝ｼ繝ｫ繝・'LiteralToVarStoreSource.floatValue' 縺ｯ蜑ｲ繧雁ｽ薙※繧峨ｌ縺ｾ縺帙ｓ縲ょｸｸ縺ｫ譌｢螳壼､ 0 繧剃ｽｿ逕ｨ縺励∪縺・[C:\Users\macar\TinnosukeGameLib\Assembly-CSharp.csproj]
C:\Users\macar\TinnosukeGameLib\Assets\GameLib\Script\Common\StatusEffect\MB\StatusEffectMB.cs(226,15): warning CS0649: 繝輔ぅ繝ｼ繝ｫ繝・'StatusEffectMB._debugIntensityC' 縺ｯ蜑ｲ繧雁ｽ薙※繧峨ｌ縺ｾ縺帙ｓ縲ょｸｸ縺ｫ譌｢螳壼､ 0 繧剃ｽｿ逕ｨ縺励∪縺・[C:\Users\macar\TinnosukeGameLib\Assembly-CSharp.csproj]
C:\Users\macar\TinnosukeGameLib\Assets\GameLib\Script\Project\Scene\Channels\Parallax\ParallaxChannelTypes.cs(97,38): warning CS0649: 繝輔ぅ繝ｼ繝ｫ繝・'ParallaxChannelDef.animationHubActorSource' 縺ｯ蜑ｲ繧雁ｽ薙※繧峨ｌ縺ｾ縺帙ｓ縲ょｸｸ縺ｫ譌｢螳壼､  繧剃ｽｿ逕ｨ縺励∪縺・[C:\Users\macar\TinnosukeGameLib\Assembly-CSharp.csproj]
C:\Users\macar\TinnosukeGameLib\Assets\GameLib\Script\Project\UI\Core\Spawner\UIElementSpawnerMB.cs(17,37): warning CS0649: 繝輔ぅ繝ｼ繝ｫ繝・'UIElementSpawnerMB.root' 縺ｯ蜑ｲ繧雁ｽ薙※繧峨ｌ縺ｾ縺帙ｓ縲ょｸｸ縺ｫ譌｢螳壼､ null 繧剃ｽｿ逕ｨ縺励∪縺・[C:\Users\macar\TinnosukeGameLib\Assembly-CSharp.csproj]
C:\Users\macar\TinnosukeGameLib\Assets\GameLib\Script\Common\Trait\SO\TraitDefinitionSO.cs(168,14): warning CS0649: 繝輔ぅ繝ｼ繝ｫ繝・'TraitDefinitionSO._runOnRuntimeHiddenCommands' 縺ｯ蜑ｲ繧雁ｽ薙※繧峨ｌ縺ｾ縺帙ｓ縲ょｸｸ縺ｫ譌｢螳壼､ false 繧剃ｽｿ逕ｨ縺励∪縺・[C:\Users\macar\TinnosukeGameLib\Assembly-CSharp.csproj]
C:\Users\macar\TinnosukeGameLib\Assets\GameLib\Script\Project\UI\Core\Toast\MB\ToastSystemMB.cs(70,31): warning CS0649: 繝輔ぅ繝ｼ繝ｫ繝・'ToastSystemMB.applyStackShiftToCloseMultiplier' 縺ｯ蜑ｲ繧雁ｽ薙※繧峨ｌ縺ｾ縺帙ｓ縲ょｸｸ縺ｫ譌｢螳壼､ false 繧剃ｽｿ逕ｨ縺励∪縺・[C:\Users\macar\TinnosukeGameLib\Assembly-CSharp.csproj]
C:\Users\macar\TinnosukeGameLib\Assets\GameLib\Script\Common\Variables\Dynamic\Core\DynamicSources.cs(2368,21): warning CS0649: 繝輔ぅ繝ｼ繝ｫ繝・'OtherTableCellSource.targetActor' 縺ｯ蜑ｲ繧雁ｽ薙※繧峨ｌ縺ｾ縺帙ｓ縲ょｸｸ縺ｫ譌｢螳壼､  繧剃ｽｿ逕ｨ縺励∪縺・[C:\Users\macar\TinnosukeGameLib\Assembly-CSharp.csproj]
C:\Users\macar\TinnosukeGameLib\Assets\GameLib\Script\Shader\Core\MaterialFx\MaterialFxMB.cs(25,41): warning CS0649: 繝輔ぅ繝ｼ繝ｫ繝・'MaterialFxMB.emptyAnimationData' 縺ｯ蜑ｲ繧雁ｽ薙※繧峨ｌ縺ｾ縺帙ｓ縲ょｸｸ縺ｫ譌｢螳壼､ null 繧剃ｽｿ逕ｨ縺励∪縺・[C:\Users\macar\TinnosukeGameLib\Assembly-CSharp.csproj]
C:\Users\macar\TinnosukeGameLib\Assets\GameLib\Script\Common\Variables\Dynamic\Core\DynamicSources.cs(786,40): warning CS0649: 繝輔ぅ繝ｼ繝ｫ繝・'LiteralParticleRuntimeTemplatePresetSource.value' 縺ｯ蜑ｲ繧雁ｽ薙※繧峨ｌ縺ｾ縺帙ｓ縲ょｸｸ縺ｫ譌｢螳壼､ null 繧剃ｽｿ逕ｨ縺励∪縺・[C:\Users\macar\TinnosukeGameLib\Assembly-CSharp.csproj]
C:\Users\macar\TinnosukeGameLib\Assets\GameLib\Script\Common\Variables\Dynamic\Sources\TargetChannelDirectionSources.cs(105,21): warning CS0649: 繝輔ぅ繝ｼ繝ｫ繝・'TargetChannelDirectionFromActor3Source.actorSource' 縺ｯ蜑ｲ繧雁ｽ薙※繧峨ｌ縺ｾ縺帙ｓ縲ょｸｸ縺ｫ譌｢螳壼､  繧剃ｽｿ逕ｨ縺励∪縺・[C:\Users\macar\TinnosukeGameLib\Assembly-CSharp.csproj]
C:\Users\macar\TinnosukeGameLib\Assets\GameLib\Script\Project\UI\Core\UINavigation\InputNavigate\UIInputNavigateObjectMB.cs(33,14): warning CS0649: 繝輔ぅ繝ｼ繝ｫ繝・'UIInputNavigateObjectMB._resendInputOnSelect' 縺ｯ蜑ｲ繧雁ｽ薙※繧峨ｌ縺ｾ縺帙ｓ縲ょｸｸ縺ｫ譌｢螳壼､ false 繧剃ｽｿ逕ｨ縺励∪縺・[C:\Users\macar\TinnosukeGameLib\Assembly-CSharp.csproj]
C:\Users\macar\TinnosukeGameLib\Assets\GameLib\Script\Common\Time\Timer\TimerHubTypes.cs(46,25): warning CS0649: 繝輔ぅ繝ｼ繝ｫ繝・'TimerOutputTarget.kind' 縺ｯ蜑ｲ繧雁ｽ薙※繧峨ｌ縺ｾ縺帙ｓ縲ょｸｸ縺ｫ譌｢螳壼､  繧剃ｽｿ逕ｨ縺励∪縺・[C:\Users\macar\TinnosukeGameLib\Assembly-CSharp.csproj]
C:\Users\macar\TinnosukeGameLib\Assets\GameLib\Script\Project\UI\TraitList\MB\UITraitListSystemMB.cs(56,20): warning CS0649: 繝輔ぅ繝ｼ繝ｫ繝・'UITraitListSystemMB._defaultParentTransform' 縺ｯ蜑ｲ繧雁ｽ薙※繧峨ｌ縺ｾ縺帙ｓ縲ょｸｸ縺ｫ譌｢螳壼､ null 繧剃ｽｿ逕ｨ縺励∪縺・[C:\Users\macar\TinnosukeGameLib\Assembly-CSharp.csproj]
C:\Users\macar\TinnosukeGameLib\Assets\GameLib\Script\Common\Health\Profile\HealthPreset.cs(58,14): warning CS0649: 繝輔ぅ繝ｼ繝ｫ繝・'HealthPreset.enableInvincibleOnDamaged' 縺ｯ蜑ｲ繧雁ｽ薙※繧峨ｌ縺ｾ縺帙ｓ縲ょｸｸ縺ｫ譌｢螳壼､ false 繧剃ｽｿ逕ｨ縺励∪縺・[C:\Users\macar\TinnosukeGameLib\Assembly-CSharp.csproj]
C:\Users\macar\TinnosukeGameLib\Assets\GameLib\Script\Common\Trait\SO\TraitDefinitionSO.cs(180,14): warning CS0649: 繝輔ぅ繝ｼ繝ｫ繝・'TraitDefinitionSO._applyCommonVars' 縺ｯ蜑ｲ繧雁ｽ薙※繧峨ｌ縺ｾ縺帙ｓ縲ょｸｸ縺ｫ譌｢螳壼､ false 繧剃ｽｿ逕ｨ縺励∪縺・[C:\Users\macar\TinnosukeGameLib\Assembly-CSharp.csproj]
C:\Users\macar\TinnosukeGameLib\Assets\GameLib\Script\Common\LTS\Lifecycle\MB\ScopeLifecycleMB.cs(62,31): warning CS0649: 繝輔ぅ繝ｼ繝ｫ繝・'ScopeLifecycleMB.runDespawnOnEnd' 縺ｯ蜑ｲ繧雁ｽ薙※繧峨ｌ縺ｾ縺帙ｓ縲ょｸｸ縺ｫ譌｢螳壼､ false 繧剃ｽｿ逕ｨ縺励∪縺・[C:\Users\macar\TinnosukeGameLib\Assembly-CSharp.csproj]
C:\Users\macar\TinnosukeGameLib\Assets\GameLib\Script\Common\Variables\Dynamic\Core\DynamicSources.cs(771,43): warning CS0649: 繝輔ぅ繝ｼ繝ｫ繝・'AssetRuntimeTemplatePresetSource.value' 縺ｯ蜑ｲ繧雁ｽ薙※繧峨ｌ縺ｾ縺帙ｓ縲ょｸｸ縺ｫ譌｢螳壼､ null 繧剃ｽｿ逕ｨ縺励∪縺・[C:\Users\macar\TinnosukeGameLib\Assembly-CSharp.csproj]
C:\Users\macar\TinnosukeGameLib\Assets\GameLib\Script\Project\System\Map\MB\MapNodePlayerMB.cs(27,27): warning CS0649: 繝輔ぅ繝ｼ繝ｫ繝・'MapNodePlayerMB._defaultProfile' 縺ｯ蜑ｲ繧雁ｽ薙※繧峨ｌ縺ｾ縺帙ｓ縲ょｸｸ縺ｫ譌｢螳壼､ null 繧剃ｽｿ逕ｨ縺励∪縺・[C:\Users\macar\TinnosukeGameLib\Assembly-CSharp.csproj]
C:\Users\macar\TinnosukeGameLib\Assets\GameLib\Script\Common\Variables\Dynamic\Core\DynamicSources.cs(1124,17): warning CS0649: 繝輔ぅ繝ｼ繝ｫ繝・'LiteralToVarStoreSource.vector3Value' 縺ｯ蜑ｲ繧雁ｽ薙※繧峨ｌ縺ｾ縺帙ｓ縲ょｸｸ縺ｫ譌｢螳壼､  繧剃ｽｿ逕ｨ縺励∪縺・[C:\Users\macar\TinnosukeGameLib\Assembly-CSharp.csproj]
C:\Users\macar\TinnosukeGameLib\Assets\GameLib\Script\Common\Commands\Def\ValueBinding.cs(21,38): warning CS0649: 繝輔ぅ繝ｼ繝ｫ繝・'FlexibleValue<T>.source' 縺ｯ蜑ｲ繧雁ｽ薙※繧峨ｌ縺ｾ縺帙ｓ縲ょｸｸ縺ｫ譌｢螳壼､  繧剃ｽｿ逕ｨ縺励∪縺・[C:\Users\macar\TinnosukeGameLib\Assembly-CSharp.csproj]
C:\Users\macar\TinnosukeGameLib\Assets\GameLib\Script\Common\Variables\Profile\Core\CustomProfileDefinition.cs(189,14): warning CS0649: 繝輔ぅ繝ｼ繝ｫ繝・'ProfileDynamicValue._useClampMod' 縺ｯ蜑ｲ繧雁ｽ薙※繧峨ｌ縺ｾ縺帙ｓ縲ょｸｸ縺ｫ譌｢螳壼､ false 繧剃ｽｿ逕ｨ縺励∪縺・[C:\Users\macar\TinnosukeGameLib\Assembly-CSharp.csproj]
C:\Users\macar\TinnosukeGameLib\Assets\GameLib\Script\Common\Variables\Dynamic\Core\DynamicSources.cs(827,50): warning CS0649: 繝輔ぅ繝ｼ繝ｫ繝・'AssetFirePatternRuntimeTemplatePresetSource.value' 縺ｯ蜑ｲ繧雁ｽ薙※繧峨ｌ縺ｾ縺帙ｓ縲ょｸｸ縺ｫ譌｢螳壼､ null 繧剃ｽｿ逕ｨ縺励∪縺・[C:\Users\macar\TinnosukeGameLib\Assembly-CSharp.csproj]
C:\Users\macar\TinnosukeGameLib\Assets\GameLib\Script\Common\Variables\Dynamic\Sources\TransformAnimationChannelPositionSources.cs(31,21): warning CS0649: 繝輔ぅ繝ｼ繝ｫ繝・'TransformAnimationChannelPosition2Source.actorSource' 縺ｯ蜑ｲ繧雁ｽ薙※繧峨ｌ縺ｾ縺帙ｓ縲ょｸｸ縺ｫ譌｢螳壼､  繧剃ｽｿ逕ｨ縺励∪縺・[C:\Users\macar\TinnosukeGameLib\Assembly-CSharp.csproj]
C:\Users\macar\TinnosukeGameLib\Assets\GameLib\Script\Common\Variables\Dynamic\Sources\TimerSources.cs(18,38): warning CS0649: 繝輔ぅ繝ｼ繝ｫ繝・'TimerValueSource.actorSource' 縺ｯ蜑ｲ繧雁ｽ薙※繧峨ｌ縺ｾ縺帙ｓ縲ょｸｸ縺ｫ譌｢螳壼､  繧剃ｽｿ逕ｨ縺励∪縺・[C:\Users\macar\TinnosukeGameLib\Assembly-CSharp.csproj]
C:\Users\macar\TinnosukeGameLib\Assets\GameLib\Script\Project\Scene\Channels\Transform\TransformChannelDef.cs(129,71): warning CS0649: 繝輔ぅ繝ｼ繝ｫ繝・'TransformChannelDef.rectTransform' 縺ｯ蜑ｲ繧雁ｽ薙※繧峨ｌ縺ｾ縺帙ｓ縲ょｸｸ縺ｫ譌｢螳壼､ null 繧剃ｽｿ逕ｨ縺励∪縺・[C:\Users\macar\TinnosukeGameLib\Assembly-CSharp.csproj]
C:\Users\macar\TinnosukeGameLib\Assets\GameLib\Script\Project\UI\Core\Dialog\MB\UIDialogChannelHubMB.cs(25,14): warning CS0649: 繝輔ぅ繝ｼ繝ｫ繝・'DialogueChannelHubMB._enableDebugLog' 縺ｯ蜑ｲ繧雁ｽ薙※繧峨ｌ縺ｾ縺帙ｓ縲ょｸｸ縺ｫ譌｢螳壼､ false 繧剃ｽｿ逕ｨ縺励∪縺・[C:\Users\macar\TinnosukeGameLib\Assembly-CSharp.csproj]
C:\Users\macar\TinnosukeGameLib\Assets\GameLib\Script\Common\Variables\Binding\ExternalFloatBinding.cs(43,19): warning CS0649: 繝輔ぅ繝ｼ繝ｫ繝・'ExternalFloatBindingOptions._scalarKey' 縺ｯ蜑ｲ繧雁ｽ薙※繧峨ｌ縺ｾ縺帙ｓ縲ょｸｸ縺ｫ譌｢螳壼､  繧剃ｽｿ逕ｨ縺励∪縺・[C:\Users\macar\TinnosukeGameLib\Assembly-CSharp.csproj]
C:\Users\macar\TinnosukeGameLib\Assets\GameLib\Script\Project\Scene\Transform\ChannelHub\MB\TransformManagerMB.cs(62,14): warning CS0649: 繝輔ぅ繝ｼ繝ｫ繝・'TransformManagerEntrySettingsDefinition._oneShot' 縺ｯ蜑ｲ繧雁ｽ薙※繧峨ｌ縺ｾ縺帙ｓ縲ょｸｸ縺ｫ譌｢螳壼､ false 繧剃ｽｿ逕ｨ縺励∪縺・[C:\Users\macar\TinnosukeGameLib\Assembly-CSharp.csproj]
C:\Users\macar\TinnosukeGameLib\Assets\GameLib\Script\Common\Commands\Def\ValueBinding.cs(24,28): warning CS0649: 繝輔ぅ繝ｼ繝ｫ繝・'FlexibleValue<T>.literal' 縺ｯ蜑ｲ繧雁ｽ薙※繧峨ｌ縺ｾ縺帙ｓ縲ょｸｸ縺ｫ譌｢螳壼､  繧剃ｽｿ逕ｨ縺励∪縺・[C:\Users\macar\TinnosukeGameLib\Assembly-CSharp.csproj]
C:\Users\macar\TinnosukeGameLib\Assets\GameLib\Script\Shader\Core\MaterialFx\MaterialFxMB.cs(20,56): warning CS0649: 繝輔ぅ繝ｼ繝ｫ繝・'MaterialFxMB.registrySO' 縺ｯ蜑ｲ繧雁ｽ薙※繧峨ｌ縺ｾ縺帙ｓ縲ょｸｸ縺ｫ譌｢螳壼､ null 繧剃ｽｿ逕ｨ縺励∪縺・[C:\Users\macar\TinnosukeGameLib\Assembly-CSharp.csproj]
C:\Users\macar\TinnosukeGameLib\Assets\GameLib\Script\Common\Trait\Placement\TraitPlacementTypes.cs(39,14): warning CS0649: 繝輔ぅ繝ｼ繝ｫ繝・'PlaceableTraitSettings._enabled' 縺ｯ蜑ｲ繧雁ｽ薙※繧峨ｌ縺ｾ縺帙ｓ縲ょｸｸ縺ｫ譌｢螳壼､ false 繧剃ｽｿ逕ｨ縺励∪縺・[C:\Users\macar\TinnosukeGameLib\Assembly-CSharp.csproj]
C:\Users\macar\TinnosukeGameLib\Assets\GameLib\Script\Common\Trait\SO\TraitDefinitionSO.cs(156,14): warning CS0649: 繝輔ぅ繝ｼ繝ｫ繝・'TraitDefinitionSO._runOnRuntimeVisibleCommands' 縺ｯ蜑ｲ繧雁ｽ薙※繧峨ｌ縺ｾ縺帙ｓ縲ょｸｸ縺ｫ譌｢螳壼､ false 繧剃ｽｿ逕ｨ縺励∪縺・[C:\Users\macar\TinnosukeGameLib\Assembly-CSharp.csproj]
C:\Users\macar\TinnosukeGameLib\Assets\GameLib\Script\Project\Scene\Chunk\Core\ChunkCoreTypes.cs(83,20): warning CS0649: 繝輔ぅ繝ｼ繝ｫ繝・'ChunkOriginSettings.chunkZeroCell' 縺ｯ蜑ｲ繧雁ｽ薙※繧峨ｌ縺ｾ縺帙ｓ縲ょｸｸ縺ｫ譌｢螳壼､  繧剃ｽｿ逕ｨ縺励∪縺・[C:\Users\macar\TinnosukeGameLib\Assembly-CSharp.csproj]
C:\Users\macar\TinnosukeGameLib\Assets\GameLib\Script\Common\Variables\Dynamic\Core\DynamicSources.cs(638,34): warning CS0649: 繝輔ぅ繝ｼ繝ｫ繝・'LiteralStatusEffectStackPresetSource.value' 縺ｯ蜑ｲ繧雁ｽ薙※繧峨ｌ縺ｾ縺帙ｓ縲ょｸｸ縺ｫ譌｢螳壼､ null 繧剃ｽｿ逕ｨ縺励∪縺・[C:\Users\macar\TinnosukeGameLib\Assembly-CSharp.csproj]
C:\Users\macar\TinnosukeGameLib\Assets\GameLib\Script\Project\Scene\Background\MB\BackgroundSystemMB.cs(40,34): warning CS0649: 繝輔ぅ繝ｼ繝ｫ繝・'BackgroundSystemMB.worldCamera' 縺ｯ蜑ｲ繧雁ｽ薙※繧峨ｌ縺ｾ縺帙ｓ縲ょｸｸ縺ｫ譌｢螳壼､ null 繧剃ｽｿ逕ｨ縺励∪縺・[C:\Users\macar\TinnosukeGameLib\Assembly-CSharp.csproj]
C:\Users\macar\TinnosukeGameLib\Assets\GameLib\Script\Common\Variables\Dynamic\Sources\StateMachineOptionSources.cs(26,38): warning CS0649: 繝輔ぅ繝ｼ繝ｫ繝・'StateMachineOptionIsSetBoolSource.actorSource' 縺ｯ蜑ｲ繧雁ｽ薙※繧峨ｌ縺ｾ縺帙ｓ縲ょｸｸ縺ｫ譌｢螳壼､  繧剃ｽｿ逕ｨ縺励∪縺・[C:\Users\macar\TinnosukeGameLib\Assembly-CSharp.csproj]
C:\Users\macar\TinnosukeGameLib\Assets\GameLib\Script\Common\Variables\Dynamic\Core\DynamicSources.cs(2356,13): warning CS0649: 繝輔ぅ繝ｼ繝ｫ繝・'OtherTableCellSource.varIdFilter' 縺ｯ蜑ｲ繧雁ｽ薙※繧峨ｌ縺ｾ縺帙ｓ縲ょｸｸ縺ｫ譌｢螳壼､ 0 繧剃ｽｿ逕ｨ縺励∪縺・[C:\Users\macar\TinnosukeGameLib\Assembly-CSharp.csproj]
C:\Users\macar\TinnosukeGameLib\Assets\GameLib\Script\Project\UI\Core\Elements\State\UIElementStateMB.cs(128,29): warning CS0649: 繝輔ぅ繝ｼ繝ｫ繝・'UIElementStateMB._navigationOverride' 縺ｯ蜑ｲ繧雁ｽ薙※繧峨ｌ縺ｾ縺帙ｓ縲ょｸｸ縺ｫ譌｢螳壼､ null 繧剃ｽｿ逕ｨ縺励∪縺・[C:\Users\macar\TinnosukeGameLib\Assembly-CSharp.csproj]
C:\Users\macar\TinnosukeGameLib\Assets\GameLib\Script\Collision\MB\BulkCollisionSystemMB.cs(24,45): warning CS0649: 繝輔ぅ繝ｼ繝ｫ繝・'BulkCollisionSystemMB._debugView' 縺ｯ蜑ｲ繧雁ｽ薙※繧峨ｌ縺ｾ縺帙ｓ縲ょｸｸ縺ｫ譌｢螳壼､ null 繧剃ｽｿ逕ｨ縺励∪縺・[C:\Users\macar\TinnosukeGameLib\Assembly-CSharp.csproj]
C:\Users\macar\TinnosukeGameLib\Assets\GameLib\Script\Common\DI\Runtime\SpecializedRuntimeTemplatePresets.cs(43,14): warning CS0649: 繝輔ぅ繝ｼ繝ｫ繝・'ParticleRuntimeTemplatePreset.configureAnimation' 縺ｯ蜑ｲ繧雁ｽ薙※繧峨ｌ縺ｾ縺帙ｓ縲ょｸｸ縺ｫ譌｢螳壼､ false 繧剃ｽｿ逕ｨ縺励∪縺・[C:\Users\macar\TinnosukeGameLib\Assembly-CSharp.csproj]
C:\Users\macar\TinnosukeGameLib\Assets\GameLib\Script\Project\Scene\Channels\GridObjectChannel\GridObjectChannelHubMB.cs(25,14): warning CS0649: 繝輔ぅ繝ｼ繝ｫ繝・'GridObjectChannelDefinition._autoBuild' 縺ｯ蜑ｲ繧雁ｽ薙※繧峨ｌ縺ｾ縺帙ｓ縲ょｸｸ縺ｫ譌｢螳壼､ false 繧剃ｽｿ逕ｨ縺励∪縺・[C:\Users\macar\TinnosukeGameLib\Assembly-CSharp.csproj]
C:\Users\macar\TinnosukeGameLib\Assets\GameLib\Script\Project\Scene\Chunk\Biome\ChunkBiomeDefinitionSO.cs(13,32): warning CS0649: 繝輔ぅ繝ｼ繝ｫ繝・'ChunkBiomeParamRange.min' 縺ｯ蜑ｲ繧雁ｽ薙※繧峨ｌ縺ｾ縺帙ｓ縲ょｸｸ縺ｫ譌｢螳壼､ 0 繧剃ｽｿ逕ｨ縺励∪縺・[C:\Users\macar\TinnosukeGameLib\Assembly-CSharp.csproj]
C:\Users\macar\TinnosukeGameLib\Assets\GameLib\Script\Project\Scene\Channels\SpriteAnimation\AnimationSpriteChannelDef.cs(24,48): warning CS0649: 繝輔ぅ繝ｼ繝ｫ繝・'AnimationSpriteChannelDef.spritePreset' 縺ｯ蜑ｲ繧雁ｽ薙※繧峨ｌ縺ｾ縺帙ｓ縲ょｸｸ縺ｫ譌｢螳壼､ null 繧剃ｽｿ逕ｨ縺励∪縺・[C:\Users\macar\TinnosukeGameLib\Assembly-CSharp.csproj]
C:\Users\macar\TinnosukeGameLib\Assets\GameLib\Script\Common\DI\Runtime\SpecializedRuntimeTemplatePresets.cs(53,14): warning CS0649: 繝輔ぅ繝ｼ繝ｫ繝・'ParticleRuntimeTemplatePreset.runOnAcquireCommands' 縺ｯ蜑ｲ繧雁ｽ薙※繧峨ｌ縺ｾ縺帙ｓ縲ょｸｸ縺ｫ譌｢螳壼､ false 繧剃ｽｿ逕ｨ縺励∪縺・[C:\Users\macar\TinnosukeGameLib\Assembly-CSharp.csproj]
C:\Users\macar\TinnosukeGameLib\Assets\GameLib\Script\Common\Variables\Profile\Core\CustomProfileDefinition.cs(175,14): warning CS0649: 繝輔ぅ繝ｼ繝ｫ繝・'ProfileDynamicValue._useRoundMod' 縺ｯ蜑ｲ繧雁ｽ薙※繧峨ｌ縺ｾ縺帙ｓ縲ょｸｸ縺ｫ譌｢螳壼､ false 繧剃ｽｿ逕ｨ縺励∪縺・[C:\Users\macar\TinnosukeGameLib\Assembly-CSharp.csproj]
C:\Users\macar\TinnosukeGameLib\Assets\GameLib\Script\Common\Variables\Dynamic\Sources\TargetChannelDirectionSources.cs(34,21): warning CS0649: 繝輔ぅ繝ｼ繝ｫ繝・'TargetChannelDirectionFromActor2Source.targetFilterActorSource' 縺ｯ蜑ｲ繧雁ｽ薙※繧峨ｌ縺ｾ縺帙ｓ縲ょｸｸ縺ｫ譌｢螳壼､  繧剃ｽｿ逕ｨ縺励∪縺・[C:\Users\macar\TinnosukeGameLib\Assembly-CSharp.csproj]
C:\Users\macar\TinnosukeGameLib\Assets\GameLib\Script\Common\Variables\Dynamic\Sources\VisualBoundsSources.cs(118,14): warning CS0649: 繝輔ぅ繝ｼ繝ｫ繝・'VisualBoundsValue3Source.rebuildBeforeRead' 縺ｯ蜑ｲ繧雁ｽ薙※繧峨ｌ縺ｾ縺帙ｓ縲ょｸｸ縺ｫ譌｢螳壼､ false 繧剃ｽｿ逕ｨ縺励∪縺・[C:\Users\macar\TinnosukeGameLib\Assembly-CSharp.csproj]
C:\Users\macar\TinnosukeGameLib\Assets\GameLib\Script\Common\Variables\Dynamic\Sources\TargetChannelDirectionSources.cs(109,21): warning CS0649: 繝輔ぅ繝ｼ繝ｫ繝・'TargetChannelDirectionFromActor3Source.channelOwnerActorSource' 縺ｯ蜑ｲ繧雁ｽ薙※繧峨ｌ縺ｾ縺帙ｓ縲ょｸｸ縺ｫ譌｢螳壼､  繧剃ｽｿ逕ｨ縺励∪縺・[C:\Users\macar\TinnosukeGameLib\Assembly-CSharp.csproj]
C:\Users\macar\TinnosukeGameLib\Assets\GameLib\Script\Common\Variables\Dynamic\Sources\RandomRangeSources.cs(172,14): warning CS0649: 繝輔ぅ繝ｼ繝ｫ繝・'RandomVector2RangeSource.useVarianceController' 縺ｯ蜑ｲ繧雁ｽ薙※繧峨ｌ縺ｾ縺帙ｓ縲ょｸｸ縺ｫ譌｢螳壼､ false 繧剃ｽｿ逕ｨ縺励∪縺・[C:\Users\macar\TinnosukeGameLib\Assembly-CSharp.csproj]
C:\Users\macar\TinnosukeGameLib\Assets\GameLib\Script\Project\UI\Core\Elements\PointerTilt\PointerTiltSwipeMB.cs(143,31): warning CS0649: 繝輔ぅ繝ｼ繝ｫ繝・'PointerTiltSwipeMB._worldPointerTarget' 縺ｯ蜑ｲ繧雁ｽ薙※繧峨ｌ縺ｾ縺帙ｓ縲ょｸｸ縺ｫ譌｢螳壼､ null 繧剃ｽｿ逕ｨ縺励∪縺・[C:\Users\macar\TinnosukeGameLib\Assembly-CSharp.csproj]
C:\Users\macar\TinnosukeGameLib\Assets\GameLib\Script\Common\Variables\Dynamic\Core\DynamicSources.cs(2293,13): warning CS0649: 繝輔ぅ繝ｼ繝ｫ繝・'SelfTableCellSource.varIdFilter' 縺ｯ蜑ｲ繧雁ｽ薙※繧峨ｌ縺ｾ縺帙ｓ縲ょｸｸ縺ｫ譌｢螳壼､ 0 繧剃ｽｿ逕ｨ縺励∪縺・[C:\Users\macar\TinnosukeGameLib\Assembly-CSharp.csproj]
C:\Users\macar\TinnosukeGameLib\Assets\GameLib\Script\Project\Scene\RoomMap\SO\RoomMapTileDefinitionSO.cs(38,31): warning CS0649: 繝輔ぅ繝ｼ繝ｫ繝・'RoomMapTileSpawnDef.allowPooling' 縺ｯ蜑ｲ繧雁ｽ薙※繧峨ｌ縺ｾ縺帙ｓ縲ょｸｸ縺ｫ譌｢螳壼､ false 繧剃ｽｿ逕ｨ縺励∪縺・[C:\Users\macar\TinnosukeGameLib\Assembly-CSharp.csproj]
C:\Users\macar\TinnosukeGameLib\Assets\GameLib\Script\Project\StatusEffect\GameLogicScalarStatusEffectDefinitionData.cs(96,14): warning CS0649: 繝輔ぅ繝ｼ繝ｫ繝・'GameLogicScalarStatusEffectDefinitionData.useCount' 縺ｯ蜑ｲ繧雁ｽ薙※繧峨ｌ縺ｾ縺帙ｓ縲ょｸｸ縺ｫ譌｢螳壼､ false 繧剃ｽｿ逕ｨ縺励∪縺・[C:\Users\macar\TinnosukeGameLib\Assembly-CSharp.csproj]
C:\Users\macar\TinnosukeGameLib\Assets\GameLib\Script\Common\Time\Timer\TimerHubTypes.cs(58,13): warning CS0649: 繝輔ぅ繝ｼ繝ｫ繝・'TimerOutputTarget.blackboardVarId' 縺ｯ蜑ｲ繧雁ｽ薙※繧峨ｌ縺ｾ縺帙ｓ縲ょｸｸ縺ｫ譌｢螳壼､ 0 繧剃ｽｿ逕ｨ縺励∪縺・[C:\Users\macar\TinnosukeGameLib\Assembly-CSharp.csproj]
C:\Users\macar\TinnosukeGameLib\Assets\GameLib\Script\Project\Scene\NoiseProducer\Definition\NoiseParameterDefinition.cs(13,32): warning CS0649: 繝輔ぅ繝ｼ繝ｫ繝・'NoiseParameterDefinition._defaultFloat' 縺ｯ蜑ｲ繧雁ｽ薙※繧峨ｌ縺ｾ縺帙ｓ縲ょｸｸ縺ｫ譌｢螳壼､ 0 繧剃ｽｿ逕ｨ縺励∪縺・[C:\Users\macar\TinnosukeGameLib\Assembly-CSharp.csproj]
C:\Users\macar\TinnosukeGameLib\Assets\GameLib\Script\Project\UI\Core\Elements\Slider\UISlider\UISliderMB.cs(41,34): warning CS0649: 繝輔ぅ繝ｼ繝ｫ繝・'UISliderMB._uiCamera' 縺ｯ蜑ｲ繧雁ｽ薙※繧峨ｌ縺ｾ縺帙ｓ縲ょｸｸ縺ｫ譌｢螳壼､ null 繧剃ｽｿ逕ｨ縺励∪縺・[C:\Users\macar\TinnosukeGameLib\Assembly-CSharp.csproj]
C:\Users\macar\TinnosukeGameLib\Assets\GameLib\Script\Common\Variables\Dynamic\Core\DynamicSources.cs(1699,13): warning CS0649: 繝輔ぅ繝ｼ繝ｫ繝・'OtherGridBlackboardSource.varIdFilter' 縺ｯ蜑ｲ繧雁ｽ薙※繧峨ｌ縺ｾ縺帙ｓ縲ょｸｸ縺ｫ譌｢螳壼､ 0 繧剃ｽｿ逕ｨ縺励∪縺・[C:\Users\macar\TinnosukeGameLib\Assembly-CSharp.csproj]
C:\Users\macar\TinnosukeGameLib\Assets\GameLib\Script\Common\Health\Modifiers\SO\CustomHealthModifierSO.cs(124,31): warning CS0649: 繝輔ぅ繝ｼ繝ｫ繝・'CustomHealthModifierSO._onTickCommands' 縺ｯ蜑ｲ繧雁ｽ薙※繧峨ｌ縺ｾ縺帙ｓ縲ょｸｸ縺ｫ譌｢螳壼､ null 繧剃ｽｿ逕ｨ縺励∪縺・[C:\Users\macar\TinnosukeGameLib\Assembly-CSharp.csproj]
C:\Users\macar\TinnosukeGameLib\Assets\GameLib\Script\Common\Variables\Dynamic\Sources\ActorDirectionDistanceSources.cs(26,21): warning CS0649: 繝輔ぅ繝ｼ繝ｫ繝・'ActorDirectionDistance2Source.actorB' 縺ｯ蜑ｲ繧雁ｽ薙※繧峨ｌ縺ｾ縺帙ｓ縲ょｸｸ縺ｫ譌｢螳壼､  繧剃ｽｿ逕ｨ縺励∪縺・[C:\Users\macar\TinnosukeGameLib\Assembly-CSharp.csproj]
C:\Users\macar\TinnosukeGameLib\Assets\GameLib\Script\Common\Variables\Dynamic\Core\DynamicSources.cs(972,17): warning CS0649: 繝輔ぅ繝ｼ繝ｫ繝・'LiteralToVariableSource.vector2Value' 縺ｯ蜑ｲ繧雁ｽ薙※繧峨ｌ縺ｾ縺帙ｓ縲ょｸｸ縺ｫ譌｢螳壼､  繧剃ｽｿ逕ｨ縺励∪縺・[C:\Users\macar\TinnosukeGameLib\Assembly-CSharp.csproj]
C:\Users\macar\TinnosukeGameLib\Assets\GameLib\Script\Project\UI\TraitList\MB\UITraitListSystemMB.cs(62,24): warning CS0649: 繝輔ぅ繝ｼ繝ｫ繝・'UITraitListSystemMB._layoutRectTransform' 縺ｯ蜑ｲ繧雁ｽ薙※繧峨ｌ縺ｾ縺帙ｓ縲ょｸｸ縺ｫ譌｢螳壼､ null 繧剃ｽｿ逕ｨ縺励∪縺・[C:\Users\macar\TinnosukeGameLib\Assembly-CSharp.csproj]
C:\Users\macar\TinnosukeGameLib\Assets\GameLib\Script\Common\DI\Runtime\SpecializedRuntimeTemplatePresets.cs(36,14): warning CS0649: 繝輔ぅ繝ｼ繝ｫ繝・'ParticleRuntimeTemplatePreset.homingEnabled' 縺ｯ蜑ｲ繧雁ｽ薙※繧峨ｌ縺ｾ縺帙ｓ縲ょｸｸ縺ｫ譌｢螳壼､ false 繧剃ｽｿ逕ｨ縺励∪縺・[C:\Users\macar\TinnosukeGameLib\Assembly-CSharp.csproj]
C:\Users\macar\TinnosukeGameLib\Assets\GameLib\Script\Project\Scene\RoomMap\SO\RoomMapTileDefinitionSO.cs(26,38): warning CS0649: 繝輔ぅ繝ｼ繝ｫ繝・'RoomMapTileSpawnDef.prefab' 縺ｯ蜑ｲ繧雁ｽ薙※繧峨ｌ縺ｾ縺帙ｓ縲ょｸｸ縺ｫ譌｢螳壼､ null 繧剃ｽｿ逕ｨ縺励∪縺・[C:\Users\macar\TinnosukeGameLib\Assembly-CSharp.csproj]
C:\Users\macar\TinnosukeGameLib\Assets\GameLib\Script\Project\Scene\Chunk\Biome\ChunkBiomeTypes.cs(33,14): warning CS0649: 繝輔ぅ繝ｼ繝ｫ繝・'ChunkAxisSettings.normalize01' 縺ｯ蜑ｲ繧雁ｽ薙※繧峨ｌ縺ｾ縺帙ｓ縲ょｸｸ縺ｫ譌｢螳壼､ false 繧剃ｽｿ逕ｨ縺励∪縺・[C:\Users\macar\TinnosukeGameLib\Assembly-CSharp.csproj]
C:\Users\macar\TinnosukeGameLib\Assets\GameLib\Script\Project\UI\Core\VisualBounds\MB\VisualBoundsMB.cs(122,34): warning CS0649: 繝輔ぅ繝ｼ繝ｫ繝・'VisualBoundsMB.debugCamera' 縺ｯ蜑ｲ繧雁ｽ薙※繧峨ｌ縺ｾ縺帙ｓ縲ょｸｸ縺ｫ譌｢螳壼､ null 繧剃ｽｿ逕ｨ縺励∪縺・[C:\Users\macar\TinnosukeGameLib\Assembly-CSharp.csproj]
C:\Users\macar\TinnosukeGameLib\Assets\GameLib\Script\Collision\Unity\UnityCollisionSystemMB.cs(20,46): warning CS0649: 繝輔ぅ繝ｼ繝ｫ繝・'UnityCollisionSystemMB._debugView' 縺ｯ蜑ｲ繧雁ｽ薙※繧峨ｌ縺ｾ縺帙ｓ縲ょｸｸ縺ｫ譌｢螳壼､ null 繧剃ｽｿ逕ｨ縺励∪縺・[C:\Users\macar\TinnosukeGameLib\Assembly-CSharp.csproj]
C:\Users\macar\TinnosukeGameLib\Assets\GameLib\Script\Project\Scene\Chunk\Core\ChunkCoreTypes.cs(75,20): warning CS0649: 繝輔ぅ繝ｼ繝ｫ繝・'ChunkOriginSettings.worldOriginCell' 縺ｯ蜑ｲ繧雁ｽ薙※繧峨ｌ縺ｾ縺帙ｓ縲ょｸｸ縺ｫ譌｢螳壼､  繧剃ｽｿ逕ｨ縺励∪縺・[C:\Users\macar\TinnosukeGameLib\Assembly-CSharp.csproj]
C:\Users\macar\TinnosukeGameLib\Assets\GameLib\Script\Common\Movement\MoveToInputPoint\MB\MoveToInputPointController.cs(25,31): warning CS0649: 繝輔ぅ繝ｼ繝ｫ繝・'MoveToInputPointController.useSpeedMonitor' 縺ｯ蜑ｲ繧雁ｽ薙※繧峨ｌ縺ｾ縺帙ｓ縲ょｸｸ縺ｫ譌｢螳壼､ false 繧剃ｽｿ逕ｨ縺励∪縺・[C:\Users\macar\TinnosukeGameLib\Assembly-CSharp.csproj]
C:\Users\macar\TinnosukeGameLib\Assets\GameLib\Script\Common\Variables\Dynamic\Sources\ActorDistanceBoolSource.cs(29,21): warning CS0649: 繝輔ぅ繝ｼ繝ｫ繝・'ActorDistanceCompareBoolSource.actorB' 縺ｯ蜑ｲ繧雁ｽ薙※繧峨ｌ縺ｾ縺帙ｓ縲ょｸｸ縺ｫ譌｢螳壼､  繧剃ｽｿ逕ｨ縺励∪縺・[C:\Users\macar\TinnosukeGameLib\Assembly-CSharp.csproj]
C:\Users\macar\TinnosukeGameLib\Assets\GameLib\Script\Common\Variables\Dynamic\Core\DynamicSources.cs(758,36): warning CS0649: 繝輔ぅ繝ｼ繝ｫ繝・'LiteralRuntimeTemplatePresetSource.value' 縺ｯ蜑ｲ繧雁ｽ薙※繧峨ｌ縺ｾ縺帙ｓ縲ょｸｸ縺ｫ譌｢螳壼､ null 繧剃ｽｿ逕ｨ縺励∪縺・[C:\Users\macar\TinnosukeGameLib\Assembly-CSharp.csproj]
C:\Users\macar\TinnosukeGameLib\Assets\GameLib\Script\Project\Scene\Background\Core\BackgroundTypes.cs(39,28): warning CS0649: 繝輔ぅ繝ｼ繝ｫ繝・'BackgroundConditionalCommand.condition' 縺ｯ蜑ｲ繧雁ｽ薙※繧峨ｌ縺ｾ縺帙ｓ縲ょｸｸ縺ｫ譌｢螳壼､  繧剃ｽｿ逕ｨ縺励∪縺・[C:\Users\macar\TinnosukeGameLib\Assembly-CSharp.csproj]
C:\Users\macar\TinnosukeGameLib\Assets\GameLib\Script\Common\Variables\Dynamic\Sources\VisualBoundsSources.cs(115,15): warning CS0649: 繝輔ぅ繝ｼ繝ｫ繝・'VisualBoundsValue3Source.localZ' 縺ｯ蜑ｲ繧雁ｽ薙※繧峨ｌ縺ｾ縺帙ｓ縲ょｸｸ縺ｫ譌｢螳壼､ 0 繧剃ｽｿ逕ｨ縺励∪縺・[C:\Users\macar\TinnosukeGameLib\Assembly-CSharp.csproj]
C:\Users\macar\TinnosukeGameLib\Assets\GameLib\Script\Project\StatusEffect\GameLogicScalarStatusEffectDefinitionData.cs(83,14): warning CS0649: 繝輔ぅ繝ｼ繝ｫ繝・'GameLogicScalarStatusEffectDefinitionData.useUseCooldown' 縺ｯ蜑ｲ繧雁ｽ薙※繧峨ｌ縺ｾ縺帙ｓ縲ょｸｸ縺ｫ譌｢螳壼､ false 繧剃ｽｿ逕ｨ縺励∪縺・[C:\Users\macar\TinnosukeGameLib\Assembly-CSharp.csproj]
C:\Users\macar\TinnosukeGameLib\Assets\GameLib\Script\Common\Time\Timer\TimerHubTypes.cs(54,31): warning CS0649: 繝輔ぅ繝ｼ繝ｫ繝・'TimerOutputTarget.scalarScope' 縺ｯ蜑ｲ繧雁ｽ薙※繧峨ｌ縺ｾ縺帙ｓ縲ょｸｸ縺ｫ譌｢螳壼､  繧剃ｽｿ逕ｨ縺励∪縺・[C:\Users\macar\TinnosukeGameLib\Assembly-CSharp.csproj]
C:\Users\macar\TinnosukeGameLib\Assets\GameLib\Script\Project\Scene\Chunk\Biome\ChunkBiomeDefinitionSO.cs(14,32): warning CS0649: 繝輔ぅ繝ｼ繝ｫ繝・'ChunkBiomeParamRange.max' 縺ｯ蜑ｲ繧雁ｽ薙※繧峨ｌ縺ｾ縺帙ｓ縲ょｸｸ縺ｫ譌｢螳壼､ 0 繧剃ｽｿ逕ｨ縺励∪縺・[C:\Users\macar\TinnosukeGameLib\Assembly-CSharp.csproj]
C:\Users\macar\TinnosukeGameLib\Assets\GameLib\Script\Project\Scene\NoiseProducer\Definition\NoiseParameterDefinition.cs(16,31): warning CS0649: 繝輔ぅ繝ｼ繝ｫ繝・'NoiseParameterDefinition._defaultBool' 縺ｯ蜑ｲ繧雁ｽ薙※繧峨ｌ縺ｾ縺帙ｓ縲ょｸｸ縺ｫ譌｢螳壼､ false 繧剃ｽｿ逕ｨ縺励∪縺・[C:\Users\macar\TinnosukeGameLib\Assembly-CSharp.csproj]
C:\Users\macar\TinnosukeGameLib\Assets\GameLib\Script\Common\Variables\Dynamic\Sources\TransformAnimationChannelDirectionSources.cs(272,14): warning CS0649: 繝輔ぅ繝ｼ繝ｫ繝・'TransformAnimationChannelAngleSource.debugLogEnabled' 縺ｯ蜑ｲ繧雁ｽ薙※繧峨ｌ縺ｾ縺帙ｓ縲ょｸｸ縺ｫ譌｢螳壼､ false 繧剃ｽｿ逕ｨ縺励∪縺・[C:\Users\macar\TinnosukeGameLib\Assembly-CSharp.csproj]
C:\Users\macar\TinnosukeGameLib\Assets\GameLib\Script\Common\FirePattern\Patterns\BaseFirePattern.cs(33,38): warning CS0649: 繝輔ぅ繝ｼ繝ｫ繝・'BaseFirePattern._defaultPrefab' 縺ｯ蜑ｲ繧雁ｽ薙※繧峨ｌ縺ｾ縺帙ｓ縲ょｸｸ縺ｫ譌｢螳壼､ null 繧剃ｽｿ逕ｨ縺励∪縺・[C:\Users\macar\TinnosukeGameLib\Assembly-CSharp.csproj]
C:\Users\macar\TinnosukeGameLib\Assets\GameLib\Script\Project\UI\Core\Elements\ScrollRect\UIScrollRectMB.cs(34,14): warning CS0649: 繝輔ぅ繝ｼ繝ｫ繝・'UIScrollRectMB._enableDebugLog' 縺ｯ蜑ｲ繧雁ｽ薙※繧峨ｌ縺ｾ縺帙ｓ縲ょｸｸ縺ｫ譌｢螳壼､ false 繧剃ｽｿ逕ｨ縺励∪縺・[C:\Users\macar\TinnosukeGameLib\Assembly-CSharp.csproj]
C:\Users\macar\TinnosukeGameLib\Assets\GameLib\Script\Common\Variables\Profile\Core\CustomProfileDefinition.cs(115,13): warning CS0649: 繝輔ぅ繝ｼ繝ｫ繝・'ProfileDynamicValue._intValue' 縺ｯ蜑ｲ繧雁ｽ薙※繧峨ｌ縺ｾ縺帙ｓ縲ょｸｸ縺ｫ譌｢螳壼､ 0 繧剃ｽｿ逕ｨ縺励∪縺・[C:\Users\macar\TinnosukeGameLib\Assembly-CSharp.csproj]
C:\Users\macar\TinnosukeGameLib\Assets\GameLib\Script\Common\Variables\Dynamic\Core\DynamicSources.cs(742,44): warning CS0649: 繝輔ぅ繝ｼ繝ｫ繝・'AssetStatusEffectGlobalCountSettingsSource.value' 縺ｯ蜑ｲ繧雁ｽ薙※繧峨ｌ縺ｾ縺帙ｓ縲ょｸｸ縺ｫ譌｢螳壼､ null 繧剃ｽｿ逕ｨ縺励∪縺・[C:\Users\macar\TinnosukeGameLib\Assembly-CSharp.csproj]
C:\Users\macar\TinnosukeGameLib\Assets\GameLib\Script\Project\UI\Layout\MB\MaxWidthOverride.cs(12,32): warning CS0649: 繝輔ぅ繝ｼ繝ｫ繝・'MaxWidthOverride.maxWidth' 縺ｯ蜑ｲ繧雁ｽ薙※繧峨ｌ縺ｾ縺帙ｓ縲ょｸｸ縺ｫ譌｢螳壼､ 0 繧剃ｽｿ逕ｨ縺励∪縺・[C:\Users\macar\TinnosukeGameLib\Assembly-CSharp.csproj]
C:\Users\macar\TinnosukeGameLib\Assets\GameLib\Script\Project\Scene\Channels\Light2D\Light2DChannelDef.cs(44,14): warning CS0649: 繝輔ぅ繝ｼ繝ｫ繝・'Light2DChannelDef._allowRuntimeLightTypeChange' 縺ｯ蜑ｲ繧雁ｽ薙※繧峨ｌ縺ｾ縺帙ｓ縲ょｸｸ縺ｫ譌｢螳壼､ false 繧剃ｽｿ逕ｨ縺励∪縺・[C:\Users\macar\TinnosukeGameLib\Assembly-CSharp.csproj]
C:\Users\macar\TinnosukeGameLib\Assets\GameLib\Script\Common\Variables\Dynamic\Sources\WeightedRandomListSources.cs(267,13): warning CS0649: 繝輔ぅ繝ｼ繝ｫ繝・'RandomMaterialFxSource.priority' 縺ｯ蜑ｲ繧雁ｽ薙※繧峨ｌ縺ｾ縺帙ｓ縲ょｸｸ縺ｫ譌｢螳壼､ 0 繧剃ｽｿ逕ｨ縺励∪縺・[C:\Users\macar\TinnosukeGameLib\Assembly-CSharp.csproj]
C:\Users\macar\TinnosukeGameLib\Assets\GameLib\Script\Project\UI\Core\ModalStackChannel\ModalStackChannelHubMB.cs(67,33): warning CS0649: 繝輔ぅ繝ｼ繝ｫ繝・'ModalStackChannelHubMB._initialRoot' 縺ｯ蜑ｲ繧雁ｽ薙※繧峨ｌ縺ｾ縺帙ｓ縲ょｸｸ縺ｫ譌｢螳壼､ null 繧剃ｽｿ逕ｨ縺励∪縺・[C:\Users\macar\TinnosukeGameLib\Assembly-CSharp.csproj]
C:\Users\macar\TinnosukeGameLib\Assets\GameLib\Script\Common\Variables\Dynamic\Core\DynamicSources.cs(728,42): warning CS0649: 繝輔ぅ繝ｼ繝ｫ繝・'LiteralStatusEffectGlobalCountSettingsSource.value' 縺ｯ蜑ｲ繧雁ｽ薙※繧峨ｌ縺ｾ縺帙ｓ縲ょｸｸ縺ｫ譌｢螳壼､ null 繧剃ｽｿ逕ｨ縺励∪縺・[C:\Users\macar\TinnosukeGameLib\Assembly-CSharp.csproj]
C:\Users\macar\TinnosukeGameLib\Assets\GameLib\Script\Common\Variables\Dynamic\Sources\RandomRangeSources.cs(71,14): warning CS0649: 繝輔ぅ繝ｼ繝ｫ繝・'RandomFloatRangeSource.useVarianceController' 縺ｯ蜑ｲ繧雁ｽ薙※繧峨ｌ縺ｾ縺帙ｓ縲ょｸｸ縺ｫ譌｢螳壼､ false 繧剃ｽｿ逕ｨ縺励∪縺・[C:\Users\macar\TinnosukeGameLib\Assembly-CSharp.csproj]
C:\Users\macar\TinnosukeGameLib\Assets\GameLib\Script\Common\Commands\VNext\Catalog\CommandCatalogEntry.cs(13,44): warning CS0649: 繝輔ぅ繝ｼ繝ｫ繝・'CommandCatalogEntry.data' 縺ｯ蜑ｲ繧雁ｽ薙※繧峨ｌ縺ｾ縺帙ｓ縲ょｸｸ縺ｫ譌｢螳壼､ null 繧剃ｽｿ逕ｨ縺励∪縺・[C:\Users\macar\TinnosukeGameLib\Assembly-CSharp.csproj]
C:\Users\macar\TinnosukeGameLib\Assets\GameLib\Script\Project\Scene\RoomMap\SO\RoomMapTileEnumDefinitionSO.cs(19,14): warning CS0649: 繝輔ぅ繝ｼ繝ｫ繝・'RoomMapTileEnumEntry.deprecated' 縺ｯ蜑ｲ繧雁ｽ薙※繧峨ｌ縺ｾ縺帙ｓ縲ょｸｸ縺ｫ譌｢螳壼､ false 繧剃ｽｿ逕ｨ縺励∪縺・[C:\Users\macar\TinnosukeGameLib\Assembly-CSharp.csproj]
C:\Users\macar\TinnosukeGameLib\Assets\GameLib\Script\Project\UI\Core\Elements\Slider\UISlider\UISliderMB.cs(71,36): warning CS0649: 繝輔ぅ繝ｼ繝ｫ繝・'UISliderMB._blackboardKey' 縺ｯ蜑ｲ繧雁ｽ薙※繧峨ｌ縺ｾ縺帙ｓ縲ょｸｸ縺ｫ譌｢螳壼､  繧剃ｽｿ逕ｨ縺励∪縺・[C:\Users\macar\TinnosukeGameLib\Assembly-CSharp.csproj]
C:\Users\macar\TinnosukeGameLib\Assets\GameLib\Script\Common\StatusEffect\MB\StatusEffectMB.cs(241,14): warning CS0649: 繝輔ぅ繝ｼ繝ｫ繝・'StatusEffectMB._debugOverrideDuration' 縺ｯ蜑ｲ繧雁ｽ薙※繧峨ｌ縺ｾ縺帙ｓ縲ょｸｸ縺ｫ譌｢螳壼､ false 繧剃ｽｿ逕ｨ縺励∪縺・[C:\Users\macar\TinnosukeGameLib\Assembly-CSharp.csproj]
C:\Users\macar\TinnosukeGameLib\Assets\GameLib\Script\Project\UI\Core\Tooltip\TooltipChannelHubMB.cs(86,14): warning CS0649: 繝輔ぅ繝ｼ繝ｫ繝・'TooltipChannelHubMB._applyHubPresetOverride' 縺ｯ蜑ｲ繧雁ｽ薙※繧峨ｌ縺ｾ縺帙ｓ縲ょｸｸ縺ｫ譌｢螳壼､ false 繧剃ｽｿ逕ｨ縺励∪縺・[C:\Users\macar\TinnosukeGameLib\Assembly-CSharp.csproj]
C:\Users\macar\TinnosukeGameLib\Assets\GameLib\Script\Common\Variables\Dynamic\Core\DynamicSources.cs(1121,17): warning CS0649: 繝輔ぅ繝ｼ繝ｫ繝・'LiteralToVarStoreSource.vector2Value' 縺ｯ蜑ｲ繧雁ｽ薙※繧峨ｌ縺ｾ縺帙ｓ縲ょｸｸ縺ｫ譌｢螳壼､  繧剃ｽｿ逕ｨ縺励∪縺・[C:\Users\macar\TinnosukeGameLib\Assembly-CSharp.csproj]
C:\Users\macar\TinnosukeGameLib\Assets\GameLib\Script\Project\Scene\Chunk\Core\ChunkCoreTypes.cs(77,17): warning CS0649: 繝輔ぅ繝ｼ繝ｫ繝・'ChunkOriginSettings.worldOriginPosition' 縺ｯ蜑ｲ繧雁ｽ薙※繧峨ｌ縺ｾ縺帙ｓ縲ょｸｸ縺ｫ譌｢螳壼､  繧剃ｽｿ逕ｨ縺励∪縺・[C:\Users\macar\TinnosukeGameLib\Assembly-CSharp.csproj]
C:\Users\macar\TinnosukeGameLib\Assets\GameLib\Script\Common\LTS\Lifecycle\MB\ScopeLifecycleMB.cs(49,31): warning CS0649: 繝輔ぅ繝ｼ繝ｫ繝・'ScopeLifecycleMB.runSpawnOnStart' 縺ｯ蜑ｲ繧雁ｽ薙※繧峨ｌ縺ｾ縺帙ｓ縲ょｸｸ縺ｫ譌｢螳壼､ false 繧剃ｽｿ逕ｨ縺励∪縺・[C:\Users\macar\TinnosukeGameLib\Assembly-CSharp.csproj]
C:\Users\macar\TinnosukeGameLib\Assets\GameLib\Script\Common\StatusEffect\Definition\StatusEffectDefinitionTypes.cs(449,14): warning CS0649: 繝輔ぅ繝ｼ繝ｫ繝・'ConfigurableStatusEffectDefinitionData.useDuration' 縺ｯ蜑ｲ繧雁ｽ薙※繧峨ｌ縺ｾ縺帙ｓ縲ょｸｸ縺ｫ譌｢螳壼､ false 繧剃ｽｿ逕ｨ縺励∪縺・[C:\Users\macar\TinnosukeGameLib\Assembly-CSharp.csproj]
C:\Users\macar\TinnosukeGameLib\Assets\GameLib\Script\Project\Scene\Chunk\MB\ChunkStreamerMB.cs(25,34): warning CS0649: 繝輔ぅ繝ｼ繝ｫ繝・'ChunkStreamerMB.viewCamera' 縺ｯ蜑ｲ繧雁ｽ薙※繧峨ｌ縺ｾ縺帙ｓ縲ょｸｸ縺ｫ譌｢螳壼､ null 繧剃ｽｿ逕ｨ縺励∪縺・[C:\Users\macar\TinnosukeGameLib\Assembly-CSharp.csproj]
C:\Users\macar\TinnosukeGameLib\Assets\GameLib\Script\Common\_Editor\Events\EventKeyRegistry.cs(23,36): warning CS0649: 繝輔ぅ繝ｼ繝ｫ繝・'EventKeyRegistry.csvFile' 縺ｯ蜑ｲ繧雁ｽ薙※繧峨ｌ縺ｾ縺帙ｓ縲ょｸｸ縺ｫ譌｢螳壼､ null 繧剃ｽｿ逕ｨ縺励∪縺・[C:\Users\macar\TinnosukeGameLib\Assembly-CSharp.csproj]
C:\Users\macar\TinnosukeGameLib\Assets\GameLib\Script\Common\Variables\Dynamic\Core\BindingPresetAssetSource.cs(20,27): warning CS0649: 繝輔ぅ繝ｼ繝ｫ繝・'BindingPresetAssetSource._asset' 縺ｯ蜑ｲ繧雁ｽ薙※繧峨ｌ縺ｾ縺帙ｓ縲ょｸｸ縺ｫ譌｢螳壼､ null 繧剃ｽｿ逕ｨ縺励∪縺・[C:\Users\macar\TinnosukeGameLib\Assembly-CSharp.csproj]
C:\Users\macar\TinnosukeGameLib\Assets\GameLib\Script\Common\Variables\Dynamic\Core\DynamicSources.cs(842,44): warning CS0649: 繝輔ぅ繝ｼ繝ｫ繝・'LiteralSpawnPatternRuntimeTemplatePresetSource.value' 縺ｯ蜑ｲ繧雁ｽ薙※繧峨ｌ縺ｾ縺帙ｓ縲ょｸｸ縺ｫ譌｢螳壼､ null 繧剃ｽｿ逕ｨ縺励∪縺・[C:\Users\macar\TinnosukeGameLib\Assembly-CSharp.csproj]
C:\Users\macar\TinnosukeGameLib\Assets\GameLib\Script\Project\Scene\NoiseProducer\Definition\NoiseStageDefinition.cs(108,32): warning CS0649: 繝輔ぅ繝ｼ繝ｫ繝・'NoiseStageDefinition._uvRotation' 縺ｯ蜑ｲ繧雁ｽ薙※繧峨ｌ縺ｾ縺帙ｓ縲ょｸｸ縺ｫ譌｢螳壼､ 0 繧剃ｽｿ逕ｨ縺励∪縺・[C:\Users\macar\TinnosukeGameLib\Assembly-CSharp.csproj]
C:\Users\macar\TinnosukeGameLib\Assets\GameLib\Script\Common\_Editor\Registry\KeySettings\MaterialFxSettings.cs(38,33): warning CS0649: 繝輔ぅ繝ｼ繝ｫ繝・'MaterialFxSettings.enumCatalog' 縺ｯ蜑ｲ繧雁ｽ薙※繧峨ｌ縺ｾ縺帙ｓ縲ょｸｸ縺ｫ譌｢螳壼､ null 繧剃ｽｿ逕ｨ縺励∪縺・[C:\Users\macar\TinnosukeGameLib\Assembly-CSharp.csproj]
C:\Users\macar\TinnosukeGameLib\Assets\GameLib\Script\Collision\Channel\HitColliderControllerMB.cs(40,20): warning CS0649: 繝輔ぅ繝ｼ繝ｫ繝・'HitColliderControllerMB._selfProvider' 縺ｯ蜑ｲ繧雁ｽ薙※繧峨ｌ縺ｾ縺帙ｓ縲ょｸｸ縺ｫ譌｢螳壼､ null 繧剃ｽｿ逕ｨ縺励∪縺・[C:\Users\macar\TinnosukeGameLib\Assembly-CSharp.csproj]
C:\Users\macar\TinnosukeGameLib\Assets\GameLib\Script\Common\LTS\Lifecycle\MB\ScopeLifecycleMB.cs(59,31): warning CS0649: 繝輔ぅ繝ｼ繝ｫ繝・'ScopeLifecycleMB.runDespawnOnStart' 縺ｯ蜑ｲ繧雁ｽ薙※繧峨ｌ縺ｾ縺帙ｓ縲ょｸｸ縺ｫ譌｢螳壼､ false 繧剃ｽｿ逕ｨ縺励∪縺・[C:\Users\macar\TinnosukeGameLib\Assembly-CSharp.csproj]
C:\Users\macar\TinnosukeGameLib\Assets\GameLib\Script\Common\Variables\Dynamic\Sources\RandomRangeSources.cs(412,14): warning CS0649: 繝輔ぅ繝ｼ繝ｫ繝・'RandomVector4RangeSource.useVarianceController' 縺ｯ蜑ｲ繧雁ｽ薙※繧峨ｌ縺ｾ縺帙ｓ縲ょｸｸ縺ｫ譌｢螳壼､ false 繧剃ｽｿ逕ｨ縺励∪縺・[C:\Users\macar\TinnosukeGameLib\Assembly-CSharp.csproj]
C:\Users\macar\TinnosukeGameLib\Assets\GameLib\Script\Common\EmitterSpawn\Patterns\BaseSpawnPattern.cs(47,47): warning CS0649: 繝輔ぅ繝ｼ繝ｫ繝・'BaseSpawnPattern._identityData' 縺ｯ蜑ｲ繧雁ｽ薙※繧峨ｌ縺ｾ縺帙ｓ縲ょｸｸ縺ｫ譌｢螳壼､  繧剃ｽｿ逕ｨ縺励∪縺・[C:\Users\macar\TinnosukeGameLib\Assembly-CSharp.csproj]
C:\Users\macar\TinnosukeGameLib\Assets\GameLib\Script\Common\Variables\Binding\ExternalBoolBinding.cs(32,14): warning CS0649: 繝輔ぅ繝ｼ繝ｫ繝・'ExternalBoolBindingOptions._useScalarBinding' 縺ｯ蜑ｲ繧雁ｽ薙※繧峨ｌ縺ｾ縺帙ｓ縲ょｸｸ縺ｫ譌｢螳壼､ false 繧剃ｽｿ逕ｨ縺励∪縺・[C:\Users\macar\TinnosukeGameLib\Assembly-CSharp.csproj]
C:\Users\macar\TinnosukeGameLib\Assets\GameLib\Script\Common\DI\Runtime\BaseRuntimeTemplatePreset.cs(15,21): warning CS0649: 繝輔ぅ繝ｼ繝ｫ繝・'BaseRuntimeTemplatePreset.prefab' 縺ｯ蜑ｲ繧雁ｽ薙※繧峨ｌ縺ｾ縺帙ｓ縲ょｸｸ縺ｫ譌｢螳壼､ null 繧剃ｽｿ逕ｨ縺励∪縺・[C:\Users\macar\TinnosukeGameLib\Assembly-CSharp.csproj]
C:\Users\macar\TinnosukeGameLib\Assets\GameLib\Script\Common\Variables\Dynamic\Sources\ActorWorldPositionSources.cs(73,21): warning CS0649: 繝輔ぅ繝ｼ繝ｫ繝・'ActorWorldPositionYSource.actorSource' 縺ｯ蜑ｲ繧雁ｽ薙※繧峨ｌ縺ｾ縺帙ｓ縲ょｸｸ縺ｫ譌｢螳壼､  繧剃ｽｿ逕ｨ縺励∪縺・[C:\Users\macar\TinnosukeGameLib\Assembly-CSharp.csproj]
C:\Users\macar\TinnosukeGameLib\Assets\GameLib\Script\Shader\Core\MaterialFx\MaterialFxPropertyRegistrySO.cs(18,36): warning CS0649: 繝輔ぅ繝ｼ繝ｫ繝・'MaterialFxPropertyRegistrySO.csvFile' 縺ｯ蜑ｲ繧雁ｽ薙※繧峨ｌ縺ｾ縺帙ｓ縲ょｸｸ縺ｫ譌｢螳壼､ null 繧剃ｽｿ逕ｨ縺励∪縺・[C:\Users\macar\TinnosukeGameLib\Assembly-CSharp.csproj]
C:\Users\macar\TinnosukeGameLib\Assets\GameLib\Script\Common\Variables\Dynamic\Core\DynamicSources.cs(857,51): warning CS0649: 繝輔ぅ繝ｼ繝ｫ繝・'AssetSpawnPatternRuntimeTemplatePresetSource.value' 縺ｯ蜑ｲ繧雁ｽ薙※繧峨ｌ縺ｾ縺帙ｓ縲ょｸｸ縺ｫ譌｢螳壼､ null 繧剃ｽｿ逕ｨ縺励∪縺・[C:\Users\macar\TinnosukeGameLib\Assembly-CSharp.csproj]
C:\Users\macar\TinnosukeGameLib\Assets\GameLib\Script\Common\BuildConsole\MB\BuildConsoleMB.cs(48,31): warning CS0649: 繝輔ぅ繝ｼ繝ｫ繝・'BuildConsoleMB.visibleOnStart' 縺ｯ蜑ｲ繧雁ｽ薙※繧峨ｌ縺ｾ縺帙ｓ縲ょｸｸ縺ｫ譌｢螳壼､ false 繧剃ｽｿ逕ｨ縺励∪縺・[C:\Users\macar\TinnosukeGameLib\Assembly-CSharp.csproj]
C:\Users\macar\TinnosukeGameLib\Assets\GameLib\Script\Project\UI\Core\Toast\MB\ToastSystemMB.cs(112,31): warning CS0649: 繝輔ぅ繝ｼ繝ｫ繝・'ToastSystemMB.enableDebugLog' 縺ｯ蜑ｲ繧雁ｽ薙※繧峨ｌ縺ｾ縺帙ｓ縲ょｸｸ縺ｫ譌｢螳壼､ false 繧剃ｽｿ逕ｨ縺励∪縺・[C:\Users\macar\TinnosukeGameLib\Assembly-CSharp.csproj]
C:\Users\macar\TinnosukeGameLib\Assets\GameLib\Script\Common\Audio\SimpleAudioCueSO.cs(84,14): warning CS0649: 繝輔ぅ繝ｼ繝ｫ繝・'SimpleAudioCueSO._applyTimeScaleToPitch' 縺ｯ蜑ｲ繧雁ｽ薙※繧峨ｌ縺ｾ縺帙ｓ縲ょｸｸ縺ｫ譌｢螳壼､ false 繧剃ｽｿ逕ｨ縺励∪縺・[C:\Users\macar\TinnosukeGameLib\Assembly-CSharp.csproj]
C:\Users\macar\TinnosukeGameLib\Assets\GameLib\Script\Common\Variables\Scalar\ScalarKeyRegistry.cs(22,36): warning CS0649: 繝輔ぅ繝ｼ繝ｫ繝・'ScalarKeyRegistry.csvFile' 縺ｯ蜑ｲ繧雁ｽ薙※繧峨ｌ縺ｾ縺帙ｓ縲ょｸｸ縺ｫ譌｢螳壼､ null 繧剃ｽｿ逕ｨ縺励∪縺・[C:\Users\macar\TinnosukeGameLib\Assembly-CSharp.csproj]
C:\Users\macar\TinnosukeGameLib\Assets\GameLib\Script\Project\UI\Core\Toast\MB\ToastSystemMB.cs(115,31): warning CS0649: 繝輔ぅ繝ｼ繝ｫ繝・'ToastSystemMB.enableMovementDebugLog' 縺ｯ蜑ｲ繧雁ｽ薙※繧峨ｌ縺ｾ縺帙ｓ縲ょｸｸ縺ｫ譌｢螳壼､ false 繧剃ｽｿ逕ｨ縺励∪縺・[C:\Users\macar\TinnosukeGameLib\Assembly-CSharp.csproj]
C:\Users\macar\TinnosukeGameLib\Assets\GameLib\Script\Project\UI\Core\Elements\Slider\ChannelHub\SliderChannelHubMB.cs(156,14): warning CS0649: 繝輔ぅ繝ｼ繝ｫ繝・'SliderChannelHubMB._enableDebugLog' 縺ｯ蜑ｲ繧雁ｽ薙※繧峨ｌ縺ｾ縺帙ｓ縲ょｸｸ縺ｫ譌｢螳壼､ false 繧剃ｽｿ逕ｨ縺励∪縺・[C:\Users\macar\TinnosukeGameLib\Assembly-CSharp.csproj]
C:\Users\macar\TinnosukeGameLib\Assets\GameLib\Script\Project\Scene\Chunk\Biome\ChunkBiomeTypes.cs(23,17): warning CS0649: 繝輔ぅ繝ｼ繝ｫ繝・'ChunkAxisSettings.axisScaleWorld' 縺ｯ蜑ｲ繧雁ｽ薙※繧峨ｌ縺ｾ縺帙ｓ縲ょｸｸ縺ｫ譌｢螳壼､  繧剃ｽｿ逕ｨ縺励∪縺・[C:\Users\macar\TinnosukeGameLib\Assembly-CSharp.csproj]
C:\Users\macar\TinnosukeGameLib\Assets\GameLib\Script\Common\Variables\Dynamic\Sources\VisualBoundsSources.cs(39,21): warning CS0649: 繝輔ぅ繝ｼ繝ｫ繝・'VisualBoundsValue2Source.boundsOwnerActorSource' 縺ｯ蜑ｲ繧雁ｽ薙※繧峨ｌ縺ｾ縺帙ｓ縲ょｸｸ縺ｫ譌｢螳壼､  繧剃ｽｿ逕ｨ縺励∪縺・[C:\Users\macar\TinnosukeGameLib\Assembly-CSharp.csproj]
C:\Users\macar\TinnosukeGameLib\Assets\GameLib\Script\Common\Variables\Binding\ExternalFloatBinding.cs(33,14): warning CS0649: 繝輔ぅ繝ｼ繝ｫ繝・'ExternalFloatBindingOptions._useScalarBinding' 縺ｯ蜑ｲ繧雁ｽ薙※繧峨ｌ縺ｾ縺帙ｓ縲ょｸｸ縺ｫ譌｢螳壼､ false 繧剃ｽｿ逕ｨ縺励∪縺・[C:\Users\macar\TinnosukeGameLib\Assembly-CSharp.csproj]
C:\Users\macar\TinnosukeGameLib\Assets\GameLib\Script\Common\StatusEffect\Definition\StatusEffectDefinitionTypes.cs(468,45): warning CS0649: 繝輔ぅ繝ｼ繝ｫ繝・'ConfigurableStatusEffectDefinitionData.useCooldownDefinition' 縺ｯ蜑ｲ繧雁ｽ薙※繧峨ｌ縺ｾ縺帙ｓ縲ょｸｸ縺ｫ譌｢螳壼､ null 繧剃ｽｿ逕ｨ縺励∪縺・[C:\Users\macar\TinnosukeGameLib\Assembly-CSharp.csproj]
C:\Users\macar\TinnosukeGameLib\Assets\GameLib\Script\Common\StatusEffect\Definition\StatusEffectDefinitionTypes.cs(475,14): warning CS0649: 繝輔ぅ繝ｼ繝ｫ繝・'ConfigurableStatusEffectDefinitionData.useCount' 縺ｯ蜑ｲ繧雁ｽ薙※繧峨ｌ縺ｾ縺帙ｓ縲ょｸｸ縺ｫ譌｢螳壼､ false 繧剃ｽｿ逕ｨ縺励∪縺・[C:\Users\macar\TinnosukeGameLib\Assembly-CSharp.csproj]
C:\Users\macar\TinnosukeGameLib\Assets\GameLib\Script\Common\Health\Modifiers\SO\CustomHealthModifierSO.cs(55,31): warning CS0649: 繝輔ぅ繝ｼ繝ｫ繝・'CustomHealthModifierSO._onDamageCommands' 縺ｯ蜑ｲ繧雁ｽ薙※繧峨ｌ縺ｾ縺帙ｓ縲ょｸｸ縺ｫ譌｢螳壼､ null 繧剃ｽｿ逕ｨ縺励∪縺・[C:\Users\macar\TinnosukeGameLib\Assembly-CSharp.csproj]
C:\Users\macar\TinnosukeGameLib\Assets\GameLib\Script\Project\UI\Core\Toast\MB\ToastSystemMB.cs(33,66): warning CS0649: 繝輔ぅ繝ｼ繝ｫ繝・'ToastSystemMB.defaultRuntimeTemplate' 縺ｯ蜑ｲ繧雁ｽ薙※繧峨ｌ縺ｾ縺帙ｓ縲ょｸｸ縺ｫ譌｢螳壼､  繧剃ｽｿ逕ｨ縺励∪縺・[C:\Users\macar\TinnosukeGameLib\Assembly-CSharp.csproj]
C:\Users\macar\TinnosukeGameLib\Assets\GameLib\Script\Common\Variables\Dynamic\Core\DynamicSources.cs(622,35): warning CS0649: 繝輔ぅ繝ｼ繝ｫ繝・'AssetStatusEffectDefinitionSource.value' 縺ｯ蜑ｲ繧雁ｽ薙※繧峨ｌ縺ｾ縺帙ｓ縲ょｸｸ縺ｫ譌｢螳壼､ null 繧剃ｽｿ逕ｨ縺励∪縺・[C:\Users\macar\TinnosukeGameLib\Assembly-CSharp.csproj]
C:\Users\macar\TinnosukeGameLib\Assets\GameLib\Script\Project\Scene\Channels\Parallax\ParallaxChannelTypes.cs(107,38): warning CS0649: 繝輔ぅ繝ｼ繝ｫ繝・'ParallaxChannelDef.controllerActorSource' 縺ｯ蜑ｲ繧雁ｽ薙※繧峨ｌ縺ｾ縺帙ｓ縲ょｸｸ縺ｫ譌｢螳壼､  繧剃ｽｿ逕ｨ縺励∪縺・[C:\Users\macar\TinnosukeGameLib\Assembly-CSharp.csproj]
C:\Users\macar\TinnosukeGameLib\Assets\GameLib\Script\Common\Variables\Dynamic\Sources\TransformAnimationChannelPositionSources.cs(146,14): warning CS0649: 繝輔ぅ繝ｼ繝ｫ繝・'TransformAnimationChannelPosition3Source.debugLogEnabled' 縺ｯ蜑ｲ繧雁ｽ薙※繧峨ｌ縺ｾ縺帙ｓ縲ょｸｸ縺ｫ譌｢螳壼､ false 繧剃ｽｿ逕ｨ縺励∪縺・[C:\Users\macar\TinnosukeGameLib\Assembly-CSharp.csproj]
C:\Users\macar\TinnosukeGameLib\Assets\GameLib\Script\Project\UI\Core\Conversation\MB\ConversationChannelHubMB.cs(23,14): warning CS0649: 繝輔ぅ繝ｼ繝ｫ繝・'ConversationChannelHubMB._enableDebugLog' 縺ｯ蜑ｲ繧雁ｽ薙※繧峨ｌ縺ｾ縺帙ｓ縲ょｸｸ縺ｫ譌｢螳壼､ false 繧剃ｽｿ逕ｨ縺励∪縺・[C:\Users\macar\TinnosukeGameLib\Assembly-CSharp.csproj]
C:\Users\macar\TinnosukeGameLib\Assets\GameLib\Script\Project\StatusEffect\GameLogicScalarStatusEffectDefinitionData.cs(70,14): warning CS0649: 繝輔ぅ繝ｼ繝ｫ繝・'GameLogicScalarStatusEffectDefinitionData.useDuration' 縺ｯ蜑ｲ繧雁ｽ薙※繧峨ｌ縺ｾ縺帙ｓ縲ょｸｸ縺ｫ譌｢螳壼､ false 繧剃ｽｿ逕ｨ縺励∪縺・[C:\Users\macar\TinnosukeGameLib\Assembly-CSharp.csproj]
C:\Users\macar\TinnosukeGameLib\Assets\GameLib\Script\Common\Variables\Dynamic\Core\ManagedRefAssetSource.cs(26,17): warning CS0649: 繝輔ぅ繝ｼ繝ｫ繝・'ManagedRefAssetSource<TAsset, TValue>.value' 縺ｯ蜑ｲ繧雁ｽ薙※繧峨ｌ縺ｾ縺帙ｓ縲ょｸｸ縺ｫ譌｢螳壼､ null 繧剃ｽｿ逕ｨ縺励∪縺・[C:\Users\macar\TinnosukeGameLib\Assembly-CSharp.csproj]
C:\Users\macar\TinnosukeGameLib\Assets\GameLib\Script\Common\Variables\Dynamic\Core\DynamicSources.cs(2350,13): warning CS0649: 繝輔ぅ繝ｼ繝ｫ繝・'OtherTableCellSource.tableVarId' 縺ｯ蜑ｲ繧雁ｽ薙※繧峨ｌ縺ｾ縺帙ｓ縲ょｸｸ縺ｫ譌｢螳壼､ 0 繧剃ｽｿ逕ｨ縺励∪縺・[C:\Users\macar\TinnosukeGameLib\Assembly-CSharp.csproj]
C:\Users\macar\TinnosukeGameLib\Assets\GameLib\Script\Common\Variables\Dynamic\Core\DynamicSources.cs(1934,13): warning CS0649: 繝輔ぅ繝ｼ繝ｫ繝・'SelfGridBlackboardRowCountSource.varIdFilter' 縺ｯ蜑ｲ繧雁ｽ薙※繧峨ｌ縺ｾ縺帙ｓ縲ょｸｸ縺ｫ譌｢螳壼､ 0 繧剃ｽｿ逕ｨ縺励∪縺・[C:\Users\macar\TinnosukeGameLib\Assembly-CSharp.csproj]
C:\Users\macar\TinnosukeGameLib\Assets\GameLib\Script\Common\Variables\Dynamic\Core\DynamicSources.cs(1510,21): warning CS0649: 繝輔ぅ繝ｼ繝ｫ繝・'OtherBlackboardSource.targetActor' 縺ｯ蜑ｲ繧雁ｽ薙※繧峨ｌ縺ｾ縺帙ｓ縲ょｸｸ縺ｫ譌｢螳壼､  繧剃ｽｿ逕ｨ縺励∪縺・[C:\Users\macar\TinnosukeGameLib\Assembly-CSharp.csproj]
C:\Users\macar\TinnosukeGameLib\Assets\GameLib\Script\Common\Commands\VNext\Catalog\CommandCatalogSO.cs(319,30): warning CS0649: 繝輔ぅ繝ｼ繝ｫ繝・'CommandPayloadFieldSchemaAsset.sourceLocationId' 縺ｯ蜑ｲ繧雁ｽ薙※繧峨ｌ縺ｾ縺帙ｓ縲ょｸｸ縺ｫ譌｢螳壼､ 0 繧剃ｽｿ逕ｨ縺励∪縺・[C:\Users\macar\TinnosukeGameLib\Assembly-CSharp.csproj]
C:\Users\macar\TinnosukeGameLib\Assets\GameLib\Script\Project\Scene\Chunk\MB\ChunkStreamerMB.cs(42,93): warning CS0649: 繝輔ぅ繝ｼ繝ｫ繝・'ChunkStreamerMB.chunkRuntimeTemplatePreset' 縺ｯ蜑ｲ繧雁ｽ薙※繧峨ｌ縺ｾ縺帙ｓ縲ょｸｸ縺ｫ譌｢螳壼､  繧剃ｽｿ逕ｨ縺励∪縺・[C:\Users\macar\TinnosukeGameLib\Assembly-CSharp.csproj]
C:\Users\macar\TinnosukeGameLib\Assets\GameLib\Script\Project\UI\Core\Elements\Slider\UISlider\UISliderMB.cs(64,31): warning CS0649: 繝輔ぅ繝ｼ繝ｫ繝・'UISliderMB._useBlackboardBinding' 縺ｯ蜑ｲ繧雁ｽ薙※繧峨ｌ縺ｾ縺帙ｓ縲ょｸｸ縺ｫ譌｢螳壼､ false 繧剃ｽｿ逕ｨ縺励∪縺・[C:\Users\macar\TinnosukeGameLib\Assembly-CSharp.csproj]
C:\Users\macar\TinnosukeGameLib\Assets\GameLib\Script\Common\Movement\MoveToInputPoint\MB\MoveToInputPointController.cs(59,46): warning CS0649: 繝輔ぅ繝ｼ繝ｫ繝・'MoveToInputPointController.channelDef' 縺ｯ蜑ｲ繧雁ｽ薙※繧峨ｌ縺ｾ縺帙ｓ縲ょｸｸ縺ｫ譌｢螳壼､ null 繧剃ｽｿ逕ｨ縺励∪縺・[C:\Users\macar\TinnosukeGameLib\Assembly-CSharp.csproj]
C:\Users\macar\TinnosukeGameLib\Assets\GameLib\Script\Common\Commands\VNext\Catalog\CommandCatalogSO.cs(318,31): warning CS0649: 繝輔ぅ繝ｼ繝ｫ繝・'CommandPayloadFieldSchemaAsset.allowNull' 縺ｯ蜑ｲ繧雁ｽ薙※繧峨ｌ縺ｾ縺帙ｓ縲ょｸｸ縺ｫ譌｢螳壼､ false 繧剃ｽｿ逕ｨ縺励∪縺・[C:\Users\macar\TinnosukeGameLib\Assembly-CSharp.csproj]
C:\Users\macar\TinnosukeGameLib\Assets\GameLib\Script\Project\Scene\Background\Core\BackgroundTypes.cs(62,37): warning CS0649: 繝輔ぅ繝ｼ繝ｫ繝・'BackgroundLayerDefinition.parentOverride' 縺ｯ蜑ｲ繧雁ｽ薙※繧峨ｌ縺ｾ縺帙ｓ縲ょｸｸ縺ｫ譌｢螳壼､ null 繧剃ｽｿ逕ｨ縺励∪縺・[C:\Users\macar\TinnosukeGameLib\Assembly-CSharp.csproj]
C:\Users\macar\TinnosukeGameLib\Assets\GameLib\Script\Common\Variables\Dynamic\Core\DynamicSources.cs(960,13): warning CS0649: 繝輔ぅ繝ｼ繝ｫ繝・'LiteralToVariableSource.intValue' 縺ｯ蜑ｲ繧雁ｽ薙※繧峨ｌ縺ｾ縺帙ｓ縲ょｸｸ縺ｫ譌｢螳壼､ 0 繧剃ｽｿ逕ｨ縺励∪縺・[C:\Users\macar\TinnosukeGameLib\Assembly-CSharp.csproj]
C:\Users\macar\TinnosukeGameLib\Assets\GameLib\Script\Project\UI\Core\Elements\Slider\ChannelHub\SliderChannelHubMB.cs(85,20): warning CS0649: 繝輔ぅ繝ｼ繝ｫ繝・'SliderChannelDefinition._segmentBarsRoot' 縺ｯ蜑ｲ繧雁ｽ薙※繧峨ｌ縺ｾ縺帙ｓ縲ょｸｸ縺ｫ譌｢螳壼､ null 繧剃ｽｿ逕ｨ縺励∪縺・[C:\Users\macar\TinnosukeGameLib\Assembly-CSharp.csproj]
C:\Users\macar\TinnosukeGameLib\Assets\GameLib\Script\Project\UI\Core\VisualBounds\MB\VisualBoundsMB.cs(117,31): warning CS0649: 繝輔ぅ繝ｼ繝ｫ繝・'VisualBoundsMB.enableDebugGui' 縺ｯ蜑ｲ繧雁ｽ薙※繧峨ｌ縺ｾ縺帙ｓ縲ょｸｸ縺ｫ譌｢螳壼､ false 繧剃ｽｿ逕ｨ縺励∪縺・[C:\Users\macar\TinnosukeGameLib\Assembly-CSharp.csproj]
C:\Users\macar\TinnosukeGameLib\Assets\GameLib\Script\Project\UI\Core\Elements\Slider\ChannelHub\SliderChannelHubMB.cs(90,20): warning CS0649: 繝輔ぅ繝ｼ繝ｫ繝・'SliderChannelDefinition._segmentMarkersRoot' 縺ｯ蜑ｲ繧雁ｽ薙※繧峨ｌ縺ｾ縺帙ｓ縲ょｸｸ縺ｫ譌｢螳壼､ null 繧剃ｽｿ逕ｨ縺励∪縺・[C:\Users\macar\TinnosukeGameLib\Assembly-CSharp.csproj]
C:\Users\macar\TinnosukeGameLib\Assets\GameLib\Script\Common\Variables\Dynamic\Sources\ActorWorldPositionSources.cs(20,21): warning CS0649: 繝輔ぅ繝ｼ繝ｫ繝・'ActorWorldPosition2Source.actorSource' 縺ｯ蜑ｲ繧雁ｽ薙※繧峨ｌ縺ｾ縺帙ｓ縲ょｸｸ縺ｫ譌｢螳壼､  繧剃ｽｿ逕ｨ縺励∪縺・[C:\Users\macar\TinnosukeGameLib\Assembly-CSharp.csproj]
C:\Users\macar\TinnosukeGameLib\Assets\GameLib\Script\Project\Scene\Chunk\MB\ChunkStreamerMB.cs(22,37): warning CS0649: 繝輔ぅ繝ｼ繝ｫ繝・'ChunkStreamerMB.targetTransform' 縺ｯ蜑ｲ繧雁ｽ薙※繧峨ｌ縺ｾ縺帙ｓ縲ょｸｸ縺ｫ譌｢螳壼､ null 繧剃ｽｿ逕ｨ縺励∪縺・[C:\Users\macar\TinnosukeGameLib\Assembly-CSharp.csproj]
C:\Users\macar\TinnosukeGameLib\Assets\GameLib\Script\Common\Variables\Profile\Core\CustomProfileDefinition.cs(183,13): warning CS0649: 繝輔ぅ繝ｼ繝ｫ繝・'ProfileDynamicValue._roundDigits' 縺ｯ蜑ｲ繧雁ｽ薙※繧峨ｌ縺ｾ縺帙ｓ縲ょｸｸ縺ｫ譌｢螳壼､ 0 繧剃ｽｿ逕ｨ縺励∪縺・[C:\Users\macar\TinnosukeGameLib\Assembly-CSharp.csproj]
C:\Users\macar\TinnosukeGameLib\Assets\GameLib\Script\Common\Variables\Dynamic\Core\DynamicSources.cs(479,30): warning CS0649: 繝輔ぅ繝ｼ繝ｫ繝・'AssetMotionPresetSource.value' 縺ｯ蜑ｲ繧雁ｽ薙※繧峨ｌ縺ｾ縺帙ｓ縲ょｸｸ縺ｫ譌｢螳壼､ null 繧剃ｽｿ逕ｨ縺励∪縺・[C:\Users\macar\TinnosukeGameLib\Assembly-CSharp.csproj]
C:\Users\macar\TinnosukeGameLib\Assets\GameLib\Script\Project\Scene\NoiseProducer\Definition\NoiseStageDefinition.cs(43,30): warning CS0649: 繝輔ぅ繝ｼ繝ｫ繝・'NoiseStageDefinition._seed' 縺ｯ蜑ｲ繧雁ｽ薙※繧峨ｌ縺ｾ縺帙ｓ縲ょｸｸ縺ｫ譌｢螳壼､ 0 繧剃ｽｿ逕ｨ縺励∪縺・[C:\Users\macar\TinnosukeGameLib\Assembly-CSharp.csproj]
C:\Users\macar\TinnosukeGameLib\Assets\GameLib\Script\Project\UI\Core\Elements\Slider\ChannelHub\SliderChannelHubMB.cs(80,24): warning CS0649: 繝輔ぅ繝ｼ繝ｫ繝・'SliderChannelDefinition._rangeRectTransform' 縺ｯ蜑ｲ繧雁ｽ薙※繧峨ｌ縺ｾ縺帙ｓ縲ょｸｸ縺ｫ譌｢螳壼､ null 繧剃ｽｿ逕ｨ縺励∪縺・[C:\Users\macar\TinnosukeGameLib\Assembly-CSharp.csproj]
C:\Users\macar\TinnosukeGameLib\Assets\GameLib\Script\Project\Scene\NoiseProducer\Definition\NoiseParameterDefinition.cs(14,34): warning CS0649: 繝輔ぅ繝ｼ繝ｫ繝・'NoiseParameterDefinition._defaultVector2' 縺ｯ蜑ｲ繧雁ｽ薙※繧峨ｌ縺ｾ縺帙ｓ縲ょｸｸ縺ｫ譌｢螳壼､  繧剃ｽｿ逕ｨ縺励∪縺・[C:\Users\macar\TinnosukeGameLib\Assembly-CSharp.csproj]
C:\Users\macar\TinnosukeGameLib\Assets\GameLib\Script\Common\Variables\Dynamic\Sources\TransformAnimationChannelDirectionSources.cs(139,21): warning CS0649: 繝輔ぅ繝ｼ繝ｫ繝・'TransformAnimationChannelDirection3Source.actorSource' 縺ｯ蜑ｲ繧雁ｽ薙※繧峨ｌ縺ｾ縺帙ｓ縲ょｸｸ縺ｫ譌｢螳壼､  繧剃ｽｿ逕ｨ縺励∪縺・[C:\Users\macar\TinnosukeGameLib\Assembly-CSharp.csproj]
C:\Users\macar\TinnosukeGameLib\Assets\GameLib\Script\Common\Variables\Dynamic\Sources\VisualBoundsSources.cs(48,14): warning CS0649: 繝輔ぅ繝ｼ繝ｫ繝・'VisualBoundsValue2Source.rebuildBeforeRead' 縺ｯ蜑ｲ繧雁ｽ薙※繧峨ｌ縺ｾ縺帙ｓ縲ょｸｸ縺ｫ譌｢螳壼､ false 繧剃ｽｿ逕ｨ縺励∪縺・[C:\Users\macar\TinnosukeGameLib\Assembly-CSharp.csproj]
C:\Users\macar\TinnosukeGameLib\Assets\GameLib\Script\Common\Variables\Profile\Core\CustomProfileDefinition.cs(109,15): warning CS0649: 繝輔ぅ繝ｼ繝ｫ繝・'ProfileDynamicValue._floatValue' 縺ｯ蜑ｲ繧雁ｽ薙※繧峨ｌ縺ｾ縺帙ｓ縲ょｸｸ縺ｫ譌｢螳壼､ 0 繧剃ｽｿ逕ｨ縺励∪縺・[C:\Users\macar\TinnosukeGameLib\Assembly-CSharp.csproj]
C:\Users\macar\TinnosukeGameLib\Assets\GameLib\Script\Common\EmitterSpawn\Lines\SpawnLinePreviewMB.cs(19,30): warning CS0649: 繝輔ぅ繝ｼ繝ｫ繝・'SpawnLinePreviewMB._line' 縺ｯ蜑ｲ繧雁ｽ薙※繧峨ｌ縺ｾ縺帙ｓ縲ょｸｸ縺ｫ譌｢螳壼､ null 繧剃ｽｿ逕ｨ縺励∪縺・[C:\Users\macar\TinnosukeGameLib\Assembly-CSharp.csproj]
C:\Users\macar\TinnosukeGameLib\Assets\GameLib\Script\Project\Flow\Authoring\FlowDefinitionSO.cs(22,29): warning CS0649: 繝輔ぅ繝ｼ繝ｫ繝・'FlowDefinitionSO.compiledAsset' 縺ｯ蜑ｲ繧雁ｽ薙※繧峨ｌ縺ｾ縺帙ｓ縲ょｸｸ縺ｫ譌｢螳壼､ null 繧剃ｽｿ逕ｨ縺励∪縺・[C:\Users\macar\TinnosukeGameLib\Assembly-CSharp.csproj]
C:\Users\macar\TinnosukeGameLib\Assets\GameLib\Script\Common\Variables\Profile\Core\CustomProfileDefinition.cs(213,14): warning CS0649: 繝輔ぅ繝ｼ繝ｫ繝・'ProfileDynamicValue._scalarSaveEnabled' 縺ｯ蜑ｲ繧雁ｽ薙※繧峨ｌ縺ｾ縺帙ｓ縲ょｸｸ縺ｫ譌｢螳壼､ false 繧剃ｽｿ逕ｨ縺励∪縺・[C:\Users\macar\TinnosukeGameLib\Assembly-CSharp.csproj]
C:\Users\macar\TinnosukeGameLib\Assets\GameLib\Script\Common\Trait\SO\TraitDefinitionSO.cs(144,14): warning CS0649: 繝輔ぅ繝ｼ繝ｫ繝・'TraitDefinitionSO._runOnRuntimeSpawnCommands' 縺ｯ蜑ｲ繧雁ｽ薙※繧峨ｌ縺ｾ縺帙ｓ縲ょｸｸ縺ｫ譌｢螳壼､ false 繧剃ｽｿ逕ｨ縺励∪縺・[C:\Users\macar\TinnosukeGameLib\Assembly-CSharp.csproj]
C:\Users\macar\TinnosukeGameLib\Assets\GameLib\Script\Common\DI\Runtime\SpecializedRuntimeTemplatePresets.cs(150,26): warning CS0649: 繝輔ぅ繝ｼ繝ｫ繝・'FirePatternRuntimeTemplatePreset.overrideFirePattern' 縺ｯ蜑ｲ繧雁ｽ薙※繧峨ｌ縺ｾ縺帙ｓ縲ょｸｸ縺ｫ譌｢螳壼､ null 繧剃ｽｿ逕ｨ縺励∪縺・[C:\Users\macar\TinnosukeGameLib\Assembly-CSharp.csproj]
C:\Users\macar\TinnosukeGameLib\Assets\GameLib\Script\Common\Variables\Dynamic\Core\DynamicSources.cs(3060,14): warning CS0649: 繝輔ぅ繝ｼ繝ｫ繝・'UIModalStackActorMatchSource.includeAffectedScope' 縺ｯ蜑ｲ繧雁ｽ薙※繧峨ｌ縺ｾ縺帙ｓ縲ょｸｸ縺ｫ譌｢螳壼､ false 繧剃ｽｿ逕ｨ縺励∪縺・[C:\Users\macar\TinnosukeGameLib\Assembly-CSharp.csproj]
C:\Users\macar\TinnosukeGameLib\Assets\GameLib\Script\Project\UI\Core\Toast\MB\ToastSystemMB.cs(100,31): warning CS0649: 繝輔ぅ繝ｼ繝ｫ繝・'ToastSystemMB.anchorReapplyOnRelayout' 縺ｯ蜑ｲ繧雁ｽ薙※繧峨ｌ縺ｾ縺帙ｓ縲ょｸｸ縺ｫ譌｢螳壼､ false 繧剃ｽｿ逕ｨ縺励∪縺・[C:\Users\macar\TinnosukeGameLib\Assembly-CSharp.csproj]
C:\Users\macar\TinnosukeGameLib\Assets\GameLib\Script\Common\Variables\Dynamic\Core\DynamicSources.cs(799,47): warning CS0649: 繝輔ぅ繝ｼ繝ｫ繝・'AssetParticleRuntimeTemplatePresetSource.value' 縺ｯ蜑ｲ繧雁ｽ薙※繧峨ｌ縺ｾ縺帙ｓ縲ょｸｸ縺ｫ譌｢螳壼､ null 繧剃ｽｿ逕ｨ縺励∪縺・[C:\Users\macar\TinnosukeGameLib\Assembly-CSharp.csproj]
C:\Users\macar\TinnosukeGameLib\Assets\GameLib\Script\Common\StatusEffect\Definition\StatusEffectDefinitionTypes.cs(455,42): warning CS0649: 繝輔ぅ繝ｼ繝ｫ繝・'ConfigurableStatusEffectDefinitionData.durationDefinition' 縺ｯ蜑ｲ繧雁ｽ薙※繧峨ｌ縺ｾ縺帙ｓ縲ょｸｸ縺ｫ譌｢螳壼､ null 繧剃ｽｿ逕ｨ縺励∪縺・[C:\Users\macar\TinnosukeGameLib\Assembly-CSharp.csproj]
C:\Users\macar\TinnosukeGameLib\Assets\GameLib\Script\Common\FirePattern\Patterns\BaseFirePattern.cs(25,42): warning CS0649: 繝輔ぅ繝ｼ繝ｫ繝・'BaseFirePattern._fireDefinition' 縺ｯ蜑ｲ繧雁ｽ薙※繧峨ｌ縺ｾ縺帙ｓ縲ょｸｸ縺ｫ譌｢螳壼､ null 繧剃ｽｿ逕ｨ縺励∪縺・[C:\Users\macar\TinnosukeGameLib\Assembly-CSharp.csproj]
C:\Users\macar\TinnosukeGameLib\Assets\GameLib\Script\Project\UI\Core\Elements\Slider\ChannelHub\SliderChannelHubMB.cs(96,14): warning CS0649: 繝輔ぅ繝ｼ繝ｫ繝・'SliderChannelDefinition._enableDebugLog' 縺ｯ蜑ｲ繧雁ｽ薙※繧峨ｌ縺ｾ縺帙ｓ縲ょｸｸ縺ｫ譌｢螳壼､ false 繧剃ｽｿ逕ｨ縺励∪縺・[C:\Users\macar\TinnosukeGameLib\Assembly-CSharp.csproj]
C:\Users\macar\TinnosukeGameLib\Assets\GameLib\Script\Project\System\Map\MB\MapNodePlayerMB.cs(31,20): warning CS0649: 繝輔ぅ繝ｼ繝ｫ繝・'MapNodePlayerMB._defaultParentTransform' 縺ｯ蜑ｲ繧雁ｽ薙※繧峨ｌ縺ｾ縺帙ｓ縲ょｸｸ縺ｫ譌｢螳壼､ null 繧剃ｽｿ逕ｨ縺励∪縺・[C:\Users\macar\TinnosukeGameLib\Assembly-CSharp.csproj]
C:\Users\macar\TinnosukeGameLib\Assets\GameLib\Script\Common\Variables\Dynamic\Sources\ActorDirectionDistanceSources.cs(22,21): warning CS0649: 繝輔ぅ繝ｼ繝ｫ繝・'ActorDirectionDistance2Source.actorA' 縺ｯ蜑ｲ繧雁ｽ薙※繧峨ｌ縺ｾ縺帙ｓ縲ょｸｸ縺ｫ譌｢螳壼､  繧剃ｽｿ逕ｨ縺励∪縺・[C:\Users\macar\TinnosukeGameLib\Assembly-CSharp.csproj]
C:\Users\macar\TinnosukeGameLib\Assets\GameLib\Script\Common\Trait\SO\TraitDefinitionSO.cs(126,14): warning CS0649: 繝輔ぅ繝ｼ繝ｫ繝・'TraitDefinitionSO._runOnRemoveCommands' 縺ｯ蜑ｲ繧雁ｽ薙※繧峨ｌ縺ｾ縺帙ｓ縲ょｸｸ縺ｫ譌｢螳壼､ false 繧剃ｽｿ逕ｨ縺励∪縺・[C:\Users\macar\TinnosukeGameLib\Assembly-CSharp.csproj]
C:\Users\macar\TinnosukeGameLib\Assets\GameLib\Script\Project\Scene\Transform\ChannelHub\MB\TransformManagerMB.cs(137,15): warning CS0649: 繝輔ぅ繝ｼ繝ｫ繝・'TransformManagerRotateGlobalValue._offsetDegrees' 縺ｯ蜑ｲ繧雁ｽ薙※繧峨ｌ縺ｾ縺帙ｓ縲ょｸｸ縺ｫ譌｢螳壼､ 0 繧剃ｽｿ逕ｨ縺励∪縺・[C:\Users\macar\TinnosukeGameLib\Assembly-CSharp.csproj]
C:\Users\macar\TinnosukeGameLib\Assets\GameLib\Script\Project\Scene\Channels\GridObjectChannel\GridObjectChannelHubMB.cs(74,14): warning CS0649: 繝輔ぅ繝ｼ繝ｫ繝・'GridObjectChannelDefinition._enableVerboseLayoutLog' 縺ｯ蜑ｲ繧雁ｽ薙※繧峨ｌ縺ｾ縺帙ｓ縲ょｸｸ縺ｫ譌｢螳壼､ false 繧剃ｽｿ逕ｨ縺励∪縺・[C:\Users\macar\TinnosukeGameLib\Assembly-CSharp.csproj]
C:\Users\macar\TinnosukeGameLib\Assets\GameLib\Script\Common\EmitterSpawn\Lines\CatmullRomSpawnLine.cs(14,31): warning CS0649: 繝輔ぅ繝ｼ繝ｫ繝・'CatmullRomSpawnLine._closed' 縺ｯ蜑ｲ繧雁ｽ薙※繧峨ｌ縺ｾ縺帙ｓ縲ょｸｸ縺ｫ譌｢螳壼､ false 繧剃ｽｿ逕ｨ縺励∪縺・[C:\Users\macar\TinnosukeGameLib\Assembly-CSharp.csproj]
C:\Users\macar\TinnosukeGameLib\Assets\GameLib\Script\Project\UI\Core\Tooltip\TooltipChannelHubMB.cs(73,14): warning CS0649: 繝輔ぅ繝ｼ繝ｫ繝・'TooltipChannelHubMB._applyTooltipRootOverride' 縺ｯ蜑ｲ繧雁ｽ薙※繧峨ｌ縺ｾ縺帙ｓ縲ょｸｸ縺ｫ譌｢螳壼､ false 繧剃ｽｿ逕ｨ縺励∪縺・[C:\Users\macar\TinnosukeGameLib\Assembly-CSharp.csproj]
C:\Users\macar\TinnosukeGameLib\Assets\GameLib\Script\Project\UI\Core\Tooltip\MB\TooltipSystemMB.cs(36,24): warning CS0649: 繝輔ぅ繝ｼ繝ｫ繝・'TooltipSystemMB.clampArea' 縺ｯ蜑ｲ繧雁ｽ薙※繧峨ｌ縺ｾ縺帙ｓ縲ょｸｸ縺ｫ譌｢螳壼､ null 繧剃ｽｿ逕ｨ縺励∪縺・[C:\Users\macar\TinnosukeGameLib\Assembly-CSharp.csproj]
C:\Users\macar\TinnosukeGameLib\Assets\GameLib\Script\Common\Variables\Dynamic\Core\DynamicSources.cs(1127,17): warning CS0649: 繝輔ぅ繝ｼ繝ｫ繝・'LiteralToVarStoreSource.vector4Value' 縺ｯ蜑ｲ繧雁ｽ薙※繧峨ｌ縺ｾ縺帙ｓ縲ょｸｸ縺ｫ譌｢螳壼､  繧剃ｽｿ逕ｨ縺励∪縺・[C:\Users\macar\TinnosukeGameLib\Assembly-CSharp.csproj]
C:\Users\macar\TinnosukeGameLib\Assets\GameLib\Script\Common\Trait\SO\TraitDefinitionSO.cs(102,14): warning CS0649: 繝輔ぅ繝ｼ繝ｫ繝・'TraitDefinitionSO._runOnHoldCommands' 縺ｯ蜑ｲ繧雁ｽ薙※繧峨ｌ縺ｾ縺帙ｓ縲ょｸｸ縺ｫ譌｢螳壼､ false 繧剃ｽｿ逕ｨ縺励∪縺・[C:\Users\macar\TinnosukeGameLib\Assembly-CSharp.csproj]
C:\Users\macar\TinnosukeGameLib\Assets\GameLib\Script\Project\Scene\Background\MB\BackgroundSystemMB.cs(49,37): warning CS0649: 繝輔ぅ繝ｼ繝ｫ繝・'BackgroundSystemMB.targetTransform' 縺ｯ蜑ｲ繧雁ｽ薙※繧峨ｌ縺ｾ縺帙ｓ縲ょｸｸ縺ｫ譌｢螳壼､ null 繧剃ｽｿ逕ｨ縺励∪縺・[C:\Users\macar\TinnosukeGameLib\Assembly-CSharp.csproj]
C:\Users\macar\TinnosukeGameLib\Assets\GameLib\Script\Common\Variables\Dynamic\Sources\TargetChannelTargetPositionSources.cs(96,21): warning CS0649: 繝輔ぅ繝ｼ繝ｫ繝・'TargetChannelTargetPosition3Source.filterActorSource' 縺ｯ蜑ｲ繧雁ｽ薙※繧峨ｌ縺ｾ縺帙ｓ縲ょｸｸ縺ｫ譌｢螳壼､  繧剃ｽｿ逕ｨ縺励∪縺・[C:\Users\macar\TinnosukeGameLib\Assembly-CSharp.csproj]
C:\Users\macar\TinnosukeGameLib\Assets\GameLib\Script\Collision\Unity\UnityCollisionSystemMB.cs(17,52): warning CS0649: 繝輔ぅ繝ｼ繝ｫ繝・'UnityCollisionSystemMB._profile' 縺ｯ蜑ｲ繧雁ｽ薙※繧峨ｌ縺ｾ縺帙ｓ縲ょｸｸ縺ｫ譌｢螳壼､ null 繧剃ｽｿ逕ｨ縺励∪縺・[C:\Users\macar\TinnosukeGameLib\Assembly-CSharp.csproj]
C:\Users\macar\TinnosukeGameLib\Assets\GameLib\Script\Project\Scene\RoomMap\SO\RoomMapProfileSO.cs(28,47): warning CS0649: 繝輔ぅ繝ｼ繝ｫ繝・'RoomMapProfileSO.visual' 縺ｯ蜑ｲ繧雁ｽ薙※繧峨ｌ縺ｾ縺帙ｓ縲ょｸｸ縺ｫ譌｢螳壼､ null 繧剃ｽｿ逕ｨ縺励∪縺・[C:\Users\macar\TinnosukeGameLib\Assembly-CSharp.csproj]
C:\Users\macar\TinnosukeGameLib\Assets\GameLib\Script\Project\Scene\Chunk\Core\ChunkCoreTypes.cs(157,28): warning CS0649: 繝輔ぅ繝ｼ繝ｫ繝・'ConditionalCommand.condition' 縺ｯ蜑ｲ繧雁ｽ薙※繧峨ｌ縺ｾ縺帙ｓ縲ょｸｸ縺ｫ譌｢螳壼､  繧剃ｽｿ逕ｨ縺励∪縺・[C:\Users\macar\TinnosukeGameLib\Assembly-CSharp.csproj]
C:\Users\macar\TinnosukeGameLib\Assets\GameLib\Script\Common\Variables\Profile\Core\CustomProfileDefinition.cs(201,15): warning CS0649: 繝輔ぅ繝ｼ繝ｫ繝・'ProfileDynamicValue._localBaseValue' 縺ｯ蜑ｲ繧雁ｽ薙※繧峨ｌ縺ｾ縺帙ｓ縲ょｸｸ縺ｫ譌｢螳壼､ 0 繧剃ｽｿ逕ｨ縺励∪縺・[C:\Users\macar\TinnosukeGameLib\Assembly-CSharp.csproj]
C:\Users\macar\TinnosukeGameLib\Assets\GameLib\Script\Common\Commands\Def\ValueBinding.cs(22,52): warning CS0649: 繝輔ぅ繝ｼ繝ｫ繝・'FlexibleValue<T>.variableKey' 縺ｯ蜑ｲ繧雁ｽ薙※繧峨ｌ縺ｾ縺帙ｓ縲ょｸｸ縺ｫ譌｢螳壼､ null 繧剃ｽｿ逕ｨ縺励∪縺・[C:\Users\macar\TinnosukeGameLib\Assembly-CSharp.csproj]
C:\Users\macar\TinnosukeGameLib\Assets\GameLib\Script\Project\Scene\Field\Entity\Spawner\EntityLifetimeScopeSpawnerMB.cs(19,37): warning CS0649: 繝輔ぅ繝ｼ繝ｫ繝・'EntityLifetimeScopeSpawnerMB.root' 縺ｯ蜑ｲ繧雁ｽ薙※繧峨ｌ縺ｾ縺帙ｓ縲ょｸｸ縺ｫ譌｢螳壼､ null 繧剃ｽｿ逕ｨ縺励∪縺・[C:\Users\macar\TinnosukeGameLib\Assembly-CSharp.csproj]
C:\Users\macar\TinnosukeGameLib\Assets\GameLib\Script\Common\Movement\MoveToInputPoint\MB\MoveToInputPointController.cs(45,41): warning CS0649: 繝輔ぅ繝ｼ繝ｫ繝・'MoveToInputPointController.monitorRules' 縺ｯ蜑ｲ繧雁ｽ薙※繧峨ｌ縺ｾ縺帙ｓ縲ょｸｸ縺ｫ譌｢螳壼､ null 繧剃ｽｿ逕ｨ縺励∪縺・[C:\Users\macar\TinnosukeGameLib\Assembly-CSharp.csproj]
C:\Users\macar\TinnosukeGameLib\Assets\GameLib\Script\Common\Variables\Dynamic\Sources\TransformAnimationChannelDirectionSources.cs(236,21): warning CS0649: 繝輔ぅ繝ｼ繝ｫ繝・'TransformAnimationChannelAngleSource.actorSource' 縺ｯ蜑ｲ繧雁ｽ薙※繧峨ｌ縺ｾ縺帙ｓ縲ょｸｸ縺ｫ譌｢螳壼､  繧剃ｽｿ逕ｨ縺励∪縺・[C:\Users\macar\TinnosukeGameLib\Assembly-CSharp.csproj]
C:\Users\macar\TinnosukeGameLib\Assets\GameLib\Script\Common\Variables\Dynamic\Sources\TransformAnimationChannelPositionSources.cs(55,14): warning CS0649: 繝輔ぅ繝ｼ繝ｫ繝・'TransformAnimationChannelPosition2Source.debugLogEnabled' 縺ｯ蜑ｲ繧雁ｽ薙※繧峨ｌ縺ｾ縺帙ｓ縲ょｸｸ縺ｫ譌｢螳壼､ false 繧剃ｽｿ逕ｨ縺励∪縺・[C:\Users\macar\TinnosukeGameLib\Assembly-CSharp.csproj]
C:\Users\macar\TinnosukeGameLib\Assets\GameLib\Script\Project\Scene\RoomMap\SO\RoomMapProfileSO.cs(58,32): warning CS0649: 繝輔ぅ繝ｼ繝ｫ繝・'RoomMapProfileSO.baseRotationDegZ' 縺ｯ蜑ｲ繧雁ｽ薙※繧峨ｌ縺ｾ縺帙ｓ縲ょｸｸ縺ｫ譌｢螳壼､ 0 繧剃ｽｿ逕ｨ縺励∪縺・[C:\Users\macar\TinnosukeGameLib\Assembly-CSharp.csproj]
C:\Users\macar\TinnosukeGameLib\Assets\GameLib\Script\Common\Commands\VNext\Catalog\CommandCatalogEntry.cs(11,40): warning CS0649: 繝輔ぅ繝ｼ繝ｫ繝・'CommandCatalogEntry.key' 縺ｯ蜑ｲ繧雁ｽ薙※繧峨ｌ縺ｾ縺帙ｓ縲ょｸｸ縺ｫ譌｢螳壼､  繧剃ｽｿ逕ｨ縺励∪縺・[C:\Users\macar\TinnosukeGameLib\Assembly-CSharp.csproj]
C:\Users\macar\TinnosukeGameLib\Assets\GameLib\Script\Project\Scene\SelectableRuntime\MB\SelectRuntimeManagerMB.cs(36,17): warning CS0649: 繝輔ぅ繝ｼ繝ｫ繝・'SelectRuntimeManagerMB._worldCamera' 縺ｯ蜑ｲ繧雁ｽ薙※繧峨ｌ縺ｾ縺帙ｓ縲ょｸｸ縺ｫ譌｢螳壼､ null 繧剃ｽｿ逕ｨ縺励∪縺・[C:\Users\macar\TinnosukeGameLib\Assembly-CSharp.csproj]
C:\Users\macar\TinnosukeGameLib\Assets\GameLib\Script\Project\System\SceneFlow\MB\SceneFlowInstallerMB.cs(51,36): warning CS0649: 繝輔ぅ繝ｼ繝ｫ繝・'SceneFlowInstallerMB.messageVar' 縺ｯ蜑ｲ繧雁ｽ薙※繧峨ｌ縺ｾ縺帙ｓ縲ょｸｸ縺ｫ譌｢螳壼､  繧剃ｽｿ逕ｨ縺励∪縺・[C:\Users\macar\TinnosukeGameLib\Assembly-CSharp.csproj]
C:\Users\macar\TinnosukeGameLib\Assets\GameLib\Script\Common\Variables\Dynamic\Sources\ActorDistanceBoolSource.cs(25,21): warning CS0649: 繝輔ぅ繝ｼ繝ｫ繝・'ActorDistanceCompareBoolSource.actorA' 縺ｯ蜑ｲ繧雁ｽ薙※繧峨ｌ縺ｾ縺帙ｓ縲ょｸｸ縺ｫ譌｢螳壼､  繧剃ｽｿ逕ｨ縺励∪縺・[C:\Users\macar\TinnosukeGameLib\Assembly-CSharp.csproj]
C:\Users\macar\TinnosukeGameLib\Assets\GameLib\Script\Common\Variables\Dynamic\Core\DynamicSources.cs(2180,13): warning CS0649: 繝輔ぅ繝ｼ繝ｫ繝・'SelfTableCellExistsSource.tableVarId' 縺ｯ蜑ｲ繧雁ｽ薙※繧峨ｌ縺ｾ縺帙ｓ縲ょｸｸ縺ｫ譌｢螳壼､ 0 繧剃ｽｿ逕ｨ縺励∪縺・[C:\Users\macar\TinnosukeGameLib\Assembly-CSharp.csproj]
C:\Users\macar\TinnosukeGameLib\Assets\GameLib\Script\Project\UI\Core\VisualBounds\MB\VisualBoundsMB.cs(81,31): warning CS0649: 繝輔ぅ繝ｼ繝ｫ繝・'VisualBoundsMB.executeOnBoundsChanged' 縺ｯ蜑ｲ繧雁ｽ薙※繧峨ｌ縺ｾ縺帙ｓ縲ょｸｸ縺ｫ譌｢螳壼､ false 繧剃ｽｿ逕ｨ縺励∪縺・[C:\Users\macar\TinnosukeGameLib\Assembly-CSharp.csproj]
C:\Users\macar\TinnosukeGameLib\Assets\GameLib\Script\Project\UI\Core\Elements\Slider\ChannelHub\SliderChannelHubMB.cs(162,14): warning CS0649: 繝輔ぅ繝ｼ繝ｫ繝・'SliderChannelHubMB._enableBindingDebugLog' 縺ｯ蜑ｲ繧雁ｽ薙※繧峨ｌ縺ｾ縺帙ｓ縲ょｸｸ縺ｫ譌｢螳壼､ false 繧剃ｽｿ逕ｨ縺励∪縺・[C:\Users\macar\TinnosukeGameLib\Assembly-CSharp.csproj]
C:\Users\macar\TinnosukeGameLib\Assets\GameLib\Script\Project\Scene\Channels\Scroll\ScrollChannelHubMB.cs(16,34): warning CS0649: 繝輔ぅ繝ｼ繝ｫ繝・'ScrollChannelHubMB.worldCamera' 縺ｯ蜑ｲ繧雁ｽ薙※繧峨ｌ縺ｾ縺帙ｓ縲ょｸｸ縺ｫ譌｢螳壼､ null 繧剃ｽｿ逕ｨ縺励∪縺・[C:\Users\macar\TinnosukeGameLib\Assembly-CSharp.csproj]
C:\Users\macar\TinnosukeGameLib\Assets\GameLib\Script\Project\Scene\SelectableRuntime\MB\UserMoveRotateRuntimeMB.cs(114,21): warning CS0649: 繝輔ぅ繝ｼ繝ｫ繝・'UserMoveRotateRuntimeMB._areaActorSource' 縺ｯ蜑ｲ繧雁ｽ薙※繧峨ｌ縺ｾ縺帙ｓ縲ょｸｸ縺ｫ譌｢螳壼､  繧剃ｽｿ逕ｨ縺励∪縺・[C:\Users\macar\TinnosukeGameLib\Assembly-CSharp.csproj]
C:\Users\macar\TinnosukeGameLib\Assets\GameLib\Script\Common\Variables\Profile\Core\CustomProfileDefinition.cs(151,28): warning CS0649: 繝輔ぅ繝ｼ繝ｫ繝・'ProfileDynamicValue._unityObjectValue' 縺ｯ蜑ｲ繧雁ｽ薙※繧峨ｌ縺ｾ縺帙ｓ縲ょｸｸ縺ｫ譌｢螳壼､ null 繧剃ｽｿ逕ｨ縺励∪縺・[C:\Users\macar\TinnosukeGameLib\Assembly-CSharp.csproj]
C:\Users\macar\TinnosukeGameLib\Assets\GameLib\Script\Common\Variables\Dynamic\Sources\ActorDirectionDistanceSources.cs(76,21): warning CS0649: 繝輔ぅ繝ｼ繝ｫ繝・'ActorDirectionDistance3Source.actorB' 縺ｯ蜑ｲ繧雁ｽ薙※繧峨ｌ縺ｾ縺帙ｓ縲ょｸｸ縺ｫ譌｢螳壼､  繧剃ｽｿ逕ｨ縺励∪縺・[C:\Users\macar\TinnosukeGameLib\Assembly-CSharp.csproj]
C:\Users\macar\TinnosukeGameLib\Assets\GameLib\Script\Project\UI\Core\VisualBounds\MB\VisualBoundsMB.cs(127,31): warning CS0649: 繝輔ぅ繝ｼ繝ｫ繝・'VisualBoundsMB.rebuildEveryGui' 縺ｯ蜑ｲ繧雁ｽ薙※繧峨ｌ縺ｾ縺帙ｓ縲ょｸｸ縺ｫ譌｢螳壼､ false 繧剃ｽｿ逕ｨ縺励∪縺・[C:\Users\macar\TinnosukeGameLib\Assembly-CSharp.csproj]
C:\Users\macar\TinnosukeGameLib\Assets\GameLib\Script\Project\Scene\Chunk\Biome\ChunkBiomeDefinitionSO.cs(12,33): warning CS0649: 繝輔ぅ繝ｼ繝ｫ繝・'ChunkBiomeParamRange.key' 縺ｯ蜑ｲ繧雁ｽ薙※繧峨ｌ縺ｾ縺帙ｓ縲ょｸｸ縺ｫ譌｢螳壼､ null 繧剃ｽｿ逕ｨ縺励∪縺・[C:\Users\macar\TinnosukeGameLib\Assembly-CSharp.csproj]
C:\Users\macar\TinnosukeGameLib\Assets\GameLib\Script\Project\UI\Core\VisualBounds\MB\VisualBoundsReactiveHubMB.cs(43,18): warning CS0649: 繝輔ぅ繝ｼ繝ｫ繝・'VisualBoundsReactiveHubMB.Settings._enableDebugLog' 縺ｯ蜑ｲ繧雁ｽ薙※繧峨ｌ縺ｾ縺帙ｓ縲ょｸｸ縺ｫ譌｢螳壼､ false 繧剃ｽｿ逕ｨ縺励∪縺・[C:\Users\macar\TinnosukeGameLib\Assembly-CSharp.csproj]
C:\Users\macar\TinnosukeGameLib\Assets\GameLib\Script\Common\Variables\Dynamic\Sources\RandomRangeSources.cs(349,14): warning CS0649: 繝輔ぅ繝ｼ繝ｫ繝・'RandomVector3RangeSource.useVarianceController' 縺ｯ蜑ｲ繧雁ｽ薙※繧峨ｌ縺ｾ縺帙ｓ縲ょｸｸ縺ｫ譌｢螳壼､ false 繧剃ｽｿ逕ｨ縺励∪縺・[C:\Users\macar\TinnosukeGameLib\Assembly-CSharp.csproj]
C:\Users\macar\TinnosukeGameLib\Assets\GameLib\Script\Common\StatusEffect\MB\StatusEffectMB.cs(235,15): warning CS0649: 繝輔ぅ繝ｼ繝ｫ繝・'StatusEffectMB._debugIntensityF' 縺ｯ蜑ｲ繧雁ｽ薙※繧峨ｌ縺ｾ縺帙ｓ縲ょｸｸ縺ｫ譌｢螳壼､ 0 繧剃ｽｿ逕ｨ縺励∪縺・[C:\Users\macar\TinnosukeGameLib\Assembly-CSharp.csproj]
C:\Users\macar\TinnosukeGameLib\Assets\GameLib\Script\Common\Time\Timer\TimerHubTypes.cs(62,35): warning CS0649: 繝輔ぅ繝ｼ繝ｫ繝・'TimerOutputTarget.blackboardScope' 縺ｯ蜑ｲ繧雁ｽ薙※繧峨ｌ縺ｾ縺帙ｓ縲ょｸｸ縺ｫ譌｢螳壼､  繧剃ｽｿ逕ｨ縺励∪縺・[C:\Users\macar\TinnosukeGameLib\Assembly-CSharp.csproj]
C:\Users\macar\TinnosukeGameLib\Assets\GameLib\Script\Project\StatusEffect\GameLogicScalarStatusEffectDefinitionData.cs(76,42): warning CS0649: 繝輔ぅ繝ｼ繝ｫ繝・'GameLogicScalarStatusEffectDefinitionData.durationDefinition' 縺ｯ蜑ｲ繧雁ｽ薙※繧峨ｌ縺ｾ縺帙ｓ縲ょｸｸ縺ｫ譌｢螳壼､ null 繧剃ｽｿ逕ｨ縺励∪縺・[C:\Users\macar\TinnosukeGameLib\Assembly-CSharp.csproj]
C:\Users\macar\TinnosukeGameLib\Assets\GameLib\Script\Common\Variables\Dynamic\Sources\TargetChannelTargetPositionSources.cs(25,21): warning CS0649: 繝輔ぅ繝ｼ繝ｫ繝・'TargetChannelTargetPosition2Source.channelOwnerActorSource' 縺ｯ蜑ｲ繧雁ｽ薙※繧峨ｌ縺ｾ縺帙ｓ縲ょｸｸ縺ｫ譌｢螳壼､  繧剃ｽｿ逕ｨ縺励∪縺・[C:\Users\macar\TinnosukeGameLib\Assembly-CSharp.csproj]
C:\Users\macar\TinnosukeGameLib\Assets\GameLib\Script\Project\Scene\Channels\Parallax\ParallaxChannelTypes.cs(116,37): warning CS0649: 繝輔ぅ繝ｼ繝ｫ繝・'ParallaxChannelDef.specificCameraTransform' 縺ｯ蜑ｲ繧雁ｽ薙※繧峨ｌ縺ｾ縺帙ｓ縲ょｸｸ縺ｫ譌｢螳壼､ null 繧剃ｽｿ逕ｨ縺励∪縺・[C:\Users\macar\TinnosukeGameLib\Assembly-CSharp.csproj]
C:\Users\macar\TinnosukeGameLib\Assets\GameLib\Script\Project\Scene\Channels\Light2D\Light2DPlayerPreset.cs(118,14): warning CS0649: 繝輔ぅ繝ｼ繝ｫ繝・'Light2DPlayerRuntimeMutation._applyGlobalIntensity' 縺ｯ蜑ｲ繧雁ｽ薙※繧峨ｌ縺ｾ縺帙ｓ縲ょｸｸ縺ｫ譌｢螳壼､ false 繧剃ｽｿ逕ｨ縺励∪縺・[C:\Users\macar\TinnosukeGameLib\Assembly-CSharp.csproj]
C:\Users\macar\TinnosukeGameLib\Assets\GameLib\Script\Common\Variables\Profile\Core\CustomProfileDefinition.cs(242,19): warning CS0649: 繝輔ぅ繝ｼ繝ｫ繝・'ProfileDynamicValue._blackboardSaveLayer' 縺ｯ蜑ｲ繧雁ｽ薙※繧峨ｌ縺ｾ縺帙ｓ縲ょｸｸ縺ｫ譌｢螳壼､  繧剃ｽｿ逕ｨ縺励∪縺・[C:\Users\macar\TinnosukeGameLib\Assembly-CSharp.csproj]
C:\Users\macar\TinnosukeGameLib\Assets\GameLib\Script\Project\Scene\SelectableRuntime\MB\UserMoveRotateRuntimeMB.cs(97,20): warning CS0649: 繝輔ぅ繝ｼ繝ｫ繝・'UserMoveRotateRuntimeMB._rotateTargetTransform' 縺ｯ蜑ｲ繧雁ｽ薙※繧峨ｌ縺ｾ縺帙ｓ縲ょｸｸ縺ｫ譌｢螳壼､ null 繧剃ｽｿ逕ｨ縺励∪縺・[C:\Users\macar\TinnosukeGameLib\Assembly-CSharp.csproj]
C:\Users\macar\TinnosukeGameLib\Assets\GameLib\Script\Collision\MB\BulkCollisionSystemMB.cs(21,51): warning CS0649: 繝輔ぅ繝ｼ繝ｫ繝・'BulkCollisionSystemMB._profile' 縺ｯ蜑ｲ繧雁ｽ薙※繧峨ｌ縺ｾ縺帙ｓ縲ょｸｸ縺ｫ譌｢螳壼､ null 繧剃ｽｿ逕ｨ縺励∪縺・[C:\Users\macar\TinnosukeGameLib\Assembly-CSharp.csproj]
C:\Users\macar\TinnosukeGameLib\Assets\GameLib\Script\Common\Variables\Profile\Core\CustomProfileDefinition.cs(219,19): warning CS0649: 繝輔ぅ繝ｼ繝ｫ繝・'ProfileDynamicValue._scalarSaveLayer' 縺ｯ蜑ｲ繧雁ｽ薙※繧峨ｌ縺ｾ縺帙ｓ縲ょｸｸ縺ｫ譌｢螳壼､  繧剃ｽｿ逕ｨ縺励∪縺・[C:\Users\macar\TinnosukeGameLib\Assembly-CSharp.csproj]
C:\Users\macar\TinnosukeGameLib\Assets\GameLib\Script\Common\Time\Timer\TimerHubTypes.cs(50,19): warning CS0649: 繝輔ぅ繝ｼ繝ｫ繝・'TimerOutputTarget.scalarKey' 縺ｯ蜑ｲ繧雁ｽ薙※繧峨ｌ縺ｾ縺帙ｓ縲ょｸｸ縺ｫ譌｢螳壼､  繧剃ｽｿ逕ｨ縺励∪縺・[C:\Users\macar\TinnosukeGameLib\Assembly-CSharp.csproj]
C:\Users\macar\TinnosukeGameLib\Assets\GameLib\Script\Common\Variables\Dynamic\Sources\VisualBoundsSources.cs(105,21): warning CS0649: 繝輔ぅ繝ｼ繝ｫ繝・'VisualBoundsValue3Source.boundsOwnerActorSource' 縺ｯ蜑ｲ繧雁ｽ薙※繧峨ｌ縺ｾ縺帙ｓ縲ょｸｸ縺ｫ譌｢螳壼､  繧剃ｽｿ逕ｨ縺励∪縺・[C:\Users\macar\TinnosukeGameLib\Assembly-CSharp.csproj]
C:\Users\macar\TinnosukeGameLib\Assets\GameLib\Script\Common\Variables\Dynamic\Sources\RandomRangeSources.cs(21,14): warning CS0649: 繝輔ぅ繝ｼ繝ｫ繝・'RandomIntRangeSource.useVarianceController' 縺ｯ蜑ｲ繧雁ｽ薙※繧峨ｌ縺ｾ縺帙ｓ縲ょｸｸ縺ｫ譌｢螳壼､ false 繧剃ｽｿ逕ｨ縺励∪縺・[C:\Users\macar\TinnosukeGameLib\Assembly-CSharp.csproj]
C:\Users\macar\TinnosukeGameLib\Assets\GameLib\Script\Common\Variables\Dynamic\Core\DynamicSources.cs(2287,13): warning CS0649: 繝輔ぅ繝ｼ繝ｫ繝・'SelfTableCellSource.tableVarId' 縺ｯ蜑ｲ繧雁ｽ薙※繧峨ｌ縺ｾ縺帙ｓ縲ょｸｸ縺ｫ譌｢螳壼､ 0 繧剃ｽｿ逕ｨ縺励∪縺・[C:\Users\macar\TinnosukeGameLib\Assembly-CSharp.csproj]
C:\Users\macar\TinnosukeGameLib\Assets\GameLib\Script\Common\Variables\Dynamic\Core\DynamicSources.cs(2028,13): warning CS0649: 繝輔ぅ繝ｼ繝ｫ繝・'OtherTableRowCountSource.tableVarId' 縺ｯ蜑ｲ繧雁ｽ薙※繧峨ｌ縺ｾ縺帙ｓ縲ょｸｸ縺ｫ譌｢螳壼､ 0 繧剃ｽｿ逕ｨ縺励∪縺・[C:\Users\macar\TinnosukeGameLib\Assembly-CSharp.csproj]
C:\Users\macar\TinnosukeGameLib\Assets\GameLib\Script\Common\Variables\Profile\Core\CustomProfileDefinition.cs(195,14): warning CS0649: 繝輔ぅ繝ｼ繝ｫ繝・'ProfileDynamicValue._useLocalBase' 縺ｯ蜑ｲ繧雁ｽ薙※繧峨ｌ縺ｾ縺帙ｓ縲ょｸｸ縺ｫ譌｢螳壼､ false 繧剃ｽｿ逕ｨ縺励∪縺・[C:\Users\macar\TinnosukeGameLib\Assembly-CSharp.csproj]
C:\Users\macar\TinnosukeGameLib\Assets\GameLib\Script\Common\Variables\Dynamic\Sources\TransformAnimationChannelDirectionSources.cs(38,21): warning CS0649: 繝輔ぅ繝ｼ繝ｫ繝・'TransformAnimationChannelDirection2Source.actorSource' 縺ｯ蜑ｲ繧雁ｽ薙※繧峨ｌ縺ｾ縺帙ｓ縲ょｸｸ縺ｫ譌｢螳壼､  繧剃ｽｿ逕ｨ縺励∪縺・[C:\Users\macar\TinnosukeGameLib\Assembly-CSharp.csproj]
C:\Users\macar\TinnosukeGameLib\Assets\GameLib\Script\Common\StatusEffect\MB\StatusEffectMB.cs(238,15): warning CS0649: 繝輔ぅ繝ｼ繝ｫ繝・'StatusEffectMB._debugIntensityG' 縺ｯ蜑ｲ繧雁ｽ薙※繧峨ｌ縺ｾ縺帙ｓ縲ょｸｸ縺ｫ譌｢螳壼､ 0 繧剃ｽｿ逕ｨ縺励∪縺・[C:\Users\macar\TinnosukeGameLib\Assembly-CSharp.csproj]
C:\Users\macar\TinnosukeGameLib\Assets\GameLib\Script\Project\UI\Core\VisualBounds\MB\VisualBoundsMB.cs(113,31): warning CS0649: 繝輔ぅ繝ｼ繝ｫ繝・'VisualBoundsMB.commandDebugLog' 縺ｯ蜑ｲ繧雁ｽ薙※繧峨ｌ縺ｾ縺帙ｓ縲ょｸｸ縺ｫ譌｢螳壼､ false 繧剃ｽｿ逕ｨ縺励∪縺・[C:\Users\macar\TinnosukeGameLib\Assembly-CSharp.csproj]
C:\Users\macar\TinnosukeGameLib\Assets\GameLib\Script\Project\Scene\Chunk\MB\ChunkContentPlannerMB.cs(18,42): warning CS0649: 繝輔ぅ繝ｼ繝ｫ繝・'ChunkContentPlannerMB.defaultProfile' 縺ｯ蜑ｲ繧雁ｽ薙※繧峨ｌ縺ｾ縺帙ｓ縲ょｸｸ縺ｫ譌｢螳壼､ null 繧剃ｽｿ逕ｨ縺励∪縺・[C:\Users\macar\TinnosukeGameLib\Assembly-CSharp.csproj]
C:\Users\macar\TinnosukeGameLib\Assets\GameLib\Script\Project\Scene\RoomMap\SO\RoomMapProfileSO.cs(64,32): warning CS0649: 繝輔ぅ繝ｼ繝ｫ繝・'RoomMapProfileSO.delayPerCellSeconds' 縺ｯ蜑ｲ繧雁ｽ薙※繧峨ｌ縺ｾ縺帙ｓ縲ょｸｸ縺ｫ譌｢螳壼､ 0 繧剃ｽｿ逕ｨ縺励∪縺・[C:\Users\macar\TinnosukeGameLib\Assembly-CSharp.csproj]
C:\Users\macar\TinnosukeGameLib\Assets\GameLib\Script\Common\Variables\Profile\Core\CustomProfileDefinition.cs(169,14): warning CS0649: 繝輔ぅ繝ｼ繝ｫ繝・'ProfileDynamicValue._useEffectMod' 縺ｯ蜑ｲ繧雁ｽ薙※繧峨ｌ縺ｾ縺帙ｓ縲ょｸｸ縺ｫ譌｢螳壼､ false 繧剃ｽｿ逕ｨ縺励∪縺・[C:\Users\macar\TinnosukeGameLib\Assembly-CSharp.csproj]
C:\Users\macar\TinnosukeGameLib\Assets\GameLib\Script\Common\StatusEffect\MB\StatusEffectMB.cs(220,15): warning CS0649: 繝輔ぅ繝ｼ繝ｫ繝・'StatusEffectMB._debugIntensityA' 縺ｯ蜑ｲ繧雁ｽ薙※繧峨ｌ縺ｾ縺帙ｓ縲ょｸｸ縺ｫ譌｢螳壼､ 0 繧剃ｽｿ逕ｨ縺励∪縺・[C:\Users\macar\TinnosukeGameLib\Assembly-CSharp.csproj]
C:\Users\macar\TinnosukeGameLib\Assets\GameLib\Script\Common\Variables\Dynamic\Core\DynamicSources.cs(814,43): warning CS0649: 繝輔ぅ繝ｼ繝ｫ繝・'LiteralFirePatternRuntimeTemplatePresetSource.value' 縺ｯ蜑ｲ繧雁ｽ薙※繧峨ｌ縺ｾ縺帙ｓ縲ょｸｸ縺ｫ譌｢螳壼､ null 繧剃ｽｿ逕ｨ縺励∪縺・[C:\Users\macar\TinnosukeGameLib\Assembly-CSharp.csproj]
C:\Users\macar\TinnosukeGameLib\Assets\GameLib\Script\Common\Variables\Binding\ExternalBoolBinding.cs(42,19): warning CS0649: 繝輔ぅ繝ｼ繝ｫ繝・'ExternalBoolBindingOptions._scalarKey' 縺ｯ蜑ｲ繧雁ｽ薙※繧峨ｌ縺ｾ縺帙ｓ縲ょｸｸ縺ｫ譌｢螳壼､  繧剃ｽｿ逕ｨ縺励∪縺・[C:\Users\macar\TinnosukeGameLib\Assembly-CSharp.csproj]
C:\Users\macar\TinnosukeGameLib\Assets\GameLib\Script\Project\Scene\Chunk\MB\ChunkStreamerMB.cs(55,37): warning CS0649: 繝輔ぅ繝ｼ繝ｫ繝・'ChunkStreamerMB.chunkParent' 縺ｯ蜑ｲ繧雁ｽ薙※繧峨ｌ縺ｾ縺帙ｓ縲ょｸｸ縺ｫ譌｢螳壼､ null 繧剃ｽｿ逕ｨ縺励∪縺・[C:\Users\macar\TinnosukeGameLib\Assembly-CSharp.csproj]
C:\Users\macar\TinnosukeGameLib\Assets\GameLib\Script\Common\Variables\Profile\Core\CustomProfileDefinition.cs(139,17): warning CS0649: 繝輔ぅ繝ｼ繝ｫ繝・'ProfileDynamicValue._vector3Value' 縺ｯ蜑ｲ繧雁ｽ薙※繧峨ｌ縺ｾ縺帙ｓ縲ょｸｸ縺ｫ譌｢螳壼､  繧剃ｽｿ逕ｨ縺励∪縺・[C:\Users\macar\TinnosukeGameLib\Assembly-CSharp.csproj]
C:\Users\macar\TinnosukeGameLib\Assets\GameLib\Script\Project\System\Map\MB\MapNodeSystemMB.cs(22,27): warning CS0649: 繝輔ぅ繝ｼ繝ｫ繝・'MapNodeSystemMB._defaultProfile' 縺ｯ蜑ｲ繧雁ｽ薙※繧峨ｌ縺ｾ縺帙ｓ縲ょｸｸ縺ｫ譌｢螳壼､ null 繧剃ｽｿ逕ｨ縺励∪縺・[C:\Users\macar\TinnosukeGameLib\Assembly-CSharp.csproj]
C:\Users\macar\TinnosukeGameLib\Assets\GameLib\Script\Project\System\SceneFlow\MB\SceneFlowInstallerMB.cs(53,36): warning CS0649: 繝輔ぅ繝ｼ繝ｫ繝・'SceneFlowInstallerMB.progressVar' 縺ｯ蜑ｲ繧雁ｽ薙※繧峨ｌ縺ｾ縺帙ｓ縲ょｸｸ縺ｫ譌｢螳壼､  繧剃ｽｿ逕ｨ縺励∪縺・[C:\Users\macar\TinnosukeGameLib\Assembly-CSharp.csproj]
C:\Users\macar\TinnosukeGameLib\Assets\GameLib\Script\Project\Scene\Chunk\Biome\ChunkBiomeTypes.cs(29,14): warning CS0649: 繝輔ぅ繝ｼ繝ｫ繝・'ChunkAxisSettings.axisInvertX' 縺ｯ蜑ｲ繧雁ｽ薙※繧峨ｌ縺ｾ縺帙ｓ縲ょｸｸ縺ｫ譌｢螳壼､ false 繧剃ｽｿ逕ｨ縺励∪縺・[C:\Users\macar\TinnosukeGameLib\Assembly-CSharp.csproj]
C:\Users\macar\TinnosukeGameLib\Assets\GameLib\Script\Project\Scene\SelectableRuntime\MB\UserMoveRotateRuntimeMB.cs(126,15): warning CS0649: 繝輔ぅ繝ｼ繝ｫ繝・'UserMoveRotateRuntimeMB._minDistanceToOtherSelectable' 縺ｯ蜑ｲ繧雁ｽ薙※繧峨ｌ縺ｾ縺帙ｓ縲ょｸｸ縺ｫ譌｢螳壼､ 0 繧剃ｽｿ逕ｨ縺励∪縺・[C:\Users\macar\TinnosukeGameLib\Assembly-CSharp.csproj]
C:\Users\macar\TinnosukeGameLib\Assets\GameLib\Script\Project\Scene\RoomMap\SO\RoomMapTileVisualSO.cs(22,35): warning CS0649: 繝輔ぅ繝ｼ繝ｫ繝・'RoomMapTileVisualSO.autoTileRuleSet' 縺ｯ蜑ｲ繧雁ｽ薙※繧峨ｌ縺ｾ縺帙ｓ縲ょｸｸ縺ｫ譌｢螳壼､ null 繧剃ｽｿ逕ｨ縺励∪縺・[C:\Users\macar\TinnosukeGameLib\Assembly-CSharp.csproj]
C:\Users\macar\TinnosukeGameLib\Assets\GameLib\Script\Common\Variables\Dynamic\Sources\StatusEffectSources.cs(43,21): warning CS0649: 繝輔ぅ繝ｼ繝ｫ繝・'ActiveStatusEffectDescriptionsSource.actorSource' 縺ｯ蜑ｲ繧雁ｽ薙※繧峨ｌ縺ｾ縺帙ｓ縲ょｸｸ縺ｫ譌｢螳壼､  繧剃ｽｿ逕ｨ縺励∪縺・[C:\Users\macar\TinnosukeGameLib\Assembly-CSharp.csproj]
C:\Users\macar\TinnosukeGameLib\Assets\GameLib\Script\Common\Variables\Dynamic\Core\DynamicSources.cs(494,35): warning CS0649: 繝輔ぅ繝ｼ繝ｫ繝・'LiteralTransformAnimationPresetSource.value' 縺ｯ蜑ｲ繧雁ｽ薙※繧峨ｌ縺ｾ縺帙ｓ縲ょｸｸ縺ｫ譌｢螳壼､ null 繧剃ｽｿ逕ｨ縺励∪縺・[C:\Users\macar\TinnosukeGameLib\Assembly-CSharp.csproj]
C:\Users\macar\TinnosukeGameLib\Assets\GameLib\Script\Project\Scene\Channels\Transform\TransformChannelDef.cs(132,31): warning CS0649: 繝輔ぅ繝ｼ繝ｫ繝・'TransformChannelDef.playOnSpawnPreset' 縺ｯ蜑ｲ繧雁ｽ薙※繧峨ｌ縺ｾ縺帙ｓ縲ょｸｸ縺ｫ譌｢螳壼､ false 繧剃ｽｿ逕ｨ縺励∪縺・[C:\Users\macar\TinnosukeGameLib\Assembly-CSharp.csproj]
C:\Users\macar\TinnosukeGameLib\Assets\GameLib\Script\Common\Variables\Dynamic\Sources\TransformAnimationChannelDirectionSources.cs(169,14): warning CS0649: 繝輔ぅ繝ｼ繝ｫ繝・'TransformAnimationChannelDirection3Source.debugLogEnabled' 縺ｯ蜑ｲ繧雁ｽ薙※繧峨ｌ縺ｾ縺帙ｓ縲ょｸｸ縺ｫ譌｢螳壼､ false 繧剃ｽｿ逕ｨ縺励∪縺・[C:\Users\macar\TinnosukeGameLib\Assembly-CSharp.csproj]
C:\Users\macar\TinnosukeGameLib\Assets\GameLib\Script\Project\Scene\NoiseProducer\Definition\NoiseStageDefinition.cs(33,32): warning CS0649: 繝輔ぅ繝ｼ繝ｫ繝・'NoiseStageDefinition._phase' 縺ｯ蜑ｲ繧雁ｽ薙※繧峨ｌ縺ｾ縺帙ｓ縲ょｸｸ縺ｫ譌｢螳壼､ 0 繧剃ｽｿ逕ｨ縺励∪縺・[C:\Users\macar\TinnosukeGameLib\Assembly-CSharp.csproj]
C:\Users\macar\TinnosukeGameLib\Assets\GameLib\Script\Common\StatusEffect\MB\StatusEffectMB.cs(217,60): warning CS0649: 繝輔ぅ繝ｼ繝ｫ繝・'StatusEffectMB._debugDefinition' 縺ｯ蜑ｲ繧雁ｽ薙※繧峨ｌ縺ｾ縺帙ｓ縲ょｸｸ縺ｫ譌｢螳壼､ null 繧剃ｽｿ逕ｨ縺励∪縺・[C:\Users\macar\TinnosukeGameLib\Assembly-CSharp.csproj]
C:\Users\macar\TinnosukeGameLib\Assets\GameLib\Script\Common\DI\Runtime\SpecializedRuntimeTemplatePresets.cs(154,14): warning CS0649: 繝輔ぅ繝ｼ繝ｫ繝・'FirePatternRuntimeTemplatePreset.configureAnimation' 縺ｯ蜑ｲ繧雁ｽ薙※繧峨ｌ縺ｾ縺帙ｓ縲ょｸｸ縺ｫ譌｢螳壼､ false 繧剃ｽｿ逕ｨ縺励∪縺・[C:\Users\macar\TinnosukeGameLib\Assembly-CSharp.csproj]
C:\Users\macar\TinnosukeGameLib\Assets\GameLib\Script\Project\Scene\Background\MB\BackgroundSystemMB.cs(45,34): warning CS0649: 繝輔ぅ繝ｼ繝ｫ繝・'BackgroundSystemMB.uiCamera' 縺ｯ蜑ｲ繧雁ｽ薙※繧峨ｌ縺ｾ縺帙ｓ縲ょｸｸ縺ｫ譌｢螳壼､ null 繧剃ｽｿ逕ｨ縺励∪縺・[C:\Users\macar\TinnosukeGameLib\Assembly-CSharp.csproj]
C:\Users\macar\TinnosukeGameLib\Assets\GameLib\Script\Common\FPSDisplay.cs(84,27): warning CS0649: 繝輔ぅ繝ｼ繝ｫ繝・'FPSDisplay.forceExclusiveFullscreenOnWindows' 縺ｯ蜑ｲ繧雁ｽ薙※繧峨ｌ縺ｾ縺帙ｓ縲ょｸｸ縺ｫ譌｢螳壼､ false 繧剃ｽｿ逕ｨ縺励∪縺・[C:\Users\macar\TinnosukeGameLib\Assembly-CSharp.csproj]
C:\Users\macar\TinnosukeGameLib\Assets\GameLib\Script\Project\Scene\Chunk\Biome\ChunkBiomeTypes.cs(19,25): warning CS0649: 繝輔ぅ繝ｼ繝ｫ繝・'ChunkAxisSettings.axisSource' 縺ｯ蜑ｲ繧雁ｽ薙※繧峨ｌ縺ｾ縺帙ｓ縲ょｸｸ縺ｫ譌｢螳壼､  繧剃ｽｿ逕ｨ縺励∪縺・[C:\Users\macar\TinnosukeGameLib\Assembly-CSharp.csproj]
C:\Users\macar\TinnosukeGameLib\Assets\GameLib\Script\Project\UI\Core\Elements\ScrollRect\UIScrollRectMB.cs(17,24): warning CS0649: 繝輔ぅ繝ｼ繝ｫ繝・'UIScrollRectMB._content' 縺ｯ蜑ｲ繧雁ｽ薙※繧峨ｌ縺ｾ縺帙ｓ縲ょｸｸ縺ｫ譌｢螳壼､ null 繧剃ｽｿ逕ｨ縺励∪縺・[C:\Users\macar\TinnosukeGameLib\Assembly-CSharp.csproj]
    522 蛟九・隴ｦ蜻・
    0 繧ｨ繝ｩ繝ｼ

邨碁℃譎る俣 00:00:20.91
